                                                                                     
                              ABACUS v3.10.0

               Atomic-orbital Based Ab-initio Computation at UStc                    

                     Website: http://abacus.ustc.edu.cn/                             
               Documentation: https://abacus.deepmodeling.com/                       
                  Repository: https://github.com/abacusmodeling/abacus-develop       
                              https://github.com/deepmodeling/abacus-develop         
                      Commit: f7cb1d3 (Mon May 12 16:53:30 2025 +0800)

    Start Time is Sat Oct 10 14:02:00 2026
                                                                                     
 ------------------------------------------------------------------------------------

 READING GENERAL INFORMATION
                           global_out_dir = OUT.ABACUS/
                           global_in_card = INPUT
                               pseudo_dir = 
                              orbital_dir = 
                                    DRANK = 1
                                    DSIZE = 32
                                   DCOLOR = 1
                                    GRANK = 1
                                    GSIZE = 1




 >>>>>>>>>>>>>>>>>>>>>>>>>>>>>>>>>>>>>>>>>>>>>>>>>>>>>>>>>>>>>>>>>>>>>>
 |                                                                    |
 | Reading atom information in unitcell:                              |
 | From the input file and the structure file we know the number of   |
 | different elments in this unitcell, then we list the detail        |
 | information for each element, especially the zeta and polar atomic |
 | orbital number for each element. The total atom number is counted. |
 | We calculate the nearest atom distance for each atom and show the  |
 | Cartesian and Direct coordinates for each atom. We list the file   |
 | address for atomic orbitals. The volume and the lattice vectors    |
 | in real and reciprocal space is also shown.                        |
 |                                                                    |
 <<<<<<<<<<<<<<<<<<<<<<<<<<<<<<<<<<<<<<<<<<<<<<<<<<<<<<<<<<<<<<<<<<<<<<




 READING UNITCELL INFORMATION
                                    ntype = 2
                  lattice constant (Bohr) = 1.88973
              lattice constant (Angstrom) = 1

 READING ATOM TYPE 1
                               atom label = Hf
                      L=0, number of zeta = 4
                      L=1, number of zeta = 2
                      L=2, number of zeta = 2
                      L=3, number of zeta = 1
             number of atom for this type = 4

 READING ATOM TYPE 2
                               atom label = O
                      L=0, number of zeta = 2
                      L=1, number of zeta = 2
                      L=2, number of zeta = 1
             number of atom for this type = 8

                        TOTAL ATOM NUMBER = 12
DIRECT COORDINATES
    atom                   x                   y                   z     mag                  vx                  vy                  vz
taud_Hf1            0.9938102040        0.0399017368        0.0032100419  0.0000        0.0000000000        0.0000000000        0.0000000000
taud_Hf2            0.4938025272        0.9478786343        0.4907975946  0.0000        0.0000000000        0.0000000000        0.0000000000
taud_Hf3            0.4938067361        0.4478741963        0.0032163402  0.0000        0.0000000000        0.0000000000        0.0000000000
taud_Hf4            0.9938057129        0.5398973877        0.4908038904  0.0000        0.0000000000        0.0000000000        0.0000000000
taud_O1            0.2054941904        0.3112226460        0.2457588635  0.0000        0.0000000000        0.0000000000        0.0000000000
taud_O2            0.7054927652        0.1765421748        0.2457497338  0.0000        0.0000000000        0.0000000000        0.0000000000
taud_O3            0.3204863891        0.1412879892        0.7874884320  0.0000        0.0000000000        0.0000000000        0.0000000000
taud_O4            0.8204842107        0.3464893547        0.7874885835  0.0000        0.0000000000        0.0000000000        0.0000000000
taud_O5            0.2054740953        0.8112243898        0.2482705000  0.0000        0.0000000000        0.0000000000        0.0000000000
taud_O6            0.7054728323        0.6765405299        0.2482789883  0.0000        0.0000000000        0.0000000000        0.0000000000
taud_O7            0.3204840384        0.6412932236        0.7065347297  0.0000        0.0000000000        0.0000000000        0.0000000000
taud_O8            0.8204816855        0.8464840601        0.7065349406  0.0000        0.0000000000        0.0000000000        0.0000000000



                          Volume (Bohr^3) = 914.67
                             Volume (A^3) = 135.54

 Lattice vectors: (Cartesian coordinate: in unit of a_0)
             +5.23906        -4.23731e-39              -5e-15
                   +0            +5.07585                  +0
         -8.77562e-05        +9.39973e-07             +5.0969
 Reciprocal vectors: (Cartesian coordinate: in unit of 2 pi/a_0)
            +0.190874                  -0        +3.28639e-06
         -3.46751e-23           +0.197011         -3.6333e-08
         +1.87245e-16                  -0           +0.196198
 The esolver type has been set to : ksdft_lcao

 RUNNING WITH DEVICE  : CPU / AMD EPYC 7702 64-Core Processor




 >>>>>>>>>>>>>>>>>>>>>>>>>>>>>>>>>>>>>>>>>>>>>>>>>>>>>>>>>>>>>>>>>>>>>>
 |                                                                    |
 | Reading pseudopotentials files:                                    |
 | The pseudopotential file is in UPF format. The 'NC' indicates that |
 | the type of pseudopotential is 'norm conserving'. Functional of    |
 | exchange and correlation is decided by 4 given parameters in UPF   |
 | file.  We also read in the 'core correction' if there exists.      |
 | Also we can read the valence electrons number and the maximal      |
 | angular momentum used in this pseudopotential. We also read in the |
 | trail wave function, trail atomic density and local-pseudopotential|
 | on logrithmic grid. The non-local pseudopotential projector is also|
 | read in if there is any.                                           |
 |                                                                    |
 <<<<<<<<<<<<<<<<<<<<<<<<<<<<<<<<<<<<<<<<<<<<<<<<<<<<<<<<<<<<<<<<<<<<<<




                PAO radial cut off (Bohr) = 15

 Read in pseudopotential file is Hf.upf
                     pseudopotential type = NC
          exchange-correlation functional = PBE
                 nonlocal core correction = 1
                        valence electrons = 12
                                     lmax = 3
                           number of zeta = 4
                     number of projectors = 8
                           L of projector = 0
                           L of projector = 0
                           L of projector = 1
                           L of projector = 1
                           L of projector = 2
                           L of projector = 2
                           L of projector = 3
                           L of projector = 3
                PAO radial cut off (Bohr) = 15

 Read in pseudopotential file is O.upf
                     pseudopotential type = NC
          exchange-correlation functional = PBE
                 nonlocal core correction = 1
                        valence electrons = 6
                                     lmax = 2
                           number of zeta = 2
                     number of projectors = 5
                           L of projector = 0
                           L of projector = 0
                           L of projector = 1
                           L of projector = 1
                           L of projector = 2
     initial pseudo atomic orbital number = 72

 SETUP THE ELECTRONS NUMBER
            electron number of element Hf = 12
      total electron number of element Hf = 48
             electron number of element O = 6
       total electron number of element O = 48
            AUTOSET number of electrons:  = 96
                           occupied bands = 48
                                   NLOCAL = 212
                                   NBANDS = 58
                                   NBANDS = 58
                                   NLOCAL = 212

%%%%%%%%%%%%%%%%%%%%%%%%%%%%%%%%%%%%%%%%%%%%%%%%%%%%%%%%%%%%%%%%%%%%%%%%%%%%%%%%%%%%%%%%%%%%%%%%%%%%%%%%%%
 Warning: the number of valence electrons in pseudopotential > 4 for Hf: [Xe] 4f14 5d2 6s2
 Pseudopotentials with additional electrons can yield (more) accurate outcomes, but may be less efficient.
 If you're confident that your chosen pseudopotential is appropriate, you can safely ignore this warning.
%%%%%%%%%%%%%%%%%%%%%%%%%%%%%%%%%%%%%%%%%%%%%%%%%%%%%%%%%%%%%%%%%%%%%%%%%%%%%%%%%%%%%%%%%%%%%%%%%%%%%%%%%%
                  




 >>>>>>>>>>>>>>>>>>>>>>>>>>>>>>>>>>>>>>>>>>>>>>>>>>>>>>>>>>>>>>>>>>>>>>
 |                                                                    |
 | Setup plane waves of charge/potential:                             |
 | Use the energy cutoff and the lattice vectors to generate the      |
 | dimensions of FFT grid. The number of FFT grid on each processor   |
 | is 'nrxx'. The number of plane wave basis in reciprocal space is   |
 | different for charege/potential and wave functions. We also set    |
 | the 'sticks' for the parallel of FFT. The number of plane waves    |
 | is 'npw' in each processor.                                        |
 <<<<<<<<<<<<<<<<<<<<<<<<<<<<<<<<<<<<<<<<<<<<<<<<<<<<<<<<<<<<<<<<<<<<<<





 SETUP THE PLANE WAVE BASIS
 energy cutoff for charge/potential (unit:Ry) = 400
            fft grid for charge/potential = [ 64, 64, 64 ]
                        fft grid division = [ 2, 2, 2 ]
        big fft grid for charge/potential = [ 32, 32, 32 ]
                                     nbxx = 1024
                                     nrxx = 8192

 SETUP PLANE WAVES FOR CHARGE/POTENTIAL
                    number of plane waves = 123559
                         number of sticks = 3019

 PARALLEL PW FOR CHARGE/POTENTIAL
     PROC   COLUMNS(POT)             PW
        1             95           3863
        2             95           3863
        3             95           3863
        4             95           3863
        5             95           3861
        6             95           3861
        7             95           3861
        8             95           3861
        9             94           3860
       10             94           3860
       11             94           3862
       12             94           3862
       13             94           3862
       14             94           3862
       15             94           3862
       16             94           3862
       17             94           3862
       18             94           3860
       19             94           3860
       20             94           3860
       21             94           3860
       22             94           3860
       23             94           3860
       24             94           3860
       25             94           3860
       26             94           3860
       27             94           3860
       28             94           3860
       29             94           3860
       30             95           3863
       31             95           3863
       32             95           3863
 --------------- sum -------------------
       32           3019         123559
                            number of |g| = 3711
                                  max |g| = 36.1446
                                  min |g| = 0.0388135
 DONE : SETUP UNITCELL Time : 3.18403 (SEC)


----------- Double Check Mixing Parameters Begin ------------
mixing_type: broyden
mixing_beta: 0.3
mixing_gg0: 1
mixing_gg0_min: 0.1
mixing_ndim: 8
----------- Double Check Mixing Parameters End ------------




 >>>>>>>>>>>>>>>>>>>>>>>>>>>>>>>>>>>>>>>>>>>>>>>>>>>>>>>>>>>>>>>>>>>>>>
 |                                                                    |
 | Doing symmetry analysis:                                           |
 | We calculate the norm of 3 vectors and the angles between them,    |
 | the type of Bravais lattice is given. We can judge if the unticell |
 | is a primitive cell. Finally we give the point group operation for |
 | this unitcell. We use the point group operations to do symmetry |
 | analysis on given k-point mesh and the charge density.             |
 |                                                                    |
 <<<<<<<<<<<<<<<<<<<<<<<<<<<<<<<<<<<<<<<<<<<<<<<<<<<<<<<<<<<<<<<<<<<<<<




 LATTICE VECTORS: (CARTESIAN COORDINATE: IN UNIT OF A0)
             +5.23906        -4.23731e-39              -5e-15
                   +0            +5.07585                  +0
         -8.77562e-05        +9.39973e-07             +5.0969
                       right hand lattice = 1
                                   NORM_A = 5.23906
                                   NORM_B = 5.07585
                                   NORM_C = 5.0969
                           ALPHA (DEGREE) = 90
                           BETA  (DEGREE) = 90.001
                           GAMMA (DEGREE) = 90

 The lattice vectors have been changed (STRU_SIMPLE.cif)

(for optimal symmetric configuration:)
                             BRAVAIS TYPE = 12
                     BRAVAIS LATTICE NAME = 12. Monoclinic P (simple)
                                    ibrav = 12
                                    IBRAV = 12
                                  BRAVAIS = SIMPLE MONOLINIC CELL
                       LATTICE CONSTANT A = 7.30925
                                B/A RATIO = 0.694442
                                C/A RATIO = 1.56804
                                COS(BETA) = -0.947837
Original cell was already a primitive cell.
                        ROTATION MATRICES = 4
              PURE POINT GROUP OPERATIONS = 1
                   SPACE GROUP OPERATIONS = 1
                              POINT GROUP = C_1
               POINT GROUP IN SPACE GROUP = C_1
 DONE : SYMMETRY Time : 3.22352 (SEC)





 >>>>>>>>>>>>>>>>>>>>>>>>>>>>>>>>>>>>>>>>>>>>>>>>>>>>>>>>>>>>>>>>>>>>>>
 |                                                                    |
 | Setup K-points                                                     |
 | We setup the k-points according to input parameters.               |
 | The reduced k-points are set according to symmetry operations.     |
 | We treat the spin as another set of k-points.                      |
 |                                                                    |
 <<<<<<<<<<<<<<<<<<<<<<<<<<<<<<<<<<<<<<<<<<<<<<<<<<<<<<<<<<<<<<<<<<<<<<





 SETUP K-POINTS
                                    nspin = 1
                   Input type of k points = Monkhorst-Pack(Gamma)
                                   nkstot = 8
                       right hand lattice = 1
(for reciprocal lattice: )
                             BRAVAIS TYPE = 12
                     BRAVAIS LATTICE NAME = 12. Monoclinic P (simple)
                                    ibrav = 12
                       right hand lattice = 1
(for k-lattice: )
                             BRAVAIS TYPE = 12
                     BRAVAIS LATTICE NAME = 12. Monoclinic P (simple)
                                    ibrav = 12
                       right hand lattice = 1
                        ROTATION MATRICES = 4
                               nkstot_ibz = 8
K-POINTS REDUCTION ACCORDING TO SYMMETRY
     IBZ    DIRECT_X    DIRECT_Y    DIRECT_Z  WEIGHT  ibz2bz
       1  0.00000000  0.00000000  0.00000000  0.1250       0
       2  0.50000000  0.00000000  0.00000000  0.1250       1
       3  0.00000000  0.50000000  0.00000000  0.1250       2
       4  0.50000000  0.50000000  0.00000000  0.1250       3
       5  0.00000000  0.00000000  0.50000000  0.1250       4
       6  0.50000000  0.00000000  0.50000000  0.1250       5
       7  0.00000000  0.50000000  0.50000000  0.1250       6
       8  0.50000000  0.50000000  0.50000000  0.1250       7

                               nkstot now = 8
K-POINTS DIRECT COORDINATES
 KPOINTS    DIRECT_X    DIRECT_Y    DIRECT_Z  WEIGHT
       1  0.00000000  0.00000000  0.00000000  0.1250
       2  0.50000000  0.00000000  0.00000000  0.1250
       3  0.00000000  0.50000000  0.00000000  0.1250
       4  0.50000000  0.50000000  0.00000000  0.1250
       5  0.00000000  0.00000000  0.50000000  0.1250
       6  0.50000000  0.00000000  0.50000000  0.1250
       7  0.00000000  0.50000000  0.50000000  0.1250
       8  0.50000000  0.50000000  0.50000000  0.1250


           k-point number in this process = 8
       minimum distributed K point number = 8
starsize: 1
isym: 0 ks_vec: 0 0 0
starsize: 1
isym: 0 ks_vec: 0.5 0 0
starsize: 1
isym: 0 ks_vec: 0 0.5 0
starsize: 1
isym: 0 ks_vec: 0.5 0.5 0
starsize: 1
isym: 0 ks_vec: 0 0 0.5
starsize: 1
isym: 0 ks_vec: 0.5 0 0.5
starsize: 1
isym: 0 ks_vec: 0 0.5 0.5
starsize: 1
isym: 0 ks_vec: 0.5 0.5 0.5

K-POINTS CARTESIAN COORDINATES
 KPOINTS CARTESIAN_X CARTESIAN_Y CARTESIAN_Z  WEIGHT
       1  0.00000000  0.00000000  0.00000000  0.2500
       2  0.09543697  0.00000000  0.00000164  0.2500
       3  0.00000000  0.09850566 -0.00000002  0.2500
       4  0.09543697  0.09850566  0.00000163  0.2500
       5  0.00000000  0.00000000  0.09809890  0.2500
       6  0.09543697  0.00000000  0.09810054  0.2500
       7  0.00000000  0.09850566  0.09809888  0.2500
       8  0.09543697  0.09850566  0.09810053  0.2500


K-POINTS DIRECT COORDINATES
 KPOINTS    DIRECT_X    DIRECT_Y    DIRECT_Z  WEIGHT
       1  0.00000000  0.00000000  0.00000000  0.2500
       2  0.50000000  0.00000000  0.00000000  0.2500
       3  0.00000000  0.50000000  0.00000000  0.2500
       4  0.50000000  0.50000000  0.00000000  0.2500
       5  0.00000000  0.00000000  0.50000000  0.2500
       6  0.50000000  0.00000000  0.50000000  0.2500
       7  0.00000000  0.50000000  0.50000000  0.2500
       8  0.50000000  0.50000000  0.50000000  0.2500

 DONE : INIT K-POINTS Time : 3.35437 (SEC)





 >>>>>>>>>>>>>>>>>>>>>>>>>>>>>>>>>>>>>>>>>>>>>>>>>>>>>>>>>>>>>>>>>>>>>>
 |                                                                    |
 | Setup plane waves of wave functions:                               |
 | Use the energy cutoff and the lattice vectors to generate the      |
 | dimensions of FFT grid. The number of FFT grid on each processor   |
 | is 'nrxx'. The number of plane wave basis in reciprocal space is   |
 | different for charege/potential and wave functions. We also set    |
 | the 'sticks' for the parallel of FFT. The number of plane wave of  |
 | each k-point is 'npwk[ik]' in each processor                       |
 <<<<<<<<<<<<<<<<<<<<<<<<<<<<<<<<<<<<<<<<<<<<<<<<<<<<<<<<<<<<<<<<<<<<<<





 SETUP PLANE WAVES FOR WAVE FUNCTIONS
     energy cutoff for wavefunc (unit:Ry) = 100
              fft grid for wave functions = [ 64, 64, 64 ]
                    number of plane waves = 18185
                         number of sticks = 849

 PARALLEL PW FOR WAVE FUNCTIONS
     PROC   COLUMNS(POT)             PW
        1             27            569
        2             27            569
        3             27            569
        4             27            569
        5             27            569
        6             27            569
        7             27            569
        8             27            569
        9             27            569
       10             27            569
       11             27            569
       12             27            569
       13             27            567
       14             27            567
       15             27            567
       16             27            567
       17             27            569
       18             26            568
       19             26            568
       20             26            568
       21             26            568
       22             26            568
       23             26            568
       24             26            568
       25             26            568
       26             26            568
       27             26            568
       28             26            568
       29             26            568
       30             26            568
       31             26            568
       32             26            568
 --------------- sum -------------------
       32            849          18185
 DONE : INIT PLANEWAVE Time : 3.36845 (SEC)

 SET NONLOCAL PSEUDOPOTENTIAL PROJECTORS
 SET NONLOCAL PSEUDOPOTENTIAL PROJECTORS
 max number of nonlocal projetors among all species is 8
 DONE : LOCAL POTENTIAL Time : 4.18421 (SEC)


 -------------------------------------------
 SELF-CONSISTENT
 -------------------------------------------




 >>>>>>>>>>>>>>>>>>>>>>>>>>>>>>>>>>>>>>>>>>>>>>>>>>>>>>>>>>>>>>>>>>>>>>
 |                                                                    |
 | Search adjacent atoms:                                             |
 | Set the adjacent atoms for each atom and set the periodic boundary |
 | condition for the atoms on real space FFT grid. For k-dependent    |
 | algorithm, we also need to set the sparse H and S matrix element   |
 | for each atom.                                                     |
 |                                                                    |
 <<<<<<<<<<<<<<<<<<<<<<<<<<<<<<<<<<<<<<<<<<<<<<<<<<<<<<<<<<<<<<<<<<<<<<





 SETUP SEARCHING RADIUS FOR PROGRAM TO SEARCH ADJACENT ATOMS
                  longest orb rcut (Bohr) = 10
   longest nonlocal projector rcut (Bohr) = 2.46
                     search radius (Bohr) = 24.9
              searching radius is (Bohr)) = 24.9
         searching radius unit is (Bohr)) = 1.89
                         PeriodicBoundary = 1
                        Radius(unit:lat0) = 13.2
                                   glayer = [ 4, 4, 4 ]
                             glayer_minus = [ 3, 3, 3 ]

Find the coordinate range of the input atom(unit:lat0).
                                  min_tau = [ -14.6, -15, -15.3 ]
                                  max_tau = [ 20.9, 20, 19.3 ]
                                BoxNumber = [ 7, 7, 7 ]

 SETUP EXTENDED REAL SPACE GRID FOR GRID INTEGRATION
                          real space grid = [ 64, 64, 64 ]
                 big cell numbers in grid = [ 32, 32, 32 ]
             meshcell numbers in big cell = [ 2, 2, 2 ]
                        extended fft grid = [ 33, 34, 34 ]
                dimension of extened grid = [ 99, 101, 101 ]
                            UnitCellTotal = 125
              Atom number in sub-FFT-grid = 12
    Local orbitals number in sub-FFT-grid = 212
                                ParaV.nnr = 78763

 Warning_Memory_Consuming allocated:  Gint::hRGint 12.6 MB

 Warning_Memory_Consuming allocated:  Gint::DMRGint 12.6 MB
                                 init_chg = atomic
 DONE : INIT SCF Time : 4.94327 (SEC)


 LCAO ALGORITHM --------------- ION=   1  ELEC=   1--------------------------------

 Density error is 0.159404519009
----------------------------------------------------------
     Energy           Rydberg                 eV          
----------------------------------------------------------
 E_KohnSham     -718.6501306162      -9777.7366448239     
 E_Harris       -704.2720251125      -9582.1124835288     
 E_Fermi        0.7492759551         10.1944223635        
----------------------------------------------------------


 LCAO ALGORITHM --------------- ION=   1  ELEC=   2--------------------------------

 Density error is 0.0657438759436
----------------------------------------------------------
     Energy           Rydberg                 eV          
----------------------------------------------------------
 E_KohnSham     -718.9457665127      -9781.7589775497     
 E_Harris       -714.7037731835      -9724.0436973952     
 E_Fermi        1.0503747251         14.2910812970        
----------------------------------------------------------


 LCAO ALGORITHM --------------- ION=   1  ELEC=   3--------------------------------

 Density error is 0.0381162324158
----------------------------------------------------------
     Energy           Rydberg                 eV          
----------------------------------------------------------
 E_KohnSham     -718.9797095399      -9782.2207961278     
 E_Harris       -718.2224500228      -9771.9177518303     
 E_Fermi        1.0497386443         14.2824269737        
----------------------------------------------------------


 LCAO ALGORITHM --------------- ION=   1  ELEC=   4--------------------------------

 Density error is 0.00756182588738
----------------------------------------------------------
     Energy           Rydberg                 eV          
----------------------------------------------------------
 E_KohnSham     -718.9780071158      -9782.1976334593     
 E_Harris       -718.2086603586      -9771.7301338232     
 E_Fermi        1.0535704896         14.3345619034        
----------------------------------------------------------


 LCAO ALGORITHM --------------- ION=   1  ELEC=   5--------------------------------

 Density error is 0.00123144369791
----------------------------------------------------------
     Energy           Rydberg                 eV          
----------------------------------------------------------
 E_KohnSham     -718.9793357329      -9782.2157102228     
 E_Harris       -718.9185415304      -9781.3885626628     
 E_Fermi        1.0542262941         14.3434845812        
----------------------------------------------------------


 LCAO ALGORITHM --------------- ION=   1  ELEC=   6--------------------------------

 Density error is 0.000321850339094
----------------------------------------------------------
     Energy           Rydberg                 eV          
----------------------------------------------------------
 E_KohnSham     -718.9793448038      -9782.2158336390     
 E_Harris       -718.9753517431      -9782.1615052598     
 E_Fermi        1.0552689223         14.3576702650        
----------------------------------------------------------


 LCAO ALGORITHM --------------- ION=   1  ELEC=   7--------------------------------

 Density error is 0.000218641671033
----------------------------------------------------------
     Energy           Rydberg                 eV          
----------------------------------------------------------
 E_KohnSham     -718.9793470241      -9782.2158638473     
 E_Harris       -718.9536484859      -9781.8662172974     
 E_Fermi        1.0553512170         14.3587899420        
----------------------------------------------------------


 LCAO ALGORITHM --------------- ION=   1  ELEC=   8--------------------------------

 Density error is 2.50519876619e-05
----------------------------------------------------------
     Energy           Rydberg                 eV          
----------------------------------------------------------
 E_KohnSham     -718.9793479048      -9782.2158758297     
 E_Harris       -718.9793568533      -9782.2159975805     
 E_Fermi        1.0554711463         14.3604216639        
----------------------------------------------------------


 LCAO ALGORITHM --------------- ION=   1  ELEC=   9--------------------------------

 Density error is 2.42807891659e-05
----------------------------------------------------------
     Energy           Rydberg                 eV          
----------------------------------------------------------
 E_KohnSham     -718.9793478962      -9782.2158757127     
 E_Harris       -718.9764778617      -9782.1768268897     
 E_Fermi        1.0554616387         14.3602923070        
----------------------------------------------------------


 LCAO ALGORITHM --------------- ION=   1  ELEC=  10--------------------------------

 Density error is 2.34246766096e-06
----------------------------------------------------------
     Energy           Rydberg                 eV          
----------------------------------------------------------
 E_KohnSham     -718.9793479123      -9782.2158759315     
 E_Harris       -718.9793276172      -9782.2155998023     
 E_Fermi        1.0554684531         14.3603850211        
----------------------------------------------------------


 LCAO ALGORITHM --------------- ION=   1  ELEC=  11--------------------------------

 Density error is 5.8516504743e-07
----------------------------------------------------------
     Energy           Rydberg                 eV          
----------------------------------------------------------
 E_KohnSham     -718.9793479124      -9782.2158759330     
 E_Harris       -718.9792770395      -9782.2149116572     
 E_Fermi        1.0554694382         14.3603984239        
----------------------------------------------------------


 LCAO ALGORITHM --------------- ION=   1  ELEC=  12--------------------------------

 Density error is 3.56953193794e-07
----------------------------------------------------------
     Energy           Rydberg                 eV          
----------------------------------------------------------
 E_KohnSham     -718.9793479124      -9782.2158759332     
 E_Harris       -718.9793702788      -9782.2161802439     
 E_Fermi        1.0554696848         14.3604017789        
----------------------------------------------------------


 LCAO ALGORITHM --------------- ION=   1  ELEC=  13--------------------------------

 Density error is 2.78999384672e-08
----------------------------------------------------------
     Energy           Rydberg                 eV          
----------------------------------------------------------
 E_KohnSham     -718.9793479124      -9782.2158759332     
 E_Harris       -718.9793502679      -9782.2159079816     
 E_Fermi        1.0554697678         14.3604029091        
----------------------------------------------------------


 LCAO ALGORITHM --------------- ION=   1  ELEC=  14--------------------------------

 Density error is 1.92725063079e-08
----------------------------------------------------------
     Energy           Rydberg                 eV          
----------------------------------------------------------
 E_KohnSham     -718.9793479124      -9782.2158759332     
 E_Harris       -718.9793493978      -9782.2158961428     
 E_Fermi        1.0554697581         14.3604027765        
----------------------------------------------------------


 LCAO ALGORITHM --------------- ION=   1  ELEC=  15--------------------------------

 Density error is 2.47965076945e-09
----------------------------------------------------------
     Energy           Rydberg                 eV          
----------------------------------------------------------
 E_KohnSham     -718.9793479124      -9782.2158759332     
 E_KS(sigma->0) -718.9793479124      -9782.2158759332     
 E_Harris       -718.9793478698      -9782.2158753534     
 E_band         -37.3022484819       -507.5231275654      
 E_one_elec     -130.8585193190      -1780.4214945819     
 E_Hartree      121.6024816382       1654.4866412203      
 E_xc           -182.7463535660      -2486.3916972208     
 E_Ewald        -526.9769566656      -7169.8893253509     
 E_entropy(-TS) -0.0000000000        -0.0000000000        
 E_descf        0.0000000000         0.0000000000         
 E_exx          0.0000000000         0.0000000000         
 E_Fermi        1.0554697408         14.3604025412        
----------------------------------------------------------


 charge density convergence is achieved
 final etot is -9782.2158759 eV
 EFERMI = 14.360402541 eV

 STATE ENERGY(eV) AND OCCUPATIONS    NSPIN == 1
 1/8 kpoint (Cartesian) = 0.0000 0.0000 0.0000 (485 pws)
       1       -48.6935       0.250000
       2       -48.6760       0.250000
       3       -48.6717       0.250000
       4       -48.6695       0.250000
       5       -18.6146       0.250000
       6       -18.5694       0.250000
       7       -18.5626       0.250000
       8       -18.3498       0.250000
       9       -18.3195       0.250000
      10       -18.2946       0.250000
      11       -18.2511       0.250000
      12       -18.2501       0.250000
      13       -18.2189       0.250000
      14       -18.1742       0.250000
      15       -18.1283       0.250000
      16       -18.1132       0.250000
      17       -6.93474       0.250000
      18       -5.83624       0.250000
      19       -5.28311       0.250000
      20       -5.27259       0.250000
      21       -4.95604       0.250000
      22       -4.90085       0.250000
      23       -4.82113       0.250000
      24       -4.73900       0.250000
      25        5.50711       0.250000
      26        5.58873       0.250000
      27        6.07040       0.250000
      28        6.34358       0.250000
      29        6.50453       0.250000
      30        6.74426       0.250000
      31        7.57122       0.250000
      32        7.79941       0.250000
      33        7.85000       0.250000
      34        8.23550       0.250000
      35        8.27516       0.250000
      36        8.54300       0.250000
      37        8.65892       0.250000
      38        9.08446       0.250000
      39        9.16608       0.250000
      40        9.25822       0.250000
      41        9.39047       0.250000
      42        9.71209       0.250000
      43        10.1028       0.250000
      44        10.5374       0.250000
      45        10.6917       0.250000
      46        10.9167       0.250000
      47        11.1721       0.250000
      48        11.2517       0.250000
      49        15.7985        0.00000
      50        16.3451        0.00000
      51        16.4747        0.00000
      52        16.6341        0.00000
      53        16.6855        0.00000
      54        17.0465        0.00000
      55        17.1388        0.00000
      56        17.2900        0.00000
      57        17.6435        0.00000
      58        17.6921        0.00000

 2/8 kpoint (Cartesian) = 0.095437 0.0000 1.6432e-06 (494 pws)
       1       -48.6827       0.250000
       2       -48.6827       0.250000
       3       -48.6728       0.250000
       4       -48.6728       0.250000
       5       -18.5277       0.250000
       6       -18.5277       0.250000
       7       -18.4450       0.250000
       8       -18.4449       0.250000
       9       -18.3739       0.250000
      10       -18.3739       0.250000
      11       -18.2175       0.250000
      12       -18.2175       0.250000
      13       -18.1992       0.250000
      14       -18.1992       0.250000
      15       -18.1723       0.250000
      16       -18.1723       0.250000
      17       -6.12048       0.250000
      18       -6.12044       0.250000
      19       -5.48288       0.250000
      20       -5.48287       0.250000
      21       -5.18103       0.250000
      22       -5.18100       0.250000
      23       -4.60771       0.250000
      24       -4.60768       0.250000
      25        5.84192       0.250000
      26        5.84196       0.250000
      27        6.78563       0.250000
      28        6.78569       0.250000
      29        6.86318       0.250000
      30        6.86323       0.250000
      31        7.04909       0.250000
      32        7.04917       0.250000
      33        7.52650       0.250000
      34        7.52655       0.250000
      35        8.38171       0.250000
      36        8.38178       0.250000
      37        8.71633       0.250000
      38        8.71638       0.250000
      39        9.21898       0.250000
      40        9.21901       0.250000
      41        9.46939       0.250000
      42        9.46947       0.250000
      43        10.2967       0.250000
      44        10.2968       0.250000
      45        10.8010       0.250000
      46        10.8011       0.250000
      47        11.1848       0.250000
      48        11.1848       0.250000
      49        16.1895        0.00000
      50        16.1896        0.00000
      51        16.6957        0.00000
      52        16.6958        0.00000
      53        17.0691        0.00000
      54        17.0692        0.00000
      55        17.1861        0.00000
      56        17.1862        0.00000
      57        17.6911        0.00000
      58        17.6912        0.00000

 3/8 kpoint (Cartesian) = 0.0000 0.098506 -1.8166e-08 (489 pws)
       1       -48.6851       0.250000
       2       -48.6850       0.250000
       3       -48.6705       0.250000
       4       -48.6704       0.250000
       5       -18.4821       0.250000
       6       -18.4820       0.250000
       7       -18.4247       0.250000
       8       -18.4246       0.250000
       9       -18.4002       0.250000
      10       -18.4002       0.250000
      11       -18.2842       0.250000
      12       -18.2842       0.250000
      13       -18.1876       0.250000
      14       -18.1876       0.250000
      15       -18.1602       0.250000
      16       -18.1601       0.250000
      17       -6.06918       0.250000
      18       -6.06916       0.250000
      19       -5.30739       0.250000
      20       -5.30738       0.250000
      21       -5.06330       0.250000
      22       -5.06321       0.250000
      23       -5.03305       0.250000
      24       -5.03299       0.250000
      25        6.50790       0.250000
      26        6.50795       0.250000
      27        6.59043       0.250000
      28        6.59043       0.250000
      29        6.98119       0.250000
      30        6.98122       0.250000
      31        7.37525       0.250000
      32        7.37545       0.250000
      33        7.81374       0.250000
      34        7.81377       0.250000
      35        8.40480       0.250000
      36        8.40489       0.250000
      37        8.86816       0.250000
      38        8.86817       0.250000
      39        9.15688       0.250000
      40        9.15695       0.250000
      41        9.37160       0.250000
      42        9.37172       0.250000
      43        9.95970       0.250000
      44        9.95972       0.250000
      45        10.0210       0.250000
      46        10.0210       0.250000
      47        10.4741       0.250000
      48        10.4741       0.250000
      49        16.2320        0.00000
      50        16.2321        0.00000
      51        16.6832        0.00000
      52        16.6834        0.00000
      53        16.9244        0.00000
      54        16.9246        0.00000
      55        17.5005        0.00000
      56        17.5006        0.00000
      57        17.8888        0.00000
      58        17.8888        0.00000

 4/8 kpoint (Cartesian) = 0.095437 0.098506 1.6250e-06 (489 pws)
       1       -48.6778       0.250000
       2       -48.6778       0.250000
       3       -48.6777       0.250000
       4       -48.6777       0.250000
       5       -18.4776       0.250000
       6       -18.4776       0.250000
       7       -18.4775       0.250000
       8       -18.4775       0.250000
       9       -18.3007       0.250000
      10       -18.3007       0.250000
      11       -18.3006       0.250000
      12       -18.3006       0.250000
      13       -18.1938       0.250000
      14       -18.1938       0.250000
      15       -18.1938       0.250000
      16       -18.1938       0.250000
      17       -5.61427       0.250000
      18       -5.61423       0.250000
      19       -5.61422       0.250000
      20       -5.61418       0.250000
      21       -5.13426       0.250000
      22       -5.13422       0.250000
      23       -5.13417       0.250000
      24       -5.13413       0.250000
      25        6.73155       0.250000
      26        6.73160       0.250000
      27        6.73161       0.250000
      28        6.73166       0.250000
      29        7.21358       0.250000
      30        7.21359       0.250000
      31        7.21365       0.250000
      32        7.21366       0.250000
      33        8.15900       0.250000
      34        8.15907       0.250000
      35        8.15914       0.250000
      36        8.15921       0.250000
      37        8.82359       0.250000
      38        8.82367       0.250000
      39        8.82372       0.250000
      40        8.82380       0.250000
      41        9.51719       0.250000
      42        9.51721       0.250000
      43        9.51730       0.250000
      44        9.51731       0.250000
      45        10.1731       0.250000
      46        10.1732       0.250000
      47        10.1732       0.250000
      48        10.1732       0.250000
      49        16.5297        0.00000
      50        16.5298        0.00000
      51        16.5299        0.00000
      52        16.5299        0.00000
      53        17.3343        0.00000
      54        17.3343        0.00000
      55        17.3344        0.00000
      56        17.3344        0.00000
      57        18.1829        0.00000
      58        18.1830        0.00000

 5/8 kpoint (Cartesian) = 0.0000 0.0000 0.098099 (488 pws)
       1       -48.6862       0.250000
       2       -48.6834       0.250000
       3       -48.6707       0.250000
       4       -48.6705       0.250000
       5       -18.4925       0.250000
       6       -18.4590       0.250000
       7       -18.4414       0.250000
       8       -18.4221       0.250000
       9       -18.3698       0.250000
      10       -18.3469       0.250000
      11       -18.2816       0.250000
      12       -18.2792       0.250000
      13       -18.2324       0.250000
      14       -18.2128       0.250000
      15       -18.1793       0.250000
      16       -18.1676       0.250000
      17       -6.13989       0.250000
      18       -5.83189       0.250000
      19       -5.46270       0.250000
      20       -5.28903       0.250000
      21       -5.17115       0.250000
      22       -5.06243       0.250000
      23       -4.97512       0.250000
      24       -4.92767       0.250000
      25        6.04383       0.250000
      26        6.11993       0.250000
      27        6.54756       0.250000
      28        6.62568       0.250000
      29        6.78216       0.250000
      30        6.79946       0.250000
      31        7.03961       0.250000
      32        7.15895       0.250000
      33        7.58126       0.250000
      34        7.65543       0.250000
      35        8.36897       0.250000
      36        8.56112       0.250000
      37        8.61491       0.250000
      38        8.89492       0.250000
      39        9.20238       0.250000
      40        9.38020       0.250000
      41        9.42192       0.250000
      42        9.76712       0.250000
      43        9.84102       0.250000
      44        9.96735       0.250000
      45        10.8786       0.250000
      46        11.0275       0.250000
      47        11.0809       0.250000
      48        11.1194       0.250000
      49        16.3186        0.00000
      50        16.4830        0.00000
      51        16.6581        0.00000
      52        16.7826        0.00000
      53        16.9535        0.00000
      54        17.1094        0.00000
      55        17.3336        0.00000
      56        17.4068        0.00000
      57        17.4860        0.00000
      58        17.6218        0.00000

 6/8 kpoint (Cartesian) = 0.095437 0.0000 0.098101 (490 pws)
       1       -48.6785       0.250000
       2       -48.6785       0.250000
       3       -48.6770       0.250000
       4       -48.6770       0.250000
       5       -18.4927       0.250000
       6       -18.4927       0.250000
       7       -18.4815       0.250000
       8       -18.4815       0.250000
       9       -18.3234       0.250000
      10       -18.3234       0.250000
      11       -18.3093       0.250000
      12       -18.3093       0.250000
      13       -18.1710       0.250000
      14       -18.1709       0.250000
      15       -18.1632       0.250000
      16       -18.1632       0.250000
      17       -5.83568       0.250000
      18       -5.83564       0.250000
      19       -5.64412       0.250000
      20       -5.64406       0.250000
      21       -5.04092       0.250000
      22       -5.04086       0.250000
      23       -4.92956       0.250000
      24       -4.92951       0.250000
      25        6.48190       0.250000
      26        6.48192       0.250000
      27        6.71122       0.250000
      28        6.71124       0.250000
      29        7.04475       0.250000
      30        7.04482       0.250000
      31        7.05792       0.250000
      32        7.05803       0.250000
      33        7.72673       0.250000
      34        7.72680       0.250000
      35        8.06779       0.250000
      36        8.06786       0.250000
      37        8.93735       0.250000
      38        8.93738       0.250000
      39        9.01362       0.250000
      40        9.01367       0.250000
      41        9.33450       0.250000
      42        9.33456       0.250000
      43        9.49053       0.250000
      44        9.49061       0.250000
      45        11.0428       0.250000
      46        11.0429       0.250000
      47        11.0910       0.250000
      48        11.0910       0.250000
      49        16.0646        0.00000
      50        16.0647        0.00000
      51        16.2717        0.00000
      52        16.2718        0.00000
      53        16.9624        0.00000
      54        16.9625        0.00000
      55        17.3511        0.00000
      56        17.3512        0.00000
      57        17.7377        0.00000
      58        17.7377        0.00000

 7/8 kpoint (Cartesian) = 0.0000 0.098506 0.098099 (488 pws)
       1       -48.6841       0.250000
       2       -48.6839       0.250000
       3       -48.6715       0.250000
       4       -48.6714       0.250000
       5       -18.5164       0.250000
       6       -18.5164       0.250000
       7       -18.4553       0.250000
       8       -18.4553       0.250000
       9       -18.3962       0.250000
      10       -18.3961       0.250000
      11       -18.2058       0.250000
      12       -18.2057       0.250000
      13       -18.1995       0.250000
      14       -18.1994       0.250000
      15       -18.1666       0.250000
      16       -18.1666       0.250000
      17       -5.96618       0.250000
      18       -5.96615       0.250000
      19       -5.58796       0.250000
      20       -5.58789       0.250000
      21       -5.01177       0.250000
      22       -5.01173       0.250000
      23       -4.89910       0.250000
      24       -4.89909       0.250000
      25        6.42971       0.250000
      26        6.42977       0.250000
      27        6.48885       0.250000
      28        6.48895       0.250000
      29        6.96657       0.250000
      30        6.96663       0.250000
      31        7.92055       0.250000
      32        7.92056       0.250000
      33        8.04944       0.250000
      34        8.04957       0.250000
      35        8.24901       0.250000
      36        8.24914       0.250000
      37        8.65913       0.250000
      38        8.65921       0.250000
      39        8.72671       0.250000
      40        8.72679       0.250000
      41        9.85371       0.250000
      42        9.85373       0.250000
      43        9.90661       0.250000
      44        9.90663       0.250000
      45        9.95789       0.250000
      46        9.95790       0.250000
      47        10.3958       0.250000
      48        10.3958       0.250000
      49        16.4575        0.00000
      50        16.4575        0.00000
      51        16.8138        0.00000
      52        16.8138        0.00000
      53        16.9808        0.00000
      54        16.9809        0.00000
      55        17.1434        0.00000
      56        17.1434        0.00000
      57        17.7362        0.00000
      58        17.7362        0.00000

 8/8 kpoint (Cartesian) = 0.095437 0.098506 0.098101 (486 pws)
       1       -48.6778       0.250000
       2       -48.6778       0.250000
       3       -48.6777       0.250000
       4       -48.6777       0.250000
       5       -18.5758       0.250000
       6       -18.5757       0.250000
       7       -18.5757       0.250000
       8       -18.5757       0.250000
       9       -18.2078       0.250000
      10       -18.2078       0.250000
      11       -18.2077       0.250000
      12       -18.2077       0.250000
      13       -18.1823       0.250000
      14       -18.1822       0.250000
      15       -18.1822       0.250000
      16       -18.1822       0.250000
      17       -5.90805       0.250000
      18       -5.90804       0.250000
      19       -5.90796       0.250000
      20       -5.90795       0.250000
      21       -4.81748       0.250000
      22       -4.81746       0.250000
      23       -4.81742       0.250000
      24       -4.81740       0.250000
      25        6.63724       0.250000
      26        6.63727       0.250000
      27        6.63732       0.250000
      28        6.63735       0.250000
      29        7.17978       0.250000
      30        7.17980       0.250000
      31        7.17985       0.250000
      32        7.17988       0.250000
      33        8.26097       0.250000
      34        8.26100       0.250000
      35        8.26111       0.250000
      36        8.26114       0.250000
      37        8.95382       0.250000
      38        8.95387       0.250000
      39        8.95393       0.250000
      40        8.95398       0.250000
      41        9.70466       0.250000
      42        9.70474       0.250000
      43        9.70476       0.250000
      44        9.70484       0.250000
      45        10.0593       0.250000
      46        10.0593       0.250000
      47        10.0594       0.250000
      48        10.0594       0.250000
      49        16.1730        0.00000
      50        16.1731        0.00000
      51        16.1733        0.00000
      52        16.1733        0.00000
      53        17.2017        0.00000
      54        17.2018        0.00000
      55        17.2020        0.00000
      56        17.2021        0.00000
      57        17.6147        0.00000
      58        17.6147        0.00000

 correction force for each atom along direction 1 is -1.82236e-05
 correction force for each atom along direction 2 is -2.33318e-06
 correction force for each atom along direction 3 is -7.02340e-06
------------------------------------------------------------------------------------------
 TOTAL-FORCE (eV/Angstrom)                                                                
------------------------------------------------------------------------------------------
                       Hf1        -0.1195008429        -0.4070314488         0.0196115500 
                       Hf2        -0.1195027543         0.4068660853        -0.0201817887 
                       Hf3        -0.1194239003         0.4067094106         0.0195049396 
                       Hf4        -0.1195675103        -0.4071517176        -0.0203139508 
                        O1         0.3295754745        -0.3283707150         0.0545017067 
                        O2         0.3295213678         0.3285356607         0.0544663647 
                        O3        -0.2100911756         0.0186078859         0.1649669830 
                        O4        -0.2100022704        -0.0184555581         0.1650452564 
                        O5         0.3295496777        -0.3284778074        -0.0541095127 
                        O6         0.3294943965         0.3286402913        -0.0540422890 
                        O7        -0.2100727590         0.0184884308        -0.1646727952 
                        O8        -0.2099797036        -0.0183605178        -0.1647764642 
------------------------------------------------------------------------------------------

----------------------------------------------------------------
 TOTAL-STRESS (KBAR)                                            
----------------------------------------------------------------
         2.9562420314         0.0167292692         0.0301149094 
         0.0167292692       272.6693430609         0.0006467809 
         0.0301149094         0.0006467809        51.5053914667 
----------------------------------------------------------------
 TOTAL-PRESSURE: 109.043659 KBAR



 --------------------------------------------
 !FINAL_ETOT_IS -9782.2158759332032787 eV
 --------------------------------------------


TIME STATISTICS
------------------------------------------------------------------------------------
    CLASS_NAME                    NAME                TIME/s  CALLS   AVG/s  PER/%  
------------------------------------------------------------------------------------
                   total                              110.73 13       8.52   100.00 
 Driver            reading                            2.10   1        2.10   1.90   
 Input_Conv        Convert                            0.00   1        0.00   0.00   
 Driver            driver_line                        108.63 1        108.63 98.10  
 UnitCell          check_tau                          0.00   1        0.00   0.00   
 ESolver_KS_LCAO   before_all_runners                 1.24   1        1.24   1.12   
 PW_Basis_Sup      setuptransform                     0.03   1        0.03   0.03   
 PW_Basis_Sup      distributeg                        0.01   1        0.01   0.01   
 mymath            heapsort                           0.00   81       0.00   0.00   
 Charge_Mixing     init_mixing                        0.00   1        0.00   0.00   
 Symmetry          analy_sys                          0.04   1        0.04   0.04   
 PW_Basis_K        setuptransform                     0.00   1        0.00   0.00   
 PW_Basis_K        distributeg                        0.00   1        0.00   0.00   
 PW_Basis          setup_struc_factor                 0.01   1        0.01   0.01   
 NOrbital_Lm       extra_uniform                      0.21   14       0.01   0.19   
 Mathzone_Add1     SplineD2                           0.00   14       0.00   0.00   
 Mathzone_Add1     Cubic_Spline_Interpolation         0.01   14       0.00   0.01   
 Mathzone_Add1     Uni_Deriv_Phi                      0.20   14       0.01   0.18   
 ppcell_vl         init_vloc                          0.12   1        0.12   0.11   
 Ions              opt_ions                           106.53 1        106.53 96.20  
 ESolver_KS_LCAO   runner                             96.85  1        96.85  87.46  
 ESolver_KS_LCAO   before_scf                         0.76   1        0.76   0.68   
 atom_arrange      search                             0.00   1        0.00   0.00   
 atom_arrange      grid_d.init                        0.00   1        0.00   0.00   
 Grid              Construct_Adjacent_expand          0.00   1        0.00   0.00   
 Grid              Construct_Adjacent_expand_periodic 0.00   12       0.00   0.00   
 Grid_Technique    init                               0.24   1        0.24   0.22   
 Grid_BigCell      grid_expansion_index               0.06   2        0.03   0.05   
 Grid_Driver       Find_atom                          0.00   120      0.00   0.00   
 Record_adj        for_2d                             0.05   1        0.05   0.04   
 LCAO_domain       grid_prepare                       0.00   1        0.00   0.00   
 Veff              initialize_HR                      0.00   1        0.00   0.00   
 OverlapNew        initialize_SR                      0.00   1        0.00   0.00   
 EkineticNew       initialize_HR                      0.00   1        0.00   0.00   
 NonlocalNew       initialize_HR                      0.03   1        0.03   0.02   
 Charge            set_rho_core                       0.16   1        0.16   0.14   
 PW_Basis_Sup      recip2real                         0.16   125      0.00   0.15   
 PW_Basis_Sup      gathers_scatterp                   0.14   125      0.00   0.13   
 Charge            atomic_rho                         0.28   2        0.14   0.25   
 Potential         init_pot                           0.06   1        0.06   0.05   
 Potential         update_from_charge                 0.18   16       0.01   0.16   
 Potential         cal_fixed_v                        0.00   1        0.00   0.00   
 PotLocal          cal_fixed_v                        0.00   1        0.00   0.00   
 Potential         cal_v_eff                          0.17   16       0.01   0.16   
 H_Hartree_pw      v_hartree                          0.04   16       0.00   0.04   
 PW_Basis_Sup      real2recip                         0.18   145      0.00   0.16   
 PW_Basis_Sup      gatherp_scatters                   0.15   145      0.00   0.14   
 PotXC             cal_v_eff                          0.13   16       0.01   0.12   
 XC_Functional     v_xc                               0.29   18       0.02   0.27   
 Potential         interpolate_vrs                    0.00   16       0.00   0.00   
 Symmetry          rhog_symmetry                      0.53   16       0.03   0.48   
 Symmetry          group fft grids                    0.15   16       0.01   0.14   
 H_Ewald_pw        compute_ewald                      0.01   1        0.01   0.01   
 HSolverLCAO       solve                              94.38  15       6.29   85.23  
 HamiltLCAO        updateHk                           49.77  120      0.41   44.95  
 OperatorLCAO      init                               49.59  360      0.14   44.78  
 Veff              contributeHR                       49.05  15       3.27   44.30  
 Gint_interface    cal_gint                           87.54  31       2.82   79.05  
 Gint_interface    cal_gint_vlocal                    45.17  15       3.01   40.80  
 Gint_Tools        cal_psir_ylm                       3.59   30720    0.00   3.24   
 Gint_k            transfer_pvpR                      3.88   15       0.26   3.50   
 OverlapNew        calculate_SR                       0.15   1        0.15   0.13   
 OverlapNew        contributeHk                       0.03   120      0.00   0.03   
 EkineticNew       contributeHR                       0.13   15       0.01   0.12   
 EkineticNew       calculate_HR                       0.13   1        0.13   0.12   
 NonlocalNew       contributeHR                       0.36   15       0.02   0.32   
 NonlocalNew       calculate_HR                       0.34   1        0.34   0.31   
 OperatorLCAO      contributeHk                       0.04   120      0.00   0.04   
 HSolverLCAO       hamiltSolvePsiK                    3.88   120      0.03   3.50   
 DiagoElpa         elpa_solve                         3.63   120      0.03   3.27   
 elecstate         cal_dm                             0.27   16       0.02   0.24   
 psiMulPsiMpi      pdgemm                             0.27   128      0.00   0.24   
 DensityMatrix     cal_DMR                            0.06   16       0.00   0.05   
 ElecStateLCAO     psiToRho                           40.50  15       2.70   36.58  
 Gint              transfer_DMR                       2.58   15       0.17   2.33   
 Gint_interface    cal_gint_rho                       36.69  15       2.45   33.14  
 Charge_Mixing     get_drho                           0.01   15       0.00   0.01   
 Charge            mix_rho                            0.03   14       0.00   0.03   
 Charge            Broyden_mixing                     0.01   14       0.00   0.01   
 ModuleIO          write_rhog                         0.75   1        0.75   0.68   
 ESolver_KS_LCAO   after_scf                          0.16   1        0.16   0.14   
 ESolver_KS_LCAO   cal_force                          9.68   1        9.68   8.74   
 Force_Stress_LCAO getForceStress                     9.68   1        9.68   8.74   
 Forces            cal_force_loc                      0.02   1        0.02   0.02   
 Forces            cal_force_ew                       0.04   1        0.04   0.04   
 Forces            cal_force_cc                       0.46   1        0.46   0.41   
 Forces            cal_force_scc                      0.25   1        0.25   0.23   
 Stress_Func       stress_loc                         0.58   1        0.58   0.52   
 Stress_Func       stress_har                         0.00   1        0.00   0.00   
 Stress_Func       stress_ewa                         0.00   1        0.00   0.00   
 Stress_Func       stress_cc                          0.59   1        0.59   0.53   
 Stress_Func       stress_gga                         0.00   1        0.00   0.00   
 Force_LCAO        ftable                             6.74   1        6.74   6.08   
 Force_LCAO        allocate                           0.34   1        0.34   0.31   
 LCAO_domain       build_ST_new                       0.34   2        0.17   0.31   
 Force_LCAO        cal_pulay_fs_center2               0.01   2        0.01   0.01   
 Gint_interface    cal_gint_force                     5.67   1        5.67   5.12   
 Gint_Tools        cal_dpsir_ylm                      0.39   1024     0.00   0.35   
 Gint_Tools        cal_dpsirr_ylm                     0.10   1024     0.00   0.09   
 NonlocalNew       cal_force_stress                   0.98   1        0.98   0.89   
 ESolver_KS_LCAO   cal_stress                         0.00   1        0.00   0.00   
 ESolver_KS_LCAO   after_all_runners                  0.01   1        0.01   0.01   
 ModuleIO          write_istate_info                  0.01   1        0.01   0.01   
------------------------------------------------------------------------------------


 NAME-------------------------|MEMORY(MB)--------
                         total      2298.0310
                  Gint::hRGint       404.7800
                 Gint::DMRGint       404.4675
       TwoCenterTable: Kinetic       137.3855
       TwoCenterTable: Overlap       137.3855
      TwoCenterTable: Nonlocal       136.0217
                  meshball_pos       125.4895
               GT::ind_bigcell       123.2787
         GT::in_this_processor       123.2787
              GT::index2normal       123.2787
               GT::index2ucell       123.2787
                   Stress::dSR       113.1330
                   Force::dS_K        56.5665
                   Stress::dHr        56.5665
                  Force::dTVNL        56.5665
      GT::bigcell_on_processor        30.8197
                HamiltLCAO::hR        25.6868
            DensityMatrix::DMR        25.6868
                    index_ball        20.9149
                HamiltLCAO::sR        17.4849
                GT::which_atom         7.1063
             GT::which_bigcell         7.1063
            GT::which_unitcell         7.1063
            DensityMatrix::DMK         5.4863
                RealGauntTable         3.7773
                  SF::strucFac         3.7707
                  PW_B_K::gcar         2.8727
                  SF::eigts123         2.2515
                      Chg::rho         2.0000
                 Chg::rho_save         2.0000
                 Chg::rho_core         2.0000
                 Pot::veff_fix         2.0000
                     Pot::veff         2.0000
              Pot::veff_smooth         2.0000
 -------------   < 1.0 MB has been ignored ----------------
 ----------------------------------------------------------

 Start  Time  : Sat Oct 10 14:01:59 2026
 Finish Time  : Sat Oct 10 14:03:50 2026
 Total  Time  : 0 h 1 mins 51 secs 
