                                                                                     
                              ABACUS v3.10.0

               Atomic-orbital Based Ab-initio Computation at UStc                    

                     Website: http://abacus.ustc.edu.cn/                             
               Documentation: https://abacus.deepmodeling.com/                       
                  Repository: https://github.com/abacusmodeling/abacus-develop       
                              https://github.com/deepmodeling/abacus-develop         
                      Commit: f7cb1d3 (Mon May 12 16:53:30 2025 +0800)

    Start Time is Sat Oct 10 13:59:58 2026
                                                                                     
 ------------------------------------------------------------------------------------

 READING GENERAL INFORMATION
                           global_out_dir = OUT.ABACUS/
                           global_in_card = INPUT
                               pseudo_dir = 
                              orbital_dir = 
                                    DRANK = 1
                                    DSIZE = 32
                                   DCOLOR = 1
                                    GRANK = 1
                                    GSIZE = 1




 >>>>>>>>>>>>>>>>>>>>>>>>>>>>>>>>>>>>>>>>>>>>>>>>>>>>>>>>>>>>>>>>>>>>>>
 |                                                                    |
 | Reading atom information in unitcell:                              |
 | From the input file and the structure file we know the number of   |
 | different elments in this unitcell, then we list the detail        |
 | information for each element, especially the zeta and polar atomic |
 | orbital number for each element. The total atom number is counted. |
 | We calculate the nearest atom distance for each atom and show the  |
 | Cartesian and Direct coordinates for each atom. We list the file   |
 | address for atomic orbitals. The volume and the lattice vectors    |
 | in real and reciprocal space is also shown.                        |
 |                                                                    |
 <<<<<<<<<<<<<<<<<<<<<<<<<<<<<<<<<<<<<<<<<<<<<<<<<<<<<<<<<<<<<<<<<<<<<<




 READING UNITCELL INFORMATION
                                    ntype = 2
                  lattice constant (Bohr) = 1.88973
              lattice constant (Angstrom) = 1

 READING ATOM TYPE 1
                               atom label = Hf
                      L=0, number of zeta = 4
                      L=1, number of zeta = 2
                      L=2, number of zeta = 2
                      L=3, number of zeta = 1
             number of atom for this type = 4

 READING ATOM TYPE 2
                               atom label = O
                      L=0, number of zeta = 2
                      L=1, number of zeta = 2
                      L=2, number of zeta = 1
             number of atom for this type = 8

                        TOTAL ATOM NUMBER = 12
DIRECT COORDINATES
    atom                   x                   y                   z     mag                  vx                  vy                  vz
taud_Hf1            0.9846610640        0.0269097721        0.0074061550  0.0000        0.0000000000        0.0000000000        0.0000000000
taud_Hf2            0.4846578743        0.9572911048        0.4848622005  0.0000        0.0000000000        0.0000000000        0.0000000000
taud_Hf3            0.4846585705        0.4572894072        0.0074122627  0.0000        0.0000000000        0.0000000000        0.0000000000
taud_Hf4            0.9846608382        0.5269084274        0.4848681227  0.0000        0.0000000000        0.0000000000        0.0000000000
taud_O1            0.2213344446        0.2836990122        0.2653277883  0.0000        0.0000000000        0.0000000000        0.0000000000
taud_O2            0.7213335466        0.2004904273        0.2653214948  0.0000        0.0000000000        0.0000000000        0.0000000000
taud_O3            0.3195636899        0.1374607593        0.7978749892  0.0000        0.0000000000        0.0000000000        0.0000000000
taud_O4            0.8195617013        0.3467369744        0.7978734933  0.0000        0.0000000000        0.0000000000        0.0000000000
taud_O5            0.2213348224        0.7836979002        0.2269455002  0.0000        0.0000000000        0.0000000000        0.0000000000
taud_O6            0.7213342804        0.7004919128        0.2269511197  0.0000        0.0000000000        0.0000000000        0.0000000000
taud_O7            0.3195680455        0.6374613973        0.6943977149  0.0000        0.0000000000        0.0000000000        0.0000000000
taud_O8            0.8195660851        0.8467364772        0.6943989116  0.0000        0.0000000000        0.0000000000        0.0000000000



                          Volume (Bohr^3) = 911.792
                             Volume (A^3) = 135.113

 Lattice vectors: (Cartesian coordinate: in unit of a_0)
             +5.23906        +1.76142e-39              -5e-15
                   +0            +5.07585                  +0
         -5.83581e-05        +3.06788e-06            +5.08086
 Reciprocal vectors: (Cartesian coordinate: in unit of 2 pi/a_0)
            +0.190874                  -0        +2.19236e-06
          -1.1353e-22           +0.197011        -1.18958e-07
         +1.87836e-16                  -0           +0.196817
 The esolver type has been set to : ksdft_lcao

 RUNNING WITH DEVICE  : CPU / AMD EPYC 7702 64-Core Processor




 >>>>>>>>>>>>>>>>>>>>>>>>>>>>>>>>>>>>>>>>>>>>>>>>>>>>>>>>>>>>>>>>>>>>>>
 |                                                                    |
 | Reading pseudopotentials files:                                    |
 | The pseudopotential file is in UPF format. The 'NC' indicates that |
 | the type of pseudopotential is 'norm conserving'. Functional of    |
 | exchange and correlation is decided by 4 given parameters in UPF   |
 | file.  We also read in the 'core correction' if there exists.      |
 | Also we can read the valence electrons number and the maximal      |
 | angular momentum used in this pseudopotential. We also read in the |
 | trail wave function, trail atomic density and local-pseudopotential|
 | on logrithmic grid. The non-local pseudopotential projector is also|
 | read in if there is any.                                           |
 |                                                                    |
 <<<<<<<<<<<<<<<<<<<<<<<<<<<<<<<<<<<<<<<<<<<<<<<<<<<<<<<<<<<<<<<<<<<<<<




                PAO radial cut off (Bohr) = 15

 Read in pseudopotential file is Hf.upf
                     pseudopotential type = NC
          exchange-correlation functional = PBE
                 nonlocal core correction = 1
                        valence electrons = 12
                                     lmax = 3
                           number of zeta = 4
                     number of projectors = 8
                           L of projector = 0
                           L of projector = 0
                           L of projector = 1
                           L of projector = 1
                           L of projector = 2
                           L of projector = 2
                           L of projector = 3
                           L of projector = 3
                PAO radial cut off (Bohr) = 15

 Read in pseudopotential file is O.upf
                     pseudopotential type = NC
          exchange-correlation functional = PBE
                 nonlocal core correction = 1
                        valence electrons = 6
                                     lmax = 2
                           number of zeta = 2
                     number of projectors = 5
                           L of projector = 0
                           L of projector = 0
                           L of projector = 1
                           L of projector = 1
                           L of projector = 2
     initial pseudo atomic orbital number = 72

 SETUP THE ELECTRONS NUMBER
            electron number of element Hf = 12
      total electron number of element Hf = 48
             electron number of element O = 6
       total electron number of element O = 48
            AUTOSET number of electrons:  = 96
                           occupied bands = 48
                                   NLOCAL = 212
                                   NBANDS = 58
                                   NBANDS = 58
                                   NLOCAL = 212

%%%%%%%%%%%%%%%%%%%%%%%%%%%%%%%%%%%%%%%%%%%%%%%%%%%%%%%%%%%%%%%%%%%%%%%%%%%%%%%%%%%%%%%%%%%%%%%%%%%%%%%%%%
 Warning: the number of valence electrons in pseudopotential > 4 for Hf: [Xe] 4f14 5d2 6s2
 Pseudopotentials with additional electrons can yield (more) accurate outcomes, but may be less efficient.
 If you're confident that your chosen pseudopotential is appropriate, you can safely ignore this warning.
%%%%%%%%%%%%%%%%%%%%%%%%%%%%%%%%%%%%%%%%%%%%%%%%%%%%%%%%%%%%%%%%%%%%%%%%%%%%%%%%%%%%%%%%%%%%%%%%%%%%%%%%%%
                  




 >>>>>>>>>>>>>>>>>>>>>>>>>>>>>>>>>>>>>>>>>>>>>>>>>>>>>>>>>>>>>>>>>>>>>>
 |                                                                    |
 | Setup plane waves of charge/potential:                             |
 | Use the energy cutoff and the lattice vectors to generate the      |
 | dimensions of FFT grid. The number of FFT grid on each processor   |
 | is 'nrxx'. The number of plane wave basis in reciprocal space is   |
 | different for charege/potential and wave functions. We also set    |
 | the 'sticks' for the parallel of FFT. The number of plane waves    |
 | is 'npw' in each processor.                                        |
 <<<<<<<<<<<<<<<<<<<<<<<<<<<<<<<<<<<<<<<<<<<<<<<<<<<<<<<<<<<<<<<<<<<<<<





 SETUP THE PLANE WAVE BASIS
 energy cutoff for charge/potential (unit:Ry) = 400
            fft grid for charge/potential = [ 64, 64, 64 ]
                        fft grid division = [ 2, 2, 2 ]
        big fft grid for charge/potential = [ 32, 32, 32 ]
                                     nbxx = 1024
                                     nrxx = 8192

 SETUP PLANE WAVES FOR CHARGE/POTENTIAL
                    number of plane waves = 123183
                         number of sticks = 3019

 PARALLEL PW FOR CHARGE/POTENTIAL
     PROC   COLUMNS(POT)             PW
        1             94           3850
        2             94           3850
        3             94           3850
        4             94           3850
        5             94           3850
        6             95           3853
        7             95           3853
        8             95           3851
        9             95           3851
       10             95           3851
       11             95           3851
       12             95           3849
       13             95           3849
       14             95           3849
       15             95           3849
       16             94           3848
       17             94           3848
       18             95           3853
       19             94           3850
       20             94           3850
       21             94           3850
       22             94           3848
       23             94           3848
       24             94           3848
       25             94           3848
       26             94           3848
       27             94           3848
       28             94           3848
       29             94           3848
       30             94           3848
       31             94           3848
       32             94           3848
 --------------- sum -------------------
       32           3019         123183
                            number of |g| = 3738
                                  max |g| = 36.175
                                  min |g| = 0.0752463
 DONE : SETUP UNITCELL Time : 2.14047 (SEC)


----------- Double Check Mixing Parameters Begin ------------
mixing_type: broyden
mixing_beta: 0.3
mixing_gg0: 1
mixing_gg0_min: 0.1
mixing_ndim: 8
----------- Double Check Mixing Parameters End ------------




 >>>>>>>>>>>>>>>>>>>>>>>>>>>>>>>>>>>>>>>>>>>>>>>>>>>>>>>>>>>>>>>>>>>>>>
 |                                                                    |
 | Doing symmetry analysis:                                           |
 | We calculate the norm of 3 vectors and the angles between them,    |
 | the type of Bravais lattice is given. We can judge if the unticell |
 | is a primitive cell. Finally we give the point group operation for |
 | this unitcell. We use the point group operations to do symmetry |
 | analysis on given k-point mesh and the charge density.             |
 |                                                                    |
 <<<<<<<<<<<<<<<<<<<<<<<<<<<<<<<<<<<<<<<<<<<<<<<<<<<<<<<<<<<<<<<<<<<<<<




 LATTICE VECTORS: (CARTESIAN COORDINATE: IN UNIT OF A0)
             +5.23906        +1.76142e-39              -5e-15
                   +0            +5.07585                  +0
         -5.83581e-05        +3.06788e-06            +5.08086
                       right hand lattice = 1
                                   NORM_A = 5.23906
                                   NORM_B = 5.07585
                                   NORM_C = 5.08086
                           ALPHA (DEGREE) = 90
                           BETA  (DEGREE) = 90.0007
                           GAMMA (DEGREE) = 90

 The lattice vectors have been changed (STRU_SIMPLE.cif)

(for optimal symmetric configuration:)
                             BRAVAIS TYPE = 12
                     BRAVAIS LATTICE NAME = 12. Monoclinic P (simple)
                                    ibrav = 12
                                    IBRAV = 12
                                  BRAVAIS = SIMPLE MONOLINIC CELL
                       LATTICE CONSTANT A = 7.2981
                                B/A RATIO = 0.695503
                                C/A RATIO = 1.56653
                                COS(BETA) = -0.947745
Original cell was already a primitive cell.
                        ROTATION MATRICES = 4
              PURE POINT GROUP OPERATIONS = 1
                   SPACE GROUP OPERATIONS = 1
                              POINT GROUP = C_1
               POINT GROUP IN SPACE GROUP = C_1
 DONE : SYMMETRY Time : 2.1783 (SEC)





 >>>>>>>>>>>>>>>>>>>>>>>>>>>>>>>>>>>>>>>>>>>>>>>>>>>>>>>>>>>>>>>>>>>>>>
 |                                                                    |
 | Setup K-points                                                     |
 | We setup the k-points according to input parameters.               |
 | The reduced k-points are set according to symmetry operations.     |
 | We treat the spin as another set of k-points.                      |
 |                                                                    |
 <<<<<<<<<<<<<<<<<<<<<<<<<<<<<<<<<<<<<<<<<<<<<<<<<<<<<<<<<<<<<<<<<<<<<<





 SETUP K-POINTS
                                    nspin = 1
                   Input type of k points = Monkhorst-Pack(Gamma)
                                   nkstot = 8
                       right hand lattice = 1
(for reciprocal lattice: )
                             BRAVAIS TYPE = 12
                     BRAVAIS LATTICE NAME = 12. Monoclinic P (simple)
                                    ibrav = 12
                       right hand lattice = 1
(for k-lattice: )
                             BRAVAIS TYPE = 12
                     BRAVAIS LATTICE NAME = 12. Monoclinic P (simple)
                                    ibrav = 12
                       right hand lattice = 1
                        ROTATION MATRICES = 4
                               nkstot_ibz = 8
K-POINTS REDUCTION ACCORDING TO SYMMETRY
     IBZ    DIRECT_X    DIRECT_Y    DIRECT_Z  WEIGHT  ibz2bz
       1  0.00000000  0.00000000  0.00000000  0.1250       0
       2  0.50000000  0.00000000  0.00000000  0.1250       1
       3  0.00000000  0.50000000  0.00000000  0.1250       2
       4  0.50000000  0.50000000  0.00000000  0.1250       3
       5  0.00000000  0.00000000  0.50000000  0.1250       4
       6  0.50000000  0.00000000  0.50000000  0.1250       5
       7  0.00000000  0.50000000  0.50000000  0.1250       6
       8  0.50000000  0.50000000  0.50000000  0.1250       7

                               nkstot now = 8
K-POINTS DIRECT COORDINATES
 KPOINTS    DIRECT_X    DIRECT_Y    DIRECT_Z  WEIGHT
       1  0.00000000  0.00000000  0.00000000  0.1250
       2  0.50000000  0.00000000  0.00000000  0.1250
       3  0.00000000  0.50000000  0.00000000  0.1250
       4  0.50000000  0.50000000  0.00000000  0.1250
       5  0.00000000  0.00000000  0.50000000  0.1250
       6  0.50000000  0.00000000  0.50000000  0.1250
       7  0.00000000  0.50000000  0.50000000  0.1250
       8  0.50000000  0.50000000  0.50000000  0.1250


           k-point number in this process = 8
       minimum distributed K point number = 8
starsize: 1
isym: 0 ks_vec: 0 0 0
starsize: 1
isym: 0 ks_vec: 0.5 0 0
starsize: 1
isym: 0 ks_vec: 0 0.5 0
starsize: 1
isym: 0 ks_vec: 0.5 0.5 0
starsize: 1
isym: 0 ks_vec: 0 0 0.5
starsize: 1
isym: 0 ks_vec: 0.5 0 0.5
starsize: 1
isym: 0 ks_vec: 0 0.5 0.5
starsize: 1
isym: 0 ks_vec: 0.5 0.5 0.5

K-POINTS CARTESIAN COORDINATES
 KPOINTS CARTESIAN_X CARTESIAN_Y CARTESIAN_Z  WEIGHT
       1  0.00000000  0.00000000  0.00000000  0.2500
       2  0.09543697  0.00000000  0.00000110  0.2500
       3  0.00000000  0.09850566 -0.00000006  0.2500
       4  0.09543697  0.09850566  0.00000104  0.2500
       5  0.00000000  0.00000000  0.09840860  0.2500
       6  0.09543697  0.00000000  0.09840970  0.2500
       7  0.00000000  0.09850566  0.09840854  0.2500
       8  0.09543697  0.09850566  0.09840964  0.2500


K-POINTS DIRECT COORDINATES
 KPOINTS    DIRECT_X    DIRECT_Y    DIRECT_Z  WEIGHT
       1  0.00000000  0.00000000  0.00000000  0.2500
       2  0.50000000  0.00000000  0.00000000  0.2500
       3  0.00000000  0.50000000  0.00000000  0.2500
       4  0.50000000  0.50000000  0.00000000  0.2500
       5  0.00000000  0.00000000  0.50000000  0.2500
       6  0.50000000  0.00000000  0.50000000  0.2500
       7  0.00000000  0.50000000  0.50000000  0.2500
       8  0.50000000  0.50000000  0.50000000  0.2500

 DONE : INIT K-POINTS Time : 3.55183 (SEC)





 >>>>>>>>>>>>>>>>>>>>>>>>>>>>>>>>>>>>>>>>>>>>>>>>>>>>>>>>>>>>>>>>>>>>>>
 |                                                                    |
 | Setup plane waves of wave functions:                               |
 | Use the energy cutoff and the lattice vectors to generate the      |
 | dimensions of FFT grid. The number of FFT grid on each processor   |
 | is 'nrxx'. The number of plane wave basis in reciprocal space is   |
 | different for charege/potential and wave functions. We also set    |
 | the 'sticks' for the parallel of FFT. The number of plane wave of  |
 | each k-point is 'npwk[ik]' in each processor                       |
 <<<<<<<<<<<<<<<<<<<<<<<<<<<<<<<<<<<<<<<<<<<<<<<<<<<<<<<<<<<<<<<<<<<<<<





 SETUP PLANE WAVES FOR WAVE FUNCTIONS
     energy cutoff for wavefunc (unit:Ry) = 100
              fft grid for wave functions = [ 64, 64, 64 ]
                    number of plane waves = 18137
                         number of sticks = 849

 PARALLEL PW FOR WAVE FUNCTIONS
     PROC   COLUMNS(POT)             PW
        1             26            568
        2             26            568
        3             26            568
        4             26            568
        5             26            568
        6             26            568
        7             26            568
        8             26            568
        9             27            567
       10             27            567
       11             27            567
       12             27            567
       13             27            567
       14             27            567
       15             27            567
       16             27            567
       17             27            567
       18             27            567
       19             27            567
       20             27            567
       21             27            565
       22             27            565
       23             27            565
       24             27            565
       25             27            567
       26             26            566
       27             26            566
       28             26            566
       29             26            566
       30             26            566
       31             26            566
       32             26            566
 --------------- sum -------------------
       32            849          18137
 DONE : INIT PLANEWAVE Time : 3.70063 (SEC)

 SET NONLOCAL PSEUDOPOTENTIAL PROJECTORS
 SET NONLOCAL PSEUDOPOTENTIAL PROJECTORS
 max number of nonlocal projetors among all species is 8
 DONE : LOCAL POTENTIAL Time : 5.25318 (SEC)


 -------------------------------------------
 SELF-CONSISTENT
 -------------------------------------------




 >>>>>>>>>>>>>>>>>>>>>>>>>>>>>>>>>>>>>>>>>>>>>>>>>>>>>>>>>>>>>>>>>>>>>>
 |                                                                    |
 | Search adjacent atoms:                                             |
 | Set the adjacent atoms for each atom and set the periodic boundary |
 | condition for the atoms on real space FFT grid. For k-dependent    |
 | algorithm, we also need to set the sparse H and S matrix element   |
 | for each atom.                                                     |
 |                                                                    |
 <<<<<<<<<<<<<<<<<<<<<<<<<<<<<<<<<<<<<<<<<<<<<<<<<<<<<<<<<<<<<<<<<<<<<<





 SETUP SEARCHING RADIUS FOR PROGRAM TO SEARCH ADJACENT ATOMS
                  longest orb rcut (Bohr) = 10
   longest nonlocal projector rcut (Bohr) = 2.46
                     search radius (Bohr) = 24.9
              searching radius is (Bohr)) = 24.9
         searching radius unit is (Bohr)) = 1.89
                         PeriodicBoundary = 1
                        Radius(unit:lat0) = 13.2
                                   glayer = [ 4, 4, 4 ]
                             glayer_minus = [ 3, 3, 3 ]

Find the coordinate range of the input atom(unit:lat0).
                                  min_tau = [ -14.6, -15.1, -15.2 ]
                                  max_tau = [ 20.9, 20.1, 19.3 ]
                                BoxNumber = [ 7, 7, 7 ]

 SETUP EXTENDED REAL SPACE GRID FOR GRID INTEGRATION
                          real space grid = [ 64, 64, 64 ]
                 big cell numbers in grid = [ 32, 32, 32 ]
             meshcell numbers in big cell = [ 2, 2, 2 ]
                        extended fft grid = [ 33, 34, 34 ]
                dimension of extened grid = [ 99, 101, 101 ]
                            UnitCellTotal = 125
              Atom number in sub-FFT-grid = 12
    Local orbitals number in sub-FFT-grid = 212
                                ParaV.nnr = 80983

 Warning_Memory_Consuming allocated:  Gint::hRGint 12.7 MB

 Warning_Memory_Consuming allocated:  Gint::DMRGint 12.7 MB
                                 init_chg = atomic
 DONE : INIT SCF Time : 6.19095 (SEC)


 LCAO ALGORITHM --------------- ION=   1  ELEC=   1--------------------------------

 Density error is 0.15860604164
----------------------------------------------------------
     Energy           Rydberg                 eV          
----------------------------------------------------------
 E_KohnSham     -718.6820339685      -9778.1707122006     
 E_Harris       -704.9970576931      -9591.9770578604     
 E_Fermi        0.7701329230         10.4781959698        
----------------------------------------------------------


 LCAO ALGORITHM --------------- ION=   1  ELEC=   2--------------------------------

 Density error is 0.0648950272347
----------------------------------------------------------
     Energy           Rydberg                 eV          
----------------------------------------------------------
 E_KohnSham     -718.9848429394      -9782.2906396113     
 E_Harris       -715.1648942783      -9730.3175717525     
 E_Fermi        1.0647472096         14.4866289808        
----------------------------------------------------------


 LCAO ALGORITHM --------------- ION=   1  ELEC=   3--------------------------------

 Density error is 0.0382023590037
----------------------------------------------------------
     Energy           Rydberg                 eV          
----------------------------------------------------------
 E_KohnSham     -719.0167868817      -9782.7252592428     
 E_Harris       -718.4176849690      -9774.5740595479     
 E_Fermi        1.0601058513         14.4234800602        
----------------------------------------------------------


 LCAO ALGORITHM --------------- ION=   1  ELEC=   4--------------------------------

 Density error is 0.00773636918237
----------------------------------------------------------
     Energy           Rydberg                 eV          
----------------------------------------------------------
 E_KohnSham     -719.0147957950      -9782.6981691178     
 E_Harris       -718.2283885075      -9771.9985490601     
 E_Fermi        1.0624855665         14.4558577470        
----------------------------------------------------------


 LCAO ALGORITHM --------------- ION=   1  ELEC=   5--------------------------------

 Density error is 0.00137279872292
----------------------------------------------------------
     Energy           Rydberg                 eV          
----------------------------------------------------------
 E_KohnSham     -719.0163428156      -9782.7192174139     
 E_Harris       -718.9744953888      -9782.1498539620     
 E_Fermi        1.0623417453         14.4539009594        
----------------------------------------------------------


 LCAO ALGORITHM --------------- ION=   1  ELEC=   6--------------------------------

 Density error is 0.000497914646131
----------------------------------------------------------
     Energy           Rydberg                 eV          
----------------------------------------------------------
 E_KohnSham     -719.0163531420      -9782.7193579118     
 E_Harris       -719.0116340175      -9782.6551509287     
 E_Fermi        1.0634875359         14.4694902408        
----------------------------------------------------------


 LCAO ALGORITHM --------------- ION=   1  ELEC=   7--------------------------------

 Density error is 0.000206693308431
----------------------------------------------------------
     Energy           Rydberg                 eV          
----------------------------------------------------------
 E_KohnSham     -719.0163589194      -9782.7194365174     
 E_Harris       -718.9957133013      -9782.4385384716     
 E_Fermi        1.0638315455         14.4741707316        
----------------------------------------------------------


 LCAO ALGORITHM --------------- ION=   1  ELEC=   8--------------------------------

 Density error is 2.53788629662e-05
----------------------------------------------------------
     Energy           Rydberg                 eV          
----------------------------------------------------------
 E_KohnSham     -719.0163595449      -9782.7194450271     
 E_Harris       -719.0176307324      -9782.7367404212     
 E_Fermi        1.0639372132         14.4756084138        
----------------------------------------------------------


 LCAO ALGORITHM --------------- ION=   1  ELEC=   9--------------------------------

 Density error is 3.08982263919e-05
----------------------------------------------------------
     Energy           Rydberg                 eV          
----------------------------------------------------------
 E_KohnSham     -719.0163595317      -9782.7194448475     
 E_Harris       -719.0131952962      -9782.6763932150     
 E_Fermi        1.0639189446         14.4753598566        
----------------------------------------------------------


 LCAO ALGORITHM --------------- ION=   1  ELEC=  10--------------------------------

 Density error is 2.48663591374e-06
----------------------------------------------------------
     Energy           Rydberg                 eV          
----------------------------------------------------------
 E_KohnSham     -719.0163595567      -9782.7194451885     
 E_Harris       -719.0162547650      -9782.7180194235     
 E_Fermi        1.0639199419         14.4753734260        
----------------------------------------------------------


 LCAO ALGORITHM --------------- ION=   1  ELEC=  11--------------------------------

 Density error is 4.38471579069e-07
----------------------------------------------------------
     Energy           Rydberg                 eV          
----------------------------------------------------------
 E_KohnSham     -719.0163595569      -9782.7194451903     
 E_Harris       -719.0163017778      -9782.7186590660     
 E_Fermi        1.0639222471         14.4754047898        
----------------------------------------------------------


 LCAO ALGORITHM --------------- ION=   1  ELEC=  12--------------------------------

 Density error is 3.03135325875e-07
----------------------------------------------------------
     Energy           Rydberg                 eV          
----------------------------------------------------------
 E_KohnSham     -719.0163595569      -9782.7194451903     
 E_Harris       -719.0163720894      -9782.7196157044     
 E_Fermi        1.0639224505         14.4754075573        
----------------------------------------------------------


 LCAO ALGORITHM --------------- ION=   1  ELEC=  13--------------------------------

 Density error is 3.13326229898e-08
----------------------------------------------------------
     Energy           Rydberg                 eV          
----------------------------------------------------------
 E_KohnSham     -719.0163595569      -9782.7194451904     
 E_Harris       -719.0163620156      -9782.7194786435     
 E_Fermi        1.0639226236         14.4754099122        
----------------------------------------------------------


 LCAO ALGORITHM --------------- ION=   1  ELEC=  14--------------------------------

 Density error is 2.12275247352e-08
----------------------------------------------------------
     Energy           Rydberg                 eV          
----------------------------------------------------------
 E_KohnSham     -719.0163595569      -9782.7194451904     
 E_Harris       -719.0163605987      -9782.7194593650     
 E_Fermi        1.0639226085         14.4754097067        
----------------------------------------------------------


 LCAO ALGORITHM --------------- ION=   1  ELEC=  15--------------------------------

 Density error is 1.0681553278e-08
----------------------------------------------------------
     Energy           Rydberg                 eV          
----------------------------------------------------------
 E_KohnSham     -719.0163595569      -9782.7194451904     
 E_Harris       -719.0163595708      -9782.7194453803     
 E_Fermi        1.0639225971         14.4754095510        
----------------------------------------------------------


 LCAO ALGORITHM --------------- ION=   1  ELEC=  16--------------------------------

 Density error is 1.13407358945e-09
----------------------------------------------------------
     Energy           Rydberg                 eV          
----------------------------------------------------------
 E_KohnSham     -719.0163595569      -9782.7194451904     
 E_KS(sigma->0) -719.0163595569      -9782.7194451904     
 E_Harris       -719.0163595775      -9782.7194454711     
 E_band         -36.6631955404       -498.8283662374      
 E_one_elec     -123.7816458302      -1684.1356911087     
 E_Hartree      118.2644367834       1609.0702110152      
 E_xc           -182.5578180976      -2483.8265405751     
 E_Ewald        -530.9413324125      -7223.8274245217     
 E_entropy(-TS) -0.0000000000        -0.0000000000        
 E_descf        0.0000000000         0.0000000000         
 E_exx          0.0000000000         0.0000000000         
 E_Fermi        1.0639225969         14.4754095488        
----------------------------------------------------------


 charge density convergence is achieved
 final etot is -9782.7194452 eV
 EFERMI = 14.475409549 eV

 STATE ENERGY(eV) AND OCCUPATIONS    NSPIN == 1
 1/8 kpoint (Cartesian) = 0.0000 0.0000 0.0000 (486 pws)
       1       -48.7142       0.250000
       2       -48.6962       0.250000
       3       -48.6951       0.250000
       4       -48.6930       0.250000
       5       -18.5538       0.250000
       6       -18.5382       0.250000
       7       -18.5344       0.250000
       8       -18.3228       0.250000
       9       -18.2573       0.250000
      10       -18.2504       0.250000
      11       -18.2493       0.250000
      12       -18.2317       0.250000
      13       -18.2141       0.250000
      14       -18.1473       0.250000
      15       -18.1215       0.250000
      16       -18.1039       0.250000
      17       -6.86402       0.250000
      18       -5.56184       0.250000
      19       -5.27018       0.250000
      20       -5.19959       0.250000
      21       -4.90023       0.250000
      22       -4.76802       0.250000
      23       -4.72508       0.250000
      24       -4.55325       0.250000
      25        5.63068       0.250000
      26        5.67251       0.250000
      27        5.96789       0.250000
      28        6.44591       0.250000
      29        6.68214       0.250000
      30        6.77861       0.250000
      31        7.93637       0.250000
      32        7.94668       0.250000
      33        7.98418       0.250000
      34        8.23759       0.250000
      35        8.42175       0.250000
      36        8.74438       0.250000
      37        8.94019       0.250000
      38        9.31522       0.250000
      39        9.48787       0.250000
      40        9.69909       0.250000
      41        9.71401       0.250000
      42        9.80861       0.250000
      43        10.1599       0.250000
      44        10.4601       0.250000
      45        10.5167       0.250000
      46        10.8220       0.250000
      47        11.3797       0.250000
      48        11.4065       0.250000
      49        16.2079        0.00000
      50        16.2766        0.00000
      51        16.4676        0.00000
      52        16.9137        0.00000
      53        16.9507        0.00000
      54        17.1032        0.00000
      55        17.2946        0.00000
      56        17.4211        0.00000
      57        17.7657        0.00000
      58        17.8163        0.00000

 2/8 kpoint (Cartesian) = 0.095437 0.0000 1.0962e-06 (482 pws)
       1       -48.7046       0.250000
       2       -48.7046       0.250000
       3       -48.6945       0.250000
       4       -48.6945       0.250000
       5       -18.4640       0.250000
       6       -18.4640       0.250000
       7       -18.4172       0.250000
       8       -18.4172       0.250000
       9       -18.3342       0.250000
      10       -18.3342       0.250000
      11       -18.2136       0.250000
      12       -18.2136       0.250000
      13       -18.1838       0.250000
      14       -18.1838       0.250000
      15       -18.1625       0.250000
      16       -18.1625       0.250000
      17       -6.05855       0.250000
      18       -6.05850       0.250000
      19       -5.29855       0.250000
      20       -5.29851       0.250000
      21       -5.01609       0.250000
      22       -5.01607       0.250000
      23       -4.57909       0.250000
      24       -4.57905       0.250000
      25        6.03442       0.250000
      26        6.03447       0.250000
      27        6.87067       0.250000
      28        6.87071       0.250000
      29        7.11110       0.250000
      30        7.11114       0.250000
      31        7.23119       0.250000
      32        7.23125       0.250000
      33        7.57072       0.250000
      34        7.57075       0.250000
      35        8.59833       0.250000
      36        8.59841       0.250000
      37        8.71241       0.250000
      38        8.71248       0.250000
      39        9.28494       0.250000
      40        9.28496       0.250000
      41        9.63912       0.250000
      42        9.63919       0.250000
      43        10.6337       0.250000
      44        10.6337       0.250000
      45        10.6646       0.250000
      46        10.6647       0.250000
      47        11.3170       0.250000
      48        11.3170       0.250000
      49        16.1568        0.00000
      50        16.1568        0.00000
      51        16.7260        0.00000
      52        16.7261        0.00000
      53        17.2611        0.00000
      54        17.2612        0.00000
      55        17.2933        0.00000
      56        17.2933        0.00000
      57        18.3069        0.00000
      58        18.3071        0.00000

 3/8 kpoint (Cartesian) = 0.0000 0.098506 -5.9479e-08 (469 pws)
       1       -48.7055       0.250000
       2       -48.7055       0.250000
       3       -48.6938       0.250000
       4       -48.6937       0.250000
       5       -18.4234       0.250000
       6       -18.4234       0.250000
       7       -18.4087       0.250000
       8       -18.4087       0.250000
       9       -18.3523       0.250000
      10       -18.3523       0.250000
      11       -18.2623       0.250000
      12       -18.2622       0.250000
      13       -18.1801       0.250000
      14       -18.1801       0.250000
      15       -18.1514       0.250000
      16       -18.1514       0.250000
      17       -5.99867       0.250000
      18       -5.99867       0.250000
      19       -5.21144       0.250000
      20       -5.21143       0.250000
      21       -4.91567       0.250000
      22       -4.91564       0.250000
      23       -4.88311       0.250000
      24       -4.88310       0.250000
      25        6.49137       0.250000
      26        6.49142       0.250000
      27        6.65684       0.250000
      28        6.65686       0.250000
      29        7.15869       0.250000
      30        7.15870       0.250000
      31        7.39273       0.250000
      32        7.39276       0.250000
      33        7.96800       0.250000
      34        7.96800       0.250000
      35        8.57925       0.250000
      36        8.57931       0.250000
      37        8.97430       0.250000
      38        8.97430       0.250000
      39        9.27510       0.250000
      40        9.27515       0.250000
      41        9.55360       0.250000
      42        9.55363       0.250000
      43        10.1293       0.250000
      44        10.1293       0.250000
      45        10.3879       0.250000
      46        10.3879       0.250000
      47        10.6961       0.250000
      48        10.6961       0.250000
      49        16.3730        0.00000
      50        16.3730        0.00000
      51        16.8438        0.00000
      52        16.8438        0.00000
      53        16.9758        0.00000
      54        16.9758        0.00000
      55        17.5994        0.00000
      56        17.5994        0.00000
      57        18.0760        0.00000
      58        18.0760        0.00000

 4/8 kpoint (Cartesian) = 0.095437 0.098506 1.0367e-06 (475 pws)
       1       -48.6996       0.250000
       2       -48.6996       0.250000
       3       -48.6995       0.250000
       4       -48.6995       0.250000
       5       -18.4308       0.250000
       6       -18.4308       0.250000
       7       -18.4308       0.250000
       8       -18.4308       0.250000
       9       -18.2865       0.250000
      10       -18.2865       0.250000
      11       -18.2865       0.250000
      12       -18.2865       0.250000
      13       -18.1737       0.250000
      14       -18.1737       0.250000
      15       -18.1736       0.250000
      16       -18.1736       0.250000
      17       -5.59477       0.250000
      18       -5.59475       0.250000
      19       -5.59473       0.250000
      20       -5.59470       0.250000
      21       -4.92253       0.250000
      22       -4.92252       0.250000
      23       -4.92249       0.250000
      24       -4.92248       0.250000
      25        6.83529       0.250000
      26        6.83532       0.250000
      27        6.83534       0.250000
      28        6.83536       0.250000
      29        7.45418       0.250000
      30        7.45420       0.250000
      31        7.45421       0.250000
      32        7.45423       0.250000
      33        8.14714       0.250000
      34        8.14716       0.250000
      35        8.14724       0.250000
      36        8.14726       0.250000
      37        8.87551       0.250000
      38        8.87554       0.250000
      39        8.87558       0.250000
      40        8.87561       0.250000
      41        9.70587       0.250000
      42        9.70588       0.250000
      43        9.70597       0.250000
      44        9.70599       0.250000
      45        10.4177       0.250000
      46        10.4178       0.250000
      47        10.4178       0.250000
      48        10.4178       0.250000
      49        16.5562        0.00000
      50        16.5562        0.00000
      51        16.5563        0.00000
      52        16.5563        0.00000
      53        17.4473        0.00000
      54        17.4474        0.00000
      55        17.4474        0.00000
      56        17.4475        0.00000
      57        18.2754        0.00000
      58        18.2755        0.00000

 5/8 kpoint (Cartesian) = 0.0000 0.0000 0.098409 (486 pws)
       1       -48.7078       0.250000
       2       -48.7026       0.250000
       3       -48.6943       0.250000
       4       -48.6938       0.250000
       5       -18.4527       0.250000
       6       -18.4406       0.250000
       7       -18.3709       0.250000
       8       -18.3696       0.250000
       9       -18.3573       0.250000
      10       -18.3172       0.250000
      11       -18.2672       0.250000
      12       -18.2436       0.250000
      13       -18.2312       0.250000
      14       -18.1847       0.250000
      15       -18.1715       0.250000
      16       -18.1538       0.250000
      17       -6.19568       0.250000
      18       -5.58895       0.250000
      19       -5.39125       0.250000
      20       -5.19697       0.250000
      21       -5.10228       0.250000
      22       -4.98413       0.250000
      23       -4.76714       0.250000
      24       -4.71304       0.250000
      25        6.05958       0.250000
      26        6.11392       0.250000
      27        6.70521       0.250000
      28        6.72510       0.250000
      29        6.93165       0.250000
      30        7.04798       0.250000
      31        7.09853       0.250000
      32        7.11556       0.250000
      33        7.88206       0.250000
      34        7.99840       0.250000
      35        8.52195       0.250000
      36        8.55331       0.250000
      37        8.80676       0.250000
      38        8.90327       0.250000
      39        9.44755       0.250000
      40        9.53196       0.250000
      41        9.75355       0.250000
      42        10.0303       0.250000
      43        10.1127       0.250000
      44        10.3243       0.250000
      45        10.5873       0.250000
      46        10.9271       0.250000
      47        11.2318       0.250000
      48        11.3032       0.250000
      49        16.0495        0.00000
      50        16.3687        0.00000
      51        16.5566        0.00000
      52        16.8249        0.00000
      53        16.9622        0.00000
      54        17.1961        0.00000
      55        17.6619        0.00000
      56        17.6661        0.00000
      57        17.7243        0.00000
      58        18.0727        0.00000

 6/8 kpoint (Cartesian) = 0.095437 0.0000 0.098410 (482 pws)
       1       -48.7010       0.250000
       2       -48.7010       0.250000
       3       -48.6982       0.250000
       4       -48.6982       0.250000
       5       -18.4519       0.250000
       6       -18.4519       0.250000
       7       -18.4197       0.250000
       8       -18.4197       0.250000
       9       -18.3208       0.250000
      10       -18.3208       0.250000
      11       -18.2759       0.250000
      12       -18.2759       0.250000
      13       -18.1661       0.250000
      14       -18.1661       0.250000
      15       -18.1461       0.250000
      16       -18.1461       0.250000
      17       -5.82226       0.250000
      18       -5.82220       0.250000
      19       -5.40758       0.250000
      20       -5.40755       0.250000
      21       -5.04024       0.250000
      22       -5.04015       0.250000
      23       -4.72905       0.250000
      24       -4.72903       0.250000
      25        6.46030       0.250000
      26        6.46033       0.250000
      27        6.83607       0.250000
      28        6.83609       0.250000
      29        7.22981       0.250000
      30        7.22990       0.250000
      31        7.33858       0.250000
      32        7.33864       0.250000
      33        7.84180       0.250000
      34        7.84186       0.250000
      35        8.31262       0.250000
      36        8.31269       0.250000
      37        8.98639       0.250000
      38        8.98643       0.250000
      39        9.20868       0.250000
      40        9.20873       0.250000
      41        9.51020       0.250000
      42        9.51024       0.250000
      43        9.75349       0.250000
      44        9.75356       0.250000
      45        10.8564       0.250000
      46        10.8566       0.250000
      47        11.2034       0.250000
      48        11.2034       0.250000
      49        15.9222        0.00000
      50        15.9223        0.00000
      51        16.1397        0.00000
      52        16.1398        0.00000
      53        17.1473        0.00000
      54        17.1474        0.00000
      55        17.7253        0.00000
      56        17.7254        0.00000
      57        17.8024        0.00000
      58        17.8025        0.00000

 7/8 kpoint (Cartesian) = 0.0000 0.098506 0.098409 (470 pws)
       1       -48.7041       0.250000
       2       -48.7040       0.250000
       3       -48.6952       0.250000
       4       -48.6952       0.250000
       5       -18.4777       0.250000
       6       -18.4777       0.250000
       7       -18.4099       0.250000
       8       -18.4099       0.250000
       9       -18.3492       0.250000
      10       -18.3492       0.250000
      11       -18.2040       0.250000
      12       -18.2040       0.250000
      13       -18.1863       0.250000
      14       -18.1862       0.250000
      15       -18.1527       0.250000
      16       -18.1526       0.250000
      17       -5.85551       0.250000
      18       -5.85549       0.250000
      19       -5.38538       0.250000
      20       -5.38538       0.250000
      21       -4.98668       0.250000
      22       -4.98667       0.250000
      23       -4.79573       0.250000
      24       -4.79571       0.250000
      25        6.49308       0.250000
      26        6.49309       0.250000
      27        6.74549       0.250000
      28        6.74553       0.250000
      29        7.11499       0.250000
      30        7.11500       0.250000
      31        7.99807       0.250000
      32        7.99812       0.250000
      33        8.19619       0.250000
      34        8.19624       0.250000
      35        8.46251       0.250000
      36        8.46253       0.250000
      37        8.73095       0.250000
      38        8.73099       0.250000
      39        8.89731       0.250000
      40        8.89733       0.250000
      41        9.77117       0.250000
      42        9.77117       0.250000
      43        10.0488       0.250000
      44        10.0489       0.250000
      45        10.1315       0.250000
      46        10.1315       0.250000
      47        10.6306       0.250000
      48        10.6306       0.250000
      49        16.3401        0.00000
      50        16.3402        0.00000
      51        16.6839        0.00000
      52        16.6840        0.00000
      53        16.8890        0.00000
      54        16.8890        0.00000
      55        17.4213        0.00000
      56        17.4213        0.00000
      57        17.9332        0.00000
      58        17.9332        0.00000

 8/8 kpoint (Cartesian) = 0.095437 0.098506 0.098410 (466 pws)
       1       -48.6995       0.250000
       2       -48.6995       0.250000
       3       -48.6995       0.250000
       4       -48.6995       0.250000
       5       -18.5336       0.250000
       6       -18.5336       0.250000
       7       -18.5336       0.250000
       8       -18.5336       0.250000
       9       -18.1913       0.250000
      10       -18.1913       0.250000
      11       -18.1912       0.250000
      12       -18.1912       0.250000
      13       -18.1607       0.250000
      14       -18.1607       0.250000
      15       -18.1607       0.250000
      16       -18.1607       0.250000
      17       -5.78404       0.250000
      18       -5.78402       0.250000
      19       -5.78399       0.250000
      20       -5.78397       0.250000
      21       -4.72294       0.250000
      22       -4.72292       0.250000
      23       -4.72291       0.250000
      24       -4.72289       0.250000
      25        6.92510       0.250000
      26        6.92512       0.250000
      27        6.92514       0.250000
      28        6.92515       0.250000
      29        7.31146       0.250000
      30        7.31147       0.250000
      31        7.31152       0.250000
      32        7.31153       0.250000
      33        8.33291       0.250000
      34        8.33293       0.250000
      35        8.33297       0.250000
      36        8.33299       0.250000
      37        9.03238       0.250000
      38        9.03241       0.250000
      39        9.03245       0.250000
      40        9.03249       0.250000
      41        9.67050       0.250000
      42        9.67055       0.250000
      43        9.67057       0.250000
      44        9.67062       0.250000
      45        10.3123       0.250000
      46        10.3123       0.250000
      47        10.3123       0.250000
      48        10.3123       0.250000
      49        16.0461        0.00000
      50        16.0461        0.00000
      51        16.0462        0.00000
      52        16.0462        0.00000
      53        17.2561        0.00000
      54        17.2561        0.00000
      55        17.2562        0.00000
      56        17.2562        0.00000
      57        17.9794        0.00000
      58        17.9795        0.00000

 correction force for each atom along direction 1 is -6.11315e-06
 correction force for each atom along direction 2 is -2.96299e-07
 correction force for each atom along direction 3 is -4.43458e-09
------------------------------------------------------------------------------------------
 TOTAL-FORCE (eV/Angstrom)                                                                
------------------------------------------------------------------------------------------
                       Hf1        -0.1725262693        -0.2392218787         0.0448301406 
                       Hf2        -0.1723272592         0.2391119333        -0.0446062878 
                       Hf3        -0.1724514961         0.2390081570         0.0446337608 
                       Hf4        -0.1724128521        -0.2393188607        -0.0447994051 
                        O1         0.2607789065        -0.3635325846         0.1919611978 
                        O2         0.2607648392         0.3636953275         0.1919369130 
                        O3        -0.0883175613        -0.0288669542         0.1600477325 
                        O4        -0.0882614625         0.0289229885         0.1600955712 
                        O5         0.2607209946        -0.3635253942        -0.1919180636 
                        O6         0.2607001051         0.3636643922        -0.1918728934 
                        O7        -0.0883679689        -0.0288567809        -0.1601270359 
                        O8        -0.0882999759         0.0289196547        -0.1601816300 
------------------------------------------------------------------------------------------

----------------------------------------------------------------
 TOTAL-STRESS (KBAR)                                            
----------------------------------------------------------------
       -63.7329675100         0.0091747291         0.0143797835 
         0.0091747291       172.7809523844        -0.0007002566 
         0.0143797835        -0.0007002566        18.2095225858 
----------------------------------------------------------------
 TOTAL-PRESSURE: 42.419169 KBAR



 --------------------------------------------
 !FINAL_ETOT_IS -9782.7194451903560548 eV
 --------------------------------------------


TIME STATISTICS
------------------------------------------------------------------------------------
    CLASS_NAME                    NAME                TIME/s  CALLS   AVG/s  PER/%  
------------------------------------------------------------------------------------
                   total                              119.02 13       9.16   100.00 
 Driver            reading                            1.84   1        1.84   1.55   
 Input_Conv        Convert                            0.00   1        0.00   0.00   
 Driver            driver_line                        117.17 1        117.17 98.45  
 UnitCell          check_tau                          0.00   1        0.00   0.00   
 ESolver_KS_LCAO   before_all_runners                 3.38   1        3.38   2.84   
 PW_Basis_Sup      setuptransform                     0.08   1        0.08   0.07   
 PW_Basis_Sup      distributeg                        0.08   1        0.08   0.06   
 mymath            heapsort                           0.00   81       0.00   0.00   
 Charge_Mixing     init_mixing                        0.00   1        0.00   0.00   
 Symmetry          analy_sys                          0.04   1        0.04   0.03   
 PW_Basis_K        setuptransform                     0.14   1        0.14   0.12   
 PW_Basis_K        distributeg                        0.14   1        0.14   0.12   
 PW_Basis          setup_struc_factor                 0.00   1        0.00   0.00   
 NOrbital_Lm       extra_uniform                      0.27   14       0.02   0.23   
 Mathzone_Add1     SplineD2                           0.00   14       0.00   0.00   
 Mathzone_Add1     Cubic_Spline_Interpolation         0.01   14       0.00   0.00   
 Mathzone_Add1     Uni_Deriv_Phi                      0.26   14       0.02   0.22   
 ppcell_vl         init_vloc                          0.13   1        0.13   0.11   
 Ions              opt_ions                           113.74 1        113.74 95.57  
 ESolver_KS_LCAO   runner                             104.78 1        104.78 88.04  
 ESolver_KS_LCAO   before_scf                         0.94   1        0.94   0.79   
 atom_arrange      search                             0.00   1        0.00   0.00   
 atom_arrange      grid_d.init                        0.00   1        0.00   0.00   
 Grid              Construct_Adjacent_expand          0.00   1        0.00   0.00   
 Grid              Construct_Adjacent_expand_periodic 0.00   12       0.00   0.00   
 Grid_Technique    init                               0.26   1        0.26   0.22   
 Grid_BigCell      grid_expansion_index               0.06   2        0.03   0.05   
 Grid_Driver       Find_atom                          0.00   120      0.00   0.00   
 Record_adj        for_2d                             0.05   1        0.05   0.04   
 LCAO_domain       grid_prepare                       0.00   1        0.00   0.00   
 Veff              initialize_HR                      0.00   1        0.00   0.00   
 OverlapNew        initialize_SR                      0.00   1        0.00   0.00   
 EkineticNew       initialize_HR                      0.01   1        0.01   0.00   
 NonlocalNew       initialize_HR                      0.03   1        0.03   0.02   
 Charge            set_rho_core                       0.15   1        0.15   0.13   
 PW_Basis_Sup      recip2real                         0.16   132      0.00   0.13   
 PW_Basis_Sup      gathers_scatterp                   0.13   132      0.00   0.11   
 Charge            atomic_rho                         0.27   2        0.14   0.23   
 Potential         init_pot                           0.15   1        0.15   0.13   
 Potential         update_from_charge                 0.28   17       0.02   0.24   
 Potential         cal_fixed_v                        0.00   1        0.00   0.00   
 PotLocal          cal_fixed_v                        0.00   1        0.00   0.00   
 Potential         cal_v_eff                          0.28   17       0.02   0.23   
 H_Hartree_pw      v_hartree                          0.03   17       0.00   0.02   
 PW_Basis_Sup      real2recip                         0.14   153      0.00   0.11   
 PW_Basis_Sup      gatherp_scatters                   0.12   153      0.00   0.10   
 PotXC             cal_v_eff                          0.25   17       0.01   0.21   
 XC_Functional     v_xc                               0.27   19       0.01   0.23   
 Potential         interpolate_vrs                    0.00   17       0.00   0.00   
 Symmetry          rhog_symmetry                      0.57   17       0.03   0.48   
 Symmetry          group fft grids                    0.17   17       0.01   0.14   
 H_Ewald_pw        compute_ewald                      0.02   1        0.02   0.02   
 HSolverLCAO       solve                              102.74 16       6.42   86.33  
 HamiltLCAO        updateHk                           53.34  128      0.42   44.82  
 OperatorLCAO      init                               53.18  384      0.14   44.68  
 Veff              contributeHR                       52.63  16       3.29   44.23  
 Gint_interface    cal_gint                           88.38  33       2.68   74.26  
 Gint_interface    cal_gint_vlocal                    44.67  16       2.79   37.53  
 Gint_Tools        cal_psir_ylm                       3.21   32768    0.00   2.70   
 Gint_k            transfer_pvpR                      7.97   16       0.50   6.69   
 OverlapNew        calculate_SR                       0.12   1        0.12   0.10   
 OverlapNew        contributeHk                       0.03   128      0.00   0.03   
 EkineticNew       contributeHR                       0.13   16       0.01   0.11   
 EkineticNew       calculate_HR                       0.13   1        0.13   0.11   
 NonlocalNew       contributeHR                       0.37   16       0.02   0.31   
 NonlocalNew       calculate_HR                       0.35   1        0.35   0.30   
 OperatorLCAO      contributeHk                       0.04   128      0.00   0.04   
 HSolverLCAO       hamiltSolvePsiK                    4.83   128      0.04   4.06   
 DiagoElpa         elpa_solve                         4.33   128      0.03   3.63   
 elecstate         cal_dm                             0.18   17       0.01   0.15   
 psiMulPsiMpi      pdgemm                             0.17   136      0.00   0.15   
 DensityMatrix     cal_DMR                            0.05   17       0.00   0.04   
 ElecStateLCAO     psiToRho                           44.36  16       2.77   37.27  
 Gint              transfer_DMR                       2.62   16       0.16   2.20   
 Gint_interface    cal_gint_rho                       38.11  16       2.38   32.02  
 Charge_Mixing     get_drho                           0.00   16       0.00   0.00   
 Charge            mix_rho                            0.03   15       0.00   0.03   
 Charge            Broyden_mixing                     0.01   15       0.00   0.01   
 ModuleIO          write_rhog                         0.04   1        0.04   0.03   
 ESolver_KS_LCAO   after_scf                          0.14   1        0.14   0.12   
 ESolver_KS_LCAO   cal_force                          8.96   1        8.96   7.53   
 Force_Stress_LCAO getForceStress                     8.96   1        8.96   7.53   
 Forces            cal_force_loc                      0.00   1        0.00   0.00   
 Forces            cal_force_ew                       0.00   1        0.00   0.00   
 Forces            cal_force_cc                       0.16   1        0.16   0.13   
 Forces            cal_force_scc                      0.14   1        0.14   0.12   
 Stress_Func       stress_loc                         0.44   1        0.44   0.37   
 Stress_Func       stress_har                         0.00   1        0.00   0.00   
 Stress_Func       stress_ewa                         0.00   1        0.00   0.00   
 Stress_Func       stress_cc                          0.57   1        0.57   0.48   
 Stress_Func       stress_gga                         0.01   1        0.01   0.00   
 Force_LCAO        ftable                             6.36   1        6.36   5.34   
 Force_LCAO        allocate                           0.34   1        0.34   0.29   
 LCAO_domain       build_ST_new                       0.34   2        0.17   0.28   
 Force_LCAO        cal_pulay_fs_center2               0.01   2        0.01   0.01   
 Gint_interface    cal_gint_force                     5.60   1        5.60   4.71   
 Gint_Tools        cal_dpsir_ylm                      0.39   1024     0.00   0.33   
 Gint_Tools        cal_dpsirr_ylm                     0.09   1024     0.00   0.08   
 NonlocalNew       cal_force_stress                   1.27   1        1.27   1.07   
 ESolver_KS_LCAO   cal_stress                         0.00   1        0.00   0.00   
 ESolver_KS_LCAO   after_all_runners                  0.01   1        0.01   0.01   
 ModuleIO          write_istate_info                  0.01   1        0.01   0.01   
------------------------------------------------------------------------------------


 NAME-------------------------|MEMORY(MB)--------
                         total      2314.1646
                  Gint::hRGint       407.8816
                 Gint::DMRGint       407.5691
       TwoCenterTable: Kinetic       137.3855
       TwoCenterTable: Overlap       137.3855
      TwoCenterTable: Nonlocal       136.0217
                  meshball_pos       125.9641
               GT::ind_bigcell       123.2787
         GT::in_this_processor       123.2787
              GT::index2normal       123.2787
               GT::index2ucell       123.2787
                   Stress::dSR       116.3505
                   Force::dS_K        58.1753
                   Stress::dHr        58.1753
                  Force::dTVNL        58.1753
      GT::bigcell_on_processor        30.8197
                HamiltLCAO::hR        26.2699
            DensityMatrix::DMR        26.2699
                    index_ball        20.9940
                HamiltLCAO::sR        17.6102
                GT::which_atom         7.1288
             GT::which_bigcell         7.1288
            GT::which_unitcell         7.1288
            DensityMatrix::DMK         5.4863
                RealGauntTable         3.7773
                  SF::strucFac         3.7592
                  PW_B_K::gcar         2.8682
                  SF::eigts123         2.2515
                      Chg::rho         2.0000
                 Chg::rho_save         2.0000
                 Chg::rho_core         2.0000
                 Pot::veff_fix         2.0000
                     Pot::veff         2.0000
              Pot::veff_smooth         2.0000
 -------------   < 1.0 MB has been ignored ----------------
 ----------------------------------------------------------

 Start  Time  : Sat Oct 10 13:59:57 2026
 Finish Time  : Sat Oct 10 14:01:56 2026
 Total  Time  : 0 h 1 mins 59 secs 
