                                                                                     
                              ABACUS v3.10.0

               Atomic-orbital Based Ab-initio Computation at UStc                    

                     Website: http://abacus.ustc.edu.cn/                             
               Documentation: https://abacus.deepmodeling.com/                       
                  Repository: https://github.com/abacusmodeling/abacus-develop       
                              https://github.com/deepmodeling/abacus-develop         
                      Commit: f7cb1d3 (Mon May 12 16:53:30 2025 +0800)

    Start Time is Sun Oct 11 00:31:16 2026
                                                                                     
 ------------------------------------------------------------------------------------

 READING GENERAL INFORMATION
                           global_out_dir = OUT.ABACUS/
                           global_in_card = INPUT
                               pseudo_dir = 
                              orbital_dir = 
                                    DRANK = 1
                                    DSIZE = 32
                                   DCOLOR = 1
                                    GRANK = 1
                                    GSIZE = 1




 >>>>>>>>>>>>>>>>>>>>>>>>>>>>>>>>>>>>>>>>>>>>>>>>>>>>>>>>>>>>>>>>>>>>>>
 |                                                                    |
 | Reading atom information in unitcell:                              |
 | From the input file and the structure file we know the number of   |
 | different elments in this unitcell, then we list the detail        |
 | information for each element, especially the zeta and polar atomic |
 | orbital number for each element. The total atom number is counted. |
 | We calculate the nearest atom distance for each atom and show the  |
 | Cartesian and Direct coordinates for each atom. We list the file   |
 | address for atomic orbitals. The volume and the lattice vectors    |
 | in real and reciprocal space is also shown.                        |
 |                                                                    |
 <<<<<<<<<<<<<<<<<<<<<<<<<<<<<<<<<<<<<<<<<<<<<<<<<<<<<<<<<<<<<<<<<<<<<<




 READING UNITCELL INFORMATION
                                    ntype = 2
                  lattice constant (Bohr) = 1.88973
              lattice constant (Angstrom) = 1

 READING ATOM TYPE 1
                               atom label = Hf
                      L=0, number of zeta = 4
                      L=1, number of zeta = 2
                      L=2, number of zeta = 2
                      L=3, number of zeta = 1
             number of atom for this type = 4

 READING ATOM TYPE 2
                               atom label = O
                      L=0, number of zeta = 2
                      L=1, number of zeta = 2
                      L=2, number of zeta = 1
             number of atom for this type = 8

                        TOTAL ATOM NUMBER = 12
DIRECT COORDINATES
    atom                   x                   y                   z     mag                  vx                  vy                  vz
taud_Hf1            0.9841887376        0.0144109322        0.0071054329  0.0000        0.0000000000        0.0000000000        0.0000000000
taud_Hf2            0.4841891501        0.9538382790        0.4773710945  0.0000        0.0000000000        0.0000000000        0.0000000000
taud_Hf3            0.4841886006        0.4538380728        0.0071059677  0.0000        0.0000000000        0.0000000000        0.0000000000
taud_Hf4            0.9841892996        0.5144107341        0.4773712704  0.0000        0.0000000000        0.0000000000        0.0000000000
taud_O1            0.2352841701        0.2537283272        0.2774329574  0.0000        0.0000000000        0.0000000000        0.0000000000
taud_O2            0.7352843596        0.2145168033        0.2774289070  0.0000        0.0000000000        0.0000000000        0.0000000000
taud_O3            0.3318782128        0.1234734270        0.8067005521  0.0000        0.0000000000        0.0000000000        0.0000000000
taud_O4            0.8318756645        0.3447715956        0.8066960162  0.0000        0.0000000000        0.0000000000        0.0000000000
taud_O5            0.2352861161        0.7537285097        0.2070419326  0.0000        0.0000000000        0.0000000000        0.0000000000
taud_O6            0.7352862832        0.7145166615        0.2070456440  0.0000        0.0000000000        0.0000000000        0.0000000000
taud_O7            0.3318791187        0.6234729903        0.6777745108  0.0000        0.0000000000        0.0000000000        0.0000000000
taud_O8            0.8318769281        0.8447720678        0.6777784854  0.0000        0.0000000000        0.0000000000        0.0000000000



                          Volume (Bohr^3) = 910.701
                             Volume (A^3) = 134.952

 Lattice vectors: (Cartesian coordinate: in unit of a_0)
             +5.23906        +2.29562e-37              -5e-15
                   +0            +5.07585                  +0
         -9.15739e-06        +2.23654e-06            +5.07478
 Reciprocal vectors: (Cartesian coordinate: in unit of 2 pi/a_0)
            +0.190874                  -0        +3.44431e-07
         -8.28643e-23           +0.197011        -8.68262e-08
         +1.88061e-16                  -0           +0.197053
 The esolver type has been set to : ksdft_lcao

 RUNNING WITH DEVICE  : CPU / AMD EPYC 7702 64-Core Processor




 >>>>>>>>>>>>>>>>>>>>>>>>>>>>>>>>>>>>>>>>>>>>>>>>>>>>>>>>>>>>>>>>>>>>>>
 |                                                                    |
 | Reading pseudopotentials files:                                    |
 | The pseudopotential file is in UPF format. The 'NC' indicates that |
 | the type of pseudopotential is 'norm conserving'. Functional of    |
 | exchange and correlation is decided by 4 given parameters in UPF   |
 | file.  We also read in the 'core correction' if there exists.      |
 | Also we can read the valence electrons number and the maximal      |
 | angular momentum used in this pseudopotential. We also read in the |
 | trail wave function, trail atomic density and local-pseudopotential|
 | on logrithmic grid. The non-local pseudopotential projector is also|
 | read in if there is any.                                           |
 |                                                                    |
 <<<<<<<<<<<<<<<<<<<<<<<<<<<<<<<<<<<<<<<<<<<<<<<<<<<<<<<<<<<<<<<<<<<<<<




                PAO radial cut off (Bohr) = 15

 Read in pseudopotential file is Hf.upf
                     pseudopotential type = NC
          exchange-correlation functional = PBE
                 nonlocal core correction = 1
                        valence electrons = 12
                                     lmax = 3
                           number of zeta = 4
                     number of projectors = 8
                           L of projector = 0
                           L of projector = 0
                           L of projector = 1
                           L of projector = 1
                           L of projector = 2
                           L of projector = 2
                           L of projector = 3
                           L of projector = 3
                PAO radial cut off (Bohr) = 15

 Read in pseudopotential file is O.upf
                     pseudopotential type = NC
          exchange-correlation functional = PBE
                 nonlocal core correction = 1
                        valence electrons = 6
                                     lmax = 2
                           number of zeta = 2
                     number of projectors = 5
                           L of projector = 0
                           L of projector = 0
                           L of projector = 1
                           L of projector = 1
                           L of projector = 2
     initial pseudo atomic orbital number = 72

 SETUP THE ELECTRONS NUMBER
            electron number of element Hf = 12
      total electron number of element Hf = 48
             electron number of element O = 6
       total electron number of element O = 48
            AUTOSET number of electrons:  = 96
                           occupied bands = 48
                                   NLOCAL = 212
                                   NBANDS = 58
                                   NBANDS = 58
                                   NLOCAL = 212

%%%%%%%%%%%%%%%%%%%%%%%%%%%%%%%%%%%%%%%%%%%%%%%%%%%%%%%%%%%%%%%%%%%%%%%%%%%%%%%%%%%%%%%%%%%%%%%%%%%%%%%%%%
 Warning: the number of valence electrons in pseudopotential > 4 for Hf: [Xe] 4f14 5d2 6s2
 Pseudopotentials with additional electrons can yield (more) accurate outcomes, but may be less efficient.
 If you're confident that your chosen pseudopotential is appropriate, you can safely ignore this warning.
%%%%%%%%%%%%%%%%%%%%%%%%%%%%%%%%%%%%%%%%%%%%%%%%%%%%%%%%%%%%%%%%%%%%%%%%%%%%%%%%%%%%%%%%%%%%%%%%%%%%%%%%%%
                  




 >>>>>>>>>>>>>>>>>>>>>>>>>>>>>>>>>>>>>>>>>>>>>>>>>>>>>>>>>>>>>>>>>>>>>>
 |                                                                    |
 | Setup plane waves of charge/potential:                             |
 | Use the energy cutoff and the lattice vectors to generate the      |
 | dimensions of FFT grid. The number of FFT grid on each processor   |
 | is 'nrxx'. The number of plane wave basis in reciprocal space is   |
 | different for charege/potential and wave functions. We also set    |
 | the 'sticks' for the parallel of FFT. The number of plane waves    |
 | is 'npw' in each processor.                                        |
 <<<<<<<<<<<<<<<<<<<<<<<<<<<<<<<<<<<<<<<<<<<<<<<<<<<<<<<<<<<<<<<<<<<<<<





 SETUP THE PLANE WAVE BASIS
 energy cutoff for charge/potential (unit:Ry) = 400
            fft grid for charge/potential = [ 64, 64, 64 ]
                        fft grid division = [ 2, 2, 2 ]
        big fft grid for charge/potential = [ 32, 32, 32 ]
                                     nbxx = 1024
                                     nrxx = 8192

 SETUP PLANE WAVES FOR CHARGE/POTENTIAL
                    number of plane waves = 122999
                         number of sticks = 3019

 PARALLEL PW FOR CHARGE/POTENTIAL
     PROC   COLUMNS(POT)             PW
        1             94           3844
        2             94           3844
        3             94           3844
        4             94           3844
        5             94           3844
        6             94           3844
        7             94           3844
        8             94           3844
        9             94           3844
       10             95           3847
       11             95           3847
       12             95           3845
       13             95           3845
       14             95           3845
       15             95           3845
       16             95           3843
       17             95           3843
       18             95           3843
       19             95           3843
       20             94           3842
       21             94           3842
       22             95           3847
       23             94           3844
       24             94           3844
       25             94           3844
       26             94           3842
       27             94           3842
       28             94           3842
       29             94           3842
       30             94           3842
       31             94           3842
       32             94           3842
 --------------- sum -------------------
       32           3019         122999
                            number of |g| = 3815
                                  max |g| = 36.1665
                                  min |g| = 0.657448
 DONE : SETUP UNITCELL Time : 17.9916 (SEC)


----------- Double Check Mixing Parameters Begin ------------
mixing_type: broyden
mixing_beta: 0.3
mixing_gg0: 1
mixing_gg0_min: 0.1
mixing_ndim: 8
----------- Double Check Mixing Parameters End ------------




 >>>>>>>>>>>>>>>>>>>>>>>>>>>>>>>>>>>>>>>>>>>>>>>>>>>>>>>>>>>>>>>>>>>>>>
 |                                                                    |
 | Doing symmetry analysis:                                           |
 | We calculate the norm of 3 vectors and the angles between them,    |
 | the type of Bravais lattice is given. We can judge if the unticell |
 | is a primitive cell. Finally we give the point group operation for |
 | this unitcell. We use the point group operations to do symmetry |
 | analysis on given k-point mesh and the charge density.             |
 |                                                                    |
 <<<<<<<<<<<<<<<<<<<<<<<<<<<<<<<<<<<<<<<<<<<<<<<<<<<<<<<<<<<<<<<<<<<<<<




 LATTICE VECTORS: (CARTESIAN COORDINATE: IN UNIT OF A0)
             +5.23906        +2.29562e-37              -5e-15
                   +0            +5.07585                  +0
         -9.15739e-06        +2.23654e-06            +5.07478
                       right hand lattice = 1
                                   NORM_A = 5.23906
                                   NORM_B = 5.07585
                                   NORM_C = 5.07478
                           ALPHA (DEGREE) = 90
                           BETA  (DEGREE) = 90.0001
                           GAMMA (DEGREE) = 90

 The lattice vectors have been changed (STRU_SIMPLE.cif)

(for optimal symmetric configuration:)
                             BRAVAIS TYPE = 12
                     BRAVAIS LATTICE NAME = 12. Monoclinic P (simple)
                                    ibrav = 12
                                    IBRAV = 12
                                  BRAVAIS = SIMPLE MONOLINIC CELL
                       LATTICE CONSTANT A = 5.07585
                                B/A RATIO = 0.999788
                                C/A RATIO = 1.43713
                                COS(BETA) = -0.695831
Original cell was already a primitive cell.
                        ROTATION MATRICES = 4
              PURE POINT GROUP OPERATIONS = 1
                   SPACE GROUP OPERATIONS = 1
                              POINT GROUP = C_1
               POINT GROUP IN SPACE GROUP = C_1
 DONE : SYMMETRY Time : 18.0248 (SEC)





 >>>>>>>>>>>>>>>>>>>>>>>>>>>>>>>>>>>>>>>>>>>>>>>>>>>>>>>>>>>>>>>>>>>>>>
 |                                                                    |
 | Setup K-points                                                     |
 | We setup the k-points according to input parameters.               |
 | The reduced k-points are set according to symmetry operations.     |
 | We treat the spin as another set of k-points.                      |
 |                                                                    |
 <<<<<<<<<<<<<<<<<<<<<<<<<<<<<<<<<<<<<<<<<<<<<<<<<<<<<<<<<<<<<<<<<<<<<<





 SETUP K-POINTS
                                    nspin = 1
                   Input type of k points = Monkhorst-Pack(Gamma)
                                   nkstot = 8
                       right hand lattice = 1
(for reciprocal lattice: )
                             BRAVAIS TYPE = 12
                     BRAVAIS LATTICE NAME = 12. Monoclinic P (simple)
                                    ibrav = 12
                       right hand lattice = 1
(for k-lattice: )
                             BRAVAIS TYPE = 12
                     BRAVAIS LATTICE NAME = 12. Monoclinic P (simple)
                                    ibrav = 12
                       right hand lattice = 1
                        ROTATION MATRICES = 4
                               nkstot_ibz = 8
K-POINTS REDUCTION ACCORDING TO SYMMETRY
     IBZ    DIRECT_X    DIRECT_Y    DIRECT_Z  WEIGHT  ibz2bz
       1  0.00000000  0.00000000  0.00000000  0.1250       0
       2  0.50000000  0.00000000  0.00000000  0.1250       1
       3  0.00000000  0.50000000  0.00000000  0.1250       2
       4  0.50000000  0.50000000  0.00000000  0.1250       3
       5  0.00000000  0.00000000  0.50000000  0.1250       4
       6  0.50000000  0.00000000  0.50000000  0.1250       5
       7  0.00000000  0.50000000  0.50000000  0.1250       6
       8  0.50000000  0.50000000  0.50000000  0.1250       7

                               nkstot now = 8
K-POINTS DIRECT COORDINATES
 KPOINTS    DIRECT_X    DIRECT_Y    DIRECT_Z  WEIGHT
       1  0.00000000  0.00000000  0.00000000  0.1250
       2  0.50000000  0.00000000  0.00000000  0.1250
       3  0.00000000  0.50000000  0.00000000  0.1250
       4  0.50000000  0.50000000  0.00000000  0.1250
       5  0.00000000  0.00000000  0.50000000  0.1250
       6  0.50000000  0.00000000  0.50000000  0.1250
       7  0.00000000  0.50000000  0.50000000  0.1250
       8  0.50000000  0.50000000  0.50000000  0.1250


           k-point number in this process = 8
       minimum distributed K point number = 8
starsize: 1
isym: 0 ks_vec: 0 0 0
starsize: 1
isym: 0 ks_vec: 0.5 0 0
starsize: 1
isym: 0 ks_vec: 0 0.5 0
starsize: 1
isym: 0 ks_vec: 0.5 0.5 0
starsize: 1
isym: 0 ks_vec: 0 0 0.5
starsize: 1
isym: 0 ks_vec: 0.5 0 0.5
starsize: 1
isym: 0 ks_vec: 0 0.5 0.5
starsize: 1
isym: 0 ks_vec: 0.5 0.5 0.5

K-POINTS CARTESIAN COORDINATES
 KPOINTS CARTESIAN_X CARTESIAN_Y CARTESIAN_Z  WEIGHT
       1  0.00000000  0.00000000  0.00000000  0.2500
       2  0.09543697  0.00000000  0.00000017  0.2500
       3  0.00000000  0.09850566 -0.00000004  0.2500
       4  0.09543697  0.09850566  0.00000013  0.2500
       5  0.00000000  0.00000000  0.09852652  0.2500
       6  0.09543697  0.00000000  0.09852670  0.2500
       7  0.00000000  0.09850566  0.09852648  0.2500
       8  0.09543697  0.09850566  0.09852665  0.2500


K-POINTS DIRECT COORDINATES
 KPOINTS    DIRECT_X    DIRECT_Y    DIRECT_Z  WEIGHT
       1  0.00000000  0.00000000  0.00000000  0.2500
       2  0.50000000  0.00000000  0.00000000  0.2500
       3  0.00000000  0.50000000  0.00000000  0.2500
       4  0.50000000  0.50000000  0.00000000  0.2500
       5  0.00000000  0.00000000  0.50000000  0.2500
       6  0.50000000  0.00000000  0.50000000  0.2500
       7  0.00000000  0.50000000  0.50000000  0.2500
       8  0.50000000  0.50000000  0.50000000  0.2500

 DONE : INIT K-POINTS Time : 18.8277 (SEC)





 >>>>>>>>>>>>>>>>>>>>>>>>>>>>>>>>>>>>>>>>>>>>>>>>>>>>>>>>>>>>>>>>>>>>>>
 |                                                                    |
 | Setup plane waves of wave functions:                               |
 | Use the energy cutoff and the lattice vectors to generate the      |
 | dimensions of FFT grid. The number of FFT grid on each processor   |
 | is 'nrxx'. The number of plane wave basis in reciprocal space is   |
 | different for charege/potential and wave functions. We also set    |
 | the 'sticks' for the parallel of FFT. The number of plane wave of  |
 | each k-point is 'npwk[ik]' in each processor                       |
 <<<<<<<<<<<<<<<<<<<<<<<<<<<<<<<<<<<<<<<<<<<<<<<<<<<<<<<<<<<<<<<<<<<<<<





 SETUP PLANE WAVES FOR WAVE FUNCTIONS
     energy cutoff for wavefunc (unit:Ry) = 100
              fft grid for wave functions = [ 64, 64, 64 ]
                    number of plane waves = 18085
                         number of sticks = 849

 PARALLEL PW FOR WAVE FUNCTIONS
     PROC   COLUMNS(POT)             PW
        1             26            566
        2             26            566
        3             26            566
        4             26            566
        5             26            566
        6             26            566
        7             26            566
        8             26            566
        9             26            566
       10             26            566
       11             26            566
       12             26            566
       13             26            566
       14             26            566
       15             27            565
       16             27            565
       17             27            565
       18             27            565
       19             27            565
       20             27            565
       21             27            565
       22             27            565
       23             27            565
       24             27            565
       25             27            565
       26             27            565
       27             27            563
       28             27            563
       29             27            563
       30             27            563
       31             27            565
       32             26            564
 --------------- sum -------------------
       32            849          18085
 DONE : INIT PLANEWAVE Time : 18.9947 (SEC)

 SET NONLOCAL PSEUDOPOTENTIAL PROJECTORS
 SET NONLOCAL PSEUDOPOTENTIAL PROJECTORS
 max number of nonlocal projetors among all species is 8
 DONE : LOCAL POTENTIAL Time : 20.4517 (SEC)


 -------------------------------------------
 SELF-CONSISTENT
 -------------------------------------------




 >>>>>>>>>>>>>>>>>>>>>>>>>>>>>>>>>>>>>>>>>>>>>>>>>>>>>>>>>>>>>>>>>>>>>>
 |                                                                    |
 | Search adjacent atoms:                                             |
 | Set the adjacent atoms for each atom and set the periodic boundary |
 | condition for the atoms on real space FFT grid. For k-dependent    |
 | algorithm, we also need to set the sparse H and S matrix element   |
 | for each atom.                                                     |
 |                                                                    |
 <<<<<<<<<<<<<<<<<<<<<<<<<<<<<<<<<<<<<<<<<<<<<<<<<<<<<<<<<<<<<<<<<<<<<<





 SETUP SEARCHING RADIUS FOR PROGRAM TO SEARCH ADJACENT ATOMS
                  longest orb rcut (Bohr) = 10
   longest nonlocal projector rcut (Bohr) = 2.46
                     search radius (Bohr) = 24.9
              searching radius is (Bohr)) = 24.9
         searching radius unit is (Bohr)) = 1.89
                         PeriodicBoundary = 1
                        Radius(unit:lat0) = 13.2
                                   glayer = [ 4, 4, 4 ]
                             glayer_minus = [ 3, 3, 3 ]

Find the coordinate range of the input atom(unit:lat0).
                                  min_tau = [ -14.5, -15.2, -15.2 ]
                                  max_tau = [ 20.9, 20.1, 19.3 ]
                                BoxNumber = [ 7, 7, 7 ]

 SETUP EXTENDED REAL SPACE GRID FOR GRID INTEGRATION
                          real space grid = [ 64, 64, 64 ]
                 big cell numbers in grid = [ 32, 32, 32 ]
             meshcell numbers in big cell = [ 2, 2, 2 ]
                        extended fft grid = [ 33, 34, 34 ]
                dimension of extened grid = [ 99, 101, 101 ]
                            UnitCellTotal = 125
              Atom number in sub-FFT-grid = 12
    Local orbitals number in sub-FFT-grid = 212
                                ParaV.nnr = 81015

 Warning_Memory_Consuming allocated:  Gint::hRGint 12.8 MB

 Warning_Memory_Consuming allocated:  Gint::DMRGint 12.7 MB
                                 init_chg = atomic
 DONE : INIT SCF Time : 22.0386 (SEC)


 LCAO ALGORITHM --------------- ION=   1  ELEC=   1--------------------------------

 Density error is 0.158136782728
----------------------------------------------------------
     Energy           Rydberg                 eV          
----------------------------------------------------------
 E_KohnSham     -718.6960765107      -9778.3617707898     
 E_Harris       -705.4767517390      -9598.5036301824     
 E_Fermi        0.7976690074         10.8528436191        
----------------------------------------------------------


 LCAO ALGORITHM --------------- ION=   1  ELEC=   2--------------------------------

 Density error is 0.0643958845958
----------------------------------------------------------
     Energy           Rydberg                 eV          
----------------------------------------------------------
 E_KohnSham     -719.0039023148      -9782.5499557164     
 E_Harris       -715.4680368570      -9734.4420381293     
 E_Fermi        1.0912030754         14.8465795004        
----------------------------------------------------------


 LCAO ALGORITHM --------------- ION=   1  ELEC=   3--------------------------------

 Density error is 0.0382532626765
----------------------------------------------------------
     Energy           Rydberg                 eV          
----------------------------------------------------------
 E_KohnSham     -719.0347050466      -9782.9690483828     
 E_Harris       -718.5486290755      -9776.3556455148     
 E_Fermi        1.0839195891         14.7474825860        
----------------------------------------------------------


 LCAO ALGORITHM --------------- ION=   1  ELEC=   4--------------------------------

 Density error is 0.00784591195671
----------------------------------------------------------
     Energy           Rydberg                 eV          
----------------------------------------------------------
 E_KohnSham     -719.0324896093      -9782.9389058124     
 E_Harris       -718.2404308410      -9772.1623934120     
 E_Fermi        1.0854470989         14.7682654227        
----------------------------------------------------------


 LCAO ALGORITHM --------------- ION=   1  ELEC=   5--------------------------------

 Density error is 0.00158775471372
----------------------------------------------------------
     Energy           Rydberg                 eV          
----------------------------------------------------------
 E_KohnSham     -719.0342264435      -9782.9625366537     
 E_Harris       -719.0146924832      -9782.6967634888     
 E_Fermi        1.0848757280         14.7604915229        
----------------------------------------------------------


 LCAO ALGORITHM --------------- ION=   1  ELEC=   6--------------------------------

 Density error is 0.000791115681482
----------------------------------------------------------
     Energy           Rydberg                 eV          
----------------------------------------------------------
 E_KohnSham     -719.0342233991      -9782.9624952331     
 E_Harris       -719.0175788552      -9782.7360345947     
 E_Fermi        1.0857721382         14.7726878092        
----------------------------------------------------------


 LCAO ALGORITHM --------------- ION=   1  ELEC=   7--------------------------------

 Density error is 0.00023491944188
----------------------------------------------------------
     Energy           Rydberg                 eV          
----------------------------------------------------------
 E_KohnSham     -719.0342383793      -9782.9626990485     
 E_Harris       -719.0167121995      -9782.7242431389     
 E_Fermi        1.0866285850         14.7843403661        
----------------------------------------------------------


 LCAO ALGORITHM --------------- ION=   1  ELEC=   8--------------------------------

 Density error is 2.79648936815e-05
----------------------------------------------------------
     Energy           Rydberg                 eV          
----------------------------------------------------------
 E_KohnSham     -719.0342395708      -9782.9627152601     
 E_Harris       -719.0372897540      -9783.0042151319     
 E_Fermi        1.0866269367         14.7843179399        
----------------------------------------------------------


 LCAO ALGORITHM --------------- ION=   1  ELEC=   9--------------------------------

 Density error is 2.54088191742e-05
----------------------------------------------------------
     Energy           Rydberg                 eV          
----------------------------------------------------------
 E_KohnSham     -719.0342395788      -9782.9627153688     
 E_Harris       -719.0319787530      -9782.9319552552     
 E_Fermi        1.0866056544         14.7840283784        
----------------------------------------------------------


 LCAO ALGORITHM --------------- ION=   1  ELEC=  10--------------------------------

 Density error is 2.67295938121e-06
----------------------------------------------------------
     Energy           Rydberg                 eV          
----------------------------------------------------------
 E_KohnSham     -719.0342395960      -9782.9627156026     
 E_Harris       -719.0340852460      -9782.9606155627     
 E_Fermi        1.0865996037         14.7839460544        
----------------------------------------------------------


 LCAO ALGORITHM --------------- ION=   1  ELEC=  11--------------------------------

 Density error is 3.03234445218e-07
----------------------------------------------------------
     Energy           Rydberg                 eV          
----------------------------------------------------------
 E_KohnSham     -719.0342395961      -9782.9627156048     
 E_Harris       -719.0342067665      -9782.9622689349     
 E_Fermi        1.0866029993         14.7839922541        
----------------------------------------------------------


 LCAO ALGORITHM --------------- ION=   1  ELEC=  12--------------------------------

 Density error is 2.2801287384e-07
----------------------------------------------------------
     Energy           Rydberg                 eV          
----------------------------------------------------------
 E_KohnSham     -719.0342395961      -9782.9627156048     
 E_Harris       -719.0342453332      -9782.9627936619     
 E_Fermi        1.0866030233         14.7839925803        
----------------------------------------------------------


 LCAO ALGORITHM --------------- ION=   1  ELEC=  13--------------------------------

 Density error is 2.74749072783e-08
----------------------------------------------------------
     Energy           Rydberg                 eV          
----------------------------------------------------------
 E_KohnSham     -719.0342395961      -9782.9627156048     
 E_Harris       -719.0342411877      -9782.9627372586     
 E_Fermi        1.0866031699         14.7839945753        
----------------------------------------------------------


 LCAO ALGORITHM --------------- ION=   1  ELEC=  14--------------------------------

 Density error is 1.73221373764e-08
----------------------------------------------------------
     Energy           Rydberg                 eV          
----------------------------------------------------------
 E_KohnSham     -719.0342395961      -9782.9627156048     
 E_Harris       -719.0342400902      -9782.9627223266     
 E_Fermi        1.0866031546         14.7839943674        
----------------------------------------------------------


 LCAO ALGORITHM --------------- ION=   1  ELEC=  15--------------------------------

 Density error is 1.00691656948e-08
----------------------------------------------------------
     Energy           Rydberg                 eV          
----------------------------------------------------------
 E_KohnSham     -719.0342395961      -9782.9627156048     
 E_Harris       -719.0342394546      -9782.9627136796     
 E_Fermi        1.0866031466         14.7839942580        
----------------------------------------------------------


 LCAO ALGORITHM --------------- ION=   1  ELEC=  16--------------------------------

 Density error is 1.07139016594e-09
----------------------------------------------------------
     Energy           Rydberg                 eV          
----------------------------------------------------------
 E_KohnSham     -719.0342395961      -9782.9627156048     
 E_KS(sigma->0) -719.0342395961      -9782.9627156048     
 E_Harris       -719.0342396339      -9782.9627161189     
 E_band         -36.4318076269       -495.6801721655      
 E_one_elec     -120.1480709527      -1634.6983686645     
 E_Hartree      116.4918032189       1584.9522940719      
 E_xc           -182.4455788473      -2482.2994472310     
 E_Ewald        -532.9323930151      -7250.9171937812     
 E_entropy(-TS) -0.0000000000        -0.0000000000        
 E_descf        0.0000000000         0.0000000000         
 E_exx          0.0000000000         0.0000000000         
 E_Fermi        1.0866031483         14.7839942816        
----------------------------------------------------------


 charge density convergence is achieved
 final etot is -9782.9627156 eV
 EFERMI = 14.783994282 eV

 STATE ENERGY(eV) AND OCCUPATIONS    NSPIN == 1
 1/8 kpoint (Cartesian) = 0.0000 0.0000 0.0000 (484 pws)
       1       -48.7499       0.250000
       2       -48.7317       0.250000
       3       -48.7315       0.250000
       4       -48.7294       0.250000
       5       -18.5463       0.250000
       6       -18.5437       0.250000
       7       -18.5393       0.250000
       8       -18.3309       0.250000
       9       -18.2765       0.250000
      10       -18.2560       0.250000
      11       -18.2433       0.250000
      12       -18.2398       0.250000
      13       -18.2316       0.250000
      14       -18.1496       0.250000
      15       -18.1424       0.250000
      16       -18.1240       0.250000
      17       -6.84193       0.250000
      18       -5.43175       0.250000
      19       -5.34235       0.250000
      20       -5.21730       0.250000
      21       -4.88951       0.250000
      22       -4.64387       0.250000
      23       -4.64301       0.250000
      24       -4.46933       0.250000
      25        5.72987       0.250000
      26        5.74000       0.250000
      27        5.89533       0.250000
      28        6.54024       0.250000
      29        6.78488       0.250000
      30        6.78952       0.250000
      31        8.02858       0.250000
      32        8.04284       0.250000
      33        8.08183       0.250000
      34        8.20043       0.250000
      35        8.44088       0.250000
      36        8.96050       0.250000
      37        9.13503       0.250000
      38        9.26784       0.250000
      39        9.62367       0.250000
      40        9.70690       0.250000
      41        9.95298       0.250000
      42        10.0552       0.250000
      43        10.0970       0.250000
      44        10.2955       0.250000
      45        10.3253       0.250000
      46        11.0011       0.250000
      47        11.4321       0.250000
      48        11.4532       0.250000
      49        16.0599        0.00000
      50        16.4852        0.00000
      51        16.7585        0.00000
      52        16.8556        0.00000
      53        17.0475        0.00000
      54        17.0672        0.00000
      55        17.2433        0.00000
      56        17.3898        0.00000
      57        17.7216        0.00000
      58        17.9408        0.00000

 2/8 kpoint (Cartesian) = 0.095437 0.0000 1.7222e-07 (480 pws)
       1       -48.7408       0.250000
       2       -48.7408       0.250000
       3       -48.7303       0.250000
       4       -48.7303       0.250000
       5       -18.4539       0.250000
       6       -18.4539       0.250000
       7       -18.4284       0.250000
       8       -18.4284       0.250000
       9       -18.3359       0.250000
      10       -18.3359       0.250000
      11       -18.2354       0.250000
      12       -18.2354       0.250000
      13       -18.1922       0.250000
      14       -18.1922       0.250000
      15       -18.1789       0.250000
      16       -18.1789       0.250000
      17       -6.05535       0.250000
      18       -6.05534       0.250000
      19       -5.25234       0.250000
      20       -5.25234       0.250000
      21       -4.89237       0.250000
      22       -4.89235       0.250000
      23       -4.57595       0.250000
      24       -4.57594       0.250000
      25        6.12521       0.250000
      26        6.12521       0.250000
      27        6.90376       0.250000
      28        6.90379       0.250000
      29        7.20662       0.250000
      30        7.20663       0.250000
      31        7.44714       0.250000
      32        7.44717       0.250000
      33        7.59467       0.250000
      34        7.59470       0.250000
      35        8.61758       0.250000
      36        8.61761       0.250000
      37        8.70441       0.250000
      38        8.70444       0.250000
      39        9.43149       0.250000
      40        9.43150       0.250000
      41        9.57865       0.250000
      42        9.57867       0.250000
      43        10.5532       0.250000
      44        10.5533       0.250000
      45        10.8611       0.250000
      46        10.8611       0.250000
      47        11.3034       0.250000
      48        11.3035       0.250000
      49        15.9467    9.71445e-17
      50        15.9467    9.71445e-17
      51        16.7387        0.00000
      52        16.7388        0.00000
      53        17.3650        0.00000
      54        17.3651        0.00000
      55        17.3816        0.00000
      56        17.3816        0.00000
      57        18.6386        0.00000
      58        18.6386        0.00000

 3/8 kpoint (Cartesian) = 0.0000 0.098506 -4.3413e-08 (474 pws)
       1       -48.7409       0.250000
       2       -48.7409       0.250000
       3       -48.7302       0.250000
       4       -48.7302       0.250000
       5       -18.4201       0.250000
       6       -18.4201       0.250000
       7       -18.4168       0.250000
       8       -18.4168       0.250000
       9       -18.3452       0.250000
      10       -18.3452       0.250000
      11       -18.2731       0.250000
      12       -18.2731       0.250000
      13       -18.2005       0.250000
      14       -18.2005       0.250000
      15       -18.1725       0.250000
      16       -18.1725       0.250000
      17       -5.97831       0.250000
      18       -5.97830       0.250000
      19       -5.22906       0.250000
      20       -5.22905       0.250000
      21       -4.85881       0.250000
      22       -4.85880       0.250000
      23       -4.74488       0.250000
      24       -4.74487       0.250000
      25        6.39291       0.250000
      26        6.39292       0.250000
      27        6.73085       0.250000
      28        6.73086       0.250000
      29        7.21181       0.250000
      30        7.21181       0.250000
      31        7.36788       0.250000
      32        7.36790       0.250000
      33        7.90610       0.250000
      34        7.90611       0.250000
      35        8.70494       0.250000
      36        8.70495       0.250000
      37        9.08160       0.250000
      38        9.08163       0.250000
      39        9.42774       0.250000
      40        9.42775       0.250000
      41        9.67066       0.250000
      42        9.67067       0.250000
      43        10.2251       0.250000
      44        10.2251       0.250000
      45        10.5697       0.250000
      46        10.5697       0.250000
      47        10.8340       0.250000
      48        10.8340       0.250000
      49        16.4346        0.00000
      50        16.4346        0.00000
      51        16.8496        0.00000
      52        16.8496        0.00000
      53        16.9751        0.00000
      54        16.9752        0.00000
      55        17.3411        0.00000
      56        17.3411        0.00000
      57        18.1158        0.00000
      58        18.1158        0.00000

 4/8 kpoint (Cartesian) = 0.095437 0.098506 1.2880e-07 (473 pws)
       1       -48.7355       0.250000
       2       -48.7355       0.250000
       3       -48.7355       0.250000
       4       -48.7355       0.250000
       5       -18.4332       0.250000
       6       -18.4332       0.250000
       7       -18.4332       0.250000
       8       -18.4332       0.250000
       9       -18.2993       0.250000
      10       -18.2993       0.250000
      11       -18.2992       0.250000
      12       -18.2992       0.250000
      13       -18.1830       0.250000
      14       -18.1830       0.250000
      15       -18.1830       0.250000
      16       -18.1829       0.250000
      17       -5.61370       0.250000
      18       -5.61370       0.250000
      19       -5.61369       0.250000
      20       -5.61368       0.250000
      21       -4.80463       0.250000
      22       -4.80462       0.250000
      23       -4.80462       0.250000
      24       -4.80461       0.250000
      25        6.87895       0.250000
      26        6.87895       0.250000
      27        6.87896       0.250000
      28        6.87897       0.250000
      29        7.59601       0.250000
      30        7.59603       0.250000
      31        7.59603       0.250000
      32        7.59605       0.250000
      33        7.98654       0.250000
      34        7.98655       0.250000
      35        7.98658       0.250000
      36        7.98660       0.250000
      37        8.94816       0.250000
      38        8.94818       0.250000
      39        8.94821       0.250000
      40        8.94822       0.250000
      41        9.82441       0.250000
      42        9.82442       0.250000
      43        9.82445       0.250000
      44        9.82446       0.250000
      45        10.5985       0.250000
      46        10.5985       0.250000
      47        10.5985       0.250000
      48        10.5985       0.250000
      49        16.4176        0.00000
      50        16.4176        0.00000
      51        16.4176        0.00000
      52        16.4177        0.00000
      53        17.4757        0.00000
      54        17.4757        0.00000
      55        17.4758        0.00000
      56        17.4758        0.00000
      57        18.3610        0.00000
      58        18.3610        0.00000

 5/8 kpoint (Cartesian) = 0.0000 0.0000 0.098527 (488 pws)
       1       -48.7442       0.250000
       2       -48.7372       0.250000
       3       -48.7309       0.250000
       4       -48.7302       0.250000
       5       -18.4601       0.250000
       6       -18.4516       0.250000
       7       -18.3783       0.250000
       8       -18.3645       0.250000
       9       -18.3569       0.250000
      10       -18.3228       0.250000
      11       -18.2826       0.250000
      12       -18.2584       0.250000
      13       -18.2337       0.250000
      14       -18.1913       0.250000
      15       -18.1900       0.250000
      16       -18.1683       0.250000
      17       -6.25323       0.250000
      18       -5.44625       0.250000
      19       -5.36994       0.250000
      20       -5.24780       0.250000
      21       -5.11195       0.250000
      22       -4.87443       0.250000
      23       -4.64144       0.250000
      24       -4.61580       0.250000
      25        6.06224       0.250000
      26        6.07183       0.250000
      27        6.77312       0.250000
      28        6.81839       0.250000
      29        6.83885       0.250000
      30        7.04714       0.250000
      31        7.23025       0.250000
      32        7.33205       0.250000
      33        7.96249       0.250000
      34        8.27915       0.250000
      35        8.58724       0.250000
      36        8.60375       0.250000
      37        8.87094       0.250000
      38        8.95906       0.250000
      39        9.57580       0.250000
      40        9.58606       0.250000
      41        10.0589       0.250000
      42        10.0771       0.250000
      43        10.1348       0.250000
      44        10.3306       0.250000
      45        10.5135       0.250000
      46        10.6987       0.250000
      47        11.2970       0.250000
      48        11.3709       0.250000
      49        15.9274    2.91434e-16
      50        16.1860        0.00000
      51        16.3868        0.00000
      52        16.7169        0.00000
      53        17.0003        0.00000
      54        17.3694        0.00000
      55        17.8012        0.00000
      56        17.8689        0.00000
      57        17.9647        0.00000
      58        18.1654        0.00000

 6/8 kpoint (Cartesian) = 0.095437 0.0000 0.098527 (474 pws)
       1       -48.7375       0.250000
       2       -48.7375       0.250000
       3       -48.7337       0.250000
       4       -48.7336       0.250000
       5       -18.4531       0.250000
       6       -18.4531       0.250000
       7       -18.4099       0.250000
       8       -18.4098       0.250000
       9       -18.3374       0.250000
      10       -18.3374       0.250000
      11       -18.2778       0.250000
      12       -18.2777       0.250000
      13       -18.1883       0.250000
      14       -18.1883       0.250000
      15       -18.1644       0.250000
      16       -18.1644       0.250000
      17       -5.83614       0.250000
      18       -5.83613       0.250000
      19       -5.24763       0.250000
      20       -5.24762       0.250000
      21       -5.10410       0.250000
      22       -5.10408       0.250000
      23       -4.62235       0.250000
      24       -4.62235       0.250000
      25        6.42628       0.250000
      26        6.42630       0.250000
      27        6.89828       0.250000
      28        6.89830       0.250000
      29        7.27444       0.250000
      30        7.27448       0.250000
      31        7.47588       0.250000
      32        7.47590       0.250000
      33        7.93476       0.250000
      34        7.93478       0.250000
      35        8.41223       0.250000
      36        8.41224       0.250000
      37        9.00051       0.250000
      38        9.00055       0.250000
      39        9.35904       0.250000
      40        9.35907       0.250000
      41        9.64623       0.250000
      42        9.64623       0.250000
      43        9.93462       0.250000
      44        9.93468       0.250000
      45        10.5821       0.250000
      46        10.5822       0.250000
      47        11.2018       0.250000
      48        11.2018       0.250000
      49        15.8588    1.18933e-14
      50        15.8588    1.18516e-14
      51        16.0229        0.00000
      52        16.0229        0.00000
      53        17.2963        0.00000
      54        17.2963        0.00000
      55        17.7260        0.00000
      56        17.7261        0.00000
      57        18.0452        0.00000
      58        18.0452        0.00000

 7/8 kpoint (Cartesian) = 0.0000 0.098506 0.098526 (474 pws)
       1       -48.7394       0.250000
       2       -48.7394       0.250000
       3       -48.7318       0.250000
       4       -48.7318       0.250000
       5       -18.4825       0.250000
       6       -18.4825       0.250000
       7       -18.4115       0.250000
       8       -18.4115       0.250000
       9       -18.3489       0.250000
      10       -18.3489       0.250000
      11       -18.2242       0.250000
      12       -18.2242       0.250000
      13       -18.1984       0.250000
      14       -18.1984       0.250000
      15       -18.1643       0.250000
      16       -18.1643       0.250000
      17       -5.83661       0.250000
      18       -5.83660       0.250000
      19       -5.29391       0.250000
      20       -5.29390       0.250000
      21       -4.98521       0.250000
      22       -4.98521       0.250000
      23       -4.72036       0.250000
      24       -4.72035       0.250000
      25        6.46300       0.250000
      26        6.46302       0.250000
      27        6.89009       0.250000
      28        6.89010       0.250000
      29        7.15516       0.250000
      30        7.15517       0.250000
      31        8.06492       0.250000
      32        8.06493       0.250000
      33        8.23622       0.250000
      34        8.23624       0.250000
      35        8.47892       0.250000
      36        8.47894       0.250000
      37        8.73303       0.250000
      38        8.73304       0.250000
      39        9.00556       0.250000
      40        9.00557       0.250000
      41        9.78682       0.250000
      42        9.78683       0.250000
      43        10.1743       0.250000
      44        10.1743       0.250000
      45        10.2547       0.250000
      46        10.2547       0.250000
      47        10.7496       0.250000
      48        10.7496       0.250000
      49        16.0263        0.00000
      50        16.0263        0.00000
      51        16.6043        0.00000
      52        16.6043        0.00000
      53        16.8360        0.00000
      54        16.8360        0.00000
      55        17.5937        0.00000
      56        17.5937        0.00000
      57        18.0156        0.00000
      58        18.0156        0.00000

 8/8 kpoint (Cartesian) = 0.095437 0.098506 0.098527 (468 pws)
       1       -48.7355       0.250000
       2       -48.7355       0.250000
       3       -48.7355       0.250000
       4       -48.7355       0.250000
       5       -18.5361       0.250000
       6       -18.5361       0.250000
       7       -18.5361       0.250000
       8       -18.5361       0.250000
       9       -18.2029       0.250000
      10       -18.2029       0.250000
      11       -18.2029       0.250000
      12       -18.2029       0.250000
      13       -18.1717       0.250000
      14       -18.1717       0.250000
      15       -18.1717       0.250000
      16       -18.1717       0.250000
      17       -5.74725       0.250000
      18       -5.74725       0.250000
      19       -5.74724       0.250000
      20       -5.74723       0.250000
      21       -4.66457       0.250000
      22       -4.66456       0.250000
      23       -4.66455       0.250000
      24       -4.66455       0.250000
      25        7.00893       0.250000
      26        7.00893       0.250000
      27        7.00894       0.250000
      28        7.00895       0.250000
      29        7.38972       0.250000
      30        7.38973       0.250000
      31        7.38975       0.250000
      32        7.38976       0.250000
      33        8.34762       0.250000
      34        8.34762       0.250000
      35        8.34766       0.250000
      36        8.34767       0.250000
      37        9.04380       0.250000
      38        9.04382       0.250000
      39        9.04383       0.250000
      40        9.04385       0.250000
      41        9.67603       0.250000
      42        9.67603       0.250000
      43        9.67604       0.250000
      44        9.67604       0.250000
      45        10.4554       0.250000
      46        10.4555       0.250000
      47        10.4555       0.250000
      48        10.4555       0.250000
      49        15.9406    1.38778e-16
      50        15.9406    1.38778e-16
      51        15.9406    1.38778e-16
      52        15.9407    1.38778e-16
      53        17.2814        0.00000
      54        17.2814        0.00000
      55        17.2814        0.00000
      56        17.2815        0.00000
      57        18.1601        0.00000
      58        18.1601        0.00000

 correction force for each atom along direction 1 is -4.40955e-06
 correction force for each atom along direction 2 is 4.69067e-07
 correction force for each atom along direction 3 is -2.24679e-07
------------------------------------------------------------------------------------------
 TOTAL-FORCE (eV/Angstrom)                                                                
------------------------------------------------------------------------------------------
                       Hf1        -0.0267048254        -0.0087795271         0.0110612424 
                       Hf2        -0.0267194976         0.0087022788        -0.0110976311 
                       Hf3        -0.0267065698         0.0087054817         0.0110364946 
                       Hf4        -0.0267173403        -0.0087748800        -0.0111272555 
                        O1         0.0115989793        -0.0746952770         0.0535634413 
                        O2         0.0115726282         0.0747568835         0.0536632426 
                        O3         0.0151033365        -0.0207118207         0.0417071293 
                        O4         0.0151739289         0.0207224787         0.0418069769 
                        O5         0.0115747982        -0.0747019651        -0.0535347113 
                        O6         0.0115489483         0.0747596222        -0.0536238841 
                        O7         0.0151062224        -0.0206996784        -0.0416888670 
                        O8         0.0151693913         0.0207164034        -0.0417661781 
------------------------------------------------------------------------------------------

----------------------------------------------------------------
 TOTAL-STRESS (KBAR)                                            
----------------------------------------------------------------
       -92.8881422605         0.0011649483         0.0006047916 
         0.0011649483       108.4170196720        -0.0005444569 
         0.0006047916        -0.0005444569        -0.9675802859 
----------------------------------------------------------------
 TOTAL-PRESSURE: 4.853766 KBAR



 --------------------------------------------
 !FINAL_ETOT_IS -9782.9627156048245524 eV
 --------------------------------------------


TIME STATISTICS
------------------------------------------------------------------------------------
    CLASS_NAME                    NAME                TIME/s  CALLS   AVG/s  PER/%  
------------------------------------------------------------------------------------
                   total                              373.70 13       28.75  100.00 
 Driver            reading                            10.14  1        10.14  2.71   
 Input_Conv        Convert                            0.00   1        0.00   0.00   
 Driver            driver_line                        363.56 1        363.56 97.29  
 UnitCell          check_tau                          0.00   1        0.00   0.00   
 ESolver_KS_LCAO   before_all_runners                 3.90   1        3.90   1.04   
 PW_Basis_Sup      setuptransform                     0.16   1        0.16   0.04   
 PW_Basis_Sup      distributeg                        0.15   1        0.15   0.04   
 mymath            heapsort                           0.00   55       0.00   0.00   
 Charge_Mixing     init_mixing                        0.00   1        0.00   0.00   
 Symmetry          analy_sys                          0.03   1        0.03   0.01   
 PW_Basis_K        setuptransform                     0.14   1        0.14   0.04   
 PW_Basis_K        distributeg                        0.14   1        0.14   0.04   
 PW_Basis          setup_struc_factor                 0.01   1        0.01   0.00   
 NOrbital_Lm       extra_uniform                      0.16   14       0.01   0.04   
 Mathzone_Add1     SplineD2                           0.00   14       0.00   0.00   
 Mathzone_Add1     Cubic_Spline_Interpolation         0.00   14       0.00   0.00   
 Mathzone_Add1     Uni_Deriv_Phi                      0.16   14       0.01   0.04   
 ppcell_vl         init_vloc                          0.11   1        0.11   0.03   
 Ions              opt_ions                           353.23 1        353.23 94.52  
 ESolver_KS_LCAO   runner                             345.67 1        345.67 92.50  
 ESolver_KS_LCAO   before_scf                         1.59   1        1.59   0.42   
 atom_arrange      search                             0.00   1        0.00   0.00   
 atom_arrange      grid_d.init                        0.00   1        0.00   0.00   
 Grid              Construct_Adjacent_expand          0.00   1        0.00   0.00   
 Grid              Construct_Adjacent_expand_periodic 0.00   12       0.00   0.00   
 Grid_Technique    init                               0.43   1        0.43   0.11   
 Grid_BigCell      grid_expansion_index               0.05   2        0.02   0.01   
 Grid_Driver       Find_atom                          0.00   120      0.00   0.00   
 Record_adj        for_2d                             0.04   1        0.04   0.01   
 LCAO_domain       grid_prepare                       0.00   1        0.00   0.00   
 Veff              initialize_HR                      0.00   1        0.00   0.00   
 OverlapNew        initialize_SR                      0.00   1        0.00   0.00   
 EkineticNew       initialize_HR                      0.00   1        0.00   0.00   
 NonlocalNew       initialize_HR                      0.02   1        0.02   0.01   
 Charge            set_rho_core                       0.33   1        0.33   0.09   
 PW_Basis_Sup      recip2real                         0.80   132      0.01   0.21   
 PW_Basis_Sup      gathers_scatterp                   0.78   132      0.01   0.21   
 Charge            atomic_rho                         0.37   2        0.19   0.10   
 Potential         init_pot                           0.27   1        0.27   0.07   
 Potential         update_from_charge                 1.18   17       0.07   0.31   
 Potential         cal_fixed_v                        0.00   1        0.00   0.00   
 PotLocal          cal_fixed_v                        0.00   1        0.00   0.00   
 Potential         cal_v_eff                          1.18   17       0.07   0.31   
 H_Hartree_pw      v_hartree                          0.27   17       0.02   0.07   
 PW_Basis_Sup      real2recip                         0.60   153      0.00   0.16   
 PW_Basis_Sup      gatherp_scatters                   0.58   153      0.00   0.16   
 PotXC             cal_v_eff                          0.90   17       0.05   0.24   
 XC_Functional     v_xc                               0.91   19       0.05   0.24   
 Potential         interpolate_vrs                    0.00   17       0.00   0.00   
 Symmetry          rhog_symmetry                      0.61   17       0.04   0.16   
 Symmetry          group fft grids                    0.24   17       0.01   0.06   
 H_Ewald_pw        compute_ewald                      0.02   1        0.02   0.01   
 HSolverLCAO       solve                              340.79 16       21.30  91.19  
 HamiltLCAO        updateHk                           50.50  128      0.39   13.51  
 OperatorLCAO      init                               50.34  384      0.13   13.47  
 Veff              contributeHR                       49.90  16       3.12   13.35  
 Gint_interface    cal_gint                           75.81  33       2.30   20.29  
 Gint_interface    cal_gint_vlocal                    38.27  16       2.39   10.24  
 Gint_Tools        cal_psir_ylm                       2.19   32768    0.00   0.59   
 Gint_k            transfer_pvpR                      11.63  16       0.73   3.11   
 OverlapNew        calculate_SR                       0.12   1        0.12   0.03   
 OverlapNew        contributeHk                       0.03   128      0.00   0.01   
 EkineticNew       contributeHR                       0.10   16       0.01   0.03   
 EkineticNew       calculate_HR                       0.10   1        0.10   0.03   
 NonlocalNew       contributeHR                       0.29   16       0.02   0.08   
 NonlocalNew       calculate_HR                       0.28   1        0.28   0.08   
 OperatorLCAO      contributeHk                       0.04   128      0.00   0.01   
 HSolverLCAO       hamiltSolvePsiK                    231.62 128      1.81   61.98  
 DiagoElpa         elpa_solve                         229.31 128      1.79   61.36  
 elecstate         cal_dm                             17.47  17       1.03   4.67   
 psiMulPsiMpi      pdgemm                             17.46  136      0.13   4.67   
 DensityMatrix     cal_DMR                            0.05   17       0.00   0.01   
 ElecStateLCAO     psiToRho                           41.10  16       2.57   11.00  
 Gint              transfer_DMR                       1.81   16       0.11   0.48   
 Gint_interface    cal_gint_rho                       33.34  16       2.08   8.92   
 Charge_Mixing     get_drho                           0.05   16       0.00   0.01   
 Charge            mix_rho                            0.82   15       0.05   0.22   
 Charge            Broyden_mixing                     0.71   15       0.05   0.19   
 ModuleIO          write_rhog                         0.03   1        0.03   0.01   
 ESolver_KS_LCAO   after_scf                          0.11   1        0.11   0.03   
 ESolver_KS_LCAO   cal_force                          7.56   1        7.56   2.02   
 Force_Stress_LCAO getForceStress                     7.56   1        7.56   2.02   
 Forces            cal_force_loc                      0.00   1        0.00   0.00   
 Forces            cal_force_ew                       0.00   1        0.00   0.00   
 Forces            cal_force_cc                       0.11   1        0.11   0.03   
 Forces            cal_force_scc                      0.12   1        0.12   0.03   
 Stress_Func       stress_loc                         0.37   1        0.37   0.10   
 Stress_Func       stress_har                         0.00   1        0.00   0.00   
 Stress_Func       stress_ewa                         0.00   1        0.00   0.00   
 Stress_Func       stress_cc                          0.49   1        0.49   0.13   
 Stress_Func       stress_gga                         0.00   1        0.00   0.00   
 Force_LCAO        ftable                             5.43   1        5.43   1.45   
 Force_LCAO        allocate                           0.31   1        0.31   0.08   
 LCAO_domain       build_ST_new                       0.31   2        0.15   0.08   
 Force_LCAO        cal_pulay_fs_center2               0.01   2        0.01   0.00   
 Gint_interface    cal_gint_force                     4.20   1        4.20   1.12   
 Gint_Tools        cal_dpsir_ylm                      0.22   1024     0.00   0.06   
 Gint_Tools        cal_dpsirr_ylm                     0.05   1024     0.00   0.01   
 NonlocalNew       cal_force_stress                   1.02   1        1.02   0.27   
 ESolver_KS_LCAO   cal_stress                         0.00   1        0.00   0.00   
 ESolver_KS_LCAO   after_all_runners                  0.01   1        0.01   0.00   
 ModuleIO          write_istate_info                  0.01   1        0.01   0.00   
------------------------------------------------------------------------------------


 NAME-------------------------|MEMORY(MB)--------
                         total      2315.1220
                  Gint::hRGint       408.1980
                 Gint::DMRGint       407.8855
       TwoCenterTable: Kinetic       137.3855
       TwoCenterTable: Overlap       137.3855
      TwoCenterTable: Nonlocal       136.0217
                  meshball_pos       126.0667
               GT::ind_bigcell       123.2787
         GT::in_this_processor       123.2787
              GT::index2normal       123.2787
               GT::index2ucell       123.2787
                   Stress::dSR       116.4077
                   Force::dS_K        58.2038
                   Stress::dHr        58.2038
                  Force::dTVNL        58.2038
      GT::bigcell_on_processor        30.8197
                HamiltLCAO::hR        26.2912
            DensityMatrix::DMR        26.2912
                    index_ball        21.0111
                HamiltLCAO::sR        17.6314
                GT::which_atom         7.1353
             GT::which_bigcell         7.1353
            GT::which_unitcell         7.1353
            DensityMatrix::DMK         5.4863
                RealGauntTable         3.7773
                  SF::strucFac         3.7536
                  PW_B_K::gcar         2.8597
                  SF::eigts123         2.2515
                      Chg::rho         2.0000
                 Chg::rho_save         2.0000
                 Chg::rho_core         2.0000
                 Pot::veff_fix         2.0000
                     Pot::veff         2.0000
              Pot::veff_smooth         2.0000
 -------------   < 1.0 MB has been ignored ----------------
 ----------------------------------------------------------

 Start  Time  : Sun Oct 11 00:31:08 2026
 Finish Time  : Sun Oct 11 00:37:22 2026
 Total  Time  : 0 h 6 mins 14 secs 
