                                                                                     
                              ABACUS v3.10.0

               Atomic-orbital Based Ab-initio Computation at UStc                    

                     Website: http://abacus.ustc.edu.cn/                             
               Documentation: https://abacus.deepmodeling.com/                       
                  Repository: https://github.com/abacusmodeling/abacus-develop       
                              https://github.com/deepmodeling/abacus-develop         
                      Commit: f7cb1d3 (Mon May 12 16:53:30 2025 +0800)

    Start Time is Fri Oct  9 14:48:19 2026
                                                                                     
 ------------------------------------------------------------------------------------

 READING GENERAL INFORMATION
                           global_out_dir = OUT.ABACUS/
                           global_in_card = INPUT
                               pseudo_dir = 
                              orbital_dir = 
                                    DRANK = 1
                                    DSIZE = 32
                                   DCOLOR = 1
                                    GRANK = 1
                                    GSIZE = 1




 >>>>>>>>>>>>>>>>>>>>>>>>>>>>>>>>>>>>>>>>>>>>>>>>>>>>>>>>>>>>>>>>>>>>>>
 |                                                                    |
 | Reading atom information in unitcell:                              |
 | From the input file and the structure file we know the number of   |
 | different elments in this unitcell, then we list the detail        |
 | information for each element, especially the zeta and polar atomic |
 | orbital number for each element. The total atom number is counted. |
 | We calculate the nearest atom distance for each atom and show the  |
 | Cartesian and Direct coordinates for each atom. We list the file   |
 | address for atomic orbitals. The volume and the lattice vectors    |
 | in real and reciprocal space is also shown.                        |
 |                                                                    |
 <<<<<<<<<<<<<<<<<<<<<<<<<<<<<<<<<<<<<<<<<<<<<<<<<<<<<<<<<<<<<<<<<<<<<<




 READING UNITCELL INFORMATION
                                    ntype = 2
                  lattice constant (Bohr) = 1.88973
              lattice constant (Angstrom) = 1

 READING ATOM TYPE 1
                               atom label = Hf
                      L=0, number of zeta = 4
                      L=1, number of zeta = 2
                      L=2, number of zeta = 2
                      L=3, number of zeta = 1
             number of atom for this type = 4

 READING ATOM TYPE 2
                               atom label = O
                      L=0, number of zeta = 2
                      L=1, number of zeta = 2
                      L=2, number of zeta = 1
             number of atom for this type = 8

                        TOTAL ATOM NUMBER = 12
DIRECT COORDINATES
    atom                   x                   y                   z     mag                  vx                  vy                  vz
taud_Hf1            0.9869240977        0.9902936320        0.0152230918  0.0000        0.0000000000        0.0000000000        0.0000000000
taud_Hf2            0.9819084678        0.4880249824        0.5122357348  0.0000        0.0000000000        0.0000000000        0.0000000000
taud_Hf3            0.4839038678        0.9902924572        0.5152241615  0.0000        0.0000000000        0.0000000000        0.0000000000
taud_Hf4            0.4889361196        0.4880279541        0.0122372929  0.0000        0.0000000000        0.0000000000        0.0000000000
taud_O1            0.2642276766        0.2415666506        0.2333481786  0.0000        0.0000000000        0.0000000000        0.0000000000
taud_O2            0.2066000140        0.2415576207        0.7333479352  0.0000        0.0000000000        0.0000000000        0.0000000000
taud_O3            0.1978778789        0.7553366757        0.3073440812  0.0000        0.0000000000        0.0000000000        0.0000000000
taud_O4            0.2729524257        0.7553274766        0.8073428453  0.0000        0.0000000000        0.0000000000        0.0000000000
taud_O5            0.7648189783        0.2351897567        0.2948067001  0.0000        0.0000000000        0.0000000000        0.0000000000
taud_O6            0.7060087157        0.2351822176        0.7948071918  0.0000        0.0000000000        0.0000000000        0.0000000000
taud_O7            0.6994329160        0.7468216507        0.2313829526  0.0000        0.0000000000        0.0000000000        0.0000000000
taud_O8            0.7713983630        0.7468151090        0.7313835072  0.0000        0.0000000000        0.0000000000        0.0000000000



                          Volume (Bohr^3) = 900.435
                             Volume (A^3) = 133.431

 Lattice vectors: (Cartesian coordinate: in unit of a_0)
             +5.12157        +3.61628e-06        +1.57393e-05
         +3.33904e-06            +5.08119          +0.0221631
         +1.60763e-05          +0.0229909            +5.12738
 Reciprocal vectors: (Cartesian coordinate: in unit of 2 pi/a_0)
            +0.195253         -1.2564e-07        -6.11629e-07
         -1.36252e-07           +0.196808        -0.000882478
         -5.98768e-07        -0.000850701           +0.195035
 The esolver type has been set to : ksdft_lcao

 RUNNING WITH DEVICE  : CPU / AMD EPYC 7702 64-Core Processor




 >>>>>>>>>>>>>>>>>>>>>>>>>>>>>>>>>>>>>>>>>>>>>>>>>>>>>>>>>>>>>>>>>>>>>>
 |                                                                    |
 | Reading pseudopotentials files:                                    |
 | The pseudopotential file is in UPF format. The 'NC' indicates that |
 | the type of pseudopotential is 'norm conserving'. Functional of    |
 | exchange and correlation is decided by 4 given parameters in UPF   |
 | file.  We also read in the 'core correction' if there exists.      |
 | Also we can read the valence electrons number and the maximal      |
 | angular momentum used in this pseudopotential. We also read in the |
 | trail wave function, trail atomic density and local-pseudopotential|
 | on logrithmic grid. The non-local pseudopotential projector is also|
 | read in if there is any.                                           |
 |                                                                    |
 <<<<<<<<<<<<<<<<<<<<<<<<<<<<<<<<<<<<<<<<<<<<<<<<<<<<<<<<<<<<<<<<<<<<<<




                PAO radial cut off (Bohr) = 15

 Read in pseudopotential file is Hf.upf
                     pseudopotential type = NC
          exchange-correlation functional = PBE
                 nonlocal core correction = 1
                        valence electrons = 12
                                     lmax = 3
                           number of zeta = 4
                     number of projectors = 8
                           L of projector = 0
                           L of projector = 0
                           L of projector = 1
                           L of projector = 1
                           L of projector = 2
                           L of projector = 2
                           L of projector = 3
                           L of projector = 3
                PAO radial cut off (Bohr) = 15

 Read in pseudopotential file is O.upf
                     pseudopotential type = NC
          exchange-correlation functional = PBE
                 nonlocal core correction = 1
                        valence electrons = 6
                                     lmax = 2
                           number of zeta = 2
                     number of projectors = 5
                           L of projector = 0
                           L of projector = 0
                           L of projector = 1
                           L of projector = 1
                           L of projector = 2
     initial pseudo atomic orbital number = 72

 SETUP THE ELECTRONS NUMBER
            electron number of element Hf = 12
      total electron number of element Hf = 48
             electron number of element O = 6
       total electron number of element O = 48
            AUTOSET number of electrons:  = 96
                           occupied bands = 48
                                   NLOCAL = 212
                                   NBANDS = 58
                                   NBANDS = 58
                                   NLOCAL = 212

%%%%%%%%%%%%%%%%%%%%%%%%%%%%%%%%%%%%%%%%%%%%%%%%%%%%%%%%%%%%%%%%%%%%%%%%%%%%%%%%%%%%%%%%%%%%%%%%%%%%%%%%%%
 Warning: the number of valence electrons in pseudopotential > 4 for Hf: [Xe] 4f14 5d2 6s2
 Pseudopotentials with additional electrons can yield (more) accurate outcomes, but may be less efficient.
 If you're confident that your chosen pseudopotential is appropriate, you can safely ignore this warning.
%%%%%%%%%%%%%%%%%%%%%%%%%%%%%%%%%%%%%%%%%%%%%%%%%%%%%%%%%%%%%%%%%%%%%%%%%%%%%%%%%%%%%%%%%%%%%%%%%%%%%%%%%%
                  




 >>>>>>>>>>>>>>>>>>>>>>>>>>>>>>>>>>>>>>>>>>>>>>>>>>>>>>>>>>>>>>>>>>>>>>
 |                                                                    |
 | Setup plane waves of charge/potential:                             |
 | Use the energy cutoff and the lattice vectors to generate the      |
 | dimensions of FFT grid. The number of FFT grid on each processor   |
 | is 'nrxx'. The number of plane wave basis in reciprocal space is   |
 | different for charege/potential and wave functions. We also set    |
 | the 'sticks' for the parallel of FFT. The number of plane waves    |
 | is 'npw' in each processor.                                        |
 <<<<<<<<<<<<<<<<<<<<<<<<<<<<<<<<<<<<<<<<<<<<<<<<<<<<<<<<<<<<<<<<<<<<<<





 SETUP THE PLANE WAVE BASIS
 energy cutoff for charge/potential (unit:Ry) = 400
            fft grid for charge/potential = [ 64, 64, 64 ]
                        fft grid division = [ 2, 2, 2 ]
        big fft grid for charge/potential = [ 32, 32, 32 ]
                                     nbxx = 1024
                                     nrxx = 8192

 SETUP PLANE WAVES FOR CHARGE/POTENTIAL
                    number of plane waves = 121683
                         number of sticks = 2957

 PARALLEL PW FOR CHARGE/POTENTIAL
     PROC   COLUMNS(POT)             PW
        1             93           3806
        2             93           3806
        3             93           3806
        4             93           3804
        5             93           3804
        6             93           3804
        7             93           3804
        8             92           3801
        9             92           3801
       10             92           3801
       11             92           3801
       12             92           3801
       13             92           3801
       14             92           3801
       15             92           3801
       16             93           3805
       17             93           3805
       18             92           3801
       19             93           3805
       20             93           3805
       21             92           3801
       22             92           3801
       23             92           3801
       24             93           3805
       25             92           3801
       26             92           3801
       27             92           3801
       28             92           3801
       29             93           3805
       30             92           3801
       31             92           3801
       32             92           3801
 --------------- sum -------------------
       32           2957         121683
                            number of |g| = 3775
                                  max |g| = 36.171
                                  min |g| = 0.386732
 DONE : SETUP UNITCELL Time : 10.7076 (SEC)


----------- Double Check Mixing Parameters Begin ------------
mixing_type: broyden
mixing_beta: 0.3
mixing_gg0: 1
mixing_gg0_min: 0.1
mixing_ndim: 8
----------- Double Check Mixing Parameters End ------------




 >>>>>>>>>>>>>>>>>>>>>>>>>>>>>>>>>>>>>>>>>>>>>>>>>>>>>>>>>>>>>>>>>>>>>>
 |                                                                    |
 | Doing symmetry analysis:                                           |
 | We calculate the norm of 3 vectors and the angles between them,    |
 | the type of Bravais lattice is given. We can judge if the unticell |
 | is a primitive cell. Finally we give the point group operation for |
 | this unitcell. We use the point group operations to do symmetry |
 | analysis on given k-point mesh and the charge density.             |
 |                                                                    |
 <<<<<<<<<<<<<<<<<<<<<<<<<<<<<<<<<<<<<<<<<<<<<<<<<<<<<<<<<<<<<<<<<<<<<<




 LATTICE VECTORS: (CARTESIAN COORDINATE: IN UNIT OF A0)
             +5.12157        +3.61628e-06        +1.57393e-05
         +3.33904e-06            +5.08119          +0.0221631
         +1.60763e-05          +0.0229909            +5.12738
                       right hand lattice = 1
                                   NORM_A = 5.12157
                                   NORM_B = 5.08124
                                   NORM_C = 5.12744
                           ALPHA (DEGREE) = 89.4932
                           BETA  (DEGREE) = 89.9996
                           GAMMA (DEGREE) = 89.9999

 The lattice vectors have been changed (STRU_SIMPLE.cif)

(for optimal symmetric configuration:)
                             BRAVAIS TYPE = 14
                     BRAVAIS LATTICE NAME = 14. Triclinic cell
                                    ibrav = 14
                                    IBRAV = 14
                                  BRAVAIS = TRICLINIC CELL
                       LATTICE CONSTANT A = 8.8249
                                B/A RATIO = 0.580354
                                C/A RATIO = 0.575784
                               COS(ALPHA) = 1.37662e-06
                                COS(BETA) = 0.570646
                               COS(GAMMA) = 0.580351
Original cell was already a primitive cell.
                        ROTATION MATRICES = 2
              PURE POINT GROUP OPERATIONS = 1
                   SPACE GROUP OPERATIONS = 1
                              POINT GROUP = C_1
               POINT GROUP IN SPACE GROUP = C_1
 DONE : SYMMETRY Time : 10.7661 (SEC)





 >>>>>>>>>>>>>>>>>>>>>>>>>>>>>>>>>>>>>>>>>>>>>>>>>>>>>>>>>>>>>>>>>>>>>>
 |                                                                    |
 | Setup K-points                                                     |
 | We setup the k-points according to input parameters.               |
 | The reduced k-points are set according to symmetry operations.     |
 | We treat the spin as another set of k-points.                      |
 |                                                                    |
 <<<<<<<<<<<<<<<<<<<<<<<<<<<<<<<<<<<<<<<<<<<<<<<<<<<<<<<<<<<<<<<<<<<<<<





 SETUP K-POINTS
                                    nspin = 1
                   Input type of k points = Monkhorst-Pack(Gamma)
                                   nkstot = 8
                       right hand lattice = 1
(for reciprocal lattice: )
                             BRAVAIS TYPE = 14
                     BRAVAIS LATTICE NAME = 14. Triclinic cell
                                    ibrav = 14
                       right hand lattice = 1
(for k-lattice: )
                             BRAVAIS TYPE = 14
                     BRAVAIS LATTICE NAME = 14. Triclinic cell
                                    ibrav = 14
                       right hand lattice = 1
                        ROTATION MATRICES = 2
                               nkstot_ibz = 8
K-POINTS REDUCTION ACCORDING TO SYMMETRY
     IBZ    DIRECT_X    DIRECT_Y    DIRECT_Z  WEIGHT  ibz2bz
       1  0.00000000  0.00000000  0.00000000  0.1250       0
       2  0.50000000  0.00000000  0.00000000  0.1250       1
       3  0.00000000  0.50000000  0.00000000  0.1250       2
       4  0.50000000  0.50000000  0.00000000  0.1250       3
       5  0.00000000  0.00000000  0.50000000  0.1250       4
       6  0.50000000  0.00000000  0.50000000  0.1250       5
       7  0.00000000  0.50000000  0.50000000  0.1250       6
       8  0.50000000  0.50000000  0.50000000  0.1250       7

                               nkstot now = 8
K-POINTS DIRECT COORDINATES
 KPOINTS    DIRECT_X    DIRECT_Y    DIRECT_Z  WEIGHT
       1  0.00000000  0.00000000  0.00000000  0.1250
       2  0.50000000  0.00000000  0.00000000  0.1250
       3  0.00000000  0.50000000  0.00000000  0.1250
       4  0.50000000  0.50000000  0.00000000  0.1250
       5  0.00000000  0.00000000  0.50000000  0.1250
       6  0.50000000  0.00000000  0.50000000  0.1250
       7  0.00000000  0.50000000  0.50000000  0.1250
       8  0.50000000  0.50000000  0.50000000  0.1250


           k-point number in this process = 8
       minimum distributed K point number = 8
starsize: 1
isym: 0 ks_vec: 0 0 0
starsize: 1
isym: 0 ks_vec: 0.5 0 0
starsize: 1
isym: 0 ks_vec: 0 0.5 0
starsize: 1
isym: 0 ks_vec: 0.5 0.5 0
starsize: 1
isym: 0 ks_vec: 0 0 0.5
starsize: 1
isym: 0 ks_vec: 0.5 0 0.5
starsize: 1
isym: 0 ks_vec: 0 0.5 0.5
starsize: 1
isym: 0 ks_vec: 0.5 0.5 0.5

K-POINTS CARTESIAN COORDINATES
 KPOINTS CARTESIAN_X CARTESIAN_Y CARTESIAN_Z  WEIGHT
       1  0.00000000  0.00000000  0.00000000  0.2500
       2  0.09762633 -0.00000006 -0.00000031  0.2500
       3 -0.00000007  0.09840407 -0.00044124  0.2500
       4  0.09762626  0.09840401 -0.00044154  0.2500
       5 -0.00000030 -0.00042535  0.09751752  0.2500
       6  0.09762603 -0.00042541  0.09751721  0.2500
       7 -0.00000037  0.09797872  0.09707628  0.2500
       8  0.09762596  0.09797866  0.09707597  0.2500


K-POINTS DIRECT COORDINATES
 KPOINTS    DIRECT_X    DIRECT_Y    DIRECT_Z  WEIGHT
       1  0.00000000  0.00000000  0.00000000  0.2500
       2  0.50000000  0.00000000  0.00000000  0.2500
       3  0.00000000  0.50000000  0.00000000  0.2500
       4  0.50000000  0.50000000  0.00000000  0.2500
       5  0.00000000  0.00000000  0.50000000  0.2500
       6  0.50000000  0.00000000  0.50000000  0.2500
       7  0.00000000  0.50000000  0.50000000  0.2500
       8  0.50000000  0.50000000  0.50000000  0.2500

 DONE : INIT K-POINTS Time : 11.0511 (SEC)





 >>>>>>>>>>>>>>>>>>>>>>>>>>>>>>>>>>>>>>>>>>>>>>>>>>>>>>>>>>>>>>>>>>>>>>
 |                                                                    |
 | Setup plane waves of wave functions:                               |
 | Use the energy cutoff and the lattice vectors to generate the      |
 | dimensions of FFT grid. The number of FFT grid on each processor   |
 | is 'nrxx'. The number of plane wave basis in reciprocal space is   |
 | different for charege/potential and wave functions. We also set    |
 | the 'sticks' for the parallel of FFT. The number of plane wave of  |
 | each k-point is 'npwk[ik]' in each processor                       |
 <<<<<<<<<<<<<<<<<<<<<<<<<<<<<<<<<<<<<<<<<<<<<<<<<<<<<<<<<<<<<<<<<<<<<<





 SETUP PLANE WAVES FOR WAVE FUNCTIONS
     energy cutoff for wavefunc (unit:Ry) = 100
              fft grid for wave functions = [ 64, 64, 64 ]
                    number of plane waves = 17867
                         number of sticks = 829

 PARALLEL PW FOR WAVE FUNCTIONS
     PROC   COLUMNS(POT)             PW
        1             26            559
        2             26            559
        3             26            559
        4             26            559
        5             26            559
        6             26            558
        7             26            558
        8             25            557
        9             25            557
       10             26            559
       11             26            559
       12             26            559
       13             26            559
       14             25            557
       15             26            559
       16             26            559
       17             26            559
       18             26            559
       19             26            559
       20             26            559
       21             26            558
       22             26            557
       23             26            557
       24             26            557
       25             26            557
       26             26            557
       27             26            557
       28             26            559
       29             26            559
       30             26            559
       31             26            559
       32             26            559
 --------------- sum -------------------
       32            829          17867
 DONE : INIT PLANEWAVE Time : 11.0573 (SEC)

 SET NONLOCAL PSEUDOPOTENTIAL PROJECTORS
 SET NONLOCAL PSEUDOPOTENTIAL PROJECTORS
 max number of nonlocal projetors among all species is 8
 DONE : LOCAL POTENTIAL Time : 11.7372 (SEC)


 -------------------------------------------
 SELF-CONSISTENT
 -------------------------------------------




 >>>>>>>>>>>>>>>>>>>>>>>>>>>>>>>>>>>>>>>>>>>>>>>>>>>>>>>>>>>>>>>>>>>>>>
 |                                                                    |
 | Search adjacent atoms:                                             |
 | Set the adjacent atoms for each atom and set the periodic boundary |
 | condition for the atoms on real space FFT grid. For k-dependent    |
 | algorithm, we also need to set the sparse H and S matrix element   |
 | for each atom.                                                     |
 |                                                                    |
 <<<<<<<<<<<<<<<<<<<<<<<<<<<<<<<<<<<<<<<<<<<<<<<<<<<<<<<<<<<<<<<<<<<<<<





 SETUP SEARCHING RADIUS FOR PROGRAM TO SEARCH ADJACENT ATOMS
                  longest orb rcut (Bohr) = 10
   longest nonlocal projector rcut (Bohr) = 2.46
                     search radius (Bohr) = 24.9
              searching radius is (Bohr)) = 24.9
         searching radius unit is (Bohr)) = 1.89
                         PeriodicBoundary = 1
                        Radius(unit:lat0) = 13.2
                                   glayer = [ 4, 4, 4 ]
                             glayer_minus = [ 3, 3, 3 ]

Find the coordinate range of the input atom(unit:lat0).
                                  min_tau = [ -14.4, -14.1, -15.4 ]
                                  max_tau = [ 20.4, 20.4, 19.6 ]
                                BoxNumber = [ 7, 7, 7 ]

 SETUP EXTENDED REAL SPACE GRID FOR GRID INTEGRATION
                          real space grid = [ 64, 64, 64 ]
                 big cell numbers in grid = [ 32, 32, 32 ]
             meshcell numbers in big cell = [ 2, 2, 2 ]
                        extended fft grid = [ 34, 34, 34 ]
                dimension of extened grid = [ 101, 101, 101 ]
                            UnitCellTotal = 125
              Atom number in sub-FFT-grid = 12
    Local orbitals number in sub-FFT-grid = 212
                                ParaV.nnr = 82787

 Warning_Memory_Consuming allocated:  Gint::hRGint 12.7 MB

 Warning_Memory_Consuming allocated:  Gint::DMRGint 12.7 MB
                                 init_chg = atomic
 DONE : INIT SCF Time : 12.2716 (SEC)


 LCAO ALGORITHM --------------- ION=   1  ELEC=   1--------------------------------

 Density error is 0.158357502353
----------------------------------------------------------
     Energy           Rydberg                 eV          
----------------------------------------------------------
 E_KohnSham     -718.6926110163      -9778.3146203189     
 E_Harris       -705.2722566794      -9595.7213321583     
 E_Fermi        0.8244572491         11.2173163456        
----------------------------------------------------------


 LCAO ALGORITHM --------------- ION=   1  ELEC=   2--------------------------------

 Density error is 0.0648025916429
----------------------------------------------------------
     Energy           Rydberg                 eV          
----------------------------------------------------------
 E_KohnSham     -718.9905636525      -9782.3684739052     
 E_Harris       -715.2599837945      -9731.6113309926     
 E_Fermi        0.9637624777         13.1126612148        
----------------------------------------------------------


 LCAO ALGORITHM --------------- ION=   1  ELEC=   3--------------------------------

 Density error is 0.038311308212
----------------------------------------------------------
     Energy           Rydberg                 eV          
----------------------------------------------------------
 E_KohnSham     -719.0218475907      -9782.7941137211     
 E_Harris       -718.4598358824      -9775.1475521454     
 E_Fermi        0.9583061210         13.0384236740        
----------------------------------------------------------


 LCAO ALGORITHM --------------- ION=   1  ELEC=   4--------------------------------

 Density error is 0.00797864303004
----------------------------------------------------------
     Energy           Rydberg                 eV          
----------------------------------------------------------
 E_KohnSham     -719.0196464769      -9782.7641660318     
 E_Harris       -718.1871395557      -9771.4373282787     
 E_Fermi        0.9603941302         13.0668324971        
----------------------------------------------------------


 LCAO ALGORITHM --------------- ION=   1  ELEC=   5--------------------------------

 Density error is 0.00174375716986
----------------------------------------------------------
     Energy           Rydberg                 eV          
----------------------------------------------------------
 E_KohnSham     -719.0213926153      -9782.7879234627     
 E_Harris       -718.9991708071      -9782.4855802513     
 E_Fermi        0.9605869760         13.0694562982        
----------------------------------------------------------


 LCAO ALGORITHM --------------- ION=   1  ELEC=   6--------------------------------

 Density error is 0.000462353140717
----------------------------------------------------------
     Energy           Rydberg                 eV          
----------------------------------------------------------
 E_KohnSham     -719.0214502034      -9782.7887069900     
 E_Harris       -719.0130893644      -9782.6749519397     
 E_Fermi        0.9624816667         13.0952348879        
----------------------------------------------------------


 LCAO ALGORITHM --------------- ION=   1  ELEC=   7--------------------------------

 Density error is 0.000317024888869
----------------------------------------------------------
     Energy           Rydberg                 eV          
----------------------------------------------------------
 E_KohnSham     -719.0214570687      -9782.7888003963     
 E_Harris       -718.9850375559      -9782.2932875048     
 E_Fermi        0.9626022404         13.0968753776        
----------------------------------------------------------


 LCAO ALGORITHM --------------- ION=   1  ELEC=   8--------------------------------

 Density error is 7.54383133261e-05
----------------------------------------------------------
     Energy           Rydberg                 eV          
----------------------------------------------------------
 E_KohnSham     -719.0214585028      -9782.7888199091     
 E_Harris       -719.0161378613      -9782.7164288668     
 E_Fermi        0.9627089727         13.0983275439        
----------------------------------------------------------


 LCAO ALGORITHM --------------- ION=   1  ELEC=   9--------------------------------

 Density error is 3.10215359539e-05
----------------------------------------------------------
     Energy           Rydberg                 eV          
----------------------------------------------------------
 E_KohnSham     -719.0214585102      -9782.7888200089     
 E_Harris       -719.0181631033      -9782.7439836979     
 E_Fermi        0.9627254641         13.0985519212        
----------------------------------------------------------


 LCAO ALGORITHM --------------- ION=   1  ELEC=  10--------------------------------

 Density error is 8.10155487159e-06
----------------------------------------------------------
     Energy           Rydberg                 eV          
----------------------------------------------------------
 E_KohnSham     -719.0214585451      -9782.7888204838     
 E_Harris       -719.0220308648      -9782.7966072932     
 E_Fermi        0.9627397633         13.0987464715        
----------------------------------------------------------


 LCAO ALGORITHM --------------- ION=   1  ELEC=  11--------------------------------

 Density error is 9.99501652305e-07
----------------------------------------------------------
     Energy           Rydberg                 eV          
----------------------------------------------------------
 E_KohnSham     -719.0214585469      -9782.7888205083     
 E_Harris       -719.0213815691      -9782.7877731714     
 E_Fermi        0.9627358222         13.0986928507        
----------------------------------------------------------


 LCAO ALGORITHM --------------- ION=   1  ELEC=  12--------------------------------

 Density error is 4.97620618969e-07
----------------------------------------------------------
     Energy           Rydberg                 eV          
----------------------------------------------------------
 E_KohnSham     -719.0214585469      -9782.7888205086     
 E_Harris       -719.0214644618      -9782.7889009848     
 E_Fermi        0.9627369002         13.0987075180        
----------------------------------------------------------


 LCAO ALGORITHM --------------- ION=   1  ELEC=  13--------------------------------

 Density error is 8.5710750487e-08
----------------------------------------------------------
     Energy           Rydberg                 eV          
----------------------------------------------------------
 E_KohnSham     -719.0214585469      -9782.7888205086     
 E_Harris       -719.0214655985      -9782.7889164505     
 E_Fermi        0.9627372034         13.0987116426        
----------------------------------------------------------


 LCAO ALGORITHM --------------- ION=   1  ELEC=  14--------------------------------

 Density error is 5.48167100428e-08
----------------------------------------------------------
     Energy           Rydberg                 eV          
----------------------------------------------------------
 E_KohnSham     -719.0214585469      -9782.7888205086     
 E_Harris       -719.0214616299      -9782.7888624545     
 E_Fermi        0.9627371596         13.0987110475        
----------------------------------------------------------


 LCAO ALGORITHM --------------- ION=   1  ELEC=  15--------------------------------

 Density error is 2.78345108283e-08
----------------------------------------------------------
     Energy           Rydberg                 eV          
----------------------------------------------------------
 E_KohnSham     -719.0214585469      -9782.7888205086     
 E_Harris       -719.0214592229      -9782.7888297064     
 E_Fermi        0.9627371364         13.0987107311        
----------------------------------------------------------


 LCAO ALGORITHM --------------- ION=   1  ELEC=  16--------------------------------

 Density error is 5.0083219366e-09
----------------------------------------------------------
     Energy           Rydberg                 eV          
----------------------------------------------------------
 E_KohnSham     -719.0214585469      -9782.7888205086     
 E_KS(sigma->0) -719.0214585469      -9782.7888205086     
 E_Harris       -719.0214587781      -9782.7888236547     
 E_band         -34.6137277254       -470.9439260865      
 E_one_elec     -114.4617864179      -1557.3324985419     
 E_Hartree      114.5737356851       1558.8556464631      
 E_xc           -182.4628545905      -2482.5344957758     
 E_Ewald        -536.6705532237      -7301.7774726540     
 E_entropy(-TS) -0.0000000000        -0.0000000000        
 E_descf        0.0000000000         0.0000000000         
 E_exx          0.0000000000         0.0000000000         
 E_Fermi        0.9627371320         13.0987106708        
----------------------------------------------------------


 charge density convergence is achieved
 final etot is -9782.7888205 eV
 EFERMI = 13.098710671 eV

 STATE ENERGY(eV) AND OCCUPATIONS    NSPIN == 1
 1/8 kpoint (Cartesian) = 0.0000 0.0000 0.0000 (479 pws)
       1       -48.7528       0.250000
       2       -48.7443       0.250000
       3       -48.3049       0.250000
       4       -48.2968       0.250000
       5       -18.4018       0.250000
       6       -18.3711       0.250000
       7       -18.3694       0.250000
       8       -18.2339       0.250000
       9       -18.1334       0.250000
      10       -18.1333       0.250000
      11       -17.9581       0.250000
      12       -17.9567       0.250000
      13       -17.8326       0.250000
      14       -17.8257       0.250000
      15       -17.8236       0.250000
      16       -17.8180       0.250000
      17       -6.60352       0.250000
      18       -4.94711       0.250000
      19       -4.94312       0.250000
      20       -4.88188       0.250000
      21       -4.65843       0.250000
      22       -4.65150       0.250000
      23       -4.58553       0.250000
      24       -3.97420       0.250000
      25        5.66584       0.250000
      26        5.69077       0.250000
      27        5.99510       0.250000
      28        6.72490       0.250000
      29        6.73001       0.250000
      30        6.81613       0.250000
      31        8.39387       0.250000
      32        8.39425       0.250000
      33        8.45084       0.250000
      34        8.47603       0.250000
      35        8.48582       0.250000
      36        8.51583       0.250000
      37        10.1321       0.250000
      38        10.1406       0.250000
      39        10.2037       0.250000
      40        10.3610       0.250000
      41        10.4450       0.250000
      42        10.4818       0.250000
      43        10.8316       0.250000
      44        11.0325       0.250000
      45        11.0386       0.250000
      46        11.2672       0.250000
      47        11.3011       0.250000
      48        11.3240       0.250000
      49        15.6263        0.00000
      50        16.0351        0.00000
      51        16.8975        0.00000
      52        16.9862        0.00000
      53        17.0985        0.00000
      54        17.5115        0.00000
      55        17.5312        0.00000
      56        17.7154        0.00000
      57        18.0379        0.00000
      58        18.5914        0.00000

 2/8 kpoint (Cartesian) = 0.097626 -6.2820e-08 -3.0581e-07 (468 pws)
       1       -48.7488       0.250000
       2       -48.7484       0.250000
       3       -48.3014       0.250000
       4       -48.3005       0.250000
       5       -18.3034       0.250000
       6       -18.3005       0.250000
       7       -18.2542       0.250000
       8       -18.2478       0.250000
       9       -18.2296       0.250000
      10       -18.2251       0.250000
      11       -17.9320       0.250000
      12       -17.9219       0.250000
      13       -17.8996       0.250000
      14       -17.8875       0.250000
      15       -17.8449       0.250000
      16       -17.8410       0.250000
      17       -5.73251       0.250000
      18       -5.68759       0.250000
      19       -4.79162       0.250000
      20       -4.79145       0.250000
      21       -4.75114       0.250000
      22       -4.73569       0.250000
      23       -4.49489       0.250000
      24       -4.46185       0.250000
      25        6.68078       0.250000
      26        6.72413       0.250000
      27        6.90433       0.250000
      28        6.95101       0.250000
      29        7.20932       0.250000
      30        7.25291       0.250000
      31        7.53563       0.250000
      32        7.55051       0.250000
      33        7.90894       0.250000
      34        7.96988       0.250000
      35        8.96451       0.250000
      36        8.96538       0.250000
      37        9.28576       0.250000
      38        9.29485       0.250000
      39        9.34567       0.250000
      40        9.36863       0.250000
      41        10.2792       0.250000
      42        10.2842       0.250000
      43        10.8689       0.250000
      44        10.8745       0.250000
      45        11.2172       0.250000
      46        11.2434       0.250000
      47        11.3247       0.250000
      48        11.3735       0.250000
      49        16.5183        0.00000
      50        16.5544        0.00000
      51        16.9362        0.00000
      52        16.9771        0.00000
      53        17.2966        0.00000
      54        17.3292        0.00000
      55        17.4821        0.00000
      56        17.5224        0.00000
      57        18.8697        0.00000
      58        18.9401        0.00000

 3/8 kpoint (Cartesian) = -6.8126e-08 0.098404 -0.00044124 (468 pws)
       1       -48.7527       0.250000
       2       -48.7444       0.250000
       3       -48.3051       0.250000
       4       -48.2968       0.250000
       5       -18.3261       0.250000
       6       -18.3158       0.250000
       7       -18.3117       0.250000
       8       -18.2357       0.250000
       9       -18.1225       0.250000
      10       -18.1225       0.250000
      11       -18.0200       0.250000
      12       -18.0198       0.250000
      13       -17.9199       0.250000
      14       -17.8390       0.250000
      15       -17.8342       0.250000
      16       -17.8234       0.250000
      17       -5.71717       0.250000
      18       -5.62434       0.250000
      19       -4.84531       0.250000
      20       -4.84010       0.250000
      21       -4.75747       0.250000
      22       -4.75052       0.250000
      23       -4.56693       0.250000
      24       -4.33088       0.250000
      25        6.55951       0.250000
      26        6.74358       0.250000
      27        6.87336       0.250000
      28        7.01785       0.250000
      29        7.28178       0.250000
      30        7.28333       0.250000
      31        7.39736       0.250000
      32        7.40210       0.250000
      33        7.66955       0.250000
      34        8.03253       0.250000
      35        8.97586       0.250000
      36        8.98018       0.250000
      37        9.17871       0.250000
      38        9.24290       0.250000
      39        9.53273       0.250000
      40        9.53946       0.250000
      41        10.1778       0.250000
      42        10.6769       0.250000
      43        11.0693       0.250000
      44        11.1299       0.250000
      45        11.1311       0.250000
      46        11.1879       0.250000
      47        11.2800       0.250000
      48        11.2929       0.250000
      49        16.5599        0.00000
      50        16.7714        0.00000
      51        16.7756        0.00000
      52        17.0025        0.00000
      53        17.0424        0.00000
      54        17.1837        0.00000
      55        17.4292        0.00000
      56        17.6347        0.00000
      57        18.9108        0.00000
      58        18.9219        0.00000

 4/8 kpoint (Cartesian) = 0.097626 0.098404 -0.00044154 (456 pws)
       1       -48.7487       0.250000
       2       -48.7484       0.250000
       3       -48.3014       0.250000
       4       -48.3005       0.250000
       5       -18.3140       0.250000
       6       -18.3114       0.250000
       7       -18.2588       0.250000
       8       -18.2560       0.250000
       9       -18.2221       0.250000
      10       -18.2141       0.250000
      11       -17.9401       0.250000
      12       -17.9230       0.250000
      13       -17.9011       0.250000
      14       -17.8892       0.250000
      15       -17.8332       0.250000
      16       -17.8295       0.250000
      17       -5.34825       0.250000
      18       -5.29859       0.250000
      19       -5.24811       0.250000
      20       -5.22100       0.250000
      21       -4.71536       0.250000
      22       -4.66036       0.250000
      23       -4.56042       0.250000
      24       -4.53571       0.250000
      25        6.92103       0.250000
      26        6.94733       0.250000
      27        7.06836       0.250000
      28        7.08907       0.250000
      29        7.80043       0.250000
      30        7.83756       0.250000
      31        7.85605       0.250000
      32        7.94494       0.250000
      33        8.56518       0.250000
      34        8.59304       0.250000
      35        8.72393       0.250000
      36        8.74510       0.250000
      37        9.02869       0.250000
      38        9.03816       0.250000
      39        9.10895       0.250000
      40        9.12264       0.250000
      41        9.90621       0.250000
      42        9.92066       0.250000
      43        10.0105       0.250000
      44        10.0344       0.250000
      45        10.9449       0.250000
      46        10.9772       0.250000
      47        11.0667       0.250000
      48        11.1311       0.250000
      49        16.4964        0.00000
      50        16.5113        0.00000
      51        16.6424        0.00000
      52        16.6461        0.00000
      53        17.1860        0.00000
      54        17.1938        0.00000
      55        17.6567        0.00000
      56        17.7321        0.00000
      57        18.9389        0.00000
      58        19.1312        0.00000

 5/8 kpoint (Cartesian) = -2.9938e-07 -0.00042535 0.097518 (478 pws)
       1       -48.7486       0.250000
       2       -48.7486       0.250000
       3       -48.3010       0.250000
       4       -48.3009       0.250000
       5       -18.3024       0.250000
       6       -18.3024       0.250000
       7       -18.2512       0.250000
       8       -18.2512       0.250000
       9       -18.2277       0.250000
      10       -18.2277       0.250000
      11       -17.9280       0.250000
      12       -17.9280       0.250000
      13       -17.8919       0.250000
      14       -17.8918       0.250000
      15       -17.8424       0.250000
      16       -17.8424       0.250000
      17       -5.71441       0.250000
      18       -5.71440       0.250000
      19       -4.78085       0.250000
      20       -4.78083       0.250000
      21       -4.74891       0.250000
      22       -4.74890       0.250000
      23       -4.47959       0.250000
      24       -4.47958       0.250000
      25        6.71323       0.250000
      26        6.71323       0.250000
      27        6.92025       0.250000
      28        6.92026       0.250000
      29        7.23352       0.250000
      30        7.23354       0.250000
      31        7.55053       0.250000
      32        7.55054       0.250000
      33        7.94925       0.250000
      34        7.94925       0.250000
      35        8.94280       0.250000
      36        8.94282       0.250000
      37        9.29594       0.250000
      38        9.29596       0.250000
      39        9.36128       0.250000
      40        9.36131       0.250000
      41        10.2586       0.250000
      42        10.2586       0.250000
      43        10.8580       0.250000
      44        10.8580       0.250000
      45        11.2407       0.250000
      46        11.2407       0.250000
      47        11.3517       0.250000
      48        11.3517       0.250000
      49        16.5415        0.00000
      50        16.5415        0.00000
      51        16.9434        0.00000
      52        16.9435        0.00000
      53        17.3132        0.00000
      54        17.3132        0.00000
      55        17.5193        0.00000
      56        17.5193        0.00000
      57        18.9217        0.00000
      58        18.9217        0.00000

 6/8 kpoint (Cartesian) = 0.097626 -0.00042541 0.097517 (463 pws)
       1       -48.7485       0.250000
       2       -48.7485       0.250000
       3       -48.3010       0.250000
       4       -48.3009       0.250000
       5       -18.3292       0.250000
       6       -18.3292       0.250000
       7       -18.2780       0.250000
       8       -18.2780       0.250000
       9       -18.1103       0.250000
      10       -18.1103       0.250000
      11       -18.0350       0.250000
      12       -18.0349       0.250000
      13       -17.8697       0.250000
      14       -17.8697       0.250000
      15       -17.8250       0.250000
      16       -17.8250       0.250000
      17       -5.30337       0.250000
      18       -5.30335       0.250000
      19       -5.25155       0.250000
      20       -5.25150       0.250000
      21       -4.63227       0.250000
      22       -4.63223       0.250000
      23       -4.60489       0.250000
      24       -4.60486       0.250000
      25        7.07399       0.250000
      26        7.07401       0.250000
      27        7.10977       0.250000
      28        7.10979       0.250000
      29        7.50012       0.250000
      30        7.50013       0.250000
      31        8.21032       0.250000
      32        8.21038       0.250000
      33        8.30433       0.250000
      34        8.30434       0.250000
      35        8.83714       0.250000
      36        8.83717       0.250000
      37        9.05624       0.250000
      38        9.05625       0.250000
      39        9.22893       0.250000
      40        9.22895       0.250000
      41        9.92095       0.250000
      42        9.92098       0.250000
      43        9.96107       0.250000
      44        9.96114       0.250000
      45        10.7644       0.250000
      46        10.7645       0.250000
      47        11.0474       0.250000
      48        11.0474       0.250000
      49        16.2227        0.00000
      50        16.2227        0.00000
      51        17.2823        0.00000
      52        17.2823        0.00000
      53        17.3649        0.00000
      54        17.3649        0.00000
      55        17.4855        0.00000
      56        17.4855        0.00000
      57        19.0309        0.00000
      58        19.0310        0.00000

 7/8 kpoint (Cartesian) = -3.6751e-07 0.097979 0.097076 (467 pws)
       1       -48.7485       0.250000
       2       -48.7485       0.250000
       3       -48.3010       0.250000
       4       -48.3009       0.250000
       5       -18.3121       0.250000
       6       -18.3121       0.250000
       7       -18.2577       0.250000
       8       -18.2577       0.250000
       9       -18.2174       0.250000
      10       -18.2174       0.250000
      11       -17.9329       0.250000
      12       -17.9328       0.250000
      13       -17.8941       0.250000
      14       -17.8941       0.250000
      15       -17.8322       0.250000
      16       -17.8322       0.250000
      17       -5.32190       0.250000
      18       -5.32187       0.250000
      19       -5.23629       0.250000
      20       -5.23624       0.250000
      21       -4.68748       0.250000
      22       -4.68747       0.250000
      23       -4.54786       0.250000
      24       -4.54783       0.250000
      25        6.94033       0.250000
      26        6.94035       0.250000
      27        7.08508       0.250000
      28        7.08511       0.250000
      29        7.80257       0.250000
      30        7.80261       0.250000
      31        7.88643       0.250000
      32        7.88645       0.250000
      33        8.60332       0.250000
      34        8.60335       0.250000
      35        8.74086       0.250000
      36        8.74092       0.250000
      37        9.02170       0.250000
      38        9.02172       0.250000
      39        9.11380       0.250000
      40        9.11382       0.250000
      41        9.92127       0.250000
      42        9.92134       0.250000
      43        10.0247       0.250000
      44        10.0248       0.250000
      45        10.9408       0.250000
      46        10.9408       0.250000
      47        11.0914       0.250000
      48        11.0915       0.250000
      49        16.5137        0.00000
      50        16.5138        0.00000
      51        16.6502        0.00000
      52        16.6502        0.00000
      53        17.1973        0.00000
      54        17.1973        0.00000
      55        17.6917        0.00000
      56        17.6917        0.00000
      57        19.0680        0.00000
      58        19.0681        0.00000

 8/8 kpoint (Cartesian) = 0.097626 0.097979 0.097076 (457 pws)
       1       -48.7485       0.250000
       2       -48.7485       0.250000
       3       -48.3009       0.250000
       4       -48.3009       0.250000
       5       -18.3798       0.250000
       6       -18.3798       0.250000
       7       -18.3504       0.250000
       8       -18.3504       0.250000
       9       -18.1104       0.250000
      10       -18.1104       0.250000
      11       -17.9549       0.250000
      12       -17.9549       0.250000
      13       -17.8288       0.250000
      14       -17.8288       0.250000
      15       -17.8115       0.250000
      16       -17.8115       0.250000
      17       -5.46338       0.250000
      18       -5.46338       0.250000
      19       -5.39443       0.250000
      20       -5.39439       0.250000
      21       -4.50907       0.250000
      22       -4.50907       0.250000
      23       -4.45377       0.250000
      24       -4.45373       0.250000
      25        7.51254       0.250000
      26        7.51257       0.250000
      27        7.54804       0.250000
      28        7.54807       0.250000
      29        7.64535       0.250000
      30        7.64537       0.250000
      31        7.79505       0.250000
      32        7.79507       0.250000
      33        8.50845       0.250000
      34        8.50848       0.250000
      35        8.76111       0.250000
      36        8.76114       0.250000
      37        9.24153       0.250000
      38        9.24156       0.250000
      39        9.49530       0.250000
      40        9.49533       0.250000
      41        9.90894       0.250000
      42        9.90896       0.250000
      43        9.96824       0.250000
      44        9.96827       0.250000
      45        10.1372       0.250000
      46        10.1372       0.250000
      47        10.4882       0.250000
      48        10.4883       0.250000
      49        16.5155        0.00000
      50        16.5156        0.00000
      51        16.7005        0.00000
      52        16.7005        0.00000
      53        16.8113        0.00000
      54        16.8113        0.00000
      55        17.1384        0.00000
      56        17.1384        0.00000
      57        18.8034        0.00000
      58        18.8035        0.00000

 correction force for each atom along direction 1 is 1.92481e-06
 correction force for each atom along direction 2 is -1.53862e-06
 correction force for each atom along direction 3 is 2.20842e-07
------------------------------------------------------------------------------------------
 TOTAL-FORCE (eV/Angstrom)                                                                
------------------------------------------------------------------------------------------
                       Hf1         0.0016253833         0.0034342357         0.0126530017 
                       Hf2         0.0057255174         0.0165235465         0.0233281927 
                       Hf3        -0.0017066602         0.0034855186         0.0126592297 
                       Hf4        -0.0054727123         0.0164957371         0.0233205407 
                        O1         0.0226949492        -0.0365824487        -0.0358172023 
                        O2        -0.0227715152        -0.0366020326        -0.0358333175 
                        O3         0.0077164985        -0.0090346039        -0.0132651016 
                        O4        -0.0077208442        -0.0090416421        -0.0132434045 
                        O5         0.0231035230        -0.0005511594         0.0321675012 
                        O6        -0.0231648016        -0.0005650083         0.0321488706 
                        O7         0.0096383678         0.0262327060        -0.0190525271 
                        O8        -0.0096677057         0.0262051510        -0.0190657837 
------------------------------------------------------------------------------------------

----------------------------------------------------------------
 TOTAL-STRESS (KBAR)                                            
----------------------------------------------------------------
         0.4375216839        -0.0008505368        -0.0029081194 
        -0.0008505368        -2.5417638133        -0.9160596968 
        -0.0029081194        -0.9160596968         0.3143177376 
----------------------------------------------------------------
 TOTAL-PRESSURE: -0.596641 KBAR



 --------------------------------------------
 !FINAL_ETOT_IS -9782.7888205086219386 eV
 --------------------------------------------


TIME STATISTICS
------------------------------------------------------------------------------------
    CLASS_NAME                    NAME                TIME/s  CALLS   AVG/s  PER/%  
------------------------------------------------------------------------------------
                   total                              97.34  13       7.49   100.00 
 Driver            reading                            4.00   1        4.00   4.11   
 Input_Conv        Convert                            0.00   1        0.00   0.00   
 Driver            driver_line                        93.34  1        93.34  95.89  
 UnitCell          check_tau                          0.00   1        0.00   0.00   
 ESolver_KS_LCAO   before_all_runners                 2.87   1        2.87   2.95   
 PW_Basis_Sup      setuptransform                     0.54   1        0.54   0.55   
 PW_Basis_Sup      distributeg                        0.01   1        0.01   0.01   
 mymath            heapsort                           0.00   31       0.00   0.00   
 Charge_Mixing     init_mixing                        0.00   1        0.00   0.00   
 Symmetry          analy_sys                          0.06   1        0.06   0.06   
 PW_Basis_K        setuptransform                     0.00   1        0.00   0.00   
 PW_Basis_K        distributeg                        0.00   1        0.00   0.00   
 PW_Basis          setup_struc_factor                 0.00   1        0.00   0.00   
 NOrbital_Lm       extra_uniform                      0.16   14       0.01   0.16   
 Mathzone_Add1     SplineD2                           0.00   14       0.00   0.00   
 Mathzone_Add1     Cubic_Spline_Interpolation         0.00   14       0.00   0.00   
 Mathzone_Add1     Uni_Deriv_Phi                      0.15   14       0.01   0.15   
 ppcell_vl         init_vloc                          0.10   1        0.10   0.10   
 Ions              opt_ions                           85.59  1        85.59  87.93  
 ESolver_KS_LCAO   runner                             79.16  1        79.16  81.32  
 ESolver_KS_LCAO   before_scf                         0.53   1        0.53   0.55   
 atom_arrange      search                             0.00   1        0.00   0.00   
 atom_arrange      grid_d.init                        0.00   1        0.00   0.00   
 Grid              Construct_Adjacent_expand          0.00   1        0.00   0.00   
 Grid              Construct_Adjacent_expand_periodic 0.00   12       0.00   0.00   
 Grid_Technique    init                               0.18   1        0.18   0.18   
 Grid_BigCell      grid_expansion_index               0.05   2        0.02   0.05   
 Grid_Driver       Find_atom                          0.00   120      0.00   0.00   
 Record_adj        for_2d                             0.04   1        0.04   0.04   
 LCAO_domain       grid_prepare                       0.00   1        0.00   0.00   
 Veff              initialize_HR                      0.00   1        0.00   0.00   
 OverlapNew        initialize_SR                      0.00   1        0.00   0.00   
 EkineticNew       initialize_HR                      0.00   1        0.00   0.00   
 NonlocalNew       initialize_HR                      0.02   1        0.02   0.02   
 Charge            set_rho_core                       0.12   1        0.12   0.12   
 PW_Basis_Sup      recip2real                         0.06   132      0.00   0.06   
 PW_Basis_Sup      gathers_scatterp                   0.05   132      0.00   0.05   
 Charge            atomic_rho                         0.21   2        0.10   0.21   
 Potential         init_pot                           0.02   1        0.02   0.02   
 Potential         update_from_charge                 0.12   17       0.01   0.12   
 Potential         cal_fixed_v                        0.00   1        0.00   0.00   
 PotLocal          cal_fixed_v                        0.00   1        0.00   0.00   
 Potential         cal_v_eff                          0.12   17       0.01   0.12   
 H_Hartree_pw      v_hartree                          0.02   17       0.00   0.02   
 PW_Basis_Sup      real2recip                         0.06   153      0.00   0.06   
 PW_Basis_Sup      gatherp_scatters                   0.05   153      0.00   0.05   
 PotXC             cal_v_eff                          0.10   17       0.01   0.10   
 XC_Functional     v_xc                               0.11   19       0.01   0.11   
 Potential         interpolate_vrs                    0.00   17       0.00   0.00   
 Symmetry          rhog_symmetry                      0.43   17       0.03   0.45   
 Symmetry          group fft grids                    0.13   17       0.01   0.13   
 H_Ewald_pw        compute_ewald                      0.00   1        0.00   0.00   
 HSolverLCAO       solve                              77.83  16       4.86   79.96  
 HamiltLCAO        updateHk                           39.71  128      0.31   40.79  
 OperatorLCAO      init                               39.57  384      0.10   40.66  
 Veff              contributeHR                       39.15  16       2.45   40.22  
 Gint_interface    cal_gint                           67.12  33       2.03   68.95  
 Gint_interface    cal_gint_vlocal                    34.05  16       2.13   34.98  
 Gint_Tools        cal_psir_ylm                       1.21   32768    0.00   1.24   
 Gint_k            transfer_pvpR                      5.10   16       0.32   5.24   
 OverlapNew        calculate_SR                       0.09   1        0.09   0.10   
 OverlapNew        contributeHk                       0.04   128      0.00   0.04   
 EkineticNew       contributeHR                       0.10   16       0.01   0.10   
 EkineticNew       calculate_HR                       0.10   1        0.10   0.10   
 NonlocalNew       contributeHR                       0.29   16       0.02   0.30   
 NonlocalNew       calculate_HR                       0.28   1        0.28   0.29   
 OperatorLCAO      contributeHk                       0.03   128      0.00   0.03   
 HSolverLCAO       hamiltSolvePsiK                    3.76   128      0.03   3.87   
 DiagoElpa         elpa_solve                         3.43   128      0.03   3.52   
 elecstate         cal_dm                             0.16   17       0.01   0.17   
 psiMulPsiMpi      pdgemm                             0.16   136      0.00   0.17   
 DensityMatrix     cal_DMR                            0.04   17       0.00   0.04   
 ElecStateLCAO     psiToRho                           34.17  16       2.14   35.10  
 Gint              transfer_DMR                       1.73   16       0.11   1.78   
 Gint_interface    cal_gint_rho                       29.49  16       1.84   30.29  
 Charge_Mixing     get_drho                           0.00   16       0.00   0.00   
 Charge            mix_rho                            0.03   15       0.00   0.03   
 Charge            Broyden_mixing                     0.01   15       0.00   0.01   
 ModuleIO          write_rhog                         0.03   1        0.03   0.03   
 ESolver_KS_LCAO   after_scf                          0.11   1        0.11   0.11   
 ESolver_KS_LCAO   cal_force                          6.43   1        6.43   6.61   
 Force_Stress_LCAO getForceStress                     6.43   1        6.43   6.61   
 Forces            cal_force_loc                      0.00   1        0.00   0.00   
 Forces            cal_force_ew                       0.00   1        0.00   0.00   
 Forces            cal_force_cc                       0.11   1        0.11   0.12   
 Forces            cal_force_scc                      0.10   1        0.10   0.11   
 Stress_Func       stress_loc                         0.33   1        0.33   0.34   
 Stress_Func       stress_har                         0.00   1        0.00   0.00   
 Stress_Func       stress_ewa                         0.00   1        0.00   0.00   
 Stress_Func       stress_cc                          0.44   1        0.44   0.45   
 Stress_Func       stress_gga                         0.00   1        0.00   0.00   
 Force_LCAO        ftable                             4.62   1        4.62   4.75   
 Force_LCAO        allocate                           0.26   1        0.26   0.27   
 LCAO_domain       build_ST_new                       0.26   2        0.13   0.27   
 Force_LCAO        cal_pulay_fs_center2               0.01   2        0.00   0.01   
 Gint_interface    cal_gint_force                     3.58   1        3.58   3.68   
 Gint_Tools        cal_dpsir_ylm                      0.12   1024     0.00   0.12   
 Gint_Tools        cal_dpsirr_ylm                     0.02   1024     0.00   0.02   
 NonlocalNew       cal_force_stress                   0.82   1        0.82   0.84   
 ESolver_KS_LCAO   cal_stress                         0.00   1        0.00   0.00   
 ESolver_KS_LCAO   after_all_runners                  0.00   1        0.00   0.00   
 ModuleIO          write_istate_info                  0.00   1        0.00   0.00   
------------------------------------------------------------------------------------


 NAME-------------------------|MEMORY(MB)--------
                         total      2329.2471
                  Gint::hRGint       405.5750
                 Gint::DMRGint       405.2625
       TwoCenterTable: Kinetic       137.3855
       TwoCenterTable: Overlap       137.3855
      TwoCenterTable: Nonlocal       136.0217
                  meshball_pos       127.3850
               GT::ind_bigcell       125.7692
         GT::in_this_processor       125.7692
              GT::index2normal       125.7692
               GT::index2ucell       125.7692
                   Stress::dSR       118.8428
                   Force::dS_K        59.4214
                   Stress::dHr        59.4214
                  Force::dTVNL        59.4214
      GT::bigcell_on_processor        31.4423
                HamiltLCAO::hR        26.8582
            DensityMatrix::DMR        26.8582
                    index_ball        21.2308
                HamiltLCAO::sR        17.5211
                GT::which_atom         7.2166
             GT::which_bigcell         7.2166
            GT::which_unitcell         7.2166
            DensityMatrix::DMK         5.4863
                RealGauntTable         3.7773
                  SF::strucFac         3.7135
                  PW_B_K::gcar         2.8325
                  SF::eigts123         2.2515
                      Chg::rho         2.0000
                 Chg::rho_save         2.0000
                 Chg::rho_core         2.0000
                 Pot::veff_fix         2.0000
                     Pot::veff         2.0000
              Pot::veff_smooth         2.0000
 -------------   < 1.0 MB has been ignored ----------------
 ----------------------------------------------------------

 Start  Time  : Fri Oct  9 14:48:17 2026
 Finish Time  : Fri Oct  9 14:49:54 2026
 Total  Time  : 0 h 1 mins 37 secs 
