{
  "allow_tilt": true,
  "cell_A": [
    [
      5.23906013374329,
      3.9596582090142305e-38,
      -5e-15
    ],
    [
      0.0,
      5.075850294639185,
      0.0
    ],
    [
      -9.960458357199528e-07,
      7.838421547057636e-07,
      5.076525363871863
    ]
  ],
  "cell_scale_A": 5.12968067458423,
  "converged": false,
  "endpoint": {
    "cell_A": [
      [
        5.239060133743,
        0.0,
        0.0
      ],
      [
        0.0,
        5.075850294639,
        0.0
      ],
      [
        -9.96046e-07,
        7.83842e-07,
        5.076525363872
      ]
    ],
    "composition": {
      "Hf": 4,
      "O": 8
    },
    "format_version": 1,
    "fractional_positions_wrapped": [
      [
        0.999835380072,
        0.998231428255,
        0.999862169217
      ],
      [
        0.499834891017,
        0.936762094842,
        0.468351289688
      ],
      [
        0.499834619627,
        0.4367617331,
        0.999862802206
      ],
      [
        0.999835475059,
        0.498231236915,
        0.468351648507
      ],
      [
        0.25079740658,
        0.232621296567,
        0.272140723101
      ],
      [
        0.750797541351,
        0.202361060398,
        0.272140601229
      ],
      [
        0.354505230286,
        0.102101916843,
        0.803557894163
      ],
      [
        0.854506055833,
        0.332882034344,
        0.803558464698
      ],
      [
        0.250798424917,
        0.732620964801,
        0.196074128628
      ],
      [
        0.750798755567,
        0.702360929036,
        0.196074640797
      ],
      [
        0.354506494143,
        0.602101426178,
        0.664656511155
      ],
      [
        0.85450721414,
        0.832882605165,
        0.664655731151
      ]
    ],
    "identity_convention": "ordered species, PBC, cell_A and wrapped fractional positions rounded to 1e-12",
    "n_atoms": 12,
    "pbc": [
      true,
      true,
      true
    ],
    "sha256": "27e04b255805e936c817499ae484e8dd99f3614a6be4c453e81a9b90d6efdd03",
    "species_order": [
      "Hf",
      "Hf",
      "Hf",
      "Hf",
      "O",
      "O",
      "O",
      "O",
      "O",
      "O",
      "O",
      "O"
    ],
    "volume_A3": 134.9984395075665
  },
  "enthalpy_eV": -9782.972556311173,
  "external_pressure_gpa": 0.0,
  "fmax_target_eV_per_A": 0.03,
  "max_abs_full_stress_kbar_information_only": 99.8858379045,
  "max_atomic_force_eV_per_A": 0.037333755003720444,
  "max_generalized_force_eV_per_A": 0.11354318348284397,
  "maxstep": 0.02,
  "normal_residual_kbar": 6.9484940222,
  "open_stress_target_kbar": 2.0,
  "open_traction_kbar": [
    0.00032460430009207606,
    -0.00037376230000000105,
    6.9484940222
  ],
  "open_traction_norm_kbar": 6.948494039834484,
  "optimizer": "BFGS(ClampedPlaneFilter)",
  "optimizer_steps": 4,
  "phase_and_variant_gate": "pending_independent_audit_no_symmetry_forcing",
  "phase_label_seed_not_certified": "PO_plus",
  "physical_contract_sha256": {
    "Hf.upf": "7c516a68310c779a4f572c9ea6b3a73f27ca3a61908b9ade0da3db6db727c8a5",
    "Hf_gga_10au_100Ry_4s2p2d1f.orb": "0c72d33ee28f930f3426a0d81255a233c3f9caf1326b5679d861ea6bf83c0519",
    "INPUT": "dc6684ffa709bf3d953c647272589b05d844c1293477bd144226d495207cb9df",
    "KPT": "92b917107d9df11da28a465cc4900f3574956a057ddf9f7ad125e75c956ec508",
    "O.upf": "8c6886f443f3bfe7b8d18f2f6b28dd8749746d996499a542fff9666da34d7cf6",
    "O_gga_10au_100Ry_2s2p1d.orb": "af216fe56366f36583f7d0d3f6e8820381327ae6f80ce0efc86fde1a1b6bc1d3"
  },
  "potential_energy_eV": -9782.972556311173,
  "seed_manifest_sha256": "c89c50e1c6215d26965690aeafcdb28d53b07c6699664c531f587c9614b75b54",
  "shear_traction_norm_kbar": 0.0004950416230331064,
  "status": "step_limit",
  "steps_requested": 4,
  "strain": 0.0,
  "stress_eV_per_A3": [
    [
      0.060217124654621576,
      -6.898221310597394e-07,
      2.0260206840589836e-07
    ],
    [
      -6.898221310597394e-07,
      -0.06234383636910536,
      -2.332840787141326e-07
    ],
    [
      2.0260206840589836e-07,
      -2.332840787141326e-07,
      0.0043369088493397665
    ]
  ],
  "substrate_plane_drift_A": 3.9596582090142305e-38,
  "volume_A3": 134.9984395075665
}
{"status": "bounded_canary_raw_audit_passed_not_G2_path_or_stability", "new_SCF_calls": 5, "endpoint_converged": false, "SCF_core_hours": 6.725753134042025}
