                                                                                     
                              ABACUS v3.10.0

               Atomic-orbital Based Ab-initio Computation at UStc                    

                     Website: http://abacus.ustc.edu.cn/                             
               Documentation: https://abacus.deepmodeling.com/                       
                  Repository: https://github.com/abacusmodeling/abacus-develop       
                              https://github.com/deepmodeling/abacus-develop         
                      Commit: f7cb1d3 (Mon May 12 16:53:30 2025 +0800)

    Start Time is Sat Oct 10 10:58:02 2026
                                                                                     
 ------------------------------------------------------------------------------------

 READING GENERAL INFORMATION
                           global_out_dir = OUT.ABACUS/
                           global_in_card = INPUT
                               pseudo_dir = 
                              orbital_dir = 
                                    DRANK = 1
                                    DSIZE = 32
                                   DCOLOR = 1
                                    GRANK = 1
                                    GSIZE = 1




 >>>>>>>>>>>>>>>>>>>>>>>>>>>>>>>>>>>>>>>>>>>>>>>>>>>>>>>>>>>>>>>>>>>>>>
 |                                                                    |
 | Reading atom information in unitcell:                              |
 | From the input file and the structure file we know the number of   |
 | different elments in this unitcell, then we list the detail        |
 | information for each element, especially the zeta and polar atomic |
 | orbital number for each element. The total atom number is counted. |
 | We calculate the nearest atom distance for each atom and show the  |
 | Cartesian and Direct coordinates for each atom. We list the file   |
 | address for atomic orbitals. The volume and the lattice vectors    |
 | in real and reciprocal space is also shown.                        |
 |                                                                    |
 <<<<<<<<<<<<<<<<<<<<<<<<<<<<<<<<<<<<<<<<<<<<<<<<<<<<<<<<<<<<<<<<<<<<<<




 READING UNITCELL INFORMATION
                                    ntype = 2
                  lattice constant (Bohr) = 1.88973
              lattice constant (Angstrom) = 1

 READING ATOM TYPE 1
                               atom label = Hf
                      L=0, number of zeta = 4
                      L=1, number of zeta = 2
                      L=2, number of zeta = 2
                      L=3, number of zeta = 1
             number of atom for this type = 4

 READING ATOM TYPE 2
                               atom label = O
                      L=0, number of zeta = 2
                      L=1, number of zeta = 2
                      L=2, number of zeta = 1
             number of atom for this type = 8

                        TOTAL ATOM NUMBER = 12
DIRECT COORDINATES
    atom                   x                   y                   z     mag                  vx                  vy                  vz
taud_Hf1            0.9999728041        0.0000227489        0.9999274923  0.0000        0.0000000000        0.0000000000        0.0000000000
taud_Hf2            0.4999722559        0.0649951077        0.5318562451  0.0000        0.0000000000        0.0000000000        0.0000000000
taud_Hf3            0.4999726739        0.5649951180        0.9999275557  0.0000        0.0000000000        0.0000000000        0.0000000000
taud_Hf4            0.9999720004        0.5000226103        0.5318559112  0.0000        0.0000000000        0.0000000000        0.0000000000
taud_O1            0.1433481599        0.1674518491        0.3340868013  0.0000        0.0000000000        0.0000000000        0.0000000000
taud_O2            0.6433492617        0.3975566599        0.3340842832  0.0000        0.0000000000        0.0000000000        0.0000000000
taud_O3            0.2515373205        0.3025656972        0.8025424527  0.0000        0.0000000000        0.0000000000        0.0000000000
taud_O4            0.7515370484        0.2624483644        0.8025434564  0.0000        0.0000000000        0.0000000000        0.0000000000
taud_O5            0.1433503609        0.6674524012        0.1976999024  0.0000        0.0000000000        0.0000000000        0.0000000000
taud_O6            0.6433514634        0.8975564098        0.1977021608  0.0000        0.0000000000        0.0000000000        0.0000000000
taud_O7            0.2515396934        0.8025652545        0.7292440481  0.0000        0.0000000000        0.0000000000        0.0000000000
taud_O8            0.7515394690        0.7624490526        0.7292430862  0.0000        0.0000000000        0.0000000000        0.0000000000



                          Volume (Bohr^3) = 923.892
                             Volume (A^3) = 136.906

 Lattice vectors: (Cartesian coordinate: in unit of a_0)
             +5.29145        +6.90294e-25        -5.09997e-15
                   +0            +5.12661                  +0
         -1.14974e-06        +2.84634e-07            +5.04684
 Reciprocal vectors: (Cartesian coordinate: in unit of 2 pi/a_0)
            +0.188984                  -0         +4.3053e-08
         -1.06285e-23           +0.195061        -1.10011e-08
         +1.90974e-16                  -0           +0.198144
 The esolver type has been set to : ksdft_lcao

 RUNNING WITH DEVICE  : CPU / AMD EPYC 7702 64-Core Processor




 >>>>>>>>>>>>>>>>>>>>>>>>>>>>>>>>>>>>>>>>>>>>>>>>>>>>>>>>>>>>>>>>>>>>>>
 |                                                                    |
 | Reading pseudopotentials files:                                    |
 | The pseudopotential file is in UPF format. The 'NC' indicates that |
 | the type of pseudopotential is 'norm conserving'. Functional of    |
 | exchange and correlation is decided by 4 given parameters in UPF   |
 | file.  We also read in the 'core correction' if there exists.      |
 | Also we can read the valence electrons number and the maximal      |
 | angular momentum used in this pseudopotential. We also read in the |
 | trail wave function, trail atomic density and local-pseudopotential|
 | on logrithmic grid. The non-local pseudopotential projector is also|
 | read in if there is any.                                           |
 |                                                                    |
 <<<<<<<<<<<<<<<<<<<<<<<<<<<<<<<<<<<<<<<<<<<<<<<<<<<<<<<<<<<<<<<<<<<<<<




                PAO radial cut off (Bohr) = 15

 Read in pseudopotential file is Hf.upf
                     pseudopotential type = NC
          exchange-correlation functional = PBE
                 nonlocal core correction = 1
                        valence electrons = 12
                                     lmax = 3
                           number of zeta = 4
                     number of projectors = 8
                           L of projector = 0
                           L of projector = 0
                           L of projector = 1
                           L of projector = 1
                           L of projector = 2
                           L of projector = 2
                           L of projector = 3
                           L of projector = 3
                PAO radial cut off (Bohr) = 15

 Read in pseudopotential file is O.upf
                     pseudopotential type = NC
          exchange-correlation functional = PBE
                 nonlocal core correction = 1
                        valence electrons = 6
                                     lmax = 2
                           number of zeta = 2
                     number of projectors = 5
                           L of projector = 0
                           L of projector = 0
                           L of projector = 1
                           L of projector = 1
                           L of projector = 2
     initial pseudo atomic orbital number = 72

 SETUP THE ELECTRONS NUMBER
            electron number of element Hf = 12
      total electron number of element Hf = 48
             electron number of element O = 6
       total electron number of element O = 48
            AUTOSET number of electrons:  = 96
                           occupied bands = 48
                                   NLOCAL = 212
                                   NBANDS = 58
                                   NBANDS = 58
                                   NLOCAL = 212

%%%%%%%%%%%%%%%%%%%%%%%%%%%%%%%%%%%%%%%%%%%%%%%%%%%%%%%%%%%%%%%%%%%%%%%%%%%%%%%%%%%%%%%%%%%%%%%%%%%%%%%%%%
 Warning: the number of valence electrons in pseudopotential > 4 for Hf: [Xe] 4f14 5d2 6s2
 Pseudopotentials with additional electrons can yield (more) accurate outcomes, but may be less efficient.
 If you're confident that your chosen pseudopotential is appropriate, you can safely ignore this warning.
%%%%%%%%%%%%%%%%%%%%%%%%%%%%%%%%%%%%%%%%%%%%%%%%%%%%%%%%%%%%%%%%%%%%%%%%%%%%%%%%%%%%%%%%%%%%%%%%%%%%%%%%%%
                  




 >>>>>>>>>>>>>>>>>>>>>>>>>>>>>>>>>>>>>>>>>>>>>>>>>>>>>>>>>>>>>>>>>>>>>>
 |                                                                    |
 | Setup plane waves of charge/potential:                             |
 | Use the energy cutoff and the lattice vectors to generate the      |
 | dimensions of FFT grid. The number of FFT grid on each processor   |
 | is 'nrxx'. The number of plane wave basis in reciprocal space is   |
 | different for charege/potential and wave functions. We also set    |
 | the 'sticks' for the parallel of FFT. The number of plane waves    |
 | is 'npw' in each processor.                                        |
 <<<<<<<<<<<<<<<<<<<<<<<<<<<<<<<<<<<<<<<<<<<<<<<<<<<<<<<<<<<<<<<<<<<<<<





 SETUP THE PLANE WAVE BASIS
 energy cutoff for charge/potential (unit:Ry) = 400
            fft grid for charge/potential = [ 64, 64, 64 ]
                        fft grid division = [ 2, 2, 2 ]
        big fft grid for charge/potential = [ 32, 32, 32 ]
                                     nbxx = 1024
                                     nrxx = 8192

 SETUP PLANE WAVES FOR CHARGE/POTENTIAL
                    number of plane waves = 124839
                         number of sticks = 3079

 PARALLEL PW FOR CHARGE/POTENTIAL
     PROC   COLUMNS(POT)             PW
        1             96           3902
        2             96           3902
        3             96           3902
        4             96           3902
        5             96           3902
        6             96           3902
        7             96           3902
        8             96           3902
        9             96           3902
       10             96           3902
       11             97           3903
       12             97           3903
       13             97           3903
       14             97           3903
       15             97           3903
       16             97           3903
       17             96           3900
       18             96           3900
       19             96           3900
       20             96           3900
       21             96           3900
       22             96           3900
       23             96           3900
       24             96           3900
       25             96           3900
       26             96           3900
       27             97           3901
       28             96           3900
       29             96           3900
       30             96           3900
       31             96           3900
       32             96           3900
 --------------- sum -------------------
       32           3079         124839
                            number of |g| = 3900
                                  max |g| = 36.1483
                                  min |g| = 0.0380487
 DONE : SETUP UNITCELL Time : 0.644789 (SEC)


----------- Double Check Mixing Parameters Begin ------------
mixing_type: broyden
mixing_beta: 0.3
mixing_gg0: 1
mixing_gg0_min: 0.1
mixing_ndim: 8
----------- Double Check Mixing Parameters End ------------




 >>>>>>>>>>>>>>>>>>>>>>>>>>>>>>>>>>>>>>>>>>>>>>>>>>>>>>>>>>>>>>>>>>>>>>
 |                                                                    |
 | Doing symmetry analysis:                                           |
 | We calculate the norm of 3 vectors and the angles between them,    |
 | the type of Bravais lattice is given. We can judge if the unticell |
 | is a primitive cell. Finally we give the point group operation for |
 | this unitcell. We use the point group operations to do symmetry |
 | analysis on given k-point mesh and the charge density.             |
 |                                                                    |
 <<<<<<<<<<<<<<<<<<<<<<<<<<<<<<<<<<<<<<<<<<<<<<<<<<<<<<<<<<<<<<<<<<<<<<




 LATTICE VECTORS: (CARTESIAN COORDINATE: IN UNIT OF A0)
             +5.29145        +6.90294e-25        -5.09997e-15
                   +0            +5.12661                  +0
         -1.14974e-06        +2.84634e-07            +5.04684
                       right hand lattice = 1
                                   NORM_A = 5.29145
                                   NORM_B = 5.12661
                                   NORM_C = 5.04684
                           ALPHA (DEGREE) = 90
                           BETA  (DEGREE) = 90
                           GAMMA (DEGREE) = 90

 The lattice vectors have been changed (STRU_SIMPLE.cif)

(for optimal symmetric configuration:)
                             BRAVAIS TYPE = 8
                     BRAVAIS LATTICE NAME = 08. Orthorhombic P(simple)
                                    ibrav = 8
                                    IBRAV = 8
                                  BRAVAIS = SIMPLE ORTHORHOMBIC CELL
                       LATTICE CONSTANT A = 5.04684
                                B/A RATIO = 1.01581
                                C/A RATIO = 1.04847
Original cell was already a primitive cell.
                        ROTATION MATRICES = 8
              PURE POINT GROUP OPERATIONS = 1
                   SPACE GROUP OPERATIONS = 1
                              POINT GROUP = C_1
               POINT GROUP IN SPACE GROUP = C_1
 DONE : SYMMETRY Time : 0.682257 (SEC)





 >>>>>>>>>>>>>>>>>>>>>>>>>>>>>>>>>>>>>>>>>>>>>>>>>>>>>>>>>>>>>>>>>>>>>>
 |                                                                    |
 | Setup K-points                                                     |
 | We setup the k-points according to input parameters.               |
 | The reduced k-points are set according to symmetry operations.     |
 | We treat the spin as another set of k-points.                      |
 |                                                                    |
 <<<<<<<<<<<<<<<<<<<<<<<<<<<<<<<<<<<<<<<<<<<<<<<<<<<<<<<<<<<<<<<<<<<<<<





 SETUP K-POINTS
                                    nspin = 1
                   Input type of k points = Monkhorst-Pack(Gamma)
                                   nkstot = 8
                       right hand lattice = 1
(for reciprocal lattice: )
                             BRAVAIS TYPE = 8
                     BRAVAIS LATTICE NAME = 08. Orthorhombic P(simple)
                                    ibrav = 8
                       right hand lattice = 1
(for k-lattice: )
                             BRAVAIS TYPE = 8
                     BRAVAIS LATTICE NAME = 08. Orthorhombic P(simple)
                                    ibrav = 8
                       right hand lattice = 1
                        ROTATION MATRICES = 8
                               nkstot_ibz = 8
K-POINTS REDUCTION ACCORDING TO SYMMETRY
     IBZ    DIRECT_X    DIRECT_Y    DIRECT_Z  WEIGHT  ibz2bz
       1  0.00000000  0.00000000  0.00000000  0.1250       0
       2  0.50000000  0.00000000  0.00000000  0.1250       1
       3  0.00000000  0.50000000  0.00000000  0.1250       2
       4  0.50000000  0.50000000  0.00000000  0.1250       3
       5  0.00000000  0.00000000  0.50000000  0.1250       4
       6  0.50000000  0.00000000  0.50000000  0.1250       5
       7  0.00000000  0.50000000  0.50000000  0.1250       6
       8  0.50000000  0.50000000  0.50000000  0.1250       7

                               nkstot now = 8
K-POINTS DIRECT COORDINATES
 KPOINTS    DIRECT_X    DIRECT_Y    DIRECT_Z  WEIGHT
       1  0.00000000  0.00000000  0.00000000  0.1250
       2  0.50000000  0.00000000  0.00000000  0.1250
       3  0.00000000  0.50000000  0.00000000  0.1250
       4  0.50000000  0.50000000  0.00000000  0.1250
       5  0.00000000  0.00000000  0.50000000  0.1250
       6  0.50000000  0.00000000  0.50000000  0.1250
       7  0.00000000  0.50000000  0.50000000  0.1250
       8  0.50000000  0.50000000  0.50000000  0.1250


           k-point number in this process = 8
       minimum distributed K point number = 8
starsize: 1
isym: 0 ks_vec: 0 0 0
starsize: 1
isym: 0 ks_vec: 0.5 0 0
starsize: 1
isym: 0 ks_vec: 0 0.5 0
starsize: 1
isym: 0 ks_vec: 0.5 0.5 0
starsize: 1
isym: 0 ks_vec: 0 0 0.5
starsize: 1
isym: 0 ks_vec: 0.5 0 0.5
starsize: 1
isym: 0 ks_vec: 0 0.5 0.5
starsize: 1
isym: 0 ks_vec: 0.5 0.5 0.5

K-POINTS CARTESIAN COORDINATES
 KPOINTS CARTESIAN_X CARTESIAN_Y CARTESIAN_Z  WEIGHT
       1  0.00000000  0.00000000  0.00000000  0.2500
       2  0.09449204  0.00000000  0.00000002  0.2500
       3  0.00000000  0.09753036 -0.00000001  0.2500
       4  0.09449204  0.09753036  0.00000002  0.2500
       5  0.00000000  0.00000000  0.09907192  0.2500
       6  0.09449204  0.00000000  0.09907194  0.2500
       7  0.00000000  0.09753036  0.09907191  0.2500
       8  0.09449204  0.09753036  0.09907193  0.2500


K-POINTS DIRECT COORDINATES
 KPOINTS    DIRECT_X    DIRECT_Y    DIRECT_Z  WEIGHT
       1  0.00000000  0.00000000  0.00000000  0.2500
       2  0.50000000  0.00000000  0.00000000  0.2500
       3  0.00000000  0.50000000  0.00000000  0.2500
       4  0.50000000  0.50000000  0.00000000  0.2500
       5  0.00000000  0.00000000  0.50000000  0.2500
       6  0.50000000  0.00000000  0.50000000  0.2500
       7  0.00000000  0.50000000  0.50000000  0.2500
       8  0.50000000  0.50000000  0.50000000  0.2500

 DONE : INIT K-POINTS Time : 0.805835 (SEC)





 >>>>>>>>>>>>>>>>>>>>>>>>>>>>>>>>>>>>>>>>>>>>>>>>>>>>>>>>>>>>>>>>>>>>>>
 |                                                                    |
 | Setup plane waves of wave functions:                               |
 | Use the energy cutoff and the lattice vectors to generate the      |
 | dimensions of FFT grid. The number of FFT grid on each processor   |
 | is 'nrxx'. The number of plane wave basis in reciprocal space is   |
 | different for charege/potential and wave functions. We also set    |
 | the 'sticks' for the parallel of FFT. The number of plane wave of  |
 | each k-point is 'npwk[ik]' in each processor                       |
 <<<<<<<<<<<<<<<<<<<<<<<<<<<<<<<<<<<<<<<<<<<<<<<<<<<<<<<<<<<<<<<<<<<<<<





 SETUP PLANE WAVES FOR WAVE FUNCTIONS
     energy cutoff for wavefunc (unit:Ry) = 100
              fft grid for wave functions = [ 64, 64, 64 ]
                    number of plane waves = 18333
                         number of sticks = 865

 PARALLEL PW FOR WAVE FUNCTIONS
     PROC   COLUMNS(POT)             PW
        1             26            572
        2             27            575
        3             27            575
        4             27            575
        5             27            575
        6             27            573
        7             27            573
        8             27            573
        9             27            573
       10             27            573
       11             27            573
       12             27            573
       13             27            573
       14             27            573
       15             27            573
       16             27            573
       17             27            573
       18             27            573
       19             27            573
       20             27            573
       21             27            573
       22             27            573
       23             27            573
       24             27            573
       25             27            573
       26             27            573
       27             28            572
       28             27            571
       29             27            571
       30             27            571
       31             27            571
       32             28            572
 --------------- sum -------------------
       32            865          18333
 DONE : INIT PLANEWAVE Time : 0.81119 (SEC)

 SET NONLOCAL PSEUDOPOTENTIAL PROJECTORS
 SET NONLOCAL PSEUDOPOTENTIAL PROJECTORS
 max number of nonlocal projetors among all species is 8
 DONE : LOCAL POTENTIAL Time : 1.58524 (SEC)


 -------------------------------------------
 SELF-CONSISTENT
 -------------------------------------------




 >>>>>>>>>>>>>>>>>>>>>>>>>>>>>>>>>>>>>>>>>>>>>>>>>>>>>>>>>>>>>>>>>>>>>>
 |                                                                    |
 | Search adjacent atoms:                                             |
 | Set the adjacent atoms for each atom and set the periodic boundary |
 | condition for the atoms on real space FFT grid. For k-dependent    |
 | algorithm, we also need to set the sparse H and S matrix element   |
 | for each atom.                                                     |
 |                                                                    |
 <<<<<<<<<<<<<<<<<<<<<<<<<<<<<<<<<<<<<<<<<<<<<<<<<<<<<<<<<<<<<<<<<<<<<<





 SETUP SEARCHING RADIUS FOR PROGRAM TO SEARCH ADJACENT ATOMS
                  longest orb rcut (Bohr) = 10
   longest nonlocal projector rcut (Bohr) = 2.46
                     search radius (Bohr) = 24.9
              searching radius is (Bohr)) = 24.9
         searching radius unit is (Bohr)) = 1.89
                         PeriodicBoundary = 1
                        Radius(unit:lat0) = 13.2
                                   glayer = [ 4, 4, 4 ]
                             glayer_minus = [ 3, 3, 3 ]

Find the coordinate range of the input atom(unit:lat0).
                                  min_tau = [ -15.1, -15.4, -14.1 ]
                                  max_tau = [ 21.2, 20, 20.2 ]
                                BoxNumber = [ 7, 7, 7 ]

 SETUP EXTENDED REAL SPACE GRID FOR GRID INTEGRATION
                          real space grid = [ 64, 64, 64 ]
                 big cell numbers in grid = [ 32, 32, 32 ]
             meshcell numbers in big cell = [ 2, 2, 2 ]
                        extended fft grid = [ 33, 34, 34 ]
                dimension of extened grid = [ 99, 101, 101 ]
                            UnitCellTotal = 125
              Atom number in sub-FFT-grid = 12
    Local orbitals number in sub-FFT-grid = 212
                                ParaV.nnr = 78726

 Warning_Memory_Consuming allocated:  Gint::hRGint 12.6 MB

 Warning_Memory_Consuming allocated:  Gint::DMRGint 12.6 MB
                                 init_chg = atomic
 DONE : INIT SCF Time : 2.36051 (SEC)


 LCAO ALGORITHM --------------- ION=   1  ELEC=   1--------------------------------

 Density error is 0.158527102723
----------------------------------------------------------
     Energy           Rydberg                 eV          
----------------------------------------------------------
 E_KohnSham     -718.6862836607      -9778.2285322298     
 E_Harris       -705.5630838143      -9599.6782383255     
 E_Fermi        0.7727472478         10.5137656838        
----------------------------------------------------------


 LCAO ALGORITHM --------------- ION=   1  ELEC=   2--------------------------------

 Density error is 0.06420634899
----------------------------------------------------------
     Energy           Rydberg                 eV          
----------------------------------------------------------
 E_KohnSham     -719.0037586067      -9782.5480004677     
 E_Harris       -715.6420388273      -9736.8094563883     
 E_Fermi        1.0696072121         14.5527527059        
----------------------------------------------------------


 LCAO ALGORITHM --------------- ION=   1  ELEC=   3--------------------------------

 Density error is 0.038600675837
----------------------------------------------------------
     Energy           Rydberg                 eV          
----------------------------------------------------------
 E_KohnSham     -719.0328438770      -9782.9437258713     
 E_Harris       -718.6188336005      -9777.3108270808     
 E_Fermi        1.0618900936         14.4477559223        
----------------------------------------------------------


 LCAO ALGORITHM --------------- ION=   1  ELEC=   4--------------------------------

 Density error is 0.00792089921914
----------------------------------------------------------
     Energy           Rydberg                 eV          
----------------------------------------------------------
 E_KohnSham     -719.0306375263      -9782.9137069303     
 E_Harris       -718.2323982096      -9772.0531038559     
 E_Fermi        1.0625132498         14.4562343973        
----------------------------------------------------------


 LCAO ALGORITHM --------------- ION=   1  ELEC=   5--------------------------------

 Density error is 0.00174259190121
----------------------------------------------------------
     Energy           Rydberg                 eV          
----------------------------------------------------------
 E_KohnSham     -719.0324469776      -9782.9383257787     
 E_Harris       -719.0236848511      -9782.8191109314     
 E_Fermi        1.0618490924         14.4471980727        
----------------------------------------------------------


 LCAO ALGORITHM --------------- ION=   1  ELEC=   6--------------------------------

 Density error is 0.000828153747321
----------------------------------------------------------
     Energy           Rydberg                 eV          
----------------------------------------------------------
 E_KohnSham     -719.0324453070      -9782.9383030487     
 E_Harris       -719.0161914549      -9782.7171580451     
 E_Fermi        1.0628237746         14.4604593045        
----------------------------------------------------------


 LCAO ALGORITHM --------------- ION=   1  ELEC=   7--------------------------------

 Density error is 0.00022419273479
----------------------------------------------------------
     Energy           Rydberg                 eV          
----------------------------------------------------------
 E_KohnSham     -719.0324626870      -9782.9385395153     
 E_Harris       -719.0150643715      -9782.7018232896     
 E_Fermi        1.0637163872         14.4726039224        
----------------------------------------------------------


 LCAO ALGORITHM --------------- ION=   1  ELEC=   8--------------------------------

 Density error is 2.63529070586e-05
----------------------------------------------------------
     Energy           Rydberg                 eV          
----------------------------------------------------------
 E_KohnSham     -719.0324635960      -9782.9385518827     
 E_Harris       -719.0350090426      -9782.9731844612     
 E_Fermi        1.0637438944         14.4729781760        
----------------------------------------------------------


 LCAO ALGORITHM --------------- ION=   1  ELEC=   9--------------------------------

 Density error is 2.97021495151e-05
----------------------------------------------------------
     Energy           Rydberg                 eV          
----------------------------------------------------------
 E_KohnSham     -719.0324635835      -9782.9385517135     
 E_Harris       -719.0299257145      -9782.9040222344     
 E_Fermi        1.0637216628         14.4726757004        
----------------------------------------------------------


 LCAO ALGORITHM --------------- ION=   1  ELEC=  10--------------------------------

 Density error is 3.18677413421e-06
----------------------------------------------------------
     Energy           Rydberg                 eV          
----------------------------------------------------------
 E_KohnSham     -719.0324636077      -9782.9385520429     
 E_Harris       -719.0323279456      -9782.9367062642     
 E_Fermi        1.0637134303         14.4725636905        
----------------------------------------------------------


 LCAO ALGORITHM --------------- ION=   1  ELEC=  11--------------------------------

 Density error is 2.76727445443e-07
----------------------------------------------------------
     Energy           Rydberg                 eV          
----------------------------------------------------------
 E_KohnSham     -719.0324636080      -9782.9385520462     
 E_Harris       -719.0324404720      -9782.9382372653     
 E_Fermi        1.0637173901         14.4726175668        
----------------------------------------------------------


 LCAO ALGORITHM --------------- ION=   1  ELEC=  12--------------------------------

 Density error is 2.176708719e-07
----------------------------------------------------------
     Energy           Rydberg                 eV          
----------------------------------------------------------
 E_KohnSham     -719.0324636080      -9782.9385520463     
 E_Harris       -719.0324689575      -9782.9386248300     
 E_Fermi        1.0637173147         14.4726165417        
----------------------------------------------------------


 LCAO ALGORITHM --------------- ION=   1  ELEC=  13--------------------------------

 Density error is 2.33868103583e-08
----------------------------------------------------------
     Energy           Rydberg                 eV          
----------------------------------------------------------
 E_KohnSham     -719.0324636080      -9782.9385520463     
 E_Harris       -719.0324648147      -9782.9385684643     
 E_Fermi        1.0637174473         14.4726183455        
----------------------------------------------------------


 LCAO ALGORITHM --------------- ION=   1  ELEC=  14--------------------------------

 Density error is 1.47933024939e-08
----------------------------------------------------------
     Energy           Rydberg                 eV          
----------------------------------------------------------
 E_KohnSham     -719.0324636080      -9782.9385520463     
 E_Harris       -719.0324641190      -9782.9385589984     
 E_Fermi        1.0637174362         14.4726181948        
----------------------------------------------------------


 LCAO ALGORITHM --------------- ION=   1  ELEC=  15--------------------------------

 Density error is 6.51091765996e-09
----------------------------------------------------------
     Energy           Rydberg                 eV          
----------------------------------------------------------
 E_KohnSham     -719.0324636080      -9782.9385520463     
 E_KS(sigma->0) -719.0324636080      -9782.9385520463     
 E_Harris       -719.0324634581      -9782.9385500066     
 E_band         -38.0691248011       -517.9570151678      
 E_one_elec     -123.7579416897      -1683.8131797312     
 E_Hartree      117.3854046543       1597.1103653338      
 E_xc           -182.3054459713      -2480.3928416412     
 E_Ewald        -530.3544806013      -7215.8428960078     
 E_entropy(-TS) -0.0000000000        -0.0000000000        
 E_descf        0.0000000000         0.0000000000         
 E_exx          0.0000000000         0.0000000000         
 E_Fermi        1.0637174278         14.4726180802        
----------------------------------------------------------


 charge density convergence is achieved
 final etot is -9782.938552 eV
 EFERMI = 14.47261808 eV

 STATE ENERGY(eV) AND OCCUPATIONS    NSPIN == 1
 1/8 kpoint (Cartesian) = 0.0000 0.0000 0.0000 (484 pws)
       1       -49.0563       0.250000
       2       -49.0397       0.250000
       3       -49.0386       0.250000
       4       -49.0373       0.250000
       5       -18.8194       0.250000
       6       -18.8170       0.250000
       7       -18.8148       0.250000
       8       -18.6213       0.250000
       9       -18.5750       0.250000
      10       -18.5373       0.250000
      11       -18.5353       0.250000
      12       -18.5333       0.250000
      13       -18.5293       0.250000
      14       -18.4450       0.250000
      15       -18.4440       0.250000
      16       -18.4249       0.250000
      17       -6.99794       0.250000
      18       -5.61125       0.250000
      19       -5.54587       0.250000
      20       -5.44191       0.250000
      21       -5.10684       0.250000
      22       -4.86172       0.250000
      23       -4.82627       0.250000
      24       -4.71514       0.250000
      25        5.61481       0.250000
      26        5.63482       0.250000
      27        5.75574       0.250000
      28        6.40520       0.250000
      29        6.64173       0.250000
      30        6.64802       0.250000
      31        7.84341       0.250000
      32        7.85966       0.250000
      33        7.87559       0.250000
      34        7.99398       0.250000
      35        8.28471       0.250000
      36        8.84551       0.250000
      37        8.90651       0.250000
      38        9.06917       0.250000
      39        9.32469       0.250000
      40        9.42144       0.250000
      41        9.67440       0.250000
      42        9.81718       0.250000
      43        9.81979       0.250000
      44        10.0120       0.250000
      45        10.0485       0.250000
      46        10.8225       0.250000
      47        11.1585       0.250000
      48        11.1766       0.250000
      49        15.8005        0.00000
      50        16.3399        0.00000
      51        16.4848        0.00000
      52        16.4946        0.00000
      53        16.7866        0.00000
      54        16.7946        0.00000
      55        16.9970        0.00000
      56        17.0126        0.00000
      57        17.2732        0.00000
      58        17.7166        0.00000

 2/8 kpoint (Cartesian) = 0.094492 0.0000 2.1527e-08 (477 pws)
       1       -49.0481       0.250000
       2       -49.0480       0.250000
       3       -49.0381       0.250000
       4       -49.0380       0.250000
       5       -18.7370       0.250000
       6       -18.7370       0.250000
       7       -18.7163       0.250000
       8       -18.7163       0.250000
       9       -18.6200       0.250000
      10       -18.6200       0.250000
      11       -18.5286       0.250000
      12       -18.5286       0.250000
      13       -18.4804       0.250000
      14       -18.4804       0.250000
      15       -18.4768       0.250000
      16       -18.4768       0.250000
      17       -6.25611       0.250000
      18       -6.25610       0.250000
      19       -5.48146       0.250000
      20       -5.48145       0.250000
      21       -5.05425       0.250000
      22       -5.05423       0.250000
      23       -4.79082       0.250000
      24       -4.79081       0.250000
      25        5.94555       0.250000
      26        5.94558       0.250000
      27        6.75179       0.250000
      28        6.75182       0.250000
      29        7.03147       0.250000
      30        7.03148       0.250000
      31        7.34226       0.250000
      32        7.34229       0.250000
      33        7.40609       0.250000
      34        7.40611       0.250000
      35        8.38666       0.250000
      36        8.38669       0.250000
      37        8.48751       0.250000
      38        8.48753       0.250000
      39        9.24419       0.250000
      40        9.24420       0.250000
      41        9.34669       0.250000
      42        9.34673       0.250000
      43        10.2585       0.250000
      44        10.2585       0.250000
      45        10.6413       0.250000
      46        10.6413       0.250000
      47        11.0327       0.250000
      48        11.0327       0.250000
      49        15.7312        0.00000
      50        15.7313        0.00000
      51        16.5109        0.00000
      52        16.5109        0.00000
      53        17.0603        0.00000
      54        17.0604        0.00000
      55        17.0654        0.00000
      56        17.0654        0.00000
      57        18.3269        0.00000
      58        18.3269        0.00000

 3/8 kpoint (Cartesian) = 0.0000 0.097530 -5.5006e-09 (486 pws)
       1       -49.0480       0.250000
       2       -49.0480       0.250000
       3       -49.0380       0.250000
       4       -49.0380       0.250000
       5       -18.7033       0.250000
       6       -18.7033       0.250000
       7       -18.6985       0.250000
       8       -18.6985       0.250000
       9       -18.6301       0.250000
      10       -18.6301       0.250000
      11       -18.5620       0.250000
      12       -18.5620       0.250000
      13       -18.5020       0.250000
      14       -18.5019       0.250000
      15       -18.4671       0.250000
      16       -18.4671       0.250000
      17       -6.16550       0.250000
      18       -6.16549       0.250000
      19       -5.45085       0.250000
      20       -5.45084       0.250000
      21       -5.04988       0.250000
      22       -5.04987       0.250000
      23       -4.94982       0.250000
      24       -4.94981       0.250000
      25        6.19952       0.250000
      26        6.19953       0.250000
      27        6.58580       0.250000
      28        6.58581       0.250000
      29        7.05461       0.250000
      30        7.05462       0.250000
      31        7.21029       0.250000
      32        7.21030       0.250000
      33        7.71307       0.250000
      34        7.71309       0.250000
      35        8.46940       0.250000
      36        8.46941       0.250000
      37        8.93962       0.250000
      38        8.93967       0.250000
      39        9.20535       0.250000
      40        9.20535       0.250000
      41        9.40184       0.250000
      42        9.40185       0.250000
      43        9.97303       0.250000
      44        9.97303       0.250000
      45        10.3144       0.250000
      46        10.3144       0.250000
      47        10.6264       0.250000
      48        10.6264       0.250000
      49        16.1586        0.00000
      50        16.1586        0.00000
      51        16.5740        0.00000
      52        16.5740        0.00000
      53        16.6518        0.00000
      54        16.6518        0.00000
      55        17.0482        0.00000
      56        17.0482        0.00000
      57        17.8334        0.00000
      58        17.8335        0.00000

 4/8 kpoint (Cartesian) = 0.094492 0.097530 1.6026e-08 (466 pws)
       1       -49.0431       0.250000
       2       -49.0431       0.250000
       3       -49.0430       0.250000
       4       -49.0430       0.250000
       5       -18.7108       0.250000
       6       -18.7108       0.250000
       7       -18.7107       0.250000
       8       -18.7107       0.250000
       9       -18.5912       0.250000
      10       -18.5912       0.250000
      11       -18.5912       0.250000
      12       -18.5912       0.250000
      13       -18.4808       0.250000
      14       -18.4808       0.250000
      15       -18.4808       0.250000
      16       -18.4808       0.250000
      17       -5.81564       0.250000
      18       -5.81563       0.250000
      19       -5.81562       0.250000
      20       -5.81562       0.250000
      21       -5.00321       0.250000
      22       -5.00319       0.250000
      23       -5.00319       0.250000
      24       -5.00318       0.250000
      25        6.71121       0.250000
      26        6.71122       0.250000
      27        6.71123       0.250000
      28        6.71124       0.250000
      29        7.41780       0.250000
      30        7.41781       0.250000
      31        7.41783       0.250000
      32        7.41784       0.250000
      33        7.77135       0.250000
      34        7.77136       0.250000
      35        7.77139       0.250000
      36        7.77140       0.250000
      37        8.73023       0.250000
      38        8.73023       0.250000
      39        8.73025       0.250000
      40        8.73025       0.250000
      41        9.60459       0.250000
      42        9.60460       0.250000
      43        9.60463       0.250000
      44        9.60464       0.250000
      45        10.3733       0.250000
      46        10.3733       0.250000
      47        10.3733       0.250000
      48        10.3733       0.250000
      49        16.1883        0.00000
      50        16.1883        0.00000
      51        16.1884        0.00000
      52        16.1884        0.00000
      53        17.1615        0.00000
      54        17.1615        0.00000
      55        17.1615        0.00000
      56        17.1615        0.00000
      57        18.0367        0.00000
      58        18.0367        0.00000

 5/8 kpoint (Cartesian) = 0.0000 0.0000 0.099072 (492 pws)
       1       -49.0511       0.250000
       2       -49.0441       0.250000
       3       -49.0389       0.250000
       4       -49.0382       0.250000
       5       -18.7404       0.250000
       6       -18.7279       0.250000
       7       -18.6654       0.250000
       8       -18.6451       0.250000
       9       -18.6344       0.250000
      10       -18.6129       0.250000
      11       -18.5762       0.250000
      12       -18.5540       0.250000
      13       -18.5297       0.250000
      14       -18.4910       0.250000
      15       -18.4877       0.250000
      16       -18.4651       0.250000
      17       -6.42830       0.250000
      18       -5.60186       0.250000
      19       -5.57155       0.250000
      20       -5.46051       0.250000
      21       -5.33112       0.250000
      22       -5.08158       0.250000
      23       -4.85557       0.250000
      24       -4.84824       0.250000
      25        5.86230       0.250000
      26        5.90585       0.250000
      27        6.62914       0.250000
      28        6.64809       0.250000
      29        6.71066       0.250000
      30        6.84827       0.250000
      31        7.05380       0.250000
      32        7.17918       0.250000
      33        7.83801       0.250000
      34        8.10279       0.250000
      35        8.41834       0.250000
      36        8.44326       0.250000
      37        8.65736       0.250000
      38        8.80493       0.250000
      39        9.33687       0.250000
      40        9.40667       0.250000
      41        9.84142       0.250000
      42        9.85173       0.250000
      43        9.94446       0.250000
      44        10.0211       0.250000
      45        10.2388       0.250000
      46        10.4353       0.250000
      47        11.0115       0.250000
      48        11.1195       0.250000
      49        15.5214    4.57273e-14
      50        15.9037        0.00000
      51        16.0250        0.00000
      52        16.4416        0.00000
      53        16.6775        0.00000
      54        17.1376        0.00000
      55        17.4482        0.00000
      56        17.5390        0.00000
      57        17.7650        0.00000
      58        17.8350        0.00000

 6/8 kpoint (Cartesian) = 0.094492 0.0000 0.099072 (468 pws)
       1       -49.0450       0.250000
       2       -49.0450       0.250000
       3       -49.0411       0.250000
       4       -49.0411       0.250000
       5       -18.7346       0.250000
       6       -18.7346       0.250000
       7       -18.6947       0.250000
       8       -18.6947       0.250000
       9       -18.6220       0.250000
      10       -18.6220       0.250000
      11       -18.5662       0.250000
      12       -18.5662       0.250000
      13       -18.4846       0.250000
      14       -18.4846       0.250000
      15       -18.4639       0.250000
      16       -18.4639       0.250000
      17       -6.02258       0.250000
      18       -6.02258       0.250000
      19       -5.44507       0.250000
      20       -5.44506       0.250000
      21       -5.30101       0.250000
      22       -5.30099       0.250000
      23       -4.84615       0.250000
      24       -4.84612       0.250000
      25        6.23778       0.250000
      26        6.23780       0.250000
      27        6.72997       0.250000
      28        6.72999       0.250000
      29        7.06688       0.250000
      30        7.06691       0.250000
      31        7.24760       0.250000
      32        7.24761       0.250000
      33        7.72874       0.250000
      34        7.72881       0.250000
      35        8.27954       0.250000
      36        8.27957       0.250000
      37        8.86047       0.250000
      38        8.86050       0.250000
      39        9.23634       0.250000
      40        9.23638       0.250000
      41        9.41812       0.250000
      42        9.41813       0.250000
      43        9.72673       0.250000
      44        9.72677       0.250000
      45        10.3037       0.250000
      46        10.3037       0.250000
      47        10.9400       0.250000
      48        10.9400       0.250000
      49        15.5939    9.85323e-16
      50        15.5939    9.85323e-16
      51        15.8030        0.00000
      52        15.8031        0.00000
      53        16.9585        0.00000
      54        16.9586        0.00000
      55        17.3659        0.00000
      56        17.3659        0.00000
      57        17.7684        0.00000
      58        17.7685        0.00000

 7/8 kpoint (Cartesian) = 0.0000 0.097530 0.099072 (488 pws)
       1       -49.0466       0.250000
       2       -49.0466       0.250000
       3       -49.0394       0.250000
       4       -49.0394       0.250000
       5       -18.7668       0.250000
       6       -18.7668       0.250000
       7       -18.6963       0.250000
       8       -18.6963       0.250000
       9       -18.6365       0.250000
      10       -18.6365       0.250000
      11       -18.5145       0.250000
      12       -18.5145       0.250000
      13       -18.4929       0.250000
      14       -18.4929       0.250000
      15       -18.4578       0.250000
      16       -18.4578       0.250000
      17       -6.03534       0.250000
      18       -6.03533       0.250000
      19       -5.52040       0.250000
      20       -5.52038       0.250000
      21       -5.15421       0.250000
      22       -5.15421       0.250000
      23       -4.92491       0.250000
      24       -4.92490       0.250000
      25        6.27868       0.250000
      26        6.27870       0.250000
      27        6.66161       0.250000
      28        6.66161       0.250000
      29        6.98842       0.250000
      30        6.98843       0.250000
      31        7.88018       0.250000
      32        7.88020       0.250000
      33        8.03578       0.250000
      34        8.03580       0.250000
      35        8.33455       0.250000
      36        8.33459       0.250000
      37        8.52153       0.250000
      38        8.52155       0.250000
      39        8.81650       0.250000
      40        8.81650       0.250000
      41        9.61108       0.250000
      42        9.61109       0.250000
      43        9.96504       0.250000
      44        9.96506       0.250000
      45        9.97493       0.250000
      46        9.97494       0.250000
      47        10.5492       0.250000
      48        10.5492       0.250000
      49        15.7767        0.00000
      50        15.7767        0.00000
      51        16.2835        0.00000
      52        16.2835        0.00000
      53        16.4882        0.00000
      54        16.4882        0.00000
      55        17.2695        0.00000
      56        17.2695        0.00000
      57        17.6914        0.00000
      58        17.6914        0.00000

 8/8 kpoint (Cartesian) = 0.094492 0.097530 0.099072 (468 pws)
       1       -49.0430       0.250000
       2       -49.0430       0.250000
       3       -49.0430       0.250000
       4       -49.0430       0.250000
       5       -18.8118       0.250000
       6       -18.8118       0.250000
       7       -18.8118       0.250000
       8       -18.8118       0.250000
       9       -18.4977       0.250000
      10       -18.4977       0.250000
      11       -18.4977       0.250000
      12       -18.4977       0.250000
      13       -18.4696       0.250000
      14       -18.4696       0.250000
      15       -18.4695       0.250000
      16       -18.4695       0.250000
      17       -5.92777       0.250000
      18       -5.92776       0.250000
      19       -5.92775       0.250000
      20       -5.92774       0.250000
      21       -4.88342       0.250000
      22       -4.88342       0.250000
      23       -4.88340       0.250000
      24       -4.88340       0.250000
      25        6.79593       0.250000
      26        6.79593       0.250000
      27        6.79595       0.250000
      28        6.79596       0.250000
      29        7.21404       0.250000
      30        7.21404       0.250000
      31        7.21407       0.250000
      32        7.21408       0.250000
      33        8.12773       0.250000
      34        8.12774       0.250000
      35        8.12778       0.250000
      36        8.12779       0.250000
      37        8.85592       0.250000
      38        8.85595       0.250000
      39        8.85596       0.250000
      40        8.85598       0.250000
      41        9.48579       0.250000
      42        9.48579       0.250000
      43        9.48580       0.250000
      44        9.48581       0.250000
      45        10.2477       0.250000
      46        10.2477       0.250000
      47        10.2477       0.250000
      48        10.2477       0.250000
      49        15.6820        0.00000
      50        15.6821        0.00000
      51        15.6821        0.00000
      52        15.6821        0.00000
      53        16.9927        0.00000
      54        16.9927        0.00000
      55        16.9927        0.00000
      56        16.9927        0.00000
      57        17.8168        0.00000
      58        17.8169        0.00000

 correction force for each atom along direction 1 is -1.34015e-05
 correction force for each atom along direction 2 is 2.39989e-07
 correction force for each atom along direction 3 is -7.55084e-07
------------------------------------------------------------------------------------------
 TOTAL-FORCE (eV/Angstrom)                                                                
------------------------------------------------------------------------------------------
                       Hf1        -0.0096313941         0.0062431018        -0.0186159089 
                       Hf2        -0.0096180257        -0.0066505444         0.0186113443 
                       Hf3        -0.0096354360        -0.0066306402        -0.0186656468 
                       Hf4        -0.0096009064         0.0062592881         0.0186674064 
                        O1         0.0473233019         0.0193348656         0.0006443316 
                        O2         0.0473301569        -0.0190366490         0.0006706066 
                        O3        -0.0376923676        -0.0975726973         0.0330368104 
                        O4        -0.0376629730         0.0977047075         0.0330223753 
                        O5         0.0472887326         0.0193668605        -0.0006497560 
                        O6         0.0472972423        -0.0190629830        -0.0006488281 
                        O7        -0.0377101958        -0.0975809746        -0.0330519064 
                        O8        -0.0376881352         0.0976256650        -0.0330208283 
------------------------------------------------------------------------------------------

----------------------------------------------------------------
 TOTAL-STRESS (KBAR)                                            
----------------------------------------------------------------
      -137.0152303369         0.0000554009        -0.0033980968 
         0.0000554009        64.6345007963        -0.0006238795 
        -0.0033980968        -0.0006238795       -11.6302149978 
----------------------------------------------------------------
 TOTAL-PRESSURE: -28.003648 KBAR



 --------------------------------------------
 !FINAL_ETOT_IS -9782.9385520462928980 eV
 --------------------------------------------


TIME STATISTICS
------------------------------------------------------------------------------------
    CLASS_NAME                    NAME                TIME/s  CALLS   AVG/s  PER/%  
------------------------------------------------------------------------------------
                   total                              108.11 13       8.32   100.00 
 Driver            reading                            0.45   1        0.45   0.42   
 Input_Conv        Convert                            0.00   1        0.00   0.00   
 Driver            driver_line                        107.66 1        107.66 99.58  
 UnitCell          check_tau                          0.00   1        0.00   0.00   
 ESolver_KS_LCAO   before_all_runners                 1.12   1        1.12   1.04   
 PW_Basis_Sup      setuptransform                     0.01   1        0.01   0.01   
 PW_Basis_Sup      distributeg                        0.00   1        0.00   0.00   
 mymath            heapsort                           0.00   253      0.00   0.00   
 Charge_Mixing     init_mixing                        0.00   1        0.00   0.00   
 Symmetry          analy_sys                          0.04   1        0.04   0.03   
 PW_Basis_K        setuptransform                     0.00   1        0.00   0.00   
 PW_Basis_K        distributeg                        0.00   1        0.00   0.00   
 PW_Basis          setup_struc_factor                 0.00   1        0.00   0.00   
 NOrbital_Lm       extra_uniform                      0.24   14       0.02   0.22   
 Mathzone_Add1     SplineD2                           0.00   14       0.00   0.00   
 Mathzone_Add1     Cubic_Spline_Interpolation         0.01   14       0.00   0.01   
 Mathzone_Add1     Uni_Deriv_Phi                      0.23   14       0.02   0.21   
 ppcell_vl         init_vloc                          0.13   1        0.13   0.12   
 Ions              opt_ions                           106.51 1        106.51 98.52  
 ESolver_KS_LCAO   runner                             97.57  1        97.57  90.25  
 ESolver_KS_LCAO   before_scf                         0.77   1        0.77   0.72   
 atom_arrange      search                             0.00   1        0.00   0.00   
 atom_arrange      grid_d.init                        0.00   1        0.00   0.00   
 Grid              Construct_Adjacent_expand          0.00   1        0.00   0.00   
 Grid              Construct_Adjacent_expand_periodic 0.00   12       0.00   0.00   
 Grid_Technique    init                               0.25   1        0.25   0.23   
 Grid_BigCell      grid_expansion_index               0.06   2        0.03   0.05   
 Grid_Driver       Find_atom                          0.00   120      0.00   0.00   
 Record_adj        for_2d                             0.05   1        0.05   0.04   
 LCAO_domain       grid_prepare                       0.00   1        0.00   0.00   
 Veff              initialize_HR                      0.00   1        0.00   0.00   
 OverlapNew        initialize_SR                      0.00   1        0.00   0.00   
 EkineticNew       initialize_HR                      0.01   1        0.01   0.00   
 NonlocalNew       initialize_HR                      0.03   1        0.03   0.03   
 Charge            set_rho_core                       0.16   1        0.16   0.14   
 PW_Basis_Sup      recip2real                         0.08   125      0.00   0.07   
 PW_Basis_Sup      gathers_scatterp                   0.06   125      0.00   0.05   
 Charge            atomic_rho                         0.28   2        0.14   0.26   
 Potential         init_pot                           0.05   1        0.05   0.05   
 Potential         update_from_charge                 0.16   16       0.01   0.15   
 Potential         cal_fixed_v                        0.00   1        0.00   0.00   
 PotLocal          cal_fixed_v                        0.00   1        0.00   0.00   
 Potential         cal_v_eff                          0.16   16       0.01   0.15   
 H_Hartree_pw      v_hartree                          0.03   16       0.00   0.03   
 PW_Basis_Sup      real2recip                         0.10   145      0.00   0.09   
 PW_Basis_Sup      gatherp_scatters                   0.08   145      0.00   0.07   
 PotXC             cal_v_eff                          0.13   16       0.01   0.12   
 XC_Functional     v_xc                               0.14   18       0.01   0.13   
 Potential         interpolate_vrs                    0.00   16       0.00   0.00   
 Symmetry          rhog_symmetry                      0.57   16       0.04   0.53   
 Symmetry          group fft grids                    0.18   16       0.01   0.16   
 H_Ewald_pw        compute_ewald                      0.00   1        0.00   0.00   
 HSolverLCAO       solve                              95.84  15       6.39   88.65  
 HamiltLCAO        updateHk                           50.50  120      0.42   46.71  
 OperatorLCAO      init                               50.35  360      0.14   46.57  
 Veff              contributeHR                       49.82  15       3.32   46.08  
 Gint_interface    cal_gint                           90.03  31       2.90   83.27  
 Gint_interface    cal_gint_vlocal                    46.39  15       3.09   42.91  
 Gint_Tools        cal_psir_ylm                       4.49   30720    0.00   4.16   
 Gint_k            transfer_pvpR                      3.43   15       0.23   3.17   
 OverlapNew        calculate_SR                       0.12   1        0.12   0.11   
 OverlapNew        contributeHk                       0.04   120      0.00   0.03   
 EkineticNew       contributeHR                       0.12   15       0.01   0.11   
 EkineticNew       calculate_HR                       0.12   1        0.12   0.11   
 NonlocalNew       contributeHR                       0.35   15       0.02   0.32   
 NonlocalNew       calculate_HR                       0.34   1        0.34   0.31   
 OperatorLCAO      contributeHk                       0.05   120      0.00   0.04   
 HSolverLCAO       hamiltSolvePsiK                    3.92   120      0.03   3.62   
 DiagoElpa         elpa_solve                         3.63   120      0.03   3.36   
 elecstate         cal_dm                             0.18   16       0.01   0.17   
 psiMulPsiMpi      pdgemm                             0.18   128      0.00   0.17   
 DensityMatrix     cal_DMR                            0.05   16       0.00   0.04   
 ElecStateLCAO     psiToRho                           41.20  15       2.75   38.11  
 Gint              transfer_DMR                       2.50   15       0.17   2.32   
 Gint_interface    cal_gint_rho                       37.64  15       2.51   34.82  
 Charge_Mixing     get_drho                           0.00   15       0.00   0.00   
 Charge            mix_rho                            0.03   14       0.00   0.03   
 Charge            Broyden_mixing                     0.01   14       0.00   0.01   
 ModuleIO          write_rhog                         0.03   1        0.03   0.03   
 ESolver_KS_LCAO   after_scf                          0.14   1        0.14   0.13   
 ESolver_KS_LCAO   cal_force                          8.93   1        8.93   8.26   
 Force_Stress_LCAO getForceStress                     8.93   1        8.93   8.26   
 Forces            cal_force_loc                      0.00   1        0.00   0.00   
 Forces            cal_force_ew                       0.00   1        0.00   0.00   
 Forces            cal_force_cc                       0.15   1        0.15   0.14   
 Forces            cal_force_scc                      0.14   1        0.14   0.13   
 Stress_Func       stress_loc                         0.43   1        0.43   0.40   
 Stress_Func       stress_har                         0.00   1        0.00   0.00   
 Stress_Func       stress_ewa                         0.00   1        0.00   0.00   
 Stress_Func       stress_cc                          0.57   1        0.57   0.53   
 Stress_Func       stress_gga                         0.00   1        0.00   0.00   
 Force_LCAO        ftable                             6.64   1        6.64   6.15   
 Force_LCAO        allocate                           0.34   1        0.34   0.31   
 LCAO_domain       build_ST_new                       0.33   2        0.17   0.31   
 Force_LCAO        cal_pulay_fs_center2               0.01   2        0.00   0.01   
 Gint_interface    cal_gint_force                     5.99   1        5.99   5.54   
 Gint_Tools        cal_dpsir_ylm                      0.46   1024     0.00   0.42   
 Gint_Tools        cal_dpsirr_ylm                     0.12   1024     0.00   0.11   
 NonlocalNew       cal_force_stress                   0.99   1        0.99   0.91   
 ESolver_KS_LCAO   cal_stress                         0.00   1        0.00   0.00   
 ESolver_KS_LCAO   after_all_runners                  0.01   1        0.01   0.01   
 ModuleIO          write_istate_info                  0.01   1        0.01   0.01   
------------------------------------------------------------------------------------


 NAME-------------------------|MEMORY(MB)--------
                         total      2292.7250
                  Gint::hRGint       403.3503
                 Gint::DMRGint       403.0378
       TwoCenterTable: Kinetic       137.3855
       TwoCenterTable: Overlap       137.3855
      TwoCenterTable: Nonlocal       136.0217
                  meshball_pos       124.2209
               GT::ind_bigcell       123.2787
         GT::in_this_processor       123.2787
              GT::index2normal       123.2787
               GT::index2ucell       123.2787
                   Stress::dSR       112.9213
                   Force::dS_K        56.4607
                   Stress::dHr        56.4607
                  Force::dTVNL        56.4607
      GT::bigcell_on_processor        30.8197
                HamiltLCAO::hR        25.5461
            DensityMatrix::DMR        25.5461
                    index_ball        20.7035
                HamiltLCAO::sR        17.4345
                GT::which_atom         7.0359
             GT::which_bigcell         7.0359
            GT::which_unitcell         7.0359
            DensityMatrix::DMK         5.4863
                  SF::strucFac         3.8098
                RealGauntTable         3.7773
                  PW_B_K::gcar         2.9006
                  SF::eigts123         2.2515
                      Chg::rho         2.0000
                 Chg::rho_save         2.0000
                 Chg::rho_core         2.0000
                 Pot::veff_fix         2.0000
                     Pot::veff         2.0000
              Pot::veff_smooth         2.0000
 -------------   < 1.0 MB has been ignored ----------------
 ----------------------------------------------------------

 Start  Time  : Sat Oct 10 10:58:02 2026
 Finish Time  : Sat Oct 10 10:59:50 2026
 Total  Time  : 0 h 1 mins 48 secs 
