                                                                                     
                              ABACUS v3.10.0

               Atomic-orbital Based Ab-initio Computation at UStc                    

                     Website: http://abacus.ustc.edu.cn/                             
               Documentation: https://abacus.deepmodeling.com/                       
                  Repository: https://github.com/abacusmodeling/abacus-develop       
                              https://github.com/deepmodeling/abacus-develop         
                      Commit: f7cb1d3 (Mon May 12 16:53:30 2025 +0800)

    Start Time is Sun Oct 11 00:40:44 2026
                                                                                     
 ------------------------------------------------------------------------------------

 READING GENERAL INFORMATION
                           global_out_dir = OUT.ABACUS/
                           global_in_card = INPUT
                               pseudo_dir = 
                              orbital_dir = 
                                    DRANK = 1
                                    DSIZE = 32
                                   DCOLOR = 1
                                    GRANK = 1
                                    GSIZE = 1




 >>>>>>>>>>>>>>>>>>>>>>>>>>>>>>>>>>>>>>>>>>>>>>>>>>>>>>>>>>>>>>>>>>>>>>
 |                                                                    |
 | Reading atom information in unitcell:                              |
 | From the input file and the structure file we know the number of   |
 | different elments in this unitcell, then we list the detail        |
 | information for each element, especially the zeta and polar atomic |
 | orbital number for each element. The total atom number is counted. |
 | We calculate the nearest atom distance for each atom and show the  |
 | Cartesian and Direct coordinates for each atom. We list the file   |
 | address for atomic orbitals. The volume and the lattice vectors    |
 | in real and reciprocal space is also shown.                        |
 |                                                                    |
 <<<<<<<<<<<<<<<<<<<<<<<<<<<<<<<<<<<<<<<<<<<<<<<<<<<<<<<<<<<<<<<<<<<<<<




 READING UNITCELL INFORMATION
                                    ntype = 2
                  lattice constant (Bohr) = 1.88973
              lattice constant (Angstrom) = 1

 READING ATOM TYPE 1
                               atom label = Hf
                      L=0, number of zeta = 4
                      L=1, number of zeta = 2
                      L=2, number of zeta = 2
                      L=3, number of zeta = 1
             number of atom for this type = 4

 READING ATOM TYPE 2
                               atom label = O
                      L=0, number of zeta = 2
                      L=1, number of zeta = 2
                      L=2, number of zeta = 1
             number of atom for this type = 8

                        TOTAL ATOM NUMBER = 12
DIRECT COORDINATES
    atom                   x                   y                   z     mag                  vx                  vy                  vz
taud_Hf1            0.0108215479        0.9900915102        0.9903721733  0.0000        0.0000000000        0.0000000000        0.0000000000
taud_Hf2            0.5107275122        0.0198327507        0.4684426846  0.0000        0.0000000000        0.0000000000        0.0000000000
taud_Hf3            0.4657085462        0.4801136787        0.9929296374  0.0000        0.0000000000        0.0000000000        0.0000000000
taud_Hf4            0.9657534120        0.5301996674        0.4661091876  0.0000        0.0000000000        0.0000000000        0.0000000000
taud_O1            0.2405219347        0.2877883692        0.2659292403  0.0000        0.0000000000        0.0000000000        0.0000000000
taud_O2            0.7424580096        0.2220907945        0.2185527069  0.0000        0.0000000000        0.0000000000        0.0000000000
taud_O3            0.2897333954        0.1566483657        0.7798887974  0.0000        0.0000000000        0.0000000000        0.0000000000
taud_O4            0.7401254247        0.3478670648        0.7196583553  0.0000        0.0000000000        0.0000000000        0.0000000000
taud_O5            0.2424978418        0.7880102073        0.2401685746  0.0000        0.0000000000        0.0000000000        0.0000000000
taud_O6            0.7404086419        0.7221796353        0.1935226881  0.0000        0.0000000000        0.0000000000        0.0000000000
taud_O7            0.2400869359        0.6626782117        0.7392519681  0.0000        0.0000000000        0.0000000000        0.0000000000
taud_O8            0.7896639951        0.8540323023        0.6793311746  0.0000        0.0000000000        0.0000000000        0.0000000000



                          Volume (Bohr^3) = 915.864
                             Volume (A^3) = 135.717

 Lattice vectors: (Cartesian coordinate: in unit of a_0)
             +5.23906        -3.42561e-32              -5e-15
                   +0            +5.07585                  +0
          +0.00609856           -0.347714            +5.10355
 Reciprocal vectors: (Cartesian coordinate: in unit of 2 pi/a_0)
            +0.190874                  -0        -0.000228088
         +1.28103e-17           +0.197011          +0.0134227
         +1.87001e-16                  -0           +0.195942
 The esolver type has been set to : ksdft_lcao

 RUNNING WITH DEVICE  : CPU / AMD EPYC 7702 64-Core Processor




 >>>>>>>>>>>>>>>>>>>>>>>>>>>>>>>>>>>>>>>>>>>>>>>>>>>>>>>>>>>>>>>>>>>>>>
 |                                                                    |
 | Reading pseudopotentials files:                                    |
 | The pseudopotential file is in UPF format. The 'NC' indicates that |
 | the type of pseudopotential is 'norm conserving'. Functional of    |
 | exchange and correlation is decided by 4 given parameters in UPF   |
 | file.  We also read in the 'core correction' if there exists.      |
 | Also we can read the valence electrons number and the maximal      |
 | angular momentum used in this pseudopotential. We also read in the |
 | trail wave function, trail atomic density and local-pseudopotential|
 | on logrithmic grid. The non-local pseudopotential projector is also|
 | read in if there is any.                                           |
 |                                                                    |
 <<<<<<<<<<<<<<<<<<<<<<<<<<<<<<<<<<<<<<<<<<<<<<<<<<<<<<<<<<<<<<<<<<<<<<




                PAO radial cut off (Bohr) = 15

 Read in pseudopotential file is Hf.upf
                     pseudopotential type = NC
          exchange-correlation functional = PBE
                 nonlocal core correction = 1
                        valence electrons = 12
                                     lmax = 3
                           number of zeta = 4
                     number of projectors = 8
                           L of projector = 0
                           L of projector = 0
                           L of projector = 1
                           L of projector = 1
                           L of projector = 2
                           L of projector = 2
                           L of projector = 3
                           L of projector = 3
                PAO radial cut off (Bohr) = 15

 Read in pseudopotential file is O.upf
                     pseudopotential type = NC
          exchange-correlation functional = PBE
                 nonlocal core correction = 1
                        valence electrons = 6
                                     lmax = 2
                           number of zeta = 2
                     number of projectors = 5
                           L of projector = 0
                           L of projector = 0
                           L of projector = 1
                           L of projector = 1
                           L of projector = 2
     initial pseudo atomic orbital number = 72

 SETUP THE ELECTRONS NUMBER
            electron number of element Hf = 12
      total electron number of element Hf = 48
             electron number of element O = 6
       total electron number of element O = 48
            AUTOSET number of electrons:  = 96
                           occupied bands = 48
                                   NLOCAL = 212
                                   NBANDS = 58
                                   NBANDS = 58
                                   NLOCAL = 212

%%%%%%%%%%%%%%%%%%%%%%%%%%%%%%%%%%%%%%%%%%%%%%%%%%%%%%%%%%%%%%%%%%%%%%%%%%%%%%%%%%%%%%%%%%%%%%%%%%%%%%%%%%
 Warning: the number of valence electrons in pseudopotential > 4 for Hf: [Xe] 4f14 5d2 6s2
 Pseudopotentials with additional electrons can yield (more) accurate outcomes, but may be less efficient.
 If you're confident that your chosen pseudopotential is appropriate, you can safely ignore this warning.
%%%%%%%%%%%%%%%%%%%%%%%%%%%%%%%%%%%%%%%%%%%%%%%%%%%%%%%%%%%%%%%%%%%%%%%%%%%%%%%%%%%%%%%%%%%%%%%%%%%%%%%%%%
                  




 >>>>>>>>>>>>>>>>>>>>>>>>>>>>>>>>>>>>>>>>>>>>>>>>>>>>>>>>>>>>>>>>>>>>>>
 |                                                                    |
 | Setup plane waves of charge/potential:                             |
 | Use the energy cutoff and the lattice vectors to generate the      |
 | dimensions of FFT grid. The number of FFT grid on each processor   |
 | is 'nrxx'. The number of plane wave basis in reciprocal space is   |
 | different for charege/potential and wave functions. We also set    |
 | the 'sticks' for the parallel of FFT. The number of plane waves    |
 | is 'npw' in each processor.                                        |
 <<<<<<<<<<<<<<<<<<<<<<<<<<<<<<<<<<<<<<<<<<<<<<<<<<<<<<<<<<<<<<<<<<<<<<





 SETUP THE PLANE WAVE BASIS
 energy cutoff for charge/potential (unit:Ry) = 400
            fft grid for charge/potential = [ 64, 64, 64 ]
                        fft grid division = [ 2, 2, 2 ]
        big fft grid for charge/potential = [ 32, 32, 32 ]
                                     nbxx = 1024
                                     nrxx = 8192

 SETUP PLANE WAVES FOR CHARGE/POTENTIAL
                    number of plane waves = 123743
                         number of sticks = 3019

 PARALLEL PW FOR CHARGE/POTENTIAL
     PROC   COLUMNS(POT)             PW
        1             94           3866
        2             94           3866
        3             95           3869
        4             95           3869
        5             94           3867
        6             95           3869
        7             95           3869
        8             94           3867
        9             94           3867
       10             94           3867
       11             94           3867
       12             95           3868
       13             94           3867
       14             94           3867
       15             94           3867
       16             94           3867
       17             94           3867
       18             94           3867
       19             94           3866
       20             94           3866
       21             94           3866
       22             94           3866
       23             94           3866
       24             94           3866
       25             94           3866
       26             94           3866
       27             95           3869
       28             95           3869
       29             95           3866
       30             95           3866
       31             95           3866
       32             95           3866
 --------------- sum -------------------
       32           3019         123743
                            number of |g| = 3866
                                  max |g| = 36.18
                                  min |g| = 0.184713
 DONE : SETUP UNITCELL Time : 0.718649 (SEC)


----------- Double Check Mixing Parameters Begin ------------
mixing_type: broyden
mixing_beta: 0.3
mixing_gg0: 1
mixing_gg0_min: 0.1
mixing_ndim: 8
----------- Double Check Mixing Parameters End ------------




 >>>>>>>>>>>>>>>>>>>>>>>>>>>>>>>>>>>>>>>>>>>>>>>>>>>>>>>>>>>>>>>>>>>>>>
 |                                                                    |
 | Doing symmetry analysis:                                           |
 | We calculate the norm of 3 vectors and the angles between them,    |
 | the type of Bravais lattice is given. We can judge if the unticell |
 | is a primitive cell. Finally we give the point group operation for |
 | this unitcell. We use the point group operations to do symmetry |
 | analysis on given k-point mesh and the charge density.             |
 |                                                                    |
 <<<<<<<<<<<<<<<<<<<<<<<<<<<<<<<<<<<<<<<<<<<<<<<<<<<<<<<<<<<<<<<<<<<<<<




 LATTICE VECTORS: (CARTESIAN COORDINATE: IN UNIT OF A0)
             +5.23906        -3.42561e-32              -5e-15
                   +0            +5.07585                  +0
          +0.00609856           -0.347714            +5.10355
                       right hand lattice = 1
                                   NORM_A = 5.23906
                                   NORM_B = 5.07585
                                   NORM_C = 5.11538
                           ALPHA (DEGREE) = 93.8976
                           BETA  (DEGREE) = 89.9317
                           GAMMA (DEGREE) = 90

 The lattice vectors have been changed (STRU_SIMPLE.cif)

(for optimal symmetric configuration:)
                             BRAVAIS TYPE = 14
                     BRAVAIS LATTICE NAME = 14. Triclinic cell
                                    ibrav = 14
                                    IBRAV = 14
                                  BRAVAIS = TRICLINIC CELL
                       LATTICE CONSTANT A = 7.29466
                                B/A RATIO = 0.718205
                                C/A RATIO = 0.953728
                               COS(ALPHA) = 0.000876593
                                COS(BETA) = 0.473524
                               COS(GAMMA) = 0.718205
Original cell was already a primitive cell.
                        ROTATION MATRICES = 2
              PURE POINT GROUP OPERATIONS = 1
                   SPACE GROUP OPERATIONS = 1
                              POINT GROUP = C_1
               POINT GROUP IN SPACE GROUP = C_1
 DONE : SYMMETRY Time : 0.752755 (SEC)





 >>>>>>>>>>>>>>>>>>>>>>>>>>>>>>>>>>>>>>>>>>>>>>>>>>>>>>>>>>>>>>>>>>>>>>
 |                                                                    |
 | Setup K-points                                                     |
 | We setup the k-points according to input parameters.               |
 | The reduced k-points are set according to symmetry operations.     |
 | We treat the spin as another set of k-points.                      |
 |                                                                    |
 <<<<<<<<<<<<<<<<<<<<<<<<<<<<<<<<<<<<<<<<<<<<<<<<<<<<<<<<<<<<<<<<<<<<<<





 SETUP K-POINTS
                                    nspin = 1
                   Input type of k points = Monkhorst-Pack(Gamma)
                                   nkstot = 8
                       right hand lattice = 1
(for reciprocal lattice: )
                             BRAVAIS TYPE = 14
                     BRAVAIS LATTICE NAME = 14. Triclinic cell
                                    ibrav = 14
                       right hand lattice = 1
(for k-lattice: )
                             BRAVAIS TYPE = 14
                     BRAVAIS LATTICE NAME = 14. Triclinic cell
                                    ibrav = 14
                       right hand lattice = 1
                        ROTATION MATRICES = 2
                               nkstot_ibz = 8
K-POINTS REDUCTION ACCORDING TO SYMMETRY
     IBZ    DIRECT_X    DIRECT_Y    DIRECT_Z  WEIGHT  ibz2bz
       1  0.00000000  0.00000000  0.00000000  0.1250       0
       2  0.50000000  0.00000000  0.00000000  0.1250       1
       3  0.00000000  0.50000000  0.00000000  0.1250       2
       4  0.50000000  0.50000000  0.00000000  0.1250       3
       5  0.00000000  0.00000000  0.50000000  0.1250       4
       6  0.50000000  0.00000000  0.50000000  0.1250       5
       7  0.00000000  0.50000000  0.50000000  0.1250       6
       8  0.50000000  0.50000000  0.50000000  0.1250       7

                               nkstot now = 8
K-POINTS DIRECT COORDINATES
 KPOINTS    DIRECT_X    DIRECT_Y    DIRECT_Z  WEIGHT
       1  0.00000000  0.00000000  0.00000000  0.1250
       2  0.50000000  0.00000000  0.00000000  0.1250
       3  0.00000000  0.50000000  0.00000000  0.1250
       4  0.50000000  0.50000000  0.00000000  0.1250
       5  0.00000000  0.00000000  0.50000000  0.1250
       6  0.50000000  0.00000000  0.50000000  0.1250
       7  0.00000000  0.50000000  0.50000000  0.1250
       8  0.50000000  0.50000000  0.50000000  0.1250


           k-point number in this process = 8
       minimum distributed K point number = 8
starsize: 1
isym: 0 ks_vec: 0 0 0
starsize: 1
isym: 0 ks_vec: 0.5 0 0
starsize: 1
isym: 0 ks_vec: 0 0.5 0
starsize: 1
isym: 0 ks_vec: 0.5 0.5 0
starsize: 1
isym: 0 ks_vec: 0 0 0.5
starsize: 1
isym: 0 ks_vec: 0.5 0 0.5
starsize: 1
isym: 0 ks_vec: 0 0.5 0.5
starsize: 1
isym: 0 ks_vec: 0.5 0.5 0.5

K-POINTS CARTESIAN COORDINATES
 KPOINTS CARTESIAN_X CARTESIAN_Y CARTESIAN_Z  WEIGHT
       1  0.00000000  0.00000000  0.00000000  0.2500
       2  0.09543697  0.00000000 -0.00011404  0.2500
       3  0.00000000  0.09850566  0.00671137  0.2500
       4  0.09543697  0.09850566  0.00659733  0.2500
       5  0.00000000  0.00000000  0.09797106  0.2500
       6  0.09543697  0.00000000  0.09785701  0.2500
       7  0.00000000  0.09850566  0.10468243  0.2500
       8  0.09543697  0.09850566  0.10456838  0.2500


K-POINTS DIRECT COORDINATES
 KPOINTS    DIRECT_X    DIRECT_Y    DIRECT_Z  WEIGHT
       1  0.00000000  0.00000000  0.00000000  0.2500
       2  0.50000000  0.00000000  0.00000000  0.2500
       3  0.00000000  0.50000000  0.00000000  0.2500
       4  0.50000000  0.50000000  0.00000000  0.2500
       5  0.00000000  0.00000000  0.50000000  0.2500
       6  0.50000000  0.00000000  0.50000000  0.2500
       7  0.00000000  0.50000000  0.50000000  0.2500
       8  0.50000000  0.50000000  0.50000000  0.2500

 DONE : INIT K-POINTS Time : 0.866324 (SEC)





 >>>>>>>>>>>>>>>>>>>>>>>>>>>>>>>>>>>>>>>>>>>>>>>>>>>>>>>>>>>>>>>>>>>>>>
 |                                                                    |
 | Setup plane waves of wave functions:                               |
 | Use the energy cutoff and the lattice vectors to generate the      |
 | dimensions of FFT grid. The number of FFT grid on each processor   |
 | is 'nrxx'. The number of plane wave basis in reciprocal space is   |
 | different for charege/potential and wave functions. We also set    |
 | the 'sticks' for the parallel of FFT. The number of plane wave of  |
 | each k-point is 'npwk[ik]' in each processor                       |
 <<<<<<<<<<<<<<<<<<<<<<<<<<<<<<<<<<<<<<<<<<<<<<<<<<<<<<<<<<<<<<<<<<<<<<





 SETUP PLANE WAVES FOR WAVE FUNCTIONS
     energy cutoff for wavefunc (unit:Ry) = 100
              fft grid for wave functions = [ 64, 64, 64 ]
                    number of plane waves = 18281
                         number of sticks = 853

 PARALLEL PW FOR WAVE FUNCTIONS
     PROC   COLUMNS(POT)             PW
        1             26            572
        2             27            572
        3             27            572
        4             27            572
        5             27            572
        6             26            571
        7             26            571
        8             26            571
        9             26            571
       10             27            572
       11             27            572
       12             27            572
       13             27            571
       14             27            571
       15             27            571
       16             27            572
       17             27            571
       18             27            571
       19             27            571
       20             27            571
       21             27            571
       22             27            571
       23             27            571
       24             27            571
       25             27            571
       26             27            571
       27             26            571
       28             26            571
       29             26            571
       30             26            571
       31             26            571
       32             26            571
 --------------- sum -------------------
       32            853          18281
 DONE : INIT PLANEWAVE Time : 0.871744 (SEC)

 SET NONLOCAL PSEUDOPOTENTIAL PROJECTORS
 SET NONLOCAL PSEUDOPOTENTIAL PROJECTORS
 max number of nonlocal projetors among all species is 8
 DONE : LOCAL POTENTIAL Time : 1.56145 (SEC)


 -------------------------------------------
 SELF-CONSISTENT
 -------------------------------------------




 >>>>>>>>>>>>>>>>>>>>>>>>>>>>>>>>>>>>>>>>>>>>>>>>>>>>>>>>>>>>>>>>>>>>>>
 |                                                                    |
 | Search adjacent atoms:                                             |
 | Set the adjacent atoms for each atom and set the periodic boundary |
 | condition for the atoms on real space FFT grid. For k-dependent    |
 | algorithm, we also need to set the sparse H and S matrix element   |
 | for each atom.                                                     |
 |                                                                    |
 <<<<<<<<<<<<<<<<<<<<<<<<<<<<<<<<<<<<<<<<<<<<<<<<<<<<<<<<<<<<<<<<<<<<<<





 SETUP SEARCHING RADIUS FOR PROGRAM TO SEARCH ADJACENT ATOMS
                  longest orb rcut (Bohr) = 10
   longest nonlocal projector rcut (Bohr) = 2.46
                     search radius (Bohr) = 24.9
              searching radius is (Bohr)) = 24.9
         searching radius unit is (Bohr)) = 1.89
                         PeriodicBoundary = 1
                        Radius(unit:lat0) = 13.2
                                   glayer = [ 4, 4, 4 ]
                             glayer_minus = [ 3, 3, 3 ]

Find the coordinate range of the input atom(unit:lat0).
                                  min_tau = [ -15.7, -16.3, -14.3 ]
                                  max_tau = [ 20.8, 21, 20.4 ]
                                BoxNumber = [ 7, 7, 7 ]

 SETUP EXTENDED REAL SPACE GRID FOR GRID INTEGRATION
                          real space grid = [ 64, 64, 64 ]
                 big cell numbers in grid = [ 32, 32, 32 ]
             meshcell numbers in big cell = [ 2, 2, 2 ]
                        extended fft grid = [ 33, 34, 34 ]
                dimension of extened grid = [ 99, 101, 101 ]
                            UnitCellTotal = 125
              Atom number in sub-FFT-grid = 12
    Local orbitals number in sub-FFT-grid = 212
                                ParaV.nnr = 80076

 Warning_Memory_Consuming allocated:  Gint::hRGint 12.6 MB

 Warning_Memory_Consuming allocated:  Gint::DMRGint 12.6 MB
                                 init_chg = atomic
 DONE : INIT SCF Time : 2.23569 (SEC)


 LCAO ALGORITHM --------------- ION=   1  ELEC=   1--------------------------------

 Density error is 0.15888006429
----------------------------------------------------------
     Energy           Rydberg                 eV          
----------------------------------------------------------
 E_KohnSham     -718.6693733679      -9777.9984558925     
 E_Harris       -704.8538929590      -9590.0292017248     
 E_Fermi        0.7747111724         10.5404862485        
----------------------------------------------------------


 LCAO ALGORITHM --------------- ION=   1  ELEC=   2--------------------------------

 Density error is 0.0647653598494
----------------------------------------------------------
     Energy           Rydberg                 eV          
----------------------------------------------------------
 E_KohnSham     -718.9760646437      -9782.1712047713     
 E_Harris       -715.0928343075      -9729.3371455520     
 E_Fermi        1.0615329453         14.4428966712        
----------------------------------------------------------


 LCAO ALGORITHM --------------- ION=   1  ELEC=   3--------------------------------

 Density error is 0.0382937842205
----------------------------------------------------------
     Energy           Rydberg                 eV          
----------------------------------------------------------
 E_KohnSham     -719.0071056059      -9782.5935387280     
 E_Harris       -718.3508714120      -9773.6650144690     
 E_Fermi        1.0568715126         14.3794746249        
----------------------------------------------------------


 LCAO ALGORITHM --------------- ION=   1  ELEC=   4--------------------------------

 Density error is 0.00812951730984
----------------------------------------------------------
     Energy           Rydberg                 eV          
----------------------------------------------------------
 E_KohnSham     -719.0049683217      -9782.5644594845     
 E_Harris       -718.1846366007      -9771.4032738288     
 E_Fermi        1.0599583900         14.4214737475        
----------------------------------------------------------


 LCAO ALGORITHM --------------- ION=   1  ELEC=   5--------------------------------

 Density error is 0.00148485101196
----------------------------------------------------------
     Energy           Rydberg                 eV          
----------------------------------------------------------
 E_KohnSham     -719.0066512852      -9782.5873573772     
 E_Harris       -718.9688759965      -9782.0733982084     
 E_Fermi        1.0599412156         14.4212400775        
----------------------------------------------------------


 LCAO ALGORITHM --------------- ION=   1  ELEC=   6--------------------------------

 Density error is 0.000735829288958
----------------------------------------------------------
     Energy           Rydberg                 eV          
----------------------------------------------------------
 E_KohnSham     -719.0066787634      -9782.5877312373     
 E_Harris       -718.9544282524      -9781.8768265651     
 E_Fermi        1.0606465493         14.4308366348        
----------------------------------------------------------


 LCAO ALGORITHM --------------- ION=   1  ELEC=   7--------------------------------

 Density error is 0.000222848299023
----------------------------------------------------------
     Energy           Rydberg                 eV          
----------------------------------------------------------
 E_KohnSham     -719.0066857707      -9782.5878265770     
 E_Harris       -718.9855180642      -9782.2998251554     
 E_Fermi        1.0613799913         14.4408156246        
----------------------------------------------------------


 LCAO ALGORITHM --------------- ION=   1  ELEC=   8--------------------------------

 Density error is 4.67510119079e-05
----------------------------------------------------------
     Energy           Rydberg                 eV          
----------------------------------------------------------
 E_KohnSham     -719.0066866345      -9782.5878383290     
 E_Harris       -719.0091259991      -9782.6210275878     
 E_Fermi        1.0615271231         14.4428174552        
----------------------------------------------------------


 LCAO ALGORITHM --------------- ION=   1  ELEC=   9--------------------------------

 Density error is 4.41999738556e-05
----------------------------------------------------------
     Energy           Rydberg                 eV          
----------------------------------------------------------
 E_KohnSham     -719.0066866654      -9782.5878387496     
 E_Harris       -719.0025917618      -9782.5321247283     
 E_Fermi        1.0615155782         14.4426603789        
----------------------------------------------------------


 LCAO ALGORITHM --------------- ION=   1  ELEC=  10--------------------------------

 Density error is 5.60011665801e-06
----------------------------------------------------------
     Energy           Rydberg                 eV          
----------------------------------------------------------
 E_KohnSham     -719.0066867096      -9782.5878393520     
 E_Harris       -719.0061290476      -9782.5802519711     
 E_Fermi        1.0615099921         14.4425843760        
----------------------------------------------------------


 LCAO ALGORITHM --------------- ION=   1  ELEC=  11--------------------------------

 Density error is 2.18853169782e-06
----------------------------------------------------------
     Energy           Rydberg                 eV          
----------------------------------------------------------
 E_KohnSham     -719.0066867099      -9782.5878393553     
 E_Harris       -719.0065369984      -9782.5858024254     
 E_Fermi        1.0615124827         14.4426182625        
----------------------------------------------------------


 LCAO ALGORITHM --------------- ION=   1  ELEC=  12--------------------------------

 Density error is 4.40863258055e-07
----------------------------------------------------------
     Energy           Rydberg                 eV          
----------------------------------------------------------
 E_KohnSham     -719.0066867100      -9782.5878393567     
 E_Harris       -719.0066505200      -9782.5873469672     
 E_Fermi        1.0615135191         14.4426323644        
----------------------------------------------------------


 LCAO ALGORITHM --------------- ION=   1  ELEC=  13--------------------------------

 Density error is 2.58161889017e-07
----------------------------------------------------------
     Energy           Rydberg                 eV          
----------------------------------------------------------
 E_KohnSham     -719.0066867100      -9782.5878393567     
 E_Harris       -719.0066662640      -9782.5875611748     
 E_Fermi        1.0615137291         14.4426352211        
----------------------------------------------------------


 LCAO ALGORITHM --------------- ION=   1  ELEC=  14--------------------------------

 Density error is 4.90377595698e-08
----------------------------------------------------------
     Energy           Rydberg                 eV          
----------------------------------------------------------
 E_KohnSham     -719.0066867100      -9782.5878393568     
 E_Harris       -719.0066880467      -9782.5878575439     
 E_Fermi        1.0615139174         14.4426377825        
----------------------------------------------------------


 LCAO ALGORITHM --------------- ION=   1  ELEC=  15--------------------------------

 Density error is 1.82729723436e-08
----------------------------------------------------------
     Energy           Rydberg                 eV          
----------------------------------------------------------
 E_KohnSham     -719.0066867100      -9782.5878393568     
 E_Harris       -719.0066877438      -9782.5878534225     
 E_Fermi        1.0615139138         14.4426377346        
----------------------------------------------------------


 LCAO ALGORITHM --------------- ION=   1  ELEC=  16--------------------------------

 Density error is 5.70728423896e-09
----------------------------------------------------------
     Energy           Rydberg                 eV          
----------------------------------------------------------
 E_KohnSham     -719.0066867100      -9782.5878393568     
 E_KS(sigma->0) -719.0066867100      -9782.5878393568     
 E_Harris       -719.0066872009      -9782.5878460365     
 E_band         -37.0011422247       -503.4263667647      
 E_one_elec     -126.0535424950      -1715.0464310167     
 E_Hartree      119.2016615847       1621.8218086192      
 E_xc           -182.5096205337      -2483.1707790761     
 E_Ewald        -529.6451852660      -7206.1924378831     
 E_entropy(-TS) -0.0000000000        -0.0000000000        
 E_descf        0.0000000000         0.0000000000         
 E_exx          0.0000000000         0.0000000000         
 E_Fermi        1.0615139087         14.4426376651        
----------------------------------------------------------


 charge density convergence is achieved
 final etot is -9782.5878394 eV
 EFERMI = 14.442637665 eV

 STATE ENERGY(eV) AND OCCUPATIONS    NSPIN == 1
 1/8 kpoint (Cartesian) = 0.0000 0.0000 0.0000 (484 pws)
       1       -48.9449       0.250000
       2       -48.9360       0.250000
       3       -48.6278       0.250000
       4       -48.6192       0.250000
       5       -18.6840       0.250000
       6       -18.6755       0.250000
       7       -18.6303       0.250000
       8       -18.4986       0.250000
       9       -18.4150       0.250000
      10       -18.3720       0.250000
      11       -18.2744       0.250000
      12       -18.2471       0.250000
      13       -18.1948       0.250000
      14       -18.1920       0.250000
      15       -18.1029       0.250000
      16       -18.0778       0.250000
      17       -6.93347       0.250000
      18       -5.63054       0.250000
      19       -5.31131       0.250000
      20       -5.27623       0.250000
      21       -5.00308       0.250000
      22       -4.85941       0.250000
      23       -4.68936       0.250000
      24       -4.43183       0.250000
      25        5.42193       0.250000
      26        5.49918       0.250000
      27        5.87568       0.250000
      28        6.37132       0.250000
      29        6.50153       0.250000
      30        6.66811       0.250000
      31        7.82614       0.250000
      32        7.92850       0.250000
      33        7.99536       0.250000
      34        8.18946       0.250000
      35        8.34659       0.250000
      36        8.45547       0.250000
      37        9.20343       0.250000
      38        9.23624       0.250000
      39        9.68724       0.250000
      40        9.79313       0.250000
      41        9.90402       0.250000
      42        9.98380       0.250000
      43        10.3720       0.250000
      44        10.4102       0.250000
      45        10.5779       0.250000
      46        10.8716       0.250000
      47        11.1245       0.250000
      48        11.3760       0.250000
      49        15.7392        0.00000
      50        15.9221        0.00000
      51        16.3306        0.00000
      52        16.5068        0.00000
      53        17.1441        0.00000
      54        17.2288        0.00000
      55        17.2796        0.00000
      56        17.5294        0.00000
      57        17.8140        0.00000
      58        17.9605        0.00000

 2/8 kpoint (Cartesian) = 0.095437 0.0000 -0.00011404 (487 pws)
       1       -48.9418       0.250000
       2       -48.9390       0.250000
       3       -48.6253       0.250000
       4       -48.6217       0.250000
       5       -18.5931       0.250000
       6       -18.5920       0.250000
       7       -18.5373       0.250000
       8       -18.5364       0.250000
       9       -18.4813       0.250000
      10       -18.4792       0.250000
      11       -18.2368       0.250000
      12       -18.2347       0.250000
      13       -18.1976       0.250000
      14       -18.1962       0.250000
      15       -18.1555       0.250000
      16       -18.1531       0.250000
      17       -6.09983       0.250000
      18       -6.09757       0.250000
      19       -5.25611       0.250000
      20       -5.25290       0.250000
      21       -5.15503       0.250000
      22       -5.15402       0.250000
      23       -4.61947       0.250000
      24       -4.61738       0.250000
      25        6.08913       0.250000
      26        6.09158       0.250000
      27        6.67611       0.250000
      28        6.67823       0.250000
      29        6.97791       0.250000
      30        6.97931       0.250000
      31        7.22841       0.250000
      32        7.23004       0.250000
      33        7.36263       0.250000
      34        7.36477       0.250000
      35        8.53604       0.250000
      36        8.54255       0.250000
      37        8.75678       0.250000
      38        8.75808       0.250000
      39        9.21622       0.250000
      40        9.21826       0.250000
      41        10.0079       0.250000
      42        10.0108       0.250000
      43        10.4168       0.250000
      44        10.4209       0.250000
      45        10.8485       0.250000
      46        10.8519       0.250000
      47        11.2258       0.250000
      48        11.2306       0.250000
      49        16.1384        0.00000
      50        16.1410        0.00000
      51        16.7335        0.00000
      52        16.7403        0.00000
      53        17.0754        0.00000
      54        17.0828        0.00000
      55        17.5067        0.00000
      56        17.5096        0.00000
      57        18.0558        0.00000
      58        18.0639        0.00000

 3/8 kpoint (Cartesian) = 0.0000 0.098506 0.0067114 (491 pws)
       1       -48.9447       0.250000
       2       -48.9360       0.250000
       3       -48.6281       0.250000
       4       -48.6191       0.250000
       5       -18.6199       0.250000
       6       -18.6157       0.250000
       7       -18.5713       0.250000
       8       -18.5031       0.250000
       9       -18.4142       0.250000
      10       -18.3775       0.250000
      11       -18.3108       0.250000
      12       -18.3074       0.250000
      13       -18.2690       0.250000
      14       -18.1981       0.250000
      15       -18.1218       0.250000
      16       -18.0845       0.250000
      17       -6.10069       0.250000
      18       -6.07103       0.250000
      19       -5.31771       0.250000
      20       -5.29587       0.250000
      21       -5.07936       0.250000
      22       -5.07091       0.250000
      23       -4.71233       0.250000
      24       -4.69155       0.250000
      25        6.40685       0.250000
      26        6.46701       0.250000
      27        6.59521       0.250000
      28        6.66147       0.250000
      29        6.96715       0.250000
      30        6.96858       0.250000
      31        7.33150       0.250000
      32        7.46474       0.250000
      33        7.88837       0.250000
      34        8.03223       0.250000
      35        8.32495       0.250000
      36        8.41266       0.250000
      37        8.81190       0.250000
      38        9.01428       0.250000
      39        9.20733       0.250000
      40        9.48654       0.250000
      41        9.52694       0.250000
      42        9.66338       0.250000
      43        10.0159       0.250000
      44        10.1390       0.250000
      45        10.3505       0.250000
      46        10.4327       0.250000
      47        10.7856       0.250000
      48        10.8852       0.250000
      49        16.2724        0.00000
      50        16.3351        0.00000
      51        16.5526        0.00000
      52        16.6800        0.00000
      53        17.0403        0.00000
      54        17.1510        0.00000
      55        17.5782        0.00000
      56        17.6433        0.00000
      57        17.8931        0.00000
      58        17.9626        0.00000

 4/8 kpoint (Cartesian) = 0.095437 0.098506 0.0065973 (504 pws)
       1       -48.9417       0.250000
       2       -48.9389       0.250000
       3       -48.6254       0.250000
       4       -48.6218       0.250000
       5       -18.5896       0.250000
       6       -18.5888       0.250000
       7       -18.5367       0.250000
       8       -18.5354       0.250000
       9       -18.4859       0.250000
      10       -18.4849       0.250000
      11       -18.2389       0.250000
      12       -18.2376       0.250000
      13       -18.1922       0.250000
      14       -18.1909       0.250000
      15       -18.1606       0.250000
      16       -18.1586       0.250000
      17       -5.77214       0.250000
      18       -5.77106       0.250000
      19       -5.63889       0.250000
      20       -5.63374       0.250000
      21       -5.05174       0.250000
      22       -5.04851       0.250000
      23       -4.74168       0.250000
      24       -4.74047       0.250000
      25        6.71575       0.250000
      26        6.71720       0.250000
      27        6.81162       0.250000
      28        6.81386       0.250000
      29        7.09200       0.250000
      30        7.09585       0.250000
      31        7.64643       0.250000
      32        7.65360       0.250000
      33        7.91739       0.250000
      34        7.92140       0.250000
      35        8.41433       0.250000
      36        8.41721       0.250000
      37        8.60679       0.250000
      38        8.60846       0.250000
      39        8.96033       0.250000
      40        8.96428       0.250000
      41        9.60369       0.250000
      42        9.60583       0.250000
      43        9.94495       0.250000
      44        9.94840       0.250000
      45        10.3289       0.250000
      46        10.3296       0.250000
      47        10.5653       0.250000
      48        10.5682       0.250000
      49        16.3908        0.00000
      50        16.3932        0.00000
      51        16.4597        0.00000
      52        16.4684        0.00000
      53        17.1308        0.00000
      54        17.1363        0.00000
      55        17.5051        0.00000
      56        17.5110        0.00000
      57        18.1691        0.00000
      58        18.1792        0.00000

 5/8 kpoint (Cartesian) = 0.0000 0.0000 0.097971 (489 pws)
       1       -48.9422       0.250000
       2       -48.9386       0.250000
       3       -48.6258       0.250000
       4       -48.6213       0.250000
       5       -18.6165       0.250000
       6       -18.5660       0.250000
       7       -18.5300       0.250000
       8       -18.5259       0.250000
       9       -18.4984       0.250000
      10       -18.4622       0.250000
      11       -18.2356       0.250000
      12       -18.2273       0.250000
      13       -18.2144       0.250000
      14       -18.2088       0.250000
      15       -18.1631       0.250000
      16       -18.1485       0.250000
      17       -6.28410       0.250000
      18       -5.71446       0.250000
      19       -5.46060       0.250000
      20       -5.29106       0.250000
      21       -5.26111       0.250000
      22       -5.00142       0.250000
      23       -4.66509       0.250000
      24       -4.57585       0.250000
      25        5.89368       0.250000
      26        6.14963       0.250000
      27        6.61003       0.250000
      28        6.63739       0.250000
      29        6.84297       0.250000
      30        7.05559       0.250000
      31        7.09822       0.250000
      32        7.19942       0.250000
      33        7.58352       0.250000
      34        7.86620       0.250000
      35        8.63164       0.250000
      36        8.72670       0.250000
      37        8.84624       0.250000
      38        8.92025       0.250000
      39        9.25583       0.250000
      40        9.30494       0.250000
      41        9.73775       0.250000
      42        9.81070       0.250000
      43        10.1716       0.250000
      44        10.5002       0.250000
      45        10.5051       0.250000
      46        10.8586       0.250000
      47        11.1411       0.250000
      48        11.4871       0.250000
      49        16.0803        0.00000
      50        16.2941        0.00000
      51        16.3047        0.00000
      52        16.5758        0.00000
      53        17.0055        0.00000
      54        17.0177        0.00000
      55        17.3764        0.00000
      56        17.4462        0.00000
      57        18.1965        0.00000
      58        18.2875        0.00000

 6/8 kpoint (Cartesian) = 0.095437 0.0000 0.097857 (487 pws)
       1       -48.9417       0.250000
       2       -48.9389       0.250000
       3       -48.6254       0.250000
       4       -48.6218       0.250000
       5       -18.6317       0.250000
       6       -18.6302       0.250000
       7       -18.5383       0.250000
       8       -18.5367       0.250000
       9       -18.3797       0.250000
      10       -18.3790       0.250000
      11       -18.3283       0.250000
      12       -18.3263       0.250000
      13       -18.2335       0.250000
      14       -18.2307       0.250000
      15       -18.0915       0.250000
      16       -18.0907       0.250000
      17       -5.94746       0.250000
      18       -5.94552       0.250000
      19       -5.44540       0.250000
      20       -5.44299       0.250000
      21       -5.16661       0.250000
      22       -5.16546       0.250000
      23       -4.61461       0.250000
      24       -4.61118       0.250000
      25        6.47217       0.250000
      26        6.47237       0.250000
      27        6.72085       0.250000
      28        6.72159       0.250000
      29        7.18739       0.250000
      30        7.18975       0.250000
      31        7.56633       0.250000
      32        7.57110       0.250000
      33        7.90457       0.250000
      34        7.91044       0.250000
      35        8.15304       0.250000
      36        8.15513       0.250000
      37        8.81731       0.250000
      38        8.81874       0.250000
      39        8.98197       0.250000
      40        8.98463       0.250000
      41        9.41734       0.250000
      42        9.41834       0.250000
      43        9.77251       0.250000
      44        9.77481       0.250000
      45        10.7244       0.250000
      46        10.7278       0.250000
      47        11.3092       0.250000
      48        11.3153       0.250000
      49        15.7296        0.00000
      50        15.7343        0.00000
      51        16.3482        0.00000
      52        16.3549        0.00000
      53        17.0268        0.00000
      54        17.0319        0.00000
      55        17.5139        0.00000
      56        17.5183        0.00000
      57        17.9637        0.00000
      58        17.9713        0.00000

 7/8 kpoint (Cartesian) = 0.0000 0.098506 0.10468 (491 pws)
       1       -48.9421       0.250000
       2       -48.9385       0.250000
       3       -48.6259       0.250000
       4       -48.6213       0.250000
       5       -18.5970       0.250000
       6       -18.5948       0.250000
       7       -18.5573       0.250000
       8       -18.5533       0.250000
       9       -18.4933       0.250000
      10       -18.4456       0.250000
      11       -18.2622       0.250000
      12       -18.2226       0.250000
      13       -18.1920       0.250000
      14       -18.1733       0.250000
      15       -18.1575       0.250000
      16       -18.1509       0.250000
      17       -5.85217       0.250000
      18       -5.82299       0.250000
      19       -5.42811       0.250000
      20       -5.27382       0.250000
      21       -5.24583       0.250000
      22       -5.22882       0.250000
      23       -4.89291       0.250000
      24       -4.68822       0.250000
      25        6.50251       0.250000
      26        6.54025       0.250000
      27        6.91336       0.250000
      28        6.95520       0.250000
      29        7.03992       0.250000
      30        7.36199       0.250000
      31        7.39251       0.250000
      32        7.61485       0.250000
      33        8.00318       0.250000
      34        8.14787       0.250000
      35        8.52416       0.250000
      36        8.54705       0.250000
      37        8.77502       0.250000
      38        8.90729       0.250000
      39        9.03398       0.250000
      40        9.12818       0.250000
      41        9.54152       0.250000
      42        9.56958       0.250000
      43        9.88640       0.250000
      44        9.98087       0.250000
      45        10.0745       0.250000
      46        10.1147       0.250000
      47        10.2481       0.250000
      48        10.5017       0.250000
      49        15.9677        0.00000
      50        16.4019        0.00000
      51        16.6317        0.00000
      52        16.6508        0.00000
      53        17.0643        0.00000
      54        17.3013        0.00000
      55        17.3442        0.00000
      56        17.8347        0.00000
      57        17.9979        0.00000
      58        18.2613        0.00000

 8/8 kpoint (Cartesian) = 0.095437 0.098506 0.10457 (498 pws)
       1       -48.9417       0.250000
       2       -48.9389       0.250000
       3       -48.6253       0.250000
       4       -48.6218       0.250000
       5       -18.6814       0.250000
       6       -18.6797       0.250000
       7       -18.6130       0.250000
       8       -18.6115       0.250000
       9       -18.3725       0.250000
      10       -18.3718       0.250000
      11       -18.2556       0.250000
      12       -18.2533       0.250000
      13       -18.1787       0.250000
      14       -18.1763       0.250000
      15       -18.0927       0.250000
      16       -18.0921       0.250000
      17       -5.95016       0.250000
      18       -5.94602       0.250000
      19       -5.75054       0.250000
      20       -5.74731       0.250000
      21       -4.87886       0.250000
      22       -4.87753       0.250000
      23       -4.62980       0.250000
      24       -4.62761       0.250000
      25        6.83447       0.250000
      26        6.83855       0.250000
      27        7.04699       0.250000
      28        7.04951       0.250000
      29        7.34697       0.250000
      30        7.34949       0.250000
      31        7.51766       0.250000
      32        7.51829       0.250000
      33        8.14198       0.250000
      34        8.14442       0.250000
      35        8.28860       0.250000
      36        8.29455       0.250000
      37        8.83342       0.250000
      38        8.83558       0.250000
      39        8.95082       0.250000
      40        8.95252       0.250000
      41        9.43759       0.250000
      42        9.44151       0.250000
      43        9.81824       0.250000
      44        9.82015       0.250000
      45        10.0491       0.250000
      46        10.0512       0.250000
      47        10.3893       0.250000
      48        10.3918       0.250000
      49        15.8314        0.00000
      50        15.8336        0.00000
      51        16.4730        0.00000
      52        16.4781        0.00000
      53        16.8023        0.00000
      54        16.8061        0.00000
      55        17.1246        0.00000
      56        17.1254        0.00000
      57        18.1321        0.00000
      58        18.1406        0.00000

 correction force for each atom along direction 1 is -3.34266e-06
 correction force for each atom along direction 2 is -2.98727e-06
 correction force for each atom along direction 3 is 2.42899e-07
------------------------------------------------------------------------------------------
 TOTAL-FORCE (eV/Angstrom)                                                                
------------------------------------------------------------------------------------------
                       Hf1         0.1120401715        -0.0863731581         0.0040009854 
                       Hf2         0.1141915714         0.0869563706        -0.0003750411 
                       Hf3         0.0086279650         0.0167088279         0.0055834979 
                       Hf4         0.0091499836        -0.0131715125        -0.0061437723 
                        O1         0.0484300133         0.0267344845        -0.0386499413 
                        O2         0.0530353918        -0.0193137202        -0.0757912173 
                        O3        -0.0862137648         0.0534133908        -0.0865006112 
                        O4        -0.1391773440        -0.0315927915        -0.1413766473 
                        O5         0.0510290036         0.0222541309         0.0782980805 
                        O6         0.0484678035        -0.0242304567         0.0345775341 
                        O7        -0.1348468471         0.0257556797         0.1421771444 
                        O8        -0.0847339478        -0.0571412455         0.0841999883 
------------------------------------------------------------------------------------------

----------------------------------------------------------------
 TOTAL-STRESS (KBAR)                                            
----------------------------------------------------------------
       -74.1293319703         0.0187686749        -0.8829105716 
         0.0187686749       150.8710280378       -11.3608663962 
        -0.8829105716       -11.3608663962         0.5590972925 
----------------------------------------------------------------
 TOTAL-PRESSURE: 25.766931 KBAR



 --------------------------------------------
 !FINAL_ETOT_IS -9782.5878393567545572 eV
 --------------------------------------------


TIME STATISTICS
------------------------------------------------------------------------------------
    CLASS_NAME                    NAME                TIME/s  CALLS   AVG/s  PER/%  
------------------------------------------------------------------------------------
                   total                              125.40 13       9.65   100.00 
 Driver            reading                            0.53   1        0.53   0.42   
 Input_Conv        Convert                            0.00   1        0.00   0.00   
 Driver            driver_line                        124.87 1        124.87 99.58  
 UnitCell          check_tau                          0.00   1        0.00   0.00   
 ESolver_KS_LCAO   before_all_runners                 1.01   1        1.01   0.81   
 PW_Basis_Sup      setuptransform                     0.01   1        0.01   0.01   
 PW_Basis_Sup      distributeg                        0.00   1        0.00   0.00   
 mymath            heapsort                           0.00   31       0.00   0.00   
 Charge_Mixing     init_mixing                        0.00   1        0.00   0.00   
 Symmetry          analy_sys                          0.03   1        0.03   0.03   
 PW_Basis_K        setuptransform                     0.00   1        0.00   0.00   
 PW_Basis_K        distributeg                        0.00   1        0.00   0.00   
 PW_Basis          setup_struc_factor                 0.00   1        0.00   0.00   
 NOrbital_Lm       extra_uniform                      0.19   14       0.01   0.15   
 Mathzone_Add1     SplineD2                           0.00   14       0.00   0.00   
 Mathzone_Add1     Cubic_Spline_Interpolation         0.01   14       0.00   0.00   
 Mathzone_Add1     Uni_Deriv_Phi                      0.18   14       0.01   0.14   
 ppcell_vl         init_vloc                          0.13   1        0.13   0.10   
 Ions              opt_ions                           123.58 1        123.58 98.55  
 ESolver_KS_LCAO   runner                             114.07 1        114.07 90.97  
 ESolver_KS_LCAO   before_scf                         0.67   1        0.67   0.54   
 atom_arrange      search                             0.00   1        0.00   0.00   
 atom_arrange      grid_d.init                        0.00   1        0.00   0.00   
 Grid              Construct_Adjacent_expand          0.00   1        0.00   0.00   
 Grid              Construct_Adjacent_expand_periodic 0.00   12       0.00   0.00   
 Grid_Technique    init                               0.24   1        0.24   0.19   
 Grid_BigCell      grid_expansion_index               0.05   2        0.03   0.04   
 Grid_Driver       Find_atom                          0.00   120      0.00   0.00   
 Record_adj        for_2d                             0.04   1        0.04   0.03   
 LCAO_domain       grid_prepare                       0.00   1        0.00   0.00   
 Veff              initialize_HR                      0.00   1        0.00   0.00   
 OverlapNew        initialize_SR                      0.00   1        0.00   0.00   
 EkineticNew       initialize_HR                      0.00   1        0.00   0.00   
 NonlocalNew       initialize_HR                      0.02   1        0.02   0.02   
 Charge            set_rho_core                       0.14   1        0.14   0.11   
 PW_Basis_Sup      recip2real                         0.22   132      0.00   0.18   
 PW_Basis_Sup      gathers_scatterp                   0.20   132      0.00   0.16   
 Charge            atomic_rho                         0.28   2        0.14   0.23   
 Potential         init_pot                           0.02   1        0.02   0.01   
 Potential         update_from_charge                 0.44   17       0.03   0.35   
 Potential         cal_fixed_v                        0.00   1        0.00   0.00   
 PotLocal          cal_fixed_v                        0.00   1        0.00   0.00   
 Potential         cal_v_eff                          0.44   17       0.03   0.35   
 H_Hartree_pw      v_hartree                          0.10   17       0.01   0.08   
 PW_Basis_Sup      real2recip                         0.27   153      0.00   0.21   
 PW_Basis_Sup      gatherp_scatters                   0.24   153      0.00   0.19   
 PotXC             cal_v_eff                          0.33   17       0.02   0.26   
 XC_Functional     v_xc                               0.34   19       0.02   0.27   
 Potential         interpolate_vrs                    0.00   17       0.00   0.00   
 Symmetry          rhog_symmetry                      0.62   17       0.04   0.49   
 Symmetry          group fft grids                    0.20   17       0.01   0.16   
 H_Ewald_pw        compute_ewald                      0.00   1        0.00   0.00   
 HSolverLCAO       solve                              111.34 16       6.96   88.79  
 HamiltLCAO        updateHk                           57.62  128      0.45   45.95  
 OperatorLCAO      init                               57.45  384      0.15   45.82  
 Veff              contributeHR                       56.88  16       3.56   45.36  
 Gint_interface    cal_gint                           100.51 33       3.05   80.15  
 Gint_interface    cal_gint_vlocal                    51.41  16       3.21   41.00  
 Gint_Tools        cal_psir_ylm                       5.62   32768    0.00   4.48   
 Gint_k            transfer_pvpR                      5.47   16       0.34   4.37   
 OverlapNew        calculate_SR                       0.13   1        0.13   0.10   
 OverlapNew        contributeHk                       0.04   128      0.00   0.03   
 EkineticNew       contributeHR                       0.13   16       0.01   0.11   
 EkineticNew       calculate_HR                       0.13   1        0.13   0.11   
 NonlocalNew       contributeHR                       0.38   16       0.02   0.30   
 NonlocalNew       calculate_HR                       0.36   1        0.36   0.29   
 OperatorLCAO      contributeHk                       0.05   128      0.00   0.04   
 HSolverLCAO       hamiltSolvePsiK                    4.81   128      0.04   3.83   
 DiagoElpa         elpa_solve                         4.43   128      0.03   3.54   
 elecstate         cal_dm                             0.19   17       0.01   0.15   
 psiMulPsiMpi      pdgemm                             0.18   136      0.00   0.15   
 DensityMatrix     cal_DMR                            0.05   17       0.00   0.04   
 ElecStateLCAO     psiToRho                           48.69  16       3.04   38.83  
 Gint              transfer_DMR                       3.02   16       0.19   2.41   
 Gint_interface    cal_gint_rho                       42.53  16       2.66   33.92  
 Charge_Mixing     get_drho                           0.03   16       0.00   0.02   
 Charge            mix_rho                            0.19   15       0.01   0.15   
 Charge            Broyden_mixing                     0.11   15       0.01   0.09   
 ModuleIO          write_rhog                         0.18   1        0.18   0.14   
 ESolver_KS_LCAO   after_scf                          0.15   1        0.15   0.12   
 ESolver_KS_LCAO   cal_force                          9.45   1        9.45   7.54   
 Force_Stress_LCAO getForceStress                     9.45   1        9.45   7.54   
 Forces            cal_force_loc                      0.01   1        0.01   0.01   
 Forces            cal_force_ew                       0.00   1        0.00   0.00   
 Forces            cal_force_cc                       0.15   1        0.15   0.12   
 Forces            cal_force_scc                      0.13   1        0.13   0.11   
 Stress_Func       stress_loc                         0.44   1        0.44   0.35   
 Stress_Func       stress_har                         0.00   1        0.00   0.00   
 Stress_Func       stress_ewa                         0.00   1        0.00   0.00   
 Stress_Func       stress_cc                          0.59   1        0.59   0.47   
 Stress_Func       stress_gga                         0.00   1        0.00   0.00   
 Force_LCAO        ftable                             7.03   1        7.03   5.60   
 Force_LCAO        allocate                           0.34   1        0.34   0.27   
 LCAO_domain       build_ST_new                       0.34   2        0.17   0.27   
 Force_LCAO        cal_pulay_fs_center2               0.01   2        0.01   0.01   
 Gint_interface    cal_gint_force                     6.43   1        6.43   5.13   
 Gint_Tools        cal_dpsir_ylm                      0.51   1024     0.00   0.41   
 Gint_Tools        cal_dpsirr_ylm                     0.13   1024     0.00   0.10   
 NonlocalNew       cal_force_stress                   1.06   1        1.06   0.85   
 ESolver_KS_LCAO   cal_stress                         0.00   1        0.00   0.00   
 ESolver_KS_LCAO   after_all_runners                  0.01   1        0.01   0.01   
 ModuleIO          write_istate_info                  0.01   1        0.01   0.01   
------------------------------------------------------------------------------------


 NAME-------------------------|MEMORY(MB)--------
                         total      2302.8188
                  Gint::hRGint       404.6658
                 Gint::DMRGint       404.3533
       TwoCenterTable: Kinetic       137.3855
       TwoCenterTable: Overlap       137.3855
      TwoCenterTable: Nonlocal       136.0217
                  meshball_pos       125.4646
               GT::ind_bigcell       123.2787
         GT::in_this_processor       123.2787
              GT::index2normal       123.2787
               GT::index2ucell       123.2787
                   Stress::dSR       114.8804
                   Force::dS_K        57.4402
                   Stress::dHr        57.4402
                  Force::dTVNL        57.4402
      GT::bigcell_on_processor        30.8197
                HamiltLCAO::hR        26.0454
            DensityMatrix::DMR        26.0454
                    index_ball        20.9108
                HamiltLCAO::sR        17.4629
                GT::which_atom         7.0967
             GT::which_bigcell         7.0967
            GT::which_unitcell         7.0967
            DensityMatrix::DMK         5.4863
                RealGauntTable         3.7773
                  SF::strucFac         3.7763
                  PW_B_K::gcar         2.8733
                  SF::eigts123         2.2515
                      Chg::rho         2.0000
                 Chg::rho_save         2.0000
                 Chg::rho_core         2.0000
                 Pot::veff_fix         2.0000
                     Pot::veff         2.0000
              Pot::veff_smooth         2.0000
 -------------   < 1.0 MB has been ignored ----------------
 ----------------------------------------------------------

 Start  Time  : Sun Oct 11 00:40:43 2026
 Finish Time  : Sun Oct 11 00:42:49 2026
 Total  Time  : 0 h 2 mins 6 secs 
