                                                                                     
                              ABACUS v3.10.0

               Atomic-orbital Based Ab-initio Computation at UStc                    

                     Website: http://abacus.ustc.edu.cn/                             
               Documentation: https://abacus.deepmodeling.com/                       
                  Repository: https://github.com/abacusmodeling/abacus-develop       
                              https://github.com/deepmodeling/abacus-develop         
                      Commit: f7cb1d3 (Mon May 12 16:53:30 2025 +0800)

    Start Time is Fri Oct  9 23:32:46 2026
                                                                                     
 ------------------------------------------------------------------------------------

 READING GENERAL INFORMATION
                           global_out_dir = OUT.ABACUS/
                           global_in_card = INPUT
                               pseudo_dir = 
                              orbital_dir = 
                                    DRANK = 1
                                    DSIZE = 32
                                   DCOLOR = 1
                                    GRANK = 1
                                    GSIZE = 1




 >>>>>>>>>>>>>>>>>>>>>>>>>>>>>>>>>>>>>>>>>>>>>>>>>>>>>>>>>>>>>>>>>>>>>>
 |                                                                    |
 | Reading atom information in unitcell:                              |
 | From the input file and the structure file we know the number of   |
 | different elments in this unitcell, then we list the detail        |
 | information for each element, especially the zeta and polar atomic |
 | orbital number for each element. The total atom number is counted. |
 | We calculate the nearest atom distance for each atom and show the  |
 | Cartesian and Direct coordinates for each atom. We list the file   |
 | address for atomic orbitals. The volume and the lattice vectors    |
 | in real and reciprocal space is also shown.                        |
 |                                                                    |
 <<<<<<<<<<<<<<<<<<<<<<<<<<<<<<<<<<<<<<<<<<<<<<<<<<<<<<<<<<<<<<<<<<<<<<




 READING UNITCELL INFORMATION
                                    ntype = 2
                  lattice constant (Bohr) = 1.88973
              lattice constant (Angstrom) = 1

 READING ATOM TYPE 1
                               atom label = Hf
                      L=0, number of zeta = 4
                      L=1, number of zeta = 2
                      L=2, number of zeta = 2
                      L=3, number of zeta = 1
             number of atom for this type = 4

 READING ATOM TYPE 2
                               atom label = O
                      L=0, number of zeta = 2
                      L=1, number of zeta = 2
                      L=2, number of zeta = 1
             number of atom for this type = 8

                        TOTAL ATOM NUMBER = 12
DIRECT COORDINATES
    atom                   x                   y                   z     mag                  vx                  vy                  vz
taud_Hf1            0.9966713681        0.9998759260        0.9966916665  0.0000        0.0000000000        0.0000000000        0.0000000000
taud_Hf2            0.4966619116        0.0848034408        0.4480128323  0.0000        0.0000000000        0.0000000000        0.0000000000
taud_Hf3            0.4201602103        0.4998685805        0.9966949995  0.0000        0.0000000000        0.0000000000        0.0000000000
taud_Hf4            0.9201531731        0.5848054647        0.4480162683  0.0000        0.0000000000        0.0000000000        0.0000000000
taud_O1            0.1975417635        0.3062299684        0.2706658740  0.0000        0.0000000000        0.0000000000        0.0000000000
taud_O2            0.7192790670        0.2784519753        0.1740421755  0.0000        0.0000000000        0.0000000000        0.0000000000
taud_O3            0.3168309932        0.1130479997        0.8042904273  0.0000        0.0000000000        0.0000000000        0.0000000000
taud_O4            0.5999884571        0.4716384543        0.6404116765  0.0000        0.0000000000        0.0000000000        0.0000000000
taud_O5            0.2192821288        0.8062270147        0.2706699375  0.0000        0.0000000000        0.0000000000        0.0000000000
taud_O6            0.6975442202        0.7784586341        0.1740426471  0.0000        0.0000000000        0.0000000000        0.0000000000
taud_O7            0.0999955226        0.6130482875        0.8043006551  0.0000        0.0000000000        0.0000000000        0.0000000000
taud_O8            0.8168301844        0.9716372538        0.6404118403  0.0000        0.0000000000        0.0000000000        0.0000000000



                          Volume (Bohr^3) = 914.31
                             Volume (A^3) = 135.487

 Lattice vectors: (Cartesian coordinate: in unit of a_0)
             +5.23906        +8.03077e-33              -5e-15
                   +0            +5.07585                  +0
          -0.00010295           -0.764322            +5.09489
 Reciprocal vectors: (Cartesian coordinate: in unit of 2 pi/a_0)
            +0.190874                  -0        +3.85688e-06
         +2.82065e-17           +0.197011          +0.0295551
         +1.87319e-16                  -0           +0.196275
 The esolver type has been set to : ksdft_lcao

 RUNNING WITH DEVICE  : CPU / AMD EPYC 7702 64-Core Processor




 >>>>>>>>>>>>>>>>>>>>>>>>>>>>>>>>>>>>>>>>>>>>>>>>>>>>>>>>>>>>>>>>>>>>>>
 |                                                                    |
 | Reading pseudopotentials files:                                    |
 | The pseudopotential file is in UPF format. The 'NC' indicates that |
 | the type of pseudopotential is 'norm conserving'. Functional of    |
 | exchange and correlation is decided by 4 given parameters in UPF   |
 | file.  We also read in the 'core correction' if there exists.      |
 | Also we can read the valence electrons number and the maximal      |
 | angular momentum used in this pseudopotential. We also read in the |
 | trail wave function, trail atomic density and local-pseudopotential|
 | on logrithmic grid. The non-local pseudopotential projector is also|
 | read in if there is any.                                           |
 |                                                                    |
 <<<<<<<<<<<<<<<<<<<<<<<<<<<<<<<<<<<<<<<<<<<<<<<<<<<<<<<<<<<<<<<<<<<<<<




                PAO radial cut off (Bohr) = 15

 Read in pseudopotential file is Hf.upf
                     pseudopotential type = NC
          exchange-correlation functional = PBE
                 nonlocal core correction = 1
                        valence electrons = 12
                                     lmax = 3
                           number of zeta = 4
                     number of projectors = 8
                           L of projector = 0
                           L of projector = 0
                           L of projector = 1
                           L of projector = 1
                           L of projector = 2
                           L of projector = 2
                           L of projector = 3
                           L of projector = 3
                PAO radial cut off (Bohr) = 15

 Read in pseudopotential file is O.upf
                     pseudopotential type = NC
          exchange-correlation functional = PBE
                 nonlocal core correction = 1
                        valence electrons = 6
                                     lmax = 2
                           number of zeta = 2
                     number of projectors = 5
                           L of projector = 0
                           L of projector = 0
                           L of projector = 1
                           L of projector = 1
                           L of projector = 2
     initial pseudo atomic orbital number = 72

 SETUP THE ELECTRONS NUMBER
            electron number of element Hf = 12
      total electron number of element Hf = 48
             electron number of element O = 6
       total electron number of element O = 48
            AUTOSET number of electrons:  = 96
                           occupied bands = 48
                                   NLOCAL = 212
                                   NBANDS = 58
                                   NBANDS = 58
                                   NLOCAL = 212

%%%%%%%%%%%%%%%%%%%%%%%%%%%%%%%%%%%%%%%%%%%%%%%%%%%%%%%%%%%%%%%%%%%%%%%%%%%%%%%%%%%%%%%%%%%%%%%%%%%%%%%%%%
 Warning: the number of valence electrons in pseudopotential > 4 for Hf: [Xe] 4f14 5d2 6s2
 Pseudopotentials with additional electrons can yield (more) accurate outcomes, but may be less efficient.
 If you're confident that your chosen pseudopotential is appropriate, you can safely ignore this warning.
%%%%%%%%%%%%%%%%%%%%%%%%%%%%%%%%%%%%%%%%%%%%%%%%%%%%%%%%%%%%%%%%%%%%%%%%%%%%%%%%%%%%%%%%%%%%%%%%%%%%%%%%%%
                  




 >>>>>>>>>>>>>>>>>>>>>>>>>>>>>>>>>>>>>>>>>>>>>>>>>>>>>>>>>>>>>>>>>>>>>>
 |                                                                    |
 | Setup plane waves of charge/potential:                             |
 | Use the energy cutoff and the lattice vectors to generate the      |
 | dimensions of FFT grid. The number of FFT grid on each processor   |
 | is 'nrxx'. The number of plane wave basis in reciprocal space is   |
 | different for charege/potential and wave functions. We also set    |
 | the 'sticks' for the parallel of FFT. The number of plane waves    |
 | is 'npw' in each processor.                                        |
 <<<<<<<<<<<<<<<<<<<<<<<<<<<<<<<<<<<<<<<<<<<<<<<<<<<<<<<<<<<<<<<<<<<<<<





 SETUP THE PLANE WAVE BASIS
 energy cutoff for charge/potential (unit:Ry) = 400
            fft grid for charge/potential = [ 64, 64, 64 ]
                        fft grid division = [ 2, 2, 2 ]
        big fft grid for charge/potential = [ 32, 32, 32 ]
                                     nbxx = 1024
                                     nrxx = 8192

 SETUP PLANE WAVES FOR CHARGE/POTENTIAL
                    number of plane waves = 123477
                         number of sticks = 3019

 PARALLEL PW FOR CHARGE/POTENTIAL
     PROC   COLUMNS(POT)             PW
        1             94           3859
        2             94           3859
        3             94           3859
        4             94           3859
        5             94           3859
        6             94           3859
        7             94           3858
        8             94           3858
        9             94           3858
       10             94           3858
       11             94           3859
       12             94           3858
       13             94           3859
       14             94           3858
       15             94           3858
       16             94           3858
       17             94           3858
       18             95           3860
       19             95           3860
       20             95           3858
       21             95           3858
       22             95           3858
       23             95           3858
       24             94           3857
       25             94           3857
       26             95           3861
       27             95           3861
       28             95           3859
       29             95           3859
       30             95           3861
       31             94           3858
       32             94           3858
 --------------- sum -------------------
       32           3019         123477
                            number of |g| = 3859
                                  max |g| = 36.1762
                                  min |g| = 0.393615
 DONE : SETUP UNITCELL Time : 10.5458 (SEC)


----------- Double Check Mixing Parameters Begin ------------
mixing_type: broyden
mixing_beta: 0.3
mixing_gg0: 1
mixing_gg0_min: 0.1
mixing_ndim: 8
----------- Double Check Mixing Parameters End ------------




 >>>>>>>>>>>>>>>>>>>>>>>>>>>>>>>>>>>>>>>>>>>>>>>>>>>>>>>>>>>>>>>>>>>>>>
 |                                                                    |
 | Doing symmetry analysis:                                           |
 | We calculate the norm of 3 vectors and the angles between them,    |
 | the type of Bravais lattice is given. We can judge if the unticell |
 | is a primitive cell. Finally we give the point group operation for |
 | this unitcell. We use the point group operations to do symmetry |
 | analysis on given k-point mesh and the charge density.             |
 |                                                                    |
 <<<<<<<<<<<<<<<<<<<<<<<<<<<<<<<<<<<<<<<<<<<<<<<<<<<<<<<<<<<<<<<<<<<<<<




 LATTICE VECTORS: (CARTESIAN COORDINATE: IN UNIT OF A0)
             +5.23906        +8.03077e-33              -5e-15
                   +0            +5.07585                  +0
          -0.00010295           -0.764322            +5.09489
                       right hand lattice = 1
                                   NORM_A = 5.23906
                                   NORM_B = 5.07585
                                   NORM_C = 5.1519
                           ALPHA (DEGREE) = 98.5317
                           BETA  (DEGREE) = 90.0011
                           GAMMA (DEGREE) = 90

 The lattice vectors have been changed (STRU_SIMPLE.cif)

(for optimal symmetric configuration:)
                             BRAVAIS TYPE = 14
                     BRAVAIS LATTICE NAME = 14. Triclinic cell
                                    ibrav = 14
                                    IBRAV = 14
                                  BRAVAIS = TRICLINIC CELL
                       LATTICE CONSTANT A = 7.34785
                                B/A RATIO = 0.713006
                                C/A RATIO = 0.908343
                               COS(ALPHA) = 1.54246e-05
                                COS(BETA) = 0.462112
                               COS(GAMMA) = 0.71302
Original cell was already a primitive cell.
                        ROTATION MATRICES = 2
              PURE POINT GROUP OPERATIONS = 1
                   SPACE GROUP OPERATIONS = 1
                              POINT GROUP = C_1
               POINT GROUP IN SPACE GROUP = C_1
 DONE : SYMMETRY Time : 10.581 (SEC)





 >>>>>>>>>>>>>>>>>>>>>>>>>>>>>>>>>>>>>>>>>>>>>>>>>>>>>>>>>>>>>>>>>>>>>>
 |                                                                    |
 | Setup K-points                                                     |
 | We setup the k-points according to input parameters.               |
 | The reduced k-points are set according to symmetry operations.     |
 | We treat the spin as another set of k-points.                      |
 |                                                                    |
 <<<<<<<<<<<<<<<<<<<<<<<<<<<<<<<<<<<<<<<<<<<<<<<<<<<<<<<<<<<<<<<<<<<<<<





 SETUP K-POINTS
                                    nspin = 1
                   Input type of k points = Monkhorst-Pack(Gamma)
                                   nkstot = 8
                       right hand lattice = 1
(for reciprocal lattice: )
                             BRAVAIS TYPE = 14
                     BRAVAIS LATTICE NAME = 14. Triclinic cell
                                    ibrav = 14
                       right hand lattice = 1
(for k-lattice: )
                             BRAVAIS TYPE = 14
                     BRAVAIS LATTICE NAME = 14. Triclinic cell
                                    ibrav = 14
                       right hand lattice = 1
                        ROTATION MATRICES = 2
                               nkstot_ibz = 8
K-POINTS REDUCTION ACCORDING TO SYMMETRY
     IBZ    DIRECT_X    DIRECT_Y    DIRECT_Z  WEIGHT  ibz2bz
       1  0.00000000  0.00000000  0.00000000  0.1250       0
       2  0.50000000  0.00000000  0.00000000  0.1250       1
       3  0.00000000  0.50000000  0.00000000  0.1250       2
       4  0.50000000  0.50000000  0.00000000  0.1250       3
       5  0.00000000  0.00000000  0.50000000  0.1250       4
       6  0.50000000  0.00000000  0.50000000  0.1250       5
       7  0.00000000  0.50000000  0.50000000  0.1250       6
       8  0.50000000  0.50000000  0.50000000  0.1250       7

                               nkstot now = 8
K-POINTS DIRECT COORDINATES
 KPOINTS    DIRECT_X    DIRECT_Y    DIRECT_Z  WEIGHT
       1  0.00000000  0.00000000  0.00000000  0.1250
       2  0.50000000  0.00000000  0.00000000  0.1250
       3  0.00000000  0.50000000  0.00000000  0.1250
       4  0.50000000  0.50000000  0.00000000  0.1250
       5  0.00000000  0.00000000  0.50000000  0.1250
       6  0.50000000  0.00000000  0.50000000  0.1250
       7  0.00000000  0.50000000  0.50000000  0.1250
       8  0.50000000  0.50000000  0.50000000  0.1250


           k-point number in this process = 8
       minimum distributed K point number = 8
starsize: 1
isym: 0 ks_vec: 0 0 0
starsize: 1
isym: 0 ks_vec: 0.5 0 0
starsize: 1
isym: 0 ks_vec: 0 0.5 0
starsize: 1
isym: 0 ks_vec: 0.5 0.5 0
starsize: 1
isym: 0 ks_vec: 0 0 0.5
starsize: 1
isym: 0 ks_vec: 0.5 0 0.5
starsize: 1
isym: 0 ks_vec: 0 0.5 0.5
starsize: 1
isym: 0 ks_vec: 0.5 0.5 0.5

K-POINTS CARTESIAN COORDINATES
 KPOINTS CARTESIAN_X CARTESIAN_Y CARTESIAN_Z  WEIGHT
       1  0.00000000  0.00000000  0.00000000  0.2500
       2  0.09543697  0.00000000  0.00000193  0.2500
       3  0.00000000  0.09850566  0.01477756  0.2500
       4  0.09543697  0.09850566  0.01477949  0.2500
       5  0.00000000  0.00000000  0.09813758  0.2500
       6  0.09543697  0.00000000  0.09813951  0.2500
       7  0.00000000  0.09850566  0.11291515  0.2500
       8  0.09543697  0.09850566  0.11291708  0.2500


K-POINTS DIRECT COORDINATES
 KPOINTS    DIRECT_X    DIRECT_Y    DIRECT_Z  WEIGHT
       1  0.00000000  0.00000000  0.00000000  0.2500
       2  0.50000000  0.00000000  0.00000000  0.2500
       3  0.00000000  0.50000000  0.00000000  0.2500
       4  0.50000000  0.50000000  0.00000000  0.2500
       5  0.00000000  0.00000000  0.50000000  0.2500
       6  0.50000000  0.00000000  0.50000000  0.2500
       7  0.00000000  0.50000000  0.50000000  0.2500
       8  0.50000000  0.50000000  0.50000000  0.2500

 DONE : INIT K-POINTS Time : 11.4059 (SEC)





 >>>>>>>>>>>>>>>>>>>>>>>>>>>>>>>>>>>>>>>>>>>>>>>>>>>>>>>>>>>>>>>>>>>>>>
 |                                                                    |
 | Setup plane waves of wave functions:                               |
 | Use the energy cutoff and the lattice vectors to generate the      |
 | dimensions of FFT grid. The number of FFT grid on each processor   |
 | is 'nrxx'. The number of plane wave basis in reciprocal space is   |
 | different for charege/potential and wave functions. We also set    |
 | the 'sticks' for the parallel of FFT. The number of plane wave of  |
 | each k-point is 'npwk[ik]' in each processor                       |
 <<<<<<<<<<<<<<<<<<<<<<<<<<<<<<<<<<<<<<<<<<<<<<<<<<<<<<<<<<<<<<<<<<<<<<





 SETUP PLANE WAVES FOR WAVE FUNCTIONS
     energy cutoff for wavefunc (unit:Ry) = 100
              fft grid for wave functions = [ 64, 64, 64 ]
                    number of plane waves = 18345
                         number of sticks = 853

 PARALLEL PW FOR WAVE FUNCTIONS
     PROC   COLUMNS(POT)             PW
        1             26            573
        2             26            573
        3             26            573
        4             26            573
        5             27            574
        6             27            574
        7             27            574
        8             27            574
        9             27            574
       10             27            574
       11             27            574
       12             27            574
       13             27            574
       14             27            574
       15             27            574
       16             26            572
       17             27            574
       18             27            574
       19             27            574
       20             27            574
       21             27            573
       22             27            573
       23             27            573
       24             27            573
       25             26            572
       26             26            572
       27             27            574
       28             27            573
       29             26            572
       30             26            572
       31             26            572
       32             26            572
 --------------- sum -------------------
       32            853          18345
 DONE : INIT PLANEWAVE Time : 11.6046 (SEC)

 SET NONLOCAL PSEUDOPOTENTIAL PROJECTORS
 SET NONLOCAL PSEUDOPOTENTIAL PROJECTORS
 max number of nonlocal projetors among all species is 8
 DONE : LOCAL POTENTIAL Time : 13.3058 (SEC)


 -------------------------------------------
 SELF-CONSISTENT
 -------------------------------------------




 >>>>>>>>>>>>>>>>>>>>>>>>>>>>>>>>>>>>>>>>>>>>>>>>>>>>>>>>>>>>>>>>>>>>>>
 |                                                                    |
 | Search adjacent atoms:                                             |
 | Set the adjacent atoms for each atom and set the periodic boundary |
 | condition for the atoms on real space FFT grid. For k-dependent    |
 | algorithm, we also need to set the sparse H and S matrix element   |
 | for each atom.                                                     |
 |                                                                    |
 <<<<<<<<<<<<<<<<<<<<<<<<<<<<<<<<<<<<<<<<<<<<<<<<<<<<<<<<<<<<<<<<<<<<<<





 SETUP SEARCHING RADIUS FOR PROGRAM TO SEARCH ADJACENT ATOMS
                  longest orb rcut (Bohr) = 10
   longest nonlocal projector rcut (Bohr) = 2.46
                     search radius (Bohr) = 24.9
              searching radius is (Bohr)) = 24.9
         searching radius unit is (Bohr)) = 1.89
                         PeriodicBoundary = 1
                        Radius(unit:lat0) = 13.2
                                   glayer = [ 4, 4, 4 ]
                             glayer_minus = [ 3, 3, 3 ]

Find the coordinate range of the input atom(unit:lat0).
                                  min_tau = [ -15.2, -17.6, -14.4 ]
                                  max_tau = [ 20.9, 22, 20.4 ]
                                BoxNumber = [ 7, 7, 7 ]

 SETUP EXTENDED REAL SPACE GRID FOR GRID INTEGRATION
                          real space grid = [ 64, 64, 64 ]
                 big cell numbers in grid = [ 32, 32, 32 ]
             meshcell numbers in big cell = [ 2, 2, 2 ]
                        extended fft grid = [ 33, 34, 34 ]
                dimension of extened grid = [ 99, 101, 101 ]
                            UnitCellTotal = 125
              Atom number in sub-FFT-grid = 12
    Local orbitals number in sub-FFT-grid = 212
                                ParaV.nnr = 75739

 Warning_Memory_Consuming allocated:  Gint::hRGint 12.6 MB

 Warning_Memory_Consuming allocated:  Gint::DMRGint 12.6 MB
                                 init_chg = atomic
 DONE : INIT SCF Time : 14.8878 (SEC)


 LCAO ALGORITHM --------------- ION=   1  ELEC=   1--------------------------------

 Density error is 0.15656955049
----------------------------------------------------------
     Energy           Rydberg                 eV          
----------------------------------------------------------
 E_KohnSham     -718.7276077428      -9778.7907752114     
 E_Harris       -705.4990752370      -9598.8073569538     
 E_Fermi        0.7909691918         10.7616879507        
----------------------------------------------------------


 LCAO ALGORITHM --------------- ION=   1  ELEC=   2--------------------------------

 Density error is 0.0635880566322
----------------------------------------------------------
     Energy           Rydberg                 eV          
----------------------------------------------------------
 E_KohnSham     -719.0316999572      -9782.9281620443     
 E_Harris       -715.3527433267      -9732.8733891745     
 E_Fermi        0.9270957007         12.6137841213        
----------------------------------------------------------


 LCAO ALGORITHM --------------- ION=   1  ELEC=   3--------------------------------

 Density error is 0.0375656629834
----------------------------------------------------------
     Energy           Rydberg                 eV          
----------------------------------------------------------
 E_KohnSham     -719.0622631594      -9783.3439957427     
 E_Harris       -718.4343650721      -9774.8010039931     
 E_Fermi        0.9216810017         12.5401133616        
----------------------------------------------------------


 LCAO ALGORITHM --------------- ION=   1  ELEC=   4--------------------------------

 Density error is 0.0075486765964
----------------------------------------------------------
     Energy           Rydberg                 eV          
----------------------------------------------------------
 E_KohnSham     -719.0603601929      -9783.3181045561     
 E_Harris       -718.3127777149      -9773.1467231298     
 E_Fermi        0.9256014154         12.5934533260        
----------------------------------------------------------


 LCAO ALGORITHM --------------- ION=   1  ELEC=   5--------------------------------

 Density error is 0.00137849412525
----------------------------------------------------------
     Energy           Rydberg                 eV          
----------------------------------------------------------
 E_KohnSham     -719.0618983313      -9783.3390320027     
 E_Harris       -719.0250258199      -9782.8373557483     
 E_Fermi        0.9250896817         12.5864908318        
----------------------------------------------------------


 LCAO ALGORITHM --------------- ION=   1  ELEC=   6--------------------------------

 Density error is 0.000794550750847
----------------------------------------------------------
     Energy           Rydberg                 eV          
----------------------------------------------------------
 E_KohnSham     -719.0619019168      -9783.3390807852     
 E_Harris       -719.0265764675      -9782.8584533910     
 E_Fermi        0.9256990091         12.5947811572        
----------------------------------------------------------


 LCAO ALGORITHM --------------- ION=   1  ELEC=   7--------------------------------

 Density error is 0.000211979716254
----------------------------------------------------------
     Energy           Rydberg                 eV          
----------------------------------------------------------
 E_KohnSham     -719.0619126754      -9783.3392271642     
 E_Harris       -719.0424703981      -9783.0747014107     
 E_Fermi        0.9265504889         12.6063661339        
----------------------------------------------------------


 LCAO ALGORITHM --------------- ION=   1  ELEC=   8--------------------------------

 Density error is 2.71369136013e-05
----------------------------------------------------------
     Energy           Rydberg                 eV          
----------------------------------------------------------
 E_KohnSham     -719.0619135668      -9783.3392392926     
 E_Harris       -719.0636799145      -9783.3632716851     
 E_Fermi        0.9265925645         12.6069386017        
----------------------------------------------------------


 LCAO ALGORITHM --------------- ION=   1  ELEC=   9--------------------------------

 Density error is 2.94937104298e-05
----------------------------------------------------------
     Energy           Rydberg                 eV          
----------------------------------------------------------
 E_KohnSham     -719.0619135569      -9783.3392391579     
 E_Harris       -719.0591447675      -9783.3015678453     
 E_Fermi        0.9265750295         12.6067000254        
----------------------------------------------------------


 LCAO ALGORITHM --------------- ION=   1  ELEC=  10--------------------------------

 Density error is 2.42437790538e-06
----------------------------------------------------------
     Energy           Rydberg                 eV          
----------------------------------------------------------
 E_KohnSham     -719.0619135793      -9783.3392394615     
 E_Harris       -719.0616931817      -9783.3362407989     
 E_Fermi        0.9265715192         12.6066522659        
----------------------------------------------------------


 LCAO ALGORITHM --------------- ION=   1  ELEC=  11--------------------------------

 Density error is 4.16455649603e-07
----------------------------------------------------------
     Energy           Rydberg                 eV          
----------------------------------------------------------
 E_KohnSham     -719.0619135794      -9783.3392394631     
 E_Harris       -719.0618736686      -9783.3386964486     
 E_Fermi        0.9265746091         12.6066943060        
----------------------------------------------------------


 LCAO ALGORITHM --------------- ION=   1  ELEC=  12--------------------------------

 Density error is 3.13666371374e-07
----------------------------------------------------------
     Energy           Rydberg                 eV          
----------------------------------------------------------
 E_KohnSham     -719.0619135794      -9783.3392394631     
 E_Harris       -719.0619240440      -9783.3393818418     
 E_Fermi        0.9265747292         12.6066959403        
----------------------------------------------------------


 LCAO ALGORITHM --------------- ION=   1  ELEC=  13--------------------------------

 Density error is 4.35000452744e-08
----------------------------------------------------------
     Energy           Rydberg                 eV          
----------------------------------------------------------
 E_KohnSham     -719.0619135794      -9783.3392394632     
 E_Harris       -719.0619168880      -9783.3392844796     
 E_Fermi        0.9265749204         12.6066985420        
----------------------------------------------------------


 LCAO ALGORITHM --------------- ION=   1  ELEC=  14--------------------------------

 Density error is 2.460790131e-08
----------------------------------------------------------
     Energy           Rydberg                 eV          
----------------------------------------------------------
 E_KohnSham     -719.0619135794      -9783.3392394632     
 E_Harris       -719.0619157622      -9783.3392691626     
 E_Fermi        0.9265749056         12.6066983400        
----------------------------------------------------------


 LCAO ALGORITHM --------------- ION=   1  ELEC=  15--------------------------------

 Density error is 1.42250972378e-08
----------------------------------------------------------
     Energy           Rydberg                 eV          
----------------------------------------------------------
 E_KohnSham     -719.0619135794      -9783.3392394632     
 E_Harris       -719.0619145631      -9783.3392528479     
 E_Fermi        0.9265748911         12.6066981426        
----------------------------------------------------------


 LCAO ALGORITHM --------------- ION=   1  ELEC=  16--------------------------------

 Density error is 1.40982723859e-09
----------------------------------------------------------
     Energy           Rydberg                 eV          
----------------------------------------------------------
 E_KohnSham     -719.0619135794      -9783.3392394632     
 E_KS(sigma->0) -719.0619135794      -9783.3392394632     
 E_Harris       -719.0619136051      -9783.3392398125     
 E_band         -37.6699150370       -512.5254876791      
 E_one_elec     -132.9704129753      -1809.1552818769     
 E_Hartree      122.3708136509       1664.9403345485      
 E_xc           -182.5816056145      -2484.1501863464     
 E_Ewald        -525.8807086405      -7154.9741057883     
 E_entropy(-TS) -0.0000000000        -0.0000000000        
 E_descf        0.0000000000         0.0000000000         
 E_exx          0.0000000000         0.0000000000         
 E_Fermi        0.9265748802         12.6066979950        
----------------------------------------------------------


 charge density convergence is achieved
 final etot is -9783.3392395 eV
 EFERMI = 12.606697995 eV

 STATE ENERGY(eV) AND OCCUPATIONS    NSPIN == 1
 1/8 kpoint (Cartesian) = 0.0000 0.0000 0.0000 (487 pws)
       1       -48.7905       0.250000
       2       -48.7690       0.250000
       3       -48.7651       0.250000
       4       -48.7613       0.250000
       5       -18.6806       0.250000
       6       -18.6447       0.250000
       7       -18.6155       0.250000
       8       -18.4279       0.250000
       9       -18.3948       0.250000
      10       -18.3274       0.250000
      11       -18.3075       0.250000
      12       -18.2930       0.250000
      13       -18.2437       0.250000
      14       -18.2402       0.250000
      15       -18.1867       0.250000
      16       -18.1458       0.250000
      17       -7.08126       0.250000
      18       -5.80886       0.250000
      19       -5.49174       0.250000
      20       -5.43233       0.250000
      21       -4.96239       0.250000
      22       -4.93293       0.250000
      23       -4.85995       0.250000
      24       -4.79991       0.250000
      25        5.59807       0.250000
      26        5.64274       0.250000
      27        6.13034       0.250000
      28        6.38576       0.250000
      29        6.41249       0.250000
      30        6.90486       0.250000
      31        7.56966       0.250000
      32        7.72376       0.250000
      33        7.81158       0.250000
      34        8.08284       0.250000
      35        8.24673       0.250000
      36        8.52963       0.250000
      37        8.80653       0.250000
      38        9.05776       0.250000
      39        9.26446       0.250000
      40        9.27783       0.250000
      41        9.29430       0.250000
      42        9.96217       0.250000
      43        10.1234       0.250000
      44        10.2035       0.250000
      45        10.4721       0.250000
      46        10.5602       0.250000
      47        10.7539       0.250000
      48        11.0081       0.250000
      49        15.6523        0.00000
      50        16.2786        0.00000
      51        16.5432        0.00000
      52        16.8476        0.00000
      53        16.8924        0.00000
      54        17.1398        0.00000
      55        17.6776        0.00000
      56        17.8542        0.00000
      57        17.8673        0.00000
      58        18.0163        0.00000

 2/8 kpoint (Cartesian) = 0.095437 0.0000 1.9284e-06 (493 pws)
       1       -48.7812       0.250000
       2       -48.7812       0.250000
       3       -48.7618       0.250000
       4       -48.7617       0.250000
       5       -18.5814       0.250000
       6       -18.5813       0.250000
       7       -18.4958       0.250000
       8       -18.4958       0.250000
       9       -18.4176       0.250000
      10       -18.4175       0.250000
      11       -18.3083       0.250000
      12       -18.3083       0.250000
      13       -18.2902       0.250000
      14       -18.2901       0.250000
      15       -18.1760       0.250000
      16       -18.1760       0.250000
      17       -6.26407       0.250000
      18       -6.26403       0.250000
      19       -5.41526       0.250000
      20       -5.41520       0.250000
      21       -5.14019       0.250000
      22       -5.14010       0.250000
      23       -4.90511       0.250000
      24       -4.90500       0.250000
      25        5.85434       0.250000
      26        5.85437       0.250000
      27        6.57538       0.250000
      28        6.57542       0.250000
      29        6.96905       0.250000
      30        6.96913       0.250000
      31        7.40369       0.250000
      32        7.40380       0.250000
      33        7.51793       0.250000
      34        7.51800       0.250000
      35        8.33896       0.250000
      36        8.33897       0.250000
      37        8.94824       0.250000
      38        8.94835       0.250000
      39        9.15090       0.250000
      40        9.15097       0.250000
      41        9.87901       0.250000
      42        9.87903       0.250000
      43        9.99178       0.250000
      44        9.99189       0.250000
      45        10.3671       0.250000
      46        10.3671       0.250000
      47        10.5454       0.250000
      48        10.5455       0.250000
      49        16.2372        0.00000
      50        16.2374        0.00000
      51        16.7070        0.00000
      52        16.7071        0.00000
      53        16.9549        0.00000
      54        16.9550        0.00000
      55        17.4609        0.00000
      56        17.4611        0.00000
      57        18.0761        0.00000
      58        18.0762        0.00000

 3/8 kpoint (Cartesian) = 0.0000 0.098506 0.014778 (485 pws)
       1       -48.7781       0.250000
       2       -48.7780       0.250000
       3       -48.7650       0.250000
       4       -48.7649       0.250000
       5       -18.5354       0.250000
       6       -18.5354       0.250000
       7       -18.5316       0.250000
       8       -18.5316       0.250000
       9       -18.4321       0.250000
      10       -18.4321       0.250000
      11       -18.2858       0.250000
      12       -18.2858       0.250000
      13       -18.2654       0.250000
      14       -18.2654       0.250000
      15       -18.2214       0.250000
      16       -18.2214       0.250000
      17       -6.22940       0.250000
      18       -6.22932       0.250000
      19       -5.55861       0.250000
      20       -5.55846       0.250000
      21       -5.05714       0.250000
      22       -5.05707       0.250000
      23       -4.88189       0.250000
      24       -4.88180       0.250000
      25        6.10706       0.250000
      26        6.10717       0.250000
      27        6.81333       0.250000
      28        6.81337       0.250000
      29        6.90265       0.250000
      30        6.90274       0.250000
      31        7.48892       0.250000
      32        7.48895       0.250000
      33        7.90518       0.250000
      34        7.90527       0.250000
      35        8.31234       0.250000
      36        8.31246       0.250000
      37        8.56792       0.250000
      38        8.56800       0.250000
      39        8.94357       0.250000
      40        8.94364       0.250000
      41        9.29261       0.250000
      42        9.29275       0.250000
      43        10.0704       0.250000
      44        10.0704       0.250000
      45        10.2032       0.250000
      46        10.2033       0.250000
      47        10.6212       0.250000
      48        10.6213       0.250000
      49        15.9128        0.00000
      50        15.9130        0.00000
      51        16.3489        0.00000
      52        16.3490        0.00000
      53        17.4352        0.00000
      54        17.4354        0.00000
      55        17.9137        0.00000
      56        17.9138        0.00000
      57        18.2009        0.00000
      58        18.2010        0.00000

 4/8 kpoint (Cartesian) = 0.095437 0.098506 0.014779 (492 pws)
       1       -48.7763       0.250000
       2       -48.7762       0.250000
       3       -48.7667       0.250000
       4       -48.7666       0.250000
       5       -18.5357       0.250000
       6       -18.5357       0.250000
       7       -18.5297       0.250000
       8       -18.5297       0.250000
       9       -18.4505       0.250000
      10       -18.4505       0.250000
      11       -18.3066       0.250000
      12       -18.3065       0.250000
      13       -18.2406       0.250000
      14       -18.2405       0.250000
      15       -18.2116       0.250000
      16       -18.2116       0.250000
      17       -5.88799       0.250000
      18       -5.88792       0.250000
      19       -5.86451       0.250000
      20       -5.86437       0.250000
      21       -5.00836       0.250000
      22       -5.00831       0.250000
      23       -4.99012       0.250000
      24       -4.99010       0.250000
      25        6.68457       0.250000
      26        6.68463       0.250000
      27        6.69094       0.250000
      28        6.69102       0.250000
      29        7.12276       0.250000
      30        7.12278       0.250000
      31        7.28510       0.250000
      32        7.28518       0.250000
      33        7.90771       0.250000
      34        7.90775       0.250000
      35        8.16983       0.250000
      36        8.16989       0.250000
      37        8.38063       0.250000
      38        8.38077       0.250000
      39        8.89890       0.250000
      40        8.89901       0.250000
      41        9.35591       0.250000
      42        9.35611       0.250000
      43        10.0109       0.250000
      44        10.0110       0.250000
      45        10.2350       0.250000
      46        10.2351       0.250000
      47        10.3315       0.250000
      48        10.3316       0.250000
      49        16.1487        0.00000
      50        16.1488        0.00000
      51        16.3783        0.00000
      52        16.3785        0.00000
      53        17.2241        0.00000
      54        17.2244        0.00000
      55        17.4419        0.00000
      56        17.4421        0.00000
      57        18.2082        0.00000
      58        18.2083        0.00000

 5/8 kpoint (Cartesian) = 0.0000 0.0000 0.098138 (483 pws)
       1       -48.7810       0.250000
       2       -48.7747       0.250000
       3       -48.7677       0.250000
       4       -48.7625       0.250000
       5       -18.6336       0.250000
       6       -18.5270       0.250000
       7       -18.4793       0.250000
       8       -18.4736       0.250000
       9       -18.4532       0.250000
      10       -18.3917       0.250000
      11       -18.3350       0.250000
      12       -18.2989       0.250000
      13       -18.2672       0.250000
      14       -18.2514       0.250000
      15       -18.2231       0.250000
      16       -18.2101       0.250000
      17       -6.54218       0.250000
      18       -5.63816       0.250000
      19       -5.55309       0.250000
      20       -5.50900       0.250000
      21       -5.48191       0.250000
      22       -4.91213       0.250000
      23       -4.90523       0.250000
      24       -4.82182       0.250000
      25        5.33430       0.250000
      26        5.87912       0.250000
      27        6.40025       0.250000
      28        6.54343       0.250000
      29        6.56661       0.250000
      30        6.70228       0.250000
      31        7.34443       0.250000
      32        7.80114       0.250000
      33        7.83998       0.250000
      34        7.84607       0.250000
      35        8.16589       0.250000
      36        8.55991       0.250000
      37        8.83009       0.250000
      38        9.16161       0.250000
      39        9.20560       0.250000
      40        9.36551       0.250000
      41        9.48160       0.250000
      42        9.84825       0.250000
      43        10.0113       0.250000
      44        10.0120       0.250000
      45        10.5063       0.250000
      46        10.6095       0.250000
      47        10.6738       0.250000
      48        10.9182       0.250000
      49        15.4201        0.00000
      50        16.4517        0.00000
      51        16.5507        0.00000
      52        16.7585        0.00000
      53        16.8867        0.00000
      54        16.9916        0.00000
      55        17.0338        0.00000
      56        17.4718        0.00000
      57        18.2216        0.00000
      58        18.5922        0.00000

 6/8 kpoint (Cartesian) = 0.095437 0.0000 0.098140 (497 pws)
       1       -48.7765       0.250000
       2       -48.7765       0.250000
       3       -48.7664       0.250000
       4       -48.7664       0.250000
       5       -18.5854       0.250000
       6       -18.5854       0.250000
       7       -18.4981       0.250000
       8       -18.4980       0.250000
       9       -18.4256       0.250000
      10       -18.4256       0.250000
      11       -18.3155       0.250000
      12       -18.3155       0.250000
      13       -18.2466       0.250000
      14       -18.2466       0.250000
      15       -18.2029       0.250000
      16       -18.2029       0.250000
      17       -6.16337       0.250000
      18       -6.16333       0.250000
      19       -5.40387       0.250000
      20       -5.40382       0.250000
      21       -5.25633       0.250000
      22       -5.25620       0.250000
      23       -4.89044       0.250000
      24       -4.89034       0.250000
      25        6.21134       0.250000
      26        6.21135       0.250000
      27        6.54168       0.250000
      28        6.54171       0.250000
      29        6.96815       0.250000
      30        6.96819       0.250000
      31        7.25245       0.250000
      32        7.25252       0.250000
      33        7.85023       0.250000
      34        7.85037       0.250000
      35        8.11268       0.250000
      36        8.11270       0.250000
      37        8.83314       0.250000
      38        8.83325       0.250000
      39        9.26183       0.250000
      40        9.26188       0.250000
      41        9.47674       0.250000
      42        9.47689       0.250000
      43        9.82335       0.250000
      44        9.82340       0.250000
      45        10.3011       0.250000
      46        10.3011       0.250000
      47        10.5730       0.250000
      48        10.5731       0.250000
      49        16.0682        0.00000
      50        16.0684        0.00000
      51        16.6205        0.00000
      52        16.6206        0.00000
      53        16.9580        0.00000
      54        16.9583        0.00000
      55        17.7100        0.00000
      56        17.7101        0.00000
      57        17.8059        0.00000
      58        17.8061        0.00000

 7/8 kpoint (Cartesian) = 0.0000 0.098506 0.11292 (484 pws)
       1       -48.7757       0.250000
       2       -48.7756       0.250000
       3       -48.7673       0.250000
       4       -48.7672       0.250000
       5       -18.5978       0.250000
       6       -18.5978       0.250000
       7       -18.5260       0.250000
       8       -18.5260       0.250000
       9       -18.4055       0.250000
      10       -18.4055       0.250000
      11       -18.3334       0.250000
      12       -18.3334       0.250000
      13       -18.2469       0.250000
      14       -18.2469       0.250000
      15       -18.1645       0.250000
      16       -18.1644       0.250000
      17       -6.04443       0.250000
      18       -6.04434       0.250000
      19       -5.53926       0.250000
      20       -5.53920       0.250000
      21       -5.19990       0.250000
      22       -5.19984       0.250000
      23       -4.94470       0.250000
      24       -4.94464       0.250000
      25        6.13396       0.250000
      26        6.13407       0.250000
      27        6.62467       0.250000
      28        6.62471       0.250000
      29        6.96409       0.250000
      30        6.96410       0.250000
      31        7.29103       0.250000
      32        7.29105       0.250000
      33        7.45864       0.250000
      34        7.45868       0.250000
      35        8.56693       0.250000
      36        8.56700       0.250000
      37        9.17040       0.250000
      38        9.17041       0.250000
      39        9.23847       0.250000
      40        9.23850       0.250000
      41        9.57244       0.250000
      42        9.57261       0.250000
      43        9.70074       0.250000
      44        9.70085       0.250000
      45        10.0278       0.250000
      46        10.0279       0.250000
      47        10.7037       0.250000
      48        10.7038       0.250000
      49        15.6775        0.00000
      50        15.6777        0.00000
      51        16.4310        0.00000
      52        16.4310        0.00000
      53        17.0510        0.00000
      54        17.0511        0.00000
      55        17.3666        0.00000
      56        17.3668        0.00000
      57        17.8704        0.00000
      58        17.8705        0.00000

 8/8 kpoint (Cartesian) = 0.095437 0.098506 0.11292 (490 pws)
       1       -48.7745       0.250000
       2       -48.7744       0.250000
       3       -48.7684       0.250000
       4       -48.7683       0.250000
       5       -18.6628       0.250000
       6       -18.6627       0.250000
       7       -18.6272       0.250000
       8       -18.6272       0.250000
       9       -18.3051       0.250000
      10       -18.3050       0.250000
      11       -18.2453       0.250000
      12       -18.2453       0.250000
      13       -18.2412       0.250000
      14       -18.2411       0.250000
      15       -18.1830       0.250000
      16       -18.1829       0.250000
      17       -6.15868       0.250000
      18       -6.15858       0.250000
      19       -5.80838       0.250000
      20       -5.80827       0.250000
      21       -4.88483       0.250000
      22       -4.88481       0.250000
      23       -4.85557       0.250000
      24       -4.85550       0.250000
      25        6.37355       0.250000
      26        6.37363       0.250000
      27        6.62734       0.250000
      28        6.62742       0.250000
      29        7.09418       0.250000
      30        7.09426       0.250000
      31        7.57855       0.250000
      32        7.57874       0.250000
      33        8.10652       0.250000
      34        8.10666       0.250000
      35        8.13989       0.250000
      36        8.14007       0.250000
      37        8.76596       0.250000
      38        8.76601       0.250000
      39        8.77582       0.250000
      40        8.77589       0.250000
      41        9.44387       0.250000
      42        9.44388       0.250000
      43        9.75753       0.250000
      44        9.75763       0.250000
      45        9.99631       0.250000
      46        9.99636       0.250000
      47        10.2846       0.250000
      48        10.2847       0.250000
      49        16.1523        0.00000
      50        16.1524        0.00000
      51        16.5543        0.00000
      52        16.5544        0.00000
      53        16.7132        0.00000
      54        16.7133        0.00000
      55        17.1898        0.00000
      56        17.1900        0.00000
      57        18.2913        0.00000
      58        18.2915        0.00000

 correction force for each atom along direction 1 is 4.16609e-06
 correction force for each atom along direction 2 is -8.49861e-07
 correction force for each atom along direction 3 is -3.95779e-07
------------------------------------------------------------------------------------------
 TOTAL-FORCE (eV/Angstrom)                                                                
------------------------------------------------------------------------------------------
                       Hf1         0.0405587778         0.0895524642        -0.0516141621 
                       Hf2         0.0420959368        -0.0897700788         0.0523305333 
                       Hf3        -0.0406861415         0.0904700090        -0.0522893756 
                       Hf4        -0.0402238104        -0.0896175003         0.0518604582 
                        O1         0.1027665187        -0.0096765417         0.0876282449 
                        O2        -0.1027304711         0.0096185696        -0.0877557365 
                        O3        -0.0026916817        -0.0466694737        -0.0376913000 
                        O4         0.0019727766         0.0465019989         0.0380761938 
                        O5        -0.1028789193        -0.0095516294         0.0876916626 
                        O6         0.1027262732         0.0091260875        -0.0880033291 
                        O7         0.0014908188        -0.0464325283        -0.0384172762 
                        O8        -0.0024000779         0.0464486229         0.0381840867 
------------------------------------------------------------------------------------------

----------------------------------------------------------------
 TOTAL-STRESS (KBAR)                                            
----------------------------------------------------------------
        17.3656344847         0.0193313461         0.0567096496 
         0.0193313461        99.1642206889         1.1428950803 
         0.0567096496         1.1428950803         5.3988773680 
----------------------------------------------------------------
 TOTAL-PRESSURE: 40.642911 KBAR



 --------------------------------------------
 !FINAL_ETOT_IS -9783.3392394631646312 eV
 --------------------------------------------


TIME STATISTICS
------------------------------------------------------------------------------------
    CLASS_NAME                    NAME                TIME/s  CALLS   AVG/s  PER/%  
------------------------------------------------------------------------------------
                   total                              131.79 13       10.14  100.00 
 Driver            reading                            3.39   1        3.39   2.57   
 Input_Conv        Convert                            0.00   1        0.00   0.00   
 Driver            driver_line                        128.40 1        128.40 97.43  
 UnitCell          check_tau                          0.00   1        0.00   0.00   
 ESolver_KS_LCAO   before_all_runners                 4.23   1        4.23   3.21   
 PW_Basis_Sup      setuptransform                     0.17   1        0.17   0.13   
 PW_Basis_Sup      distributeg                        0.15   1        0.15   0.11   
 mymath            heapsort                           0.00   31       0.00   0.00   
 Charge_Mixing     init_mixing                        0.00   1        0.00   0.00   
 Symmetry          analy_sys                          0.04   1        0.04   0.03   
 PW_Basis_K        setuptransform                     0.18   1        0.18   0.14   
 PW_Basis_K        distributeg                        0.18   1        0.18   0.14   
 PW_Basis          setup_struc_factor                 0.02   1        0.02   0.01   
 NOrbital_Lm       extra_uniform                      0.17   14       0.01   0.13   
 Mathzone_Add1     SplineD2                           0.00   14       0.00   0.00   
 Mathzone_Add1     Cubic_Spline_Interpolation         0.01   14       0.00   0.00   
 Mathzone_Add1     Uni_Deriv_Phi                      0.16   14       0.01   0.13   
 ppcell_vl         init_vloc                          0.10   1        0.10   0.08   
 Ions              opt_ions                           118.47 1        118.47 89.89  
 ESolver_KS_LCAO   runner                             111.25 1        111.25 84.41  
 ESolver_KS_LCAO   before_scf                         1.58   1        1.58   1.20   
 atom_arrange      search                             0.00   1        0.00   0.00   
 atom_arrange      grid_d.init                        0.00   1        0.00   0.00   
 Grid              Construct_Adjacent_expand          0.00   1        0.00   0.00   
 Grid              Construct_Adjacent_expand_periodic 0.00   12       0.00   0.00   
 Grid_Technique    init                               0.46   1        0.46   0.35   
 Grid_BigCell      grid_expansion_index               0.05   2        0.02   0.04   
 Grid_Driver       Find_atom                          0.00   120      0.00   0.00   
 Record_adj        for_2d                             0.04   1        0.04   0.03   
 LCAO_domain       grid_prepare                       0.00   1        0.00   0.00   
 Veff              initialize_HR                      0.00   1        0.00   0.00   
 OverlapNew        initialize_SR                      0.00   1        0.00   0.00   
 EkineticNew       initialize_HR                      0.00   1        0.00   0.00   
 NonlocalNew       initialize_HR                      0.02   1        0.02   0.02   
 Charge            set_rho_core                       0.36   1        0.36   0.27   
 PW_Basis_Sup      recip2real                         0.46   132      0.00   0.35   
 PW_Basis_Sup      gathers_scatterp                   0.43   132      0.00   0.33   
 Charge            atomic_rho                         0.41   2        0.21   0.31   
 Potential         init_pot                           0.21   1        0.21   0.16   
 Potential         update_from_charge                 0.32   17       0.02   0.24   
 Potential         cal_fixed_v                        0.01   1        0.01   0.01   
 PotLocal          cal_fixed_v                        0.01   1        0.01   0.01   
 Potential         cal_v_eff                          0.30   17       0.02   0.23   
 H_Hartree_pw      v_hartree                          0.07   17       0.00   0.06   
 PW_Basis_Sup      real2recip                         0.15   153      0.00   0.11   
 PW_Basis_Sup      gatherp_scatters                   0.11   153      0.00   0.08   
 PotXC             cal_v_eff                          0.23   17       0.01   0.17   
 XC_Functional     v_xc                               0.24   19       0.01   0.18   
 Potential         interpolate_vrs                    0.00   17       0.00   0.00   
 Symmetry          rhog_symmetry                      0.68   17       0.04   0.52   
 Symmetry          group fft grids                    0.26   17       0.02   0.20   
 H_Ewald_pw        compute_ewald                      0.01   1        0.01   0.01   
 HSolverLCAO       solve                              108.59 16       6.79   82.39  
 HamiltLCAO        updateHk                           47.62  128      0.37   36.14  
 OperatorLCAO      init                               47.49  384      0.12   36.04  
 Veff              contributeHR                       47.03  16       2.94   35.68  
 Gint_interface    cal_gint                           79.71  33       2.42   60.49  
 Gint_interface    cal_gint_vlocal                    41.46  16       2.59   31.46  
 Gint_Tools        cal_psir_ylm                       2.39   32768    0.00   1.82   
 Gint_k            transfer_pvpR                      5.56   16       0.35   4.22   
 OverlapNew        calculate_SR                       0.10   1        0.10   0.08   
 OverlapNew        contributeHk                       0.03   128      0.00   0.02   
 EkineticNew       contributeHR                       0.10   16       0.01   0.08   
 EkineticNew       calculate_HR                       0.10   1        0.10   0.08   
 NonlocalNew       contributeHR                       0.32   16       0.02   0.25   
 NonlocalNew       calculate_HR                       0.31   1        0.31   0.24   
 OperatorLCAO      contributeHk                       0.04   128      0.00   0.03   
 HSolverLCAO       hamiltSolvePsiK                    23.27  128      0.18   17.65  
 DiagoElpa         elpa_solve                         22.20  128      0.17   16.84  
 elecstate         cal_dm                             0.16   17       0.01   0.12   
 psiMulPsiMpi      pdgemm                             0.16   136      0.00   0.12   
 DensityMatrix     cal_DMR                            0.04   17       0.00   0.03   
 ElecStateLCAO     psiToRho                           37.50  16       2.34   28.45  
 Gint              transfer_DMR                       1.60   16       0.10   1.21   
 Gint_interface    cal_gint_rho                       33.88  16       2.12   25.70  
 Charge_Mixing     get_drho                           0.00   16       0.00   0.00   
 Charge            mix_rho                            0.03   15       0.00   0.02   
 Charge            Broyden_mixing                     0.01   15       0.00   0.01   
 ModuleIO          write_rhog                         0.03   1        0.03   0.03   
 ESolver_KS_LCAO   after_scf                          0.13   1        0.13   0.10   
 ESolver_KS_LCAO   cal_force                          7.22   1        7.22   5.48   
 Force_Stress_LCAO getForceStress                     7.22   1        7.22   5.48   
 Forces            cal_force_loc                      0.00   1        0.00   0.00   
 Forces            cal_force_ew                       0.00   1        0.00   0.00   
 Forces            cal_force_cc                       0.14   1        0.14   0.10   
 Forces            cal_force_scc                      0.13   1        0.13   0.10   
 Stress_Func       stress_loc                         0.40   1        0.40   0.31   
 Stress_Func       stress_har                         0.00   1        0.00   0.00   
 Stress_Func       stress_ewa                         0.00   1        0.00   0.00   
 Stress_Func       stress_cc                          0.52   1        0.52   0.39   
 Stress_Func       stress_gga                         0.00   1        0.00   0.00   
 Force_LCAO        ftable                             5.17   1        5.17   3.92   
 Force_LCAO        allocate                           0.30   1        0.30   0.23   
 LCAO_domain       build_ST_new                       0.30   2        0.15   0.23   
 Force_LCAO        cal_pulay_fs_center2               0.01   2        0.00   0.01   
 Gint_interface    cal_gint_force                     4.37   1        4.37   3.32   
 Gint_Tools        cal_dpsir_ylm                      0.22   1024     0.00   0.17   
 Gint_Tools        cal_dpsirr_ylm                     0.05   1024     0.00   0.04   
 NonlocalNew       cal_force_stress                   0.86   1        0.86   0.65   
 ESolver_KS_LCAO   cal_stress                         0.00   1        0.00   0.00   
 ESolver_KS_LCAO   after_all_runners                  0.01   1        0.01   0.00   
 ModuleIO          write_istate_info                  0.01   1        0.01   0.00   
------------------------------------------------------------------------------------


 NAME-------------------------|MEMORY(MB)--------
                         total      2282.1151
                  Gint::hRGint       403.5652
                 Gint::DMRGint       403.2527
       TwoCenterTable: Kinetic       137.3855
       TwoCenterTable: Overlap       137.3855
      TwoCenterTable: Nonlocal       136.0217
                  meshball_pos       125.6155
               GT::ind_bigcell       123.2787
         GT::in_this_processor       123.2787
              GT::index2normal       123.2787
               GT::index2ucell       123.2787
                   Stress::dSR       108.4946
                   Force::dS_K        54.2473
                   Stress::dHr        54.2473
                  Force::dTVNL        54.2473
      GT::bigcell_on_processor        30.8197
                HamiltLCAO::hR        24.6911
            DensityMatrix::DMR        24.6911
                    index_ball        20.9359
                HamiltLCAO::sR        17.4384
                GT::which_atom         7.1103
             GT::which_bigcell         7.1103
            GT::which_unitcell         7.1103
            DensityMatrix::DMK         5.4863
                RealGauntTable         3.7773
                  SF::strucFac         3.7682
                  PW_B_K::gcar         2.8676
                  SF::eigts123         2.2515
                      Chg::rho         2.0000
                 Chg::rho_save         2.0000
                 Chg::rho_core         2.0000
                 Pot::veff_fix         2.0000
                     Pot::veff         2.0000
              Pot::veff_smooth         2.0000
 -------------   < 1.0 MB has been ignored ----------------
 ----------------------------------------------------------

 Start  Time  : Fri Oct  9 23:32:44 2026
 Finish Time  : Fri Oct  9 23:34:56 2026
 Total  Time  : 0 h 2 mins 12 secs 
