                                                                                     
                              ABACUS v3.10.0

               Atomic-orbital Based Ab-initio Computation at UStc                    

                     Website: http://abacus.ustc.edu.cn/                             
               Documentation: https://abacus.deepmodeling.com/                       
                  Repository: https://github.com/abacusmodeling/abacus-develop       
                              https://github.com/deepmodeling/abacus-develop         
                      Commit: f7cb1d3 (Mon May 12 16:53:30 2025 +0800)

    Start Time is Sun Oct 11 02:57:56 2026
                                                                                     
 ------------------------------------------------------------------------------------

 READING GENERAL INFORMATION
                           global_out_dir = OUT.ABACUS/
                           global_in_card = INPUT
                               pseudo_dir = 
                              orbital_dir = 
                                    DRANK = 1
                                    DSIZE = 32
                                   DCOLOR = 1
                                    GRANK = 1
                                    GSIZE = 1




 >>>>>>>>>>>>>>>>>>>>>>>>>>>>>>>>>>>>>>>>>>>>>>>>>>>>>>>>>>>>>>>>>>>>>>
 |                                                                    |
 | Reading atom information in unitcell:                              |
 | From the input file and the structure file we know the number of   |
 | different elments in this unitcell, then we list the detail        |
 | information for each element, especially the zeta and polar atomic |
 | orbital number for each element. The total atom number is counted. |
 | We calculate the nearest atom distance for each atom and show the  |
 | Cartesian and Direct coordinates for each atom. We list the file   |
 | address for atomic orbitals. The volume and the lattice vectors    |
 | in real and reciprocal space is also shown.                        |
 |                                                                    |
 <<<<<<<<<<<<<<<<<<<<<<<<<<<<<<<<<<<<<<<<<<<<<<<<<<<<<<<<<<<<<<<<<<<<<<




 READING UNITCELL INFORMATION
                                    ntype = 2
                  lattice constant (Bohr) = 1.88973
              lattice constant (Angstrom) = 1

 READING ATOM TYPE 1
                               atom label = Hf
                      L=0, number of zeta = 4
                      L=1, number of zeta = 2
                      L=2, number of zeta = 2
                      L=3, number of zeta = 1
             number of atom for this type = 4

 READING ATOM TYPE 2
                               atom label = O
                      L=0, number of zeta = 2
                      L=1, number of zeta = 2
                      L=2, number of zeta = 1
             number of atom for this type = 8

                        TOTAL ATOM NUMBER = 12
DIRECT COORDINATES
    atom                   x                   y                   z     mag                  vx                  vy                  vz
taud_Hf1            0.9835416079        0.0147301176        0.0073793074  0.0000        0.0000000000        0.0000000000        0.0000000000
taud_Hf2            0.4835421326        0.9543627947        0.4775104312  0.0000        0.0000000000        0.0000000000        0.0000000000
taud_Hf3            0.4835417889        0.4543625149        0.0073789953  0.0000        0.0000000000        0.0000000000        0.0000000000
taud_Hf4            0.9835419271        0.5147298745        0.4775098650  0.0000        0.0000000000        0.0000000000        0.0000000000
taud_O1            0.2349215603        0.2534265659        0.2780593410  0.0000        0.0000000000        0.0000000000        0.0000000000
taud_O2            0.7349213323        0.2156672460        0.2780570806  0.0000        0.0000000000        0.0000000000        0.0000000000
taud_O3            0.3315186322        0.1237113482        0.8072901097  0.0000        0.0000000000        0.0000000000        0.0000000000
taud_O4            0.8315175191        0.3453813106        0.8072880020  0.0000        0.0000000000        0.0000000000        0.0000000000
taud_O5            0.2349226358        0.7534266225        0.2068303465  0.0000        0.0000000000        0.0000000000        0.0000000000
taud_O6            0.7349223542        0.7156672133        0.2068323823  0.0000        0.0000000000        0.0000000000        0.0000000000
taud_O7            0.3315195823        0.6237111973        0.6775993471  0.0000        0.0000000000        0.0000000000        0.0000000000
taud_O8            0.8315186958        0.8453815795        0.6776011923  0.0000        0.0000000000        0.0000000000        0.0000000000



                          Volume (Bohr^3) = 910.739
                             Volume (A^3) = 134.957

 Lattice vectors: (Cartesian coordinate: in unit of a_0)
             +5.23906        +1.07278e-38              -5e-15
                   +0            +5.07585                  +0
         -8.72731e-06        +1.11186e-06            +5.07499
 Reciprocal vectors: (Cartesian coordinate: in unit of 2 pi/a_0)
            +0.190874                  -0         +3.2824e-07
         -4.11928e-23           +0.197011        -4.31623e-08
         +1.88054e-16                  -0           +0.197045
 The esolver type has been set to : ksdft_lcao

 RUNNING WITH DEVICE  : CPU / AMD EPYC 7702 64-Core Processor




 >>>>>>>>>>>>>>>>>>>>>>>>>>>>>>>>>>>>>>>>>>>>>>>>>>>>>>>>>>>>>>>>>>>>>>
 |                                                                    |
 | Reading pseudopotentials files:                                    |
 | The pseudopotential file is in UPF format. The 'NC' indicates that |
 | the type of pseudopotential is 'norm conserving'. Functional of    |
 | exchange and correlation is decided by 4 given parameters in UPF   |
 | file.  We also read in the 'core correction' if there exists.      |
 | Also we can read the valence electrons number and the maximal      |
 | angular momentum used in this pseudopotential. We also read in the |
 | trail wave function, trail atomic density and local-pseudopotential|
 | on logrithmic grid. The non-local pseudopotential projector is also|
 | read in if there is any.                                           |
 |                                                                    |
 <<<<<<<<<<<<<<<<<<<<<<<<<<<<<<<<<<<<<<<<<<<<<<<<<<<<<<<<<<<<<<<<<<<<<<




                PAO radial cut off (Bohr) = 15

 Read in pseudopotential file is Hf.upf
                     pseudopotential type = NC
          exchange-correlation functional = PBE
                 nonlocal core correction = 1
                        valence electrons = 12
                                     lmax = 3
                           number of zeta = 4
                     number of projectors = 8
                           L of projector = 0
                           L of projector = 0
                           L of projector = 1
                           L of projector = 1
                           L of projector = 2
                           L of projector = 2
                           L of projector = 3
                           L of projector = 3
                PAO radial cut off (Bohr) = 15

 Read in pseudopotential file is O.upf
                     pseudopotential type = NC
          exchange-correlation functional = PBE
                 nonlocal core correction = 1
                        valence electrons = 6
                                     lmax = 2
                           number of zeta = 2
                     number of projectors = 5
                           L of projector = 0
                           L of projector = 0
                           L of projector = 1
                           L of projector = 1
                           L of projector = 2
     initial pseudo atomic orbital number = 72

 SETUP THE ELECTRONS NUMBER
            electron number of element Hf = 12
      total electron number of element Hf = 48
             electron number of element O = 6
       total electron number of element O = 48
            AUTOSET number of electrons:  = 96
                           occupied bands = 48
                                   NLOCAL = 212
                                   NBANDS = 58
                                   NBANDS = 58
                                   NLOCAL = 212

%%%%%%%%%%%%%%%%%%%%%%%%%%%%%%%%%%%%%%%%%%%%%%%%%%%%%%%%%%%%%%%%%%%%%%%%%%%%%%%%%%%%%%%%%%%%%%%%%%%%%%%%%%
 Warning: the number of valence electrons in pseudopotential > 4 for Hf: [Xe] 4f14 5d2 6s2
 Pseudopotentials with additional electrons can yield (more) accurate outcomes, but may be less efficient.
 If you're confident that your chosen pseudopotential is appropriate, you can safely ignore this warning.
%%%%%%%%%%%%%%%%%%%%%%%%%%%%%%%%%%%%%%%%%%%%%%%%%%%%%%%%%%%%%%%%%%%%%%%%%%%%%%%%%%%%%%%%%%%%%%%%%%%%%%%%%%
                  




 >>>>>>>>>>>>>>>>>>>>>>>>>>>>>>>>>>>>>>>>>>>>>>>>>>>>>>>>>>>>>>>>>>>>>>
 |                                                                    |
 | Setup plane waves of charge/potential:                             |
 | Use the energy cutoff and the lattice vectors to generate the      |
 | dimensions of FFT grid. The number of FFT grid on each processor   |
 | is 'nrxx'. The number of plane wave basis in reciprocal space is   |
 | different for charege/potential and wave functions. We also set    |
 | the 'sticks' for the parallel of FFT. The number of plane waves    |
 | is 'npw' in each processor.                                        |
 <<<<<<<<<<<<<<<<<<<<<<<<<<<<<<<<<<<<<<<<<<<<<<<<<<<<<<<<<<<<<<<<<<<<<<





 SETUP THE PLANE WAVE BASIS
 energy cutoff for charge/potential (unit:Ry) = 400
            fft grid for charge/potential = [ 64, 64, 64 ]
                        fft grid division = [ 2, 2, 2 ]
        big fft grid for charge/potential = [ 32, 32, 32 ]
                                     nbxx = 1024
                                     nrxx = 8192

 SETUP PLANE WAVES FOR CHARGE/POTENTIAL
                    number of plane waves = 123007
                         number of sticks = 3019

 PARALLEL PW FOR CHARGE/POTENTIAL
     PROC   COLUMNS(POT)             PW
        1             94           3844
        2             94           3844
        3             94           3844
        4             94           3844
        5             94           3844
        6             94           3844
        7             94           3844
        8             94           3844
        9             94           3844
       10             94           3844
       11             94           3844
       12             94           3844
       13             94           3844
       14             95           3847
       15             95           3847
       16             95           3845
       17             95           3845
       18             95           3845
       19             95           3845
       20             95           3843
       21             95           3843
       22             95           3843
       23             95           3843
       24             94           3842
       25             94           3842
       26             95           3847
       27             94           3844
       28             94           3844
       29             94           3844
       30             94           3842
       31             94           3842
       32             94           3842
 --------------- sum -------------------
       32           3019         123007
                            number of |g| = 3819
                                  max |g| = 36.1648
                                  min |g| = 0.657448
 DONE : SETUP UNITCELL Time : 15.1935 (SEC)


----------- Double Check Mixing Parameters Begin ------------
mixing_type: broyden
mixing_beta: 0.3
mixing_gg0: 1
mixing_gg0_min: 0.1
mixing_ndim: 8
----------- Double Check Mixing Parameters End ------------




 >>>>>>>>>>>>>>>>>>>>>>>>>>>>>>>>>>>>>>>>>>>>>>>>>>>>>>>>>>>>>>>>>>>>>>
 |                                                                    |
 | Doing symmetry analysis:                                           |
 | We calculate the norm of 3 vectors and the angles between them,    |
 | the type of Bravais lattice is given. We can judge if the unticell |
 | is a primitive cell. Finally we give the point group operation for |
 | this unitcell. We use the point group operations to do symmetry |
 | analysis on given k-point mesh and the charge density.             |
 |                                                                    |
 <<<<<<<<<<<<<<<<<<<<<<<<<<<<<<<<<<<<<<<<<<<<<<<<<<<<<<<<<<<<<<<<<<<<<<




 LATTICE VECTORS: (CARTESIAN COORDINATE: IN UNIT OF A0)
             +5.23906        +1.07278e-38              -5e-15
                   +0            +5.07585                  +0
         -8.72731e-06        +1.11186e-06            +5.07499
                       right hand lattice = 1
                                   NORM_A = 5.23906
                                   NORM_B = 5.07585
                                   NORM_C = 5.07499
                           ALPHA (DEGREE) = 90
                           BETA  (DEGREE) = 90.0001
                           GAMMA (DEGREE) = 90

 The lattice vectors have been changed (STRU_SIMPLE.cif)

(for optimal symmetric configuration:)
                             BRAVAIS TYPE = 12
                     BRAVAIS LATTICE NAME = 12. Monoclinic P (simple)
                                    ibrav = 12
                                    IBRAV = 12
                                  BRAVAIS = SIMPLE MONOLINIC CELL
                       LATTICE CONSTANT A = 5.07585
                                B/A RATIO = 0.99983
                                C/A RATIO = 1.43713
                                COS(BETA) = -0.695831
Original cell was already a primitive cell.
                        ROTATION MATRICES = 4
              PURE POINT GROUP OPERATIONS = 1
                   SPACE GROUP OPERATIONS = 1
                              POINT GROUP = C_1
               POINT GROUP IN SPACE GROUP = C_1
 DONE : SYMMETRY Time : 15.2279 (SEC)





 >>>>>>>>>>>>>>>>>>>>>>>>>>>>>>>>>>>>>>>>>>>>>>>>>>>>>>>>>>>>>>>>>>>>>>
 |                                                                    |
 | Setup K-points                                                     |
 | We setup the k-points according to input parameters.               |
 | The reduced k-points are set according to symmetry operations.     |
 | We treat the spin as another set of k-points.                      |
 |                                                                    |
 <<<<<<<<<<<<<<<<<<<<<<<<<<<<<<<<<<<<<<<<<<<<<<<<<<<<<<<<<<<<<<<<<<<<<<





 SETUP K-POINTS
                                    nspin = 1
                   Input type of k points = Monkhorst-Pack(Gamma)
                                   nkstot = 8
                       right hand lattice = 1
(for reciprocal lattice: )
                             BRAVAIS TYPE = 12
                     BRAVAIS LATTICE NAME = 12. Monoclinic P (simple)
                                    ibrav = 12
                       right hand lattice = 1
(for k-lattice: )
                             BRAVAIS TYPE = 12
                     BRAVAIS LATTICE NAME = 12. Monoclinic P (simple)
                                    ibrav = 12
                       right hand lattice = 1
                        ROTATION MATRICES = 4
                               nkstot_ibz = 8
K-POINTS REDUCTION ACCORDING TO SYMMETRY
     IBZ    DIRECT_X    DIRECT_Y    DIRECT_Z  WEIGHT  ibz2bz
       1  0.00000000  0.00000000  0.00000000  0.1250       0
       2  0.50000000  0.00000000  0.00000000  0.1250       1
       3  0.00000000  0.50000000  0.00000000  0.1250       2
       4  0.50000000  0.50000000  0.00000000  0.1250       3
       5  0.00000000  0.00000000  0.50000000  0.1250       4
       6  0.50000000  0.00000000  0.50000000  0.1250       5
       7  0.00000000  0.50000000  0.50000000  0.1250       6
       8  0.50000000  0.50000000  0.50000000  0.1250       7

                               nkstot now = 8
K-POINTS DIRECT COORDINATES
 KPOINTS    DIRECT_X    DIRECT_Y    DIRECT_Z  WEIGHT
       1  0.00000000  0.00000000  0.00000000  0.1250
       2  0.50000000  0.00000000  0.00000000  0.1250
       3  0.00000000  0.50000000  0.00000000  0.1250
       4  0.50000000  0.50000000  0.00000000  0.1250
       5  0.00000000  0.00000000  0.50000000  0.1250
       6  0.50000000  0.00000000  0.50000000  0.1250
       7  0.00000000  0.50000000  0.50000000  0.1250
       8  0.50000000  0.50000000  0.50000000  0.1250


           k-point number in this process = 8
       minimum distributed K point number = 8
starsize: 1
isym: 0 ks_vec: 0 0 0
starsize: 1
isym: 0 ks_vec: 0.5 0 0
starsize: 1
isym: 0 ks_vec: 0 0.5 0
starsize: 1
isym: 0 ks_vec: 0.5 0.5 0
starsize: 1
isym: 0 ks_vec: 0 0 0.5
starsize: 1
isym: 0 ks_vec: 0.5 0 0.5
starsize: 1
isym: 0 ks_vec: 0 0.5 0.5
starsize: 1
isym: 0 ks_vec: 0.5 0.5 0.5

K-POINTS CARTESIAN COORDINATES
 KPOINTS CARTESIAN_X CARTESIAN_Y CARTESIAN_Z  WEIGHT
       1  0.00000000  0.00000000  0.00000000  0.2500
       2  0.09543697  0.00000000  0.00000016  0.2500
       3  0.00000000  0.09850566 -0.00000002  0.2500
       4  0.09543697  0.09850566  0.00000014  0.2500
       5  0.00000000  0.00000000  0.09852240  0.2500
       6  0.09543697  0.00000000  0.09852256  0.2500
       7  0.00000000  0.09850566  0.09852238  0.2500
       8  0.09543697  0.09850566  0.09852254  0.2500


K-POINTS DIRECT COORDINATES
 KPOINTS    DIRECT_X    DIRECT_Y    DIRECT_Z  WEIGHT
       1  0.00000000  0.00000000  0.00000000  0.2500
       2  0.50000000  0.00000000  0.00000000  0.2500
       3  0.00000000  0.50000000  0.00000000  0.2500
       4  0.50000000  0.50000000  0.00000000  0.2500
       5  0.00000000  0.00000000  0.50000000  0.2500
       6  0.50000000  0.00000000  0.50000000  0.2500
       7  0.00000000  0.50000000  0.50000000  0.2500
       8  0.50000000  0.50000000  0.50000000  0.2500

 DONE : INIT K-POINTS Time : 15.3403 (SEC)





 >>>>>>>>>>>>>>>>>>>>>>>>>>>>>>>>>>>>>>>>>>>>>>>>>>>>>>>>>>>>>>>>>>>>>>
 |                                                                    |
 | Setup plane waves of wave functions:                               |
 | Use the energy cutoff and the lattice vectors to generate the      |
 | dimensions of FFT grid. The number of FFT grid on each processor   |
 | is 'nrxx'. The number of plane wave basis in reciprocal space is   |
 | different for charege/potential and wave functions. We also set    |
 | the 'sticks' for the parallel of FFT. The number of plane wave of  |
 | each k-point is 'npwk[ik]' in each processor                       |
 <<<<<<<<<<<<<<<<<<<<<<<<<<<<<<<<<<<<<<<<<<<<<<<<<<<<<<<<<<<<<<<<<<<<<<





 SETUP PLANE WAVES FOR WAVE FUNCTIONS
     energy cutoff for wavefunc (unit:Ry) = 100
              fft grid for wave functions = [ 64, 64, 64 ]
                    number of plane waves = 18085
                         number of sticks = 849

 PARALLEL PW FOR WAVE FUNCTIONS
     PROC   COLUMNS(POT)             PW
        1             26            566
        2             26            566
        3             26            566
        4             26            566
        5             26            566
        6             26            566
        7             26            566
        8             26            566
        9             26            566
       10             26            566
       11             26            566
       12             26            566
       13             26            566
       14             26            566
       15             27            565
       16             27            565
       17             27            565
       18             27            565
       19             27            565
       20             27            565
       21             27            565
       22             27            565
       23             27            565
       24             27            565
       25             27            565
       26             27            565
       27             27            563
       28             27            563
       29             27            563
       30             27            563
       31             27            565
       32             26            564
 --------------- sum -------------------
       32            849          18085
 DONE : INIT PLANEWAVE Time : 15.3461 (SEC)

 SET NONLOCAL PSEUDOPOTENTIAL PROJECTORS
 SET NONLOCAL PSEUDOPOTENTIAL PROJECTORS
 max number of nonlocal projetors among all species is 8
 DONE : LOCAL POTENTIAL Time : 16.2251 (SEC)


 -------------------------------------------
 SELF-CONSISTENT
 -------------------------------------------




 >>>>>>>>>>>>>>>>>>>>>>>>>>>>>>>>>>>>>>>>>>>>>>>>>>>>>>>>>>>>>>>>>>>>>>
 |                                                                    |
 | Search adjacent atoms:                                             |
 | Set the adjacent atoms for each atom and set the periodic boundary |
 | condition for the atoms on real space FFT grid. For k-dependent    |
 | algorithm, we also need to set the sparse H and S matrix element   |
 | for each atom.                                                     |
 |                                                                    |
 <<<<<<<<<<<<<<<<<<<<<<<<<<<<<<<<<<<<<<<<<<<<<<<<<<<<<<<<<<<<<<<<<<<<<<





 SETUP SEARCHING RADIUS FOR PROGRAM TO SEARCH ADJACENT ATOMS
                  longest orb rcut (Bohr) = 10
   longest nonlocal projector rcut (Bohr) = 2.46
                     search radius (Bohr) = 24.9
              searching radius is (Bohr)) = 24.9
         searching radius unit is (Bohr)) = 1.89
                         PeriodicBoundary = 1
                        Radius(unit:lat0) = 13.2
                                   glayer = [ 4, 4, 4 ]
                             glayer_minus = [ 3, 3, 3 ]

Find the coordinate range of the input atom(unit:lat0).
                                  min_tau = [ -14.5, -15.2, -15.2 ]
                                  max_tau = [ 20.9, 20.1, 19.3 ]
                                BoxNumber = [ 7, 7, 7 ]

 SETUP EXTENDED REAL SPACE GRID FOR GRID INTEGRATION
                          real space grid = [ 64, 64, 64 ]
                 big cell numbers in grid = [ 32, 32, 32 ]
             meshcell numbers in big cell = [ 2, 2, 2 ]
                        extended fft grid = [ 33, 34, 34 ]
                dimension of extened grid = [ 99, 101, 101 ]
                            UnitCellTotal = 125
              Atom number in sub-FFT-grid = 12
    Local orbitals number in sub-FFT-grid = 212
                                ParaV.nnr = 81015

 Warning_Memory_Consuming allocated:  Gint::hRGint 12.8 MB

 Warning_Memory_Consuming allocated:  Gint::DMRGint 12.7 MB
                                 init_chg = atomic
 DONE : INIT SCF Time : 16.9127 (SEC)


 LCAO ALGORITHM --------------- ION=   1  ELEC=   1--------------------------------

 Density error is 0.158131911283
----------------------------------------------------------
     Energy           Rydberg                 eV          
----------------------------------------------------------
 E_KohnSham     -718.6960914447      -9778.3619739768     
 E_Harris       -705.4871956933      -9598.6457274697     
 E_Fermi        0.7980485974         10.8580082052        
----------------------------------------------------------


 LCAO ALGORITHM --------------- ION=   1  ELEC=   2--------------------------------

 Density error is 0.0643862256707
----------------------------------------------------------
     Energy           Rydberg                 eV          
----------------------------------------------------------
 E_KohnSham     -719.0040762143      -9782.5523217414     
 E_Harris       -715.4754354223      -9734.5427007745     
 E_Fermi        1.0911155834         14.8453891107        
----------------------------------------------------------


 LCAO ALGORITHM --------------- ION=   1  ELEC=   3--------------------------------

 Density error is 0.0382567416998
----------------------------------------------------------
     Energy           Rydberg                 eV          
----------------------------------------------------------
 E_KohnSham     -719.0348498926      -9782.9710191142     
 E_Harris       -718.5520090207      -9776.4016320289     
 E_Fermi        1.0837955488         14.7457949309        
----------------------------------------------------------


 LCAO ALGORITHM --------------- ION=   1  ELEC=   4--------------------------------

 Density error is 0.00784987716834
----------------------------------------------------------
     Energy           Rydberg                 eV          
----------------------------------------------------------
 E_KohnSham     -719.0326276664      -9782.9407841749     
 E_Harris       -718.2403914723      -9772.1618577739     
 E_Fermi        1.0852888253         14.7661119993        
----------------------------------------------------------


 LCAO ALGORITHM --------------- ION=   1  ELEC=   5--------------------------------

 Density error is 0.00159769530957
----------------------------------------------------------
     Energy           Rydberg                 eV          
----------------------------------------------------------
 E_KohnSham     -719.0343708151      -9782.9645009305     
 E_Harris       -719.0157937714      -9782.7117472841     
 E_Fermi        1.0847089907         14.7582229452        
----------------------------------------------------------


 LCAO ALGORITHM --------------- ION=   1  ELEC=   6--------------------------------

 Density error is 0.000798764781721
----------------------------------------------------------
     Energy           Rydberg                 eV          
----------------------------------------------------------
 E_KohnSham     -719.0343672882      -9782.9644529445     
 E_Harris       -719.0174547687      -9782.7343463112     
 E_Fermi        1.0856003987         14.7703511734        
----------------------------------------------------------


 LCAO ALGORITHM --------------- ION=   1  ELEC=   7--------------------------------

 Density error is 0.000237703473252
----------------------------------------------------------
     Energy           Rydberg                 eV          
----------------------------------------------------------
 E_KohnSham     -719.0343826288      -9782.9646616645     
 E_Harris       -719.0169019413      -9782.7268247096     
 E_Fermi        1.0864731306         14.7822253002        
----------------------------------------------------------


 LCAO ALGORITHM --------------- ION=   1  ELEC=   8--------------------------------

 Density error is 2.81462836195e-05
----------------------------------------------------------
     Energy           Rydberg                 eV          
----------------------------------------------------------
 E_KohnSham     -719.0343838656      -9782.9646784916     
 E_Harris       -719.0374883428      -9783.0069170713     
 E_Fermi        1.0864665485         14.7821357454        
----------------------------------------------------------


 LCAO ALGORITHM --------------- ION=   1  ELEC=   9--------------------------------

 Density error is 2.49942419383e-05
----------------------------------------------------------
     Energy           Rydberg                 eV          
----------------------------------------------------------
 E_KohnSham     -719.0343838748      -9782.9646786170     
 E_Harris       -719.0321545566      -9782.9343471858     
 E_Fermi        1.0864450636         14.7818434293        
----------------------------------------------------------


 LCAO ALGORITHM --------------- ION=   1  ELEC=  10--------------------------------

 Density error is 2.67455009979e-06
----------------------------------------------------------
     Energy           Rydberg                 eV          
----------------------------------------------------------
 E_KohnSham     -719.0343838915      -9782.9646788432     
 E_Harris       -719.0342293033      -9782.9625755640     
 E_Fermi        1.0864391180         14.7817625346        
----------------------------------------------------------


 LCAO ALGORITHM --------------- ION=   1  ELEC=  11--------------------------------

 Density error is 3.00194061046e-07
----------------------------------------------------------
     Energy           Rydberg                 eV          
----------------------------------------------------------
 E_KohnSham     -719.0343838916      -9782.9646788454     
 E_Harris       -719.0343518866      -9782.9642433951     
 E_Fermi        1.0864425313         14.7818089754        
----------------------------------------------------------


 LCAO ALGORITHM --------------- ION=   1  ELEC=  12--------------------------------

 Density error is 2.25420073726e-07
----------------------------------------------------------
     Energy           Rydberg                 eV          
----------------------------------------------------------
 E_KohnSham     -719.0343838916      -9782.9646788455     
 E_Harris       -719.0343894863      -9782.9647549654     
 E_Fermi        1.0864425481         14.7818092041        
----------------------------------------------------------


 LCAO ALGORITHM --------------- ION=   1  ELEC=  13--------------------------------

 Density error is 2.71376432002e-08
----------------------------------------------------------
     Energy           Rydberg                 eV          
----------------------------------------------------------
 E_KohnSham     -719.0343838916      -9782.9646788455     
 E_Harris       -719.0343854430      -9782.9646999530     
 E_Fermi        1.0864426931         14.7818111766        
----------------------------------------------------------


 LCAO ALGORITHM --------------- ION=   1  ELEC=  14--------------------------------

 Density error is 1.71181786257e-08
----------------------------------------------------------
     Energy           Rydberg                 eV          
----------------------------------------------------------
 E_KohnSham     -719.0343838916      -9782.9646788455     
 E_Harris       -719.0343843906      -9782.9646856346     
 E_Fermi        1.0864426782         14.7818109739        
----------------------------------------------------------


 LCAO ALGORITHM --------------- ION=   1  ELEC=  15--------------------------------

 Density error is 9.79270668981e-09
----------------------------------------------------------
     Energy           Rydberg                 eV          
----------------------------------------------------------
 E_KohnSham     -719.0343838916      -9782.9646788455     
 E_KS(sigma->0) -719.0343838916      -9782.9646788455     
 E_Harris       -719.0343837451      -9782.9646768514     
 E_band         -36.4343879184       -495.7152788321      
 E_one_elec     -120.0820497290      -1633.8001038343     
 E_Hartree      116.4554578984       1584.4577906176      
 E_xc           -182.4424008630      -2482.2562085369     
 E_Ewald        -532.9653911980      -7251.3661570919     
 E_entropy(-TS) -0.0000000000        -0.0000000000        
 E_descf        0.0000000000         0.0000000000         
 E_exx          0.0000000000         0.0000000000         
 E_Fermi        1.0864426700         14.7818108621        
----------------------------------------------------------


 charge density convergence is achieved
 final etot is -9782.9646788 eV
 EFERMI = 14.781810862 eV

 STATE ENERGY(eV) AND OCCUPATIONS    NSPIN == 1
 1/8 kpoint (Cartesian) = 0.0000 0.0000 0.0000 (484 pws)
       1       -48.7524       0.250000
       2       -48.7342       0.250000
       3       -48.7340       0.250000
       4       -48.7319       0.250000
       5       -18.5476       0.250000
       6       -18.5453       0.250000
       7       -18.5409       0.250000
       8       -18.3326       0.250000
       9       -18.2787       0.250000
      10       -18.2577       0.250000
      11       -18.2452       0.250000
      12       -18.2416       0.250000
      13       -18.2335       0.250000
      14       -18.1514       0.250000
      15       -18.1445       0.250000
      16       -18.1262       0.250000
      17       -6.84193       0.250000
      18       -5.42974       0.250000
      19       -5.34491       0.250000
      20       -5.21899       0.250000
      21       -4.88996       0.250000
      22       -4.64280       0.250000
      23       -4.64132       0.250000
      24       -4.46808       0.250000
      25        5.73190       0.250000
      26        5.74089       0.250000
      27        5.89351       0.250000
      28        6.54252       0.250000
      29        6.78589       0.250000
      30        6.78843       0.250000
      31        8.02820       0.250000
      32        8.04525       0.250000
      33        8.08250       0.250000
      34        8.19923       0.250000
      35        8.44160       0.250000
      36        8.96433       0.250000
      37        9.13777       0.250000
      38        9.26377       0.250000
      39        9.62427       0.250000
      40        9.70305       0.250000
      41        9.95771       0.250000
      42        10.0641       0.250000
      43        10.0926       0.250000
      44        10.2932       0.250000
      45        10.3260       0.250000
      46        11.0047       0.250000
      47        11.4298       0.250000
      48        11.4527       0.250000
      49        16.0552        0.00000
      50        16.4841        0.00000
      51        16.7680        0.00000
      52        16.8479        0.00000
      53        17.0483        0.00000
      54        17.0654        0.00000
      55        17.2439        0.00000
      56        17.3881        0.00000
      57        17.7160        0.00000
      58        17.9302        0.00000

 2/8 kpoint (Cartesian) = 0.095437 0.0000 1.6412e-07 (480 pws)
       1       -48.7433       0.250000
       2       -48.7433       0.250000
       3       -48.7329       0.250000
       4       -48.7329       0.250000
       5       -18.4552       0.250000
       6       -18.4552       0.250000
       7       -18.4300       0.250000
       8       -18.4300       0.250000
       9       -18.3376       0.250000
      10       -18.3376       0.250000
      11       -18.2375       0.250000
      12       -18.2375       0.250000
      13       -18.1941       0.250000
      14       -18.1941       0.250000
      15       -18.1810       0.250000
      16       -18.1810       0.250000
      17       -6.05570       0.250000
      18       -6.05570       0.250000
      19       -5.25198       0.250000
      20       -5.25197       0.250000
      21       -4.89062       0.250000
      22       -4.89061       0.250000
      23       -4.57727       0.250000
      24       -4.57726       0.250000
      25        6.12729       0.250000
      26        6.12729       0.250000
      27        6.90374       0.250000
      28        6.90375       0.250000
      29        7.20674       0.250000
      30        7.20674       0.250000
      31        7.45232       0.250000
      32        7.45233       0.250000
      33        7.59517       0.250000
      34        7.59519       0.250000
      35        8.61426       0.250000
      36        8.61427       0.250000
      37        8.70520       0.250000
      38        8.70521       0.250000
      39        9.43436       0.250000
      40        9.43437       0.250000
      41        9.57634       0.250000
      42        9.57636       0.250000
      43        10.5506       0.250000
      44        10.5506       0.250000
      45        10.8660       0.250000
      46        10.8660       0.250000
      47        11.3003       0.250000
      48        11.3003       0.250000
      49        15.9408    1.24900e-16
      50        15.9408    1.24900e-16
      51        16.7376        0.00000
      52        16.7376        0.00000
      53        17.3658        0.00000
      54        17.3658        0.00000
      55        17.3795        0.00000
      56        17.3795        0.00000
      57        18.6364        0.00000
      58        18.6365        0.00000

 3/8 kpoint (Cartesian) = 0.0000 0.098506 -2.1581e-08 (474 pws)
       1       -48.7434       0.250000
       2       -48.7434       0.250000
       3       -48.7328       0.250000
       4       -48.7328       0.250000
       5       -18.4217       0.250000
       6       -18.4217       0.250000
       7       -18.4183       0.250000
       8       -18.4183       0.250000
       9       -18.3466       0.250000
      10       -18.3466       0.250000
      11       -18.2750       0.250000
      12       -18.2750       0.250000
      13       -18.2027       0.250000
      14       -18.2027       0.250000
      15       -18.1747       0.250000
      16       -18.1747       0.250000
      17       -5.97849       0.250000
      18       -5.97848       0.250000
      19       -5.23001       0.250000
      20       -5.23001       0.250000
      21       -4.85865       0.250000
      22       -4.85865       0.250000
      23       -4.74286       0.250000
      24       -4.74285       0.250000
      25        6.39056       0.250000
      26        6.39057       0.250000
      27        6.73128       0.250000
      28        6.73128       0.250000
      29        7.21107       0.250000
      30        7.21107       0.250000
      31        7.36637       0.250000
      32        7.36637       0.250000
      33        7.90427       0.250000
      34        7.90427       0.250000
      35        8.70512       0.250000
      36        8.70512       0.250000
      37        9.08313       0.250000
      38        9.08314       0.250000
      39        9.43264       0.250000
      40        9.43266       0.250000
      41        9.67214       0.250000
      42        9.67214       0.250000
      43        10.2287       0.250000
      44        10.2287       0.250000
      45        10.5726       0.250000
      46        10.5726       0.250000
      47        10.8362       0.250000
      48        10.8362       0.250000
      49        16.4336        0.00000
      50        16.4336        0.00000
      51        16.8441        0.00000
      52        16.8442        0.00000
      53        16.9760        0.00000
      54        16.9760        0.00000
      55        17.3326        0.00000
      56        17.3326        0.00000
      57        18.1101        0.00000
      58        18.1101        0.00000

 4/8 kpoint (Cartesian) = 0.095437 0.098506 1.4254e-07 (473 pws)
       1       -48.7380       0.250000
       2       -48.7380       0.250000
       3       -48.7380       0.250000
       4       -48.7380       0.250000
       5       -18.4349       0.250000
       6       -18.4349       0.250000
       7       -18.4349       0.250000
       8       -18.4349       0.250000
       9       -18.3011       0.250000
      10       -18.3011       0.250000
      11       -18.3011       0.250000
      12       -18.3010       0.250000
      13       -18.1849       0.250000
      14       -18.1849       0.250000
      15       -18.1849       0.250000
      16       -18.1849       0.250000
      17       -5.61465       0.250000
      18       -5.61464       0.250000
      19       -5.61464       0.250000
      20       -5.61463       0.250000
      21       -4.80316       0.250000
      22       -4.80316       0.250000
      23       -4.80316       0.250000
      24       -4.80315       0.250000
      25        6.87921       0.250000
      26        6.87922       0.250000
      27        6.87923       0.250000
      28        6.87923       0.250000
      29        7.59727       0.250000
      30        7.59728       0.250000
      31        7.59728       0.250000
      32        7.59729       0.250000
      33        7.98241       0.250000
      34        7.98241       0.250000
      35        7.98242       0.250000
      36        7.98242       0.250000
      37        8.94979       0.250000
      38        8.94979       0.250000
      39        8.94980       0.250000
      40        8.94980       0.250000
      41        9.82665       0.250000
      42        9.82666       0.250000
      43        9.82667       0.250000
      44        9.82668       0.250000
      45        10.6020       0.250000
      46        10.6020       0.250000
      47        10.6020       0.250000
      48        10.6020       0.250000
      49        16.4111        0.00000
      50        16.4111        0.00000
      51        16.4111        0.00000
      52        16.4111        0.00000
      53        17.4749        0.00000
      54        17.4749        0.00000
      55        17.4749        0.00000
      56        17.4749        0.00000
      57        18.3587        0.00000
      58        18.3588        0.00000

 5/8 kpoint (Cartesian) = 0.0000 0.0000 0.098522 (488 pws)
       1       -48.7467       0.250000
       2       -48.7397       0.250000
       3       -48.7335       0.250000
       4       -48.7328       0.250000
       5       -18.4618       0.250000
       6       -18.4534       0.250000
       7       -18.3802       0.250000
       8       -18.3661       0.250000
       9       -18.3583       0.250000
      10       -18.3245       0.250000
      11       -18.2845       0.250000
      12       -18.2602       0.250000
      13       -18.2355       0.250000
      14       -18.1934       0.250000
      15       -18.1918       0.250000
      16       -18.1703       0.250000
      17       -6.25497       0.250000
      18       -5.44513       0.250000
      19       -5.36976       0.250000
      20       -5.24871       0.250000
      21       -5.11333       0.250000
      22       -4.87260       0.250000
      23       -4.63955       0.250000
      24       -4.61526       0.250000
      25        6.06115       0.250000
      26        6.07257       0.250000
      27        6.77368       0.250000
      28        6.81469       0.250000
      29        6.84125       0.250000
      30        7.04729       0.250000
      31        7.23380       0.250000
      32        7.33584       0.250000
      33        7.96135       0.250000
      34        8.28380       0.250000
      35        8.58731       0.250000
      36        8.60642       0.250000
      37        8.87066       0.250000
      38        8.96125       0.250000
      39        9.57736       0.250000
      40        9.58633       0.250000
      41        10.0481       0.250000
      42        10.0839       0.250000
      43        10.1373       0.250000
      44        10.3301       0.250000
      45        10.5157       0.250000
      46        10.6924       0.250000
      47        11.2962       0.250000
      48        11.3702       0.250000
      49        15.9259    2.77556e-16
      50        16.1800        0.00000
      51        16.3818        0.00000
      52        16.7143        0.00000
      53        16.9995        0.00000
      54        17.3709        0.00000
      55        17.8023        0.00000
      56        17.8599        0.00000
      57        17.9651        0.00000
      58        18.1778        0.00000

 6/8 kpoint (Cartesian) = 0.095437 0.0000 0.098523 (474 pws)
       1       -48.7401       0.250000
       2       -48.7401       0.250000
       3       -48.7362       0.250000
       4       -48.7362       0.250000
       5       -18.4546       0.250000
       6       -18.4546       0.250000
       7       -18.4112       0.250000
       8       -18.4112       0.250000
       9       -18.3392       0.250000
      10       -18.3392       0.250000
      11       -18.2795       0.250000
      12       -18.2795       0.250000
      13       -18.1905       0.250000
      14       -18.1905       0.250000
      15       -18.1666       0.250000
      16       -18.1666       0.250000
      17       -5.83690       0.250000
      18       -5.83689       0.250000
      19       -5.24446       0.250000
      20       -5.24445       0.250000
      21       -5.10689       0.250000
      22       -5.10689       0.250000
      23       -4.62112       0.250000
      24       -4.62112       0.250000
      25        6.42532       0.250000
      26        6.42533       0.250000
      27        6.89871       0.250000
      28        6.89872       0.250000
      29        7.27462       0.250000
      30        7.27464       0.250000
      31        7.47872       0.250000
      32        7.47873       0.250000
      33        7.93705       0.250000
      34        7.93708       0.250000
      35        8.41222       0.250000
      36        8.41223       0.250000
      37        8.99932       0.250000
      38        8.99932       0.250000
      39        9.36185       0.250000
      40        9.36186       0.250000
      41        9.64935       0.250000
      42        9.64936       0.250000
      43        9.93805       0.250000
      44        9.93808       0.250000
      45        10.5741       0.250000
      46        10.5742       0.250000
      47        11.1991       0.250000
      48        11.1991       0.250000
      49        15.8562    1.21292e-14
      50        15.8562    1.21153e-14
      51        16.0196        0.00000
      52        16.0196        0.00000
      53        17.2998        0.00000
      54        17.2999        0.00000
      55        17.7220        0.00000
      56        17.7220        0.00000
      57        18.0488        0.00000
      58        18.0489        0.00000

 7/8 kpoint (Cartesian) = 0.0000 0.098506 0.098522 (474 pws)
       1       -48.7419       0.250000
       2       -48.7419       0.250000
       3       -48.7343       0.250000
       4       -48.7343       0.250000
       5       -18.4840       0.250000
       6       -18.4840       0.250000
       7       -18.4132       0.250000
       8       -18.4132       0.250000
       9       -18.3506       0.250000
      10       -18.3506       0.250000
      11       -18.2264       0.250000
      12       -18.2263       0.250000
      13       -18.2004       0.250000
      14       -18.2004       0.250000
      15       -18.1663       0.250000
      16       -18.1663       0.250000
      17       -5.83657       0.250000
      18       -5.83657       0.250000
      19       -5.29252       0.250000
      20       -5.29251       0.250000
      21       -4.98613       0.250000
      22       -4.98613       0.250000
      23       -4.72009       0.250000
      24       -4.72008       0.250000
      25        6.46205       0.250000
      26        6.46206       0.250000
      27        6.89187       0.250000
      28        6.89188       0.250000
      29        7.15528       0.250000
      30        7.15529       0.250000
      31        8.06624       0.250000
      32        8.06625       0.250000
      33        8.23597       0.250000
      34        8.23599       0.250000
      35        8.47777       0.250000
      36        8.47777       0.250000
      37        8.73233       0.250000
      38        8.73233       0.250000
      39        9.00636       0.250000
      40        9.00637       0.250000
      41        9.78722       0.250000
      42        9.78723       0.250000
      43        10.1762       0.250000
      44        10.1762       0.250000
      45        10.2584       0.250000
      46        10.2584       0.250000
      47        10.7504       0.250000
      48        10.7504       0.250000
      49        16.0162        0.00000
      50        16.0162        0.00000
      51        16.6008        0.00000
      52        16.6008        0.00000
      53        16.8343        0.00000
      54        16.8343        0.00000
      55        17.5949        0.00000
      56        17.5949        0.00000
      57        18.0148        0.00000
      58        18.0148        0.00000

 8/8 kpoint (Cartesian) = 0.095437 0.098506 0.098523 (468 pws)
       1       -48.7380       0.250000
       2       -48.7380       0.250000
       3       -48.7380       0.250000
       4       -48.7380       0.250000
       5       -18.5377       0.250000
       6       -18.5377       0.250000
       7       -18.5377       0.250000
       8       -18.5377       0.250000
       9       -18.2048       0.250000
      10       -18.2048       0.250000
      11       -18.2048       0.250000
      12       -18.2048       0.250000
      13       -18.1737       0.250000
      14       -18.1737       0.250000
      15       -18.1737       0.250000
      16       -18.1737       0.250000
      17       -5.74717       0.250000
      18       -5.74717       0.250000
      19       -5.74716       0.250000
      20       -5.74715       0.250000
      21       -4.66414       0.250000
      22       -4.66414       0.250000
      23       -4.66414       0.250000
      24       -4.66414       0.250000
      25        7.00834       0.250000
      26        7.00835       0.250000
      27        7.00835       0.250000
      28        7.00835       0.250000
      29        7.39159       0.250000
      30        7.39160       0.250000
      31        7.39160       0.250000
      32        7.39161       0.250000
      33        8.34765       0.250000
      34        8.34765       0.250000
      35        8.34766       0.250000
      36        8.34766       0.250000
      37        9.04293       0.250000
      38        9.04294       0.250000
      39        9.04295       0.250000
      40        9.04296       0.250000
      41        9.67612       0.250000
      42        9.67612       0.250000
      43        9.67612       0.250000
      44        9.67613       0.250000
      45        10.4574       0.250000
      46        10.4574       0.250000
      47        10.4574       0.250000
      48        10.4574       0.250000
      49        15.9370    1.52656e-16
      50        15.9370    1.52656e-16
      51        15.9370    1.52656e-16
      52        15.9370    1.52656e-16
      53        17.2802        0.00000
      54        17.2802        0.00000
      55        17.2802        0.00000
      56        17.2802        0.00000
      57        18.1610        0.00000
      58        18.1610        0.00000

 correction force for each atom along direction 1 is 9.36064e-08
 correction force for each atom along direction 2 is -4.34176e-07
 correction force for each atom along direction 3 is -1.20521e-06
------------------------------------------------------------------------------------------
 TOTAL-FORCE (eV/Angstrom)                                                                
------------------------------------------------------------------------------------------
                       Hf1        -0.0216167694         0.0013704315         0.0106082880 
                       Hf2        -0.0216687636        -0.0013564232        -0.0107143632 
                       Hf3        -0.0216285057        -0.0013497494         0.0106237564 
                       Hf4        -0.0216643496         0.0013650099        -0.0106966638 
                        O1         0.0012994484        -0.0595704468         0.0467267636 
                        O2         0.0013096309         0.0595557004         0.0467946809 
                        O3         0.0203420776        -0.0194275912         0.0348524761 
                        O4         0.0203809133         0.0194379847         0.0348905213 
                        O5         0.0012839759        -0.0595885088        -0.0466703060 
                        O6         0.0012843820         0.0595528283        -0.0467362027 
                        O7         0.0203173961        -0.0194106577        -0.0348194462 
                        O8         0.0203605642         0.0194214222        -0.0348595043 
------------------------------------------------------------------------------------------

----------------------------------------------------------------
 TOTAL-STRESS (KBAR)                                            
----------------------------------------------------------------
       -93.4165903883        -0.0007954758         0.0007337375 
        -0.0007954758       106.7209906018        -0.0002463500 
         0.0007337375        -0.0002463500        -1.5698145848 
----------------------------------------------------------------
 TOTAL-PRESSURE: 3.911529 KBAR



 --------------------------------------------
 !FINAL_ETOT_IS -9782.9646788454774651 eV
 --------------------------------------------


TIME STATISTICS
------------------------------------------------------------------------------------
    CLASS_NAME                    NAME                TIME/s  CALLS   AVG/s  PER/%  
------------------------------------------------------------------------------------
                   total                              138.29 13       10.64  100.00 
 Driver            reading                            11.92  1        11.92  8.62   
 Input_Conv        Convert                            0.00   1        0.00   0.00   
 Driver            driver_line                        126.36 1        126.36 91.38  
 UnitCell          check_tau                          0.00   1        0.00   0.00   
 ESolver_KS_LCAO   before_all_runners                 1.19   1        1.19   0.86   
 PW_Basis_Sup      setuptransform                     0.01   1        0.01   0.01   
 PW_Basis_Sup      distributeg                        0.00   1        0.00   0.00   
 mymath            heapsort                           0.00   55       0.00   0.00   
 Charge_Mixing     init_mixing                        0.00   1        0.00   0.00   
 Symmetry          analy_sys                          0.03   1        0.03   0.02   
 PW_Basis_K        setuptransform                     0.00   1        0.00   0.00   
 PW_Basis_K        distributeg                        0.00   1        0.00   0.00   
 PW_Basis          setup_struc_factor                 0.00   1        0.00   0.00   
 NOrbital_Lm       extra_uniform                      0.20   14       0.01   0.14   
 Mathzone_Add1     SplineD2                           0.00   14       0.00   0.00   
 Mathzone_Add1     Cubic_Spline_Interpolation         0.01   14       0.00   0.00   
 Mathzone_Add1     Uni_Deriv_Phi                      0.19   14       0.01   0.14   
 ppcell_vl         init_vloc                          0.11   1        0.11   0.08   
 Ions              opt_ions                           122.04 1        122.04 88.25  
 ESolver_KS_LCAO   runner                             115.04 1        115.04 83.19  
 ESolver_KS_LCAO   before_scf                         0.69   1        0.69   0.50   
 atom_arrange      search                             0.00   1        0.00   0.00   
 atom_arrange      grid_d.init                        0.00   1        0.00   0.00   
 Grid              Construct_Adjacent_expand          0.00   1        0.00   0.00   
 Grid              Construct_Adjacent_expand_periodic 0.00   12       0.00   0.00   
 Grid_Technique    init                               0.21   1        0.21   0.15   
 Grid_BigCell      grid_expansion_index               0.05   2        0.02   0.03   
 Grid_Driver       Find_atom                          0.00   120      0.00   0.00   
 Record_adj        for_2d                             0.04   1        0.04   0.03   
 LCAO_domain       grid_prepare                       0.00   1        0.00   0.00   
 Veff              initialize_HR                      0.00   1        0.00   0.00   
 OverlapNew        initialize_SR                      0.00   1        0.00   0.00   
 EkineticNew       initialize_HR                      0.00   1        0.00   0.00   
 NonlocalNew       initialize_HR                      0.03   1        0.03   0.02   
 Charge            set_rho_core                       0.14   1        0.14   0.10   
 PW_Basis_Sup      recip2real                         0.20   125      0.00   0.15   
 PW_Basis_Sup      gathers_scatterp                   0.19   125      0.00   0.13   
 Charge            atomic_rho                         0.29   2        0.14   0.21   
 Potential         init_pot                           0.02   1        0.02   0.01   
 Potential         update_from_charge                 0.30   16       0.02   0.22   
 Potential         cal_fixed_v                        0.00   1        0.00   0.00   
 PotLocal          cal_fixed_v                        0.00   1        0.00   0.00   
 Potential         cal_v_eff                          0.30   16       0.02   0.22   
 H_Hartree_pw      v_hartree                          0.06   16       0.00   0.04   
 PW_Basis_Sup      real2recip                         0.14   145      0.00   0.10   
 PW_Basis_Sup      gatherp_scatters                   0.12   145      0.00   0.09   
 PotXC             cal_v_eff                          0.24   16       0.02   0.18   
 XC_Functional     v_xc                               0.25   18       0.01   0.18   
 Potential         interpolate_vrs                    0.00   16       0.00   0.00   
 Symmetry          rhog_symmetry                      0.61   16       0.04   0.44   
 Symmetry          group fft grids                    0.24   16       0.02   0.18   
 H_Ewald_pw        compute_ewald                      0.00   1        0.00   0.00   
 HSolverLCAO       solve                              112.83 15       7.52   81.59  
 HamiltLCAO        updateHk                           40.32  120      0.34   29.16  
 OperatorLCAO      init                               40.20  360      0.11   29.07  
 Veff              contributeHR                       39.76  15       2.65   28.75  
 Gint_interface    cal_gint                           72.65  31       2.34   52.54  
 Gint_interface    cal_gint_vlocal                    36.64  15       2.44   26.50  
 Gint_Tools        cal_psir_ylm                       2.10   30720    0.00   1.52   
 Gint_k            transfer_pvpR                      3.12   15       0.21   2.25   
 OverlapNew        calculate_SR                       0.10   1        0.10   0.07   
 OverlapNew        contributeHk                       0.03   120      0.00   0.02   
 EkineticNew       contributeHR                       0.10   15       0.01   0.07   
 EkineticNew       calculate_HR                       0.10   1        0.10   0.07   
 NonlocalNew       contributeHR                       0.30   15       0.02   0.22   
 NonlocalNew       calculate_HR                       0.29   1        0.29   0.21   
 OperatorLCAO      contributeHk                       0.04   120      0.00   0.03   
 HSolverLCAO       hamiltSolvePsiK                    38.31  120      0.32   27.70  
 DiagoElpa         elpa_solve                         37.41  120      0.31   27.05  
 elecstate         cal_dm                             0.15   16       0.01   0.11   
 psiMulPsiMpi      pdgemm                             0.15   128      0.00   0.11   
 DensityMatrix     cal_DMR                            0.04   16       0.00   0.03   
 ElecStateLCAO     psiToRho                           34.02  15       2.27   24.60  
 Gint              transfer_DMR                       1.46   15       0.10   1.05   
 Gint_interface    cal_gint_rho                       31.96  15       2.13   23.11  
 Charge_Mixing     get_drho                           0.02   15       0.00   0.01   
 Charge            mix_rho                            0.27   14       0.02   0.19   
 Charge            Broyden_mixing                     0.23   14       0.02   0.16   
 ModuleIO          write_rhog                         0.04   1        0.04   0.03   
 ESolver_KS_LCAO   after_scf                          0.13   1        0.13   0.09   
 ESolver_KS_LCAO   cal_force                          7.00   1        7.00   5.06   
 Force_Stress_LCAO getForceStress                     7.00   1        7.00   5.06   
 Forces            cal_force_loc                      0.00   1        0.00   0.00   
 Forces            cal_force_ew                       0.01   1        0.01   0.01   
 Forces            cal_force_cc                       0.13   1        0.13   0.09   
 Forces            cal_force_scc                      0.12   1        0.12   0.09   
 Stress_Func       stress_loc                         0.37   1        0.37   0.27   
 Stress_Func       stress_har                         0.00   1        0.00   0.00   
 Stress_Func       stress_ewa                         0.00   1        0.00   0.00   
 Stress_Func       stress_cc                          0.49   1        0.49   0.36   
 Stress_Func       stress_gga                         0.00   1        0.00   0.00   
 Force_LCAO        ftable                             4.93   1        4.93   3.56   
 Force_LCAO        allocate                           0.28   1        0.28   0.21   
 LCAO_domain       build_ST_new                       0.28   2        0.14   0.20   
 Force_LCAO        cal_pulay_fs_center2               0.01   2        0.00   0.01   
 Gint_interface    cal_gint_force                     4.04   1        4.04   2.92   
 Gint_Tools        cal_dpsir_ylm                      0.18   1024     0.00   0.13   
 Gint_Tools        cal_dpsirr_ylm                     0.04   1024     0.00   0.03   
 NonlocalNew       cal_force_stress                   0.93   1        0.93   0.67   
 ESolver_KS_LCAO   cal_stress                         0.00   1        0.00   0.00   
 ESolver_KS_LCAO   after_all_runners                  0.01   1        0.01   0.00   
 ModuleIO          write_istate_info                  0.01   1        0.01   0.00   
------------------------------------------------------------------------------------


 NAME-------------------------|MEMORY(MB)--------
                         total      2315.1215
                  Gint::hRGint       408.1980
                 Gint::DMRGint       407.8855
       TwoCenterTable: Kinetic       137.3855
       TwoCenterTable: Overlap       137.3855
      TwoCenterTable: Nonlocal       136.0217
                  meshball_pos       126.0667
               GT::ind_bigcell       123.2787
         GT::in_this_processor       123.2787
              GT::index2normal       123.2787
               GT::index2ucell       123.2787
                   Stress::dSR       116.4077
                   Force::dS_K        58.2038
                   Stress::dHr        58.2038
                  Force::dTVNL        58.2038
      GT::bigcell_on_processor        30.8197
                HamiltLCAO::hR        26.2912
            DensityMatrix::DMR        26.2912
                    index_ball        21.0111
                HamiltLCAO::sR        17.6314
                GT::which_atom         7.1349
             GT::which_bigcell         7.1349
            GT::which_unitcell         7.1349
            DensityMatrix::DMK         5.4863
                RealGauntTable         3.7773
                  SF::strucFac         3.7539
                  PW_B_K::gcar         2.8601
                  SF::eigts123         2.2515
                      Chg::rho         2.0000
                 Chg::rho_save         2.0000
                 Chg::rho_core         2.0000
                 Pot::veff_fix         2.0000
                     Pot::veff         2.0000
              Pot::veff_smooth         2.0000
 -------------   < 1.0 MB has been ignored ----------------
 ----------------------------------------------------------

 Start  Time  : Sun Oct 11 02:57:45 2026
 Finish Time  : Sun Oct 11 03:00:04 2026
 Total  Time  : 0 h 2 mins 19 secs 
