                                                                                     
                              ABACUS v3.10.0

               Atomic-orbital Based Ab-initio Computation at UStc                    

                     Website: http://abacus.ustc.edu.cn/                             
               Documentation: https://abacus.deepmodeling.com/                       
                  Repository: https://github.com/abacusmodeling/abacus-develop       
                              https://github.com/deepmodeling/abacus-develop         
                      Commit: f7cb1d3 (Mon May 12 16:53:30 2025 +0800)

    Start Time is Sat Oct 10 00:36:23 2026
                                                                                     
 ------------------------------------------------------------------------------------

 READING GENERAL INFORMATION
                           global_out_dir = OUT.ABACUS/
                           global_in_card = INPUT
                               pseudo_dir = 
                              orbital_dir = 
                                    DRANK = 1
                                    DSIZE = 32
                                   DCOLOR = 1
                                    GRANK = 1
                                    GSIZE = 1




 >>>>>>>>>>>>>>>>>>>>>>>>>>>>>>>>>>>>>>>>>>>>>>>>>>>>>>>>>>>>>>>>>>>>>>
 |                                                                    |
 | Reading atom information in unitcell:                              |
 | From the input file and the structure file we know the number of   |
 | different elments in this unitcell, then we list the detail        |
 | information for each element, especially the zeta and polar atomic |
 | orbital number for each element. The total atom number is counted. |
 | We calculate the nearest atom distance for each atom and show the  |
 | Cartesian and Direct coordinates for each atom. We list the file   |
 | address for atomic orbitals. The volume and the lattice vectors    |
 | in real and reciprocal space is also shown.                        |
 |                                                                    |
 <<<<<<<<<<<<<<<<<<<<<<<<<<<<<<<<<<<<<<<<<<<<<<<<<<<<<<<<<<<<<<<<<<<<<<




 READING UNITCELL INFORMATION
                                    ntype = 2
                  lattice constant (Bohr) = 1.88973
              lattice constant (Angstrom) = 1

 READING ATOM TYPE 1
                               atom label = Hf
                      L=0, number of zeta = 4
                      L=1, number of zeta = 2
                      L=2, number of zeta = 2
                      L=3, number of zeta = 1
             number of atom for this type = 4

 READING ATOM TYPE 2
                               atom label = O
                      L=0, number of zeta = 2
                      L=1, number of zeta = 2
                      L=2, number of zeta = 1
             number of atom for this type = 8

                        TOTAL ATOM NUMBER = 12
DIRECT COORDINATES
    atom                   x                   y                   z     mag                  vx                  vy                  vz
taud_Hf1            0.0003766887        0.0000325111        0.0004561179  0.0000        0.0000000000        0.0000000000        0.0000000000
taud_Hf2            0.5003756146        0.9349562712        0.4677557069  0.0000        0.0000000000        0.0000000000        0.0000000000
taud_Hf3            0.5003759763        0.4349563580        0.0004574569  0.0000        0.0000000000        0.0000000000        0.0000000000
taud_Hf4            0.0003765895        0.5000321915        0.4677573231  0.0000        0.0000000000        0.0000000000        0.0000000000
taud_O1            0.2497608095        0.2334637605        0.2730383062  0.0000        0.0000000000        0.0000000000        0.0000000000
taud_O2            0.7497602162        0.2015242209        0.2730396145  0.0000        0.0000000000        0.0000000000        0.0000000000
taud_O3            0.3550021227        0.1034490152        0.8022284130  0.0000        0.0000000000        0.0000000000        0.0000000000
taud_O4            0.8550018018        0.3315334169        0.8022256262  0.0000        0.0000000000        0.0000000000        0.0000000000
taud_O5            0.2497613898        0.7334643740        0.1951768049  0.0000        0.0000000000        0.0000000000        0.0000000000
taud_O6            0.7497610175        0.7015247424        0.1951753712  0.0000        0.0000000000        0.0000000000        0.0000000000
taud_O7            0.3550030642        0.6034486898        0.6659867061  0.0000        0.0000000000        0.0000000000        0.0000000000
taud_O8            0.8550021978        0.8315331749        0.6659891574  0.0000        0.0000000000        0.0000000000        0.0000000000



                          Volume (Bohr^3) = 920.729
                             Volume (A^3) = 136.438

 Lattice vectors: (Cartesian coordinate: in unit of a_0)
             +5.29145        -7.86152e-24         -5.0998e-15
                   +0            +5.12661                  +0
         -1.21936e-05         +1.1484e-06            +5.02956
 Reciprocal vectors: (Cartesian coordinate: in unit of 2 pi/a_0)
            +0.188984                  -0        +4.58172e-07
         -4.26353e-23           +0.195061        -4.45383e-08
         +1.91623e-16                  -0           +0.198824
 The esolver type has been set to : ksdft_lcao

 RUNNING WITH DEVICE  : CPU / AMD EPYC 7702 64-Core Processor




 >>>>>>>>>>>>>>>>>>>>>>>>>>>>>>>>>>>>>>>>>>>>>>>>>>>>>>>>>>>>>>>>>>>>>>
 |                                                                    |
 | Reading pseudopotentials files:                                    |
 | The pseudopotential file is in UPF format. The 'NC' indicates that |
 | the type of pseudopotential is 'norm conserving'. Functional of    |
 | exchange and correlation is decided by 4 given parameters in UPF   |
 | file.  We also read in the 'core correction' if there exists.      |
 | Also we can read the valence electrons number and the maximal      |
 | angular momentum used in this pseudopotential. We also read in the |
 | trail wave function, trail atomic density and local-pseudopotential|
 | on logrithmic grid. The non-local pseudopotential projector is also|
 | read in if there is any.                                           |
 |                                                                    |
 <<<<<<<<<<<<<<<<<<<<<<<<<<<<<<<<<<<<<<<<<<<<<<<<<<<<<<<<<<<<<<<<<<<<<<




                PAO radial cut off (Bohr) = 15

 Read in pseudopotential file is Hf.upf
                     pseudopotential type = NC
          exchange-correlation functional = PBE
                 nonlocal core correction = 1
                        valence electrons = 12
                                     lmax = 3
                           number of zeta = 4
                     number of projectors = 8
                           L of projector = 0
                           L of projector = 0
                           L of projector = 1
                           L of projector = 1
                           L of projector = 2
                           L of projector = 2
                           L of projector = 3
                           L of projector = 3
                PAO radial cut off (Bohr) = 15

 Read in pseudopotential file is O.upf
                     pseudopotential type = NC
          exchange-correlation functional = PBE
                 nonlocal core correction = 1
                        valence electrons = 6
                                     lmax = 2
                           number of zeta = 2
                     number of projectors = 5
                           L of projector = 0
                           L of projector = 0
                           L of projector = 1
                           L of projector = 1
                           L of projector = 2
     initial pseudo atomic orbital number = 72

 SETUP THE ELECTRONS NUMBER
            electron number of element Hf = 12
      total electron number of element Hf = 48
             electron number of element O = 6
       total electron number of element O = 48
            AUTOSET number of electrons:  = 96
                           occupied bands = 48
                                   NLOCAL = 212
                                   NBANDS = 58
                                   NBANDS = 58
                                   NLOCAL = 212

%%%%%%%%%%%%%%%%%%%%%%%%%%%%%%%%%%%%%%%%%%%%%%%%%%%%%%%%%%%%%%%%%%%%%%%%%%%%%%%%%%%%%%%%%%%%%%%%%%%%%%%%%%
 Warning: the number of valence electrons in pseudopotential > 4 for Hf: [Xe] 4f14 5d2 6s2
 Pseudopotentials with additional electrons can yield (more) accurate outcomes, but may be less efficient.
 If you're confident that your chosen pseudopotential is appropriate, you can safely ignore this warning.
%%%%%%%%%%%%%%%%%%%%%%%%%%%%%%%%%%%%%%%%%%%%%%%%%%%%%%%%%%%%%%%%%%%%%%%%%%%%%%%%%%%%%%%%%%%%%%%%%%%%%%%%%%
                  




 >>>>>>>>>>>>>>>>>>>>>>>>>>>>>>>>>>>>>>>>>>>>>>>>>>>>>>>>>>>>>>>>>>>>>>
 |                                                                    |
 | Setup plane waves of charge/potential:                             |
 | Use the energy cutoff and the lattice vectors to generate the      |
 | dimensions of FFT grid. The number of FFT grid on each processor   |
 | is 'nrxx'. The number of plane wave basis in reciprocal space is   |
 | different for charege/potential and wave functions. We also set    |
 | the 'sticks' for the parallel of FFT. The number of plane waves    |
 | is 'npw' in each processor.                                        |
 <<<<<<<<<<<<<<<<<<<<<<<<<<<<<<<<<<<<<<<<<<<<<<<<<<<<<<<<<<<<<<<<<<<<<<





 SETUP THE PLANE WAVE BASIS
 energy cutoff for charge/potential (unit:Ry) = 400
            fft grid for charge/potential = [ 64, 64, 64 ]
                        fft grid division = [ 2, 2, 2 ]
        big fft grid for charge/potential = [ 32, 32, 32 ]
                                     nbxx = 1024
                                     nrxx = 8192

 SETUP PLANE WAVES FOR CHARGE/POTENTIAL
                    number of plane waves = 124371
                         number of sticks = 3079

 PARALLEL PW FOR CHARGE/POTENTIAL
     PROC   COLUMNS(POT)             PW
        1             97           3889
        2             97           3889
        3             97           3889
        4             97           3889
        5             97           3889
        6             97           3889
        7             96           3886
        8             96           3886
        9             96           3886
       10             96           3886
       11             96           3886
       12             96           3886
       13             96           3886
       14             96           3886
       15             96           3886
       16             96           3886
       17             97           3887
       18             96           3886
       19             96           3886
       20             96           3886
       21             96           3886
       22             96           3886
       23             96           3886
       24             96           3886
       25             96           3886
       26             96           3886
       27             96           3886
       28             96           3886
       29             96           3886
       30             96           3886
       31             96           3886
       32             96           3886
 --------------- sum -------------------
       32           3079         124371
                            number of |g| = 3854
                                  max |g| = 36.1767
                                  min |g| = 0.378153
 DONE : SETUP UNITCELL Time : 1.69825 (SEC)


----------- Double Check Mixing Parameters Begin ------------
mixing_type: broyden
mixing_beta: 0.3
mixing_gg0: 1
mixing_gg0_min: 0.1
mixing_ndim: 8
----------- Double Check Mixing Parameters End ------------




 >>>>>>>>>>>>>>>>>>>>>>>>>>>>>>>>>>>>>>>>>>>>>>>>>>>>>>>>>>>>>>>>>>>>>>
 |                                                                    |
 | Doing symmetry analysis:                                           |
 | We calculate the norm of 3 vectors and the angles between them,    |
 | the type of Bravais lattice is given. We can judge if the unticell |
 | is a primitive cell. Finally we give the point group operation for |
 | this unitcell. We use the point group operations to do symmetry |
 | analysis on given k-point mesh and the charge density.             |
 |                                                                    |
 <<<<<<<<<<<<<<<<<<<<<<<<<<<<<<<<<<<<<<<<<<<<<<<<<<<<<<<<<<<<<<<<<<<<<<




 LATTICE VECTORS: (CARTESIAN COORDINATE: IN UNIT OF A0)
             +5.29145        -7.86152e-24         -5.0998e-15
                   +0            +5.12661                  +0
         -1.21936e-05         +1.1484e-06            +5.02956
                       right hand lattice = 1
                                   NORM_A = 5.29145
                                   NORM_B = 5.12661
                                   NORM_C = 5.02956
                           ALPHA (DEGREE) = 90
                           BETA  (DEGREE) = 90.0001
                           GAMMA (DEGREE) = 90

 The lattice vectors have been changed (STRU_SIMPLE.cif)

(for optimal symmetric configuration:)
                             BRAVAIS TYPE = 12
                     BRAVAIS LATTICE NAME = 12. Monoclinic P (simple)
                                    ibrav = 12
                                    IBRAV = 12
                                  BRAVAIS = SIMPLE MONOLINIC CELL
                       LATTICE CONSTANT A = 5.12661
                                B/A RATIO = 0.981071
                                C/A RATIO = 2.25063
                                COS(BETA) = -0.888639
Original cell was already a primitive cell.
                        ROTATION MATRICES = 4
              PURE POINT GROUP OPERATIONS = 1
                   SPACE GROUP OPERATIONS = 1
                              POINT GROUP = C_1
               POINT GROUP IN SPACE GROUP = C_1
 DONE : SYMMETRY Time : 1.73124 (SEC)





 >>>>>>>>>>>>>>>>>>>>>>>>>>>>>>>>>>>>>>>>>>>>>>>>>>>>>>>>>>>>>>>>>>>>>>
 |                                                                    |
 | Setup K-points                                                     |
 | We setup the k-points according to input parameters.               |
 | The reduced k-points are set according to symmetry operations.     |
 | We treat the spin as another set of k-points.                      |
 |                                                                    |
 <<<<<<<<<<<<<<<<<<<<<<<<<<<<<<<<<<<<<<<<<<<<<<<<<<<<<<<<<<<<<<<<<<<<<<





 SETUP K-POINTS
                                    nspin = 1
                   Input type of k points = Monkhorst-Pack(Gamma)
                                   nkstot = 8
                       right hand lattice = 1
(for reciprocal lattice: )
                             BRAVAIS TYPE = 12
                     BRAVAIS LATTICE NAME = 12. Monoclinic P (simple)
                                    ibrav = 12
                       right hand lattice = 1
(for k-lattice: )
                             BRAVAIS TYPE = 12
                     BRAVAIS LATTICE NAME = 12. Monoclinic P (simple)
                                    ibrav = 12
                       right hand lattice = 1
                        ROTATION MATRICES = 4
                               nkstot_ibz = 8
K-POINTS REDUCTION ACCORDING TO SYMMETRY
     IBZ    DIRECT_X    DIRECT_Y    DIRECT_Z  WEIGHT  ibz2bz
       1  0.00000000  0.00000000  0.00000000  0.1250       0
       2  0.50000000  0.00000000  0.00000000  0.1250       1
       3  0.00000000  0.50000000  0.00000000  0.1250       2
       4  0.50000000  0.50000000  0.00000000  0.1250       3
       5  0.00000000  0.00000000  0.50000000  0.1250       4
       6  0.50000000  0.00000000  0.50000000  0.1250       5
       7  0.00000000  0.50000000  0.50000000  0.1250       6
       8  0.50000000  0.50000000  0.50000000  0.1250       7

                               nkstot now = 8
K-POINTS DIRECT COORDINATES
 KPOINTS    DIRECT_X    DIRECT_Y    DIRECT_Z  WEIGHT
       1  0.00000000  0.00000000  0.00000000  0.1250
       2  0.50000000  0.00000000  0.00000000  0.1250
       3  0.00000000  0.50000000  0.00000000  0.1250
       4  0.50000000  0.50000000  0.00000000  0.1250
       5  0.00000000  0.00000000  0.50000000  0.1250
       6  0.50000000  0.00000000  0.50000000  0.1250
       7  0.00000000  0.50000000  0.50000000  0.1250
       8  0.50000000  0.50000000  0.50000000  0.1250


           k-point number in this process = 8
       minimum distributed K point number = 8
starsize: 1
isym: 0 ks_vec: 0 0 0
starsize: 1
isym: 0 ks_vec: 0.5 0 0
starsize: 1
isym: 0 ks_vec: 0 0.5 0
starsize: 1
isym: 0 ks_vec: 0.5 0.5 0
starsize: 1
isym: 0 ks_vec: 0 0 0.5
starsize: 1
isym: 0 ks_vec: 0.5 0 0.5
starsize: 1
isym: 0 ks_vec: 0 0.5 0.5
starsize: 1
isym: 0 ks_vec: 0.5 0.5 0.5

K-POINTS CARTESIAN COORDINATES
 KPOINTS CARTESIAN_X CARTESIAN_Y CARTESIAN_Z  WEIGHT
       1  0.00000000  0.00000000  0.00000000  0.2500
       2  0.09449204  0.00000000  0.00000023  0.2500
       3  0.00000000  0.09753036 -0.00000002  0.2500
       4  0.09449204  0.09753036  0.00000021  0.2500
       5  0.00000000  0.00000000  0.09941218  0.2500
       6  0.09449204  0.00000000  0.09941241  0.2500
       7  0.00000000  0.09753036  0.09941216  0.2500
       8  0.09449204  0.09753036  0.09941239  0.2500


K-POINTS DIRECT COORDINATES
 KPOINTS    DIRECT_X    DIRECT_Y    DIRECT_Z  WEIGHT
       1  0.00000000  0.00000000  0.00000000  0.2500
       2  0.50000000  0.00000000  0.00000000  0.2500
       3  0.00000000  0.50000000  0.00000000  0.2500
       4  0.50000000  0.50000000  0.00000000  0.2500
       5  0.00000000  0.00000000  0.50000000  0.2500
       6  0.50000000  0.00000000  0.50000000  0.2500
       7  0.00000000  0.50000000  0.50000000  0.2500
       8  0.50000000  0.50000000  0.50000000  0.2500

 DONE : INIT K-POINTS Time : 1.89682 (SEC)





 >>>>>>>>>>>>>>>>>>>>>>>>>>>>>>>>>>>>>>>>>>>>>>>>>>>>>>>>>>>>>>>>>>>>>>
 |                                                                    |
 | Setup plane waves of wave functions:                               |
 | Use the energy cutoff and the lattice vectors to generate the      |
 | dimensions of FFT grid. The number of FFT grid on each processor   |
 | is 'nrxx'. The number of plane wave basis in reciprocal space is   |
 | different for charege/potential and wave functions. We also set    |
 | the 'sticks' for the parallel of FFT. The number of plane wave of  |
 | each k-point is 'npwk[ik]' in each processor                       |
 <<<<<<<<<<<<<<<<<<<<<<<<<<<<<<<<<<<<<<<<<<<<<<<<<<<<<<<<<<<<<<<<<<<<<<





 SETUP PLANE WAVES FOR WAVE FUNCTIONS
     energy cutoff for wavefunc (unit:Ry) = 100
              fft grid for wave functions = [ 64, 64, 64 ]
                    number of plane waves = 18291
                         number of sticks = 865

 PARALLEL PW FOR WAVE FUNCTIONS
     PROC   COLUMNS(POT)             PW
        1             27            573
        2             27            573
        3             27            573
        4             27            573
        5             27            571
        6             27            571
        7             27            571
        8             27            571
        9             27            571
       10             27            571
       11             27            573
       12             27            573
       13             27            573
       14             27            573
       15             27            573
       16             27            571
       17             27            571
       18             27            571
       19             27            571
       20             27            571
       21             27            571
       22             27            571
       23             27            571
       24             27            571
       25             27            571
       26             27            571
       27             27            571
       28             27            571
       29             27            571
       30             27            571
       31             27            571
       32             28            572
 --------------- sum -------------------
       32            865          18291
 DONE : INIT PLANEWAVE Time : 1.91123 (SEC)

 SET NONLOCAL PSEUDOPOTENTIAL PROJECTORS
 SET NONLOCAL PSEUDOPOTENTIAL PROJECTORS
 max number of nonlocal projetors among all species is 8
 DONE : LOCAL POTENTIAL Time : 2.61632 (SEC)


 -------------------------------------------
 SELF-CONSISTENT
 -------------------------------------------




 >>>>>>>>>>>>>>>>>>>>>>>>>>>>>>>>>>>>>>>>>>>>>>>>>>>>>>>>>>>>>>>>>>>>>>
 |                                                                    |
 | Search adjacent atoms:                                             |
 | Set the adjacent atoms for each atom and set the periodic boundary |
 | condition for the atoms on real space FFT grid. For k-dependent    |
 | algorithm, we also need to set the sparse H and S matrix element   |
 | for each atom.                                                     |
 |                                                                    |
 <<<<<<<<<<<<<<<<<<<<<<<<<<<<<<<<<<<<<<<<<<<<<<<<<<<<<<<<<<<<<<<<<<<<<<





 SETUP SEARCHING RADIUS FOR PROGRAM TO SEARCH ADJACENT ATOMS
                  longest orb rcut (Bohr) = 10
   longest nonlocal projector rcut (Bohr) = 2.46
                     search radius (Bohr) = 24.9
              searching radius is (Bohr)) = 24.9
         searching radius unit is (Bohr)) = 1.89
                         PeriodicBoundary = 1
                        Radius(unit:lat0) = 13.2
                                   glayer = [ 4, 4, 4 ]
                             glayer_minus = [ 3, 3, 3 ]

Find the coordinate range of the input atom(unit:lat0).
                                  min_tau = [ -15.9, -15.4, -15.1 ]
                                  max_tau = [ 20.4, 20.2, 19.1 ]
                                BoxNumber = [ 7, 7, 7 ]

 SETUP EXTENDED REAL SPACE GRID FOR GRID INTEGRATION
                          real space grid = [ 64, 64, 64 ]
                 big cell numbers in grid = [ 32, 32, 32 ]
             meshcell numbers in big cell = [ 2, 2, 2 ]
                        extended fft grid = [ 33, 34, 34 ]
                dimension of extened grid = [ 99, 101, 101 ]
                            UnitCellTotal = 125
              Atom number in sub-FFT-grid = 12
    Local orbitals number in sub-FFT-grid = 212
                                ParaV.nnr = 78533

 Warning_Memory_Consuming allocated:  Gint::hRGint 12.6 MB

 Warning_Memory_Consuming allocated:  Gint::DMRGint 12.6 MB
                                 init_chg = atomic
 DONE : INIT SCF Time : 3.30286 (SEC)


 LCAO ALGORITHM --------------- ION=   1  ELEC=   1--------------------------------

 Density error is 0.158382681189
----------------------------------------------------------
     Energy           Rydberg                 eV          
----------------------------------------------------------
 E_KohnSham     -718.6883342027      -9778.2564312852     
 E_Harris       -705.6057394543      -9600.2585980812     
 E_Fermi        0.7805863392         10.6204219940        
----------------------------------------------------------


 LCAO ALGORITHM --------------- ION=   1  ELEC=   2--------------------------------

 Density error is 0.0641924974398
----------------------------------------------------------
     Energy           Rydberg                 eV          
----------------------------------------------------------
 E_KohnSham     -719.0040912038      -9782.5525256829     
 E_Harris       -715.6399469413      -9736.7809948192     
 E_Fermi        1.0748529087         14.6241240703        
----------------------------------------------------------


 LCAO ALGORITHM --------------- ION=   1  ELEC=   3--------------------------------

 Density error is 0.0385175780356
----------------------------------------------------------
     Energy           Rydberg                 eV          
----------------------------------------------------------
 E_KohnSham     -719.0334589143      -9782.9520938839     
 E_Harris       -718.6198941014      -9777.3252559359     
 E_Fermi        1.0671661431         14.5195402586        
----------------------------------------------------------


 LCAO ALGORITHM --------------- ION=   1  ELEC=   4--------------------------------

 Density error is 0.00791205873693
----------------------------------------------------------
     Energy           Rydberg                 eV          
----------------------------------------------------------
 E_KohnSham     -719.0312317667      -9782.9217919856     
 E_Harris       -718.2348850909      -9772.0869396109     
 E_Fermi        1.0678588403         14.5289648874        
----------------------------------------------------------


 LCAO ALGORITHM --------------- ION=   1  ELEC=   5--------------------------------

 Density error is 0.00172729557725
----------------------------------------------------------
     Energy           Rydberg                 eV          
----------------------------------------------------------
 E_KohnSham     -719.0330435330      -9782.9464423313     
 E_Harris       -719.0227206333      -9782.8059920756     
 E_Fermi        1.0672018731         14.5200263910        
----------------------------------------------------------


 LCAO ALGORITHM --------------- ION=   1  ELEC=   6--------------------------------

 Density error is 0.000862275299175
----------------------------------------------------------
     Energy           Rydberg                 eV          
----------------------------------------------------------
 E_KohnSham     -719.0330350351      -9782.9463267112     
 E_Harris       -719.0169724277      -9782.7277837254     
 E_Fermi        1.0681290230         14.5326409126        
----------------------------------------------------------


 LCAO ALGORITHM --------------- ION=   1  ELEC=   7--------------------------------

 Density error is 0.000237179285753
----------------------------------------------------------
     Energy           Rydberg                 eV          
----------------------------------------------------------
 E_KohnSham     -719.0330543366      -9782.9465893211     
 E_Harris       -719.0157875232      -9782.7116622735     
 E_Fermi        1.0690826185         14.5456152443        
----------------------------------------------------------


 LCAO ALGORITHM --------------- ION=   1  ELEC=   8--------------------------------

 Density error is 2.66351950405e-05
----------------------------------------------------------
     Energy           Rydberg                 eV          
----------------------------------------------------------
 E_KohnSham     -719.0330554673      -9782.9466047060     
 E_Harris       -719.0358242203      -9782.9842755221     
 E_Fermi        1.0690841710         14.5456363677        
----------------------------------------------------------


 LCAO ALGORITHM --------------- ION=   1  ELEC=   9--------------------------------

 Density error is 2.74202849343e-05
----------------------------------------------------------
     Energy           Rydberg                 eV          
----------------------------------------------------------
 E_KohnSham     -719.0330554631      -9782.9466046487     
 E_Harris       -719.0306886489      -9782.9144024884     
 E_Fermi        1.0690619559         14.5453341152        
----------------------------------------------------------


 LCAO ALGORITHM --------------- ION=   1  ELEC=  10--------------------------------

 Density error is 3.07713051981e-06
----------------------------------------------------------
     Energy           Rydberg                 eV          
----------------------------------------------------------
 E_KohnSham     -719.0330554837      -9782.9466049287     
 E_Harris       -719.0329137183      -9782.9446761108     
 E_Fermi        1.0690545345         14.5452331425        
----------------------------------------------------------


 LCAO ALGORITHM --------------- ION=   1  ELEC=  11--------------------------------

 Density error is 2.70428683098e-07
----------------------------------------------------------
     Energy           Rydberg                 eV          
----------------------------------------------------------
 E_KohnSham     -719.0330554840      -9782.9466049319     
 E_Harris       -719.0330329152      -9782.9462978677     
 E_Fermi        1.0690584373         14.5452862420        
----------------------------------------------------------


 LCAO ALGORITHM --------------- ION=   1  ELEC=  12--------------------------------

 Density error is 2.09814291031e-07
----------------------------------------------------------
     Energy           Rydberg                 eV          
----------------------------------------------------------
 E_KohnSham     -719.0330554840      -9782.9466049319     
 E_Harris       -719.0330601702      -9782.9466686911     
 E_Fermi        1.0690583669         14.5452852844        
----------------------------------------------------------


 LCAO ALGORITHM --------------- ION=   1  ELEC=  13--------------------------------

 Density error is 2.26107782944e-08
----------------------------------------------------------
     Energy           Rydberg                 eV          
----------------------------------------------------------
 E_KohnSham     -719.0330554840      -9782.9466049319     
 E_Harris       -719.0330566163      -9782.9466203377     
 E_Fermi        1.0690584964         14.5452870460        
----------------------------------------------------------


 LCAO ALGORITHM --------------- ION=   1  ELEC=  14--------------------------------

 Density error is 1.4174218168e-08
----------------------------------------------------------
     Energy           Rydberg                 eV          
----------------------------------------------------------
 E_KohnSham     -719.0330554840      -9782.9466049319     
 E_Harris       -719.0330559172      -9782.9466108271     
 E_Fermi        1.0690584849         14.5452868896        
----------------------------------------------------------


 LCAO ALGORITHM --------------- ION=   1  ELEC=  15--------------------------------

 Density error is 7.01213338487e-09
----------------------------------------------------------
     Energy           Rydberg                 eV          
----------------------------------------------------------
 E_KohnSham     -719.0330554840      -9782.9466049319     
 E_KS(sigma->0) -719.0330554840      -9782.9466049319     
 E_Harris       -719.0330553324      -9782.9466028703     
 E_band         -37.6843079012       -512.7213126429      
 E_one_elec     -122.5502482677      -1667.3816677558     
 E_Hartree      116.9878848432       1591.7018308347      
 E_xc           -182.3261868508      -2480.6750357836     
 E_Ewald        -531.1445052086      -7226.5917322272     
 E_entropy(-TS) -0.0000000000        -0.0000000000        
 E_descf        0.0000000000         0.0000000000         
 E_exx          0.0000000000         0.0000000000         
 E_Fermi        1.0690584775         14.5452867891        
----------------------------------------------------------


 charge density convergence is achieved
 final etot is -9782.9466049 eV
 EFERMI = 14.545286789 eV

 STATE ENERGY(eV) AND OCCUPATIONS    NSPIN == 1
 1/8 kpoint (Cartesian) = 0.0000 0.0000 0.0000 (487 pws)
       1       -48.9931       0.250000
       2       -48.9762       0.250000
       3       -48.9749       0.250000
       4       -48.9737       0.250000
       5       -18.7598       0.250000
       6       -18.7581       0.250000
       7       -18.7564       0.250000
       8       -18.5586       0.250000
       9       -18.5148       0.250000
      10       -18.4722       0.250000
      11       -18.4716       0.250000
      12       -18.4705       0.250000
      13       -18.4669       0.250000
      14       -18.3838       0.250000
      15       -18.3789       0.250000
      16       -18.3600       0.250000
      17       -6.95871       0.250000
      18       -5.55370       0.250000
      19       -5.50217       0.250000
      20       -5.41642       0.250000
      21       -5.05767       0.250000
      22       -4.80774       0.250000
      23       -4.76571       0.250000
      24       -4.64397       0.250000
      25        5.64972       0.250000
      26        5.65964       0.250000
      27        5.77837       0.250000
      28        6.45040       0.250000
      29        6.66118       0.250000
      30        6.67491       0.250000
      31        7.89084       0.250000
      32        7.90134       0.250000
      33        7.93782       0.250000
      34        8.05804       0.250000
      35        8.33325       0.250000
      36        8.88151       0.250000
      37        8.99707       0.250000
      38        9.08839       0.250000
      39        9.40259       0.250000
      40        9.48309       0.250000
      41        9.72053       0.250000
      42        9.85982       0.250000
      43        9.94064       0.250000
      44        10.0582       0.250000
      45        10.1164       0.250000
      46        10.9201       0.250000
      47        11.1980       0.250000
      48        11.2401       0.250000
      49        15.8305        0.00000
      50        16.4270        0.00000
      51        16.5303        0.00000
      52        16.5450        0.00000
      53        16.8565        0.00000
      54        16.8742        0.00000
      55        17.0510        0.00000
      56        17.0736        0.00000
      57        17.3488        0.00000
      58        17.7571        0.00000

 2/8 kpoint (Cartesian) = 0.094492 0.0000 2.2909e-07 (481 pws)
       1       -48.9847       0.250000
       2       -48.9847       0.250000
       3       -48.9744       0.250000
       4       -48.9744       0.250000
       5       -18.6755       0.250000
       6       -18.6755       0.250000
       7       -18.6558       0.250000
       8       -18.6558       0.250000
       9       -18.5587       0.250000
      10       -18.5587       0.250000
      11       -18.4661       0.250000
      12       -18.4661       0.250000
      13       -18.4158       0.250000
      14       -18.4158       0.250000
      15       -18.4150       0.250000
      16       -18.4150       0.250000
      17       -6.20839       0.250000
      18       -6.20836       0.250000
      19       -5.43460       0.250000
      20       -5.43457       0.250000
      21       -4.99958       0.250000
      22       -4.99958       0.250000
      23       -4.74266       0.250000
      24       -4.74265       0.250000
      25        5.99770       0.250000
      26        5.99772       0.250000
      27        6.78640       0.250000
      28        6.78641       0.250000
      29        7.05563       0.250000
      30        7.05565       0.250000
      31        7.40407       0.250000
      32        7.40408       0.250000
      33        7.44970       0.250000
      34        7.44971       0.250000
      35        8.40502       0.250000
      36        8.40506       0.250000
      37        8.54502       0.250000
      38        8.54506       0.250000
      39        9.29444       0.250000
      40        9.29445       0.250000
      41        9.42387       0.250000
      42        9.42389       0.250000
      43        10.3070       0.250000
      44        10.3070       0.250000
      45        10.7424       0.250000
      46        10.7424       0.250000
      47        11.0762       0.250000
      48        11.0762       0.250000
      49        15.7762        0.00000
      50        15.7763        0.00000
      51        16.5657        0.00000
      52        16.5658        0.00000
      53        17.1103        0.00000
      54        17.1104        0.00000
      55        17.1371        0.00000
      56        17.1371        0.00000
      57        18.4002        0.00000
      58        18.4002        0.00000

 3/8 kpoint (Cartesian) = 0.0000 0.097530 -2.2269e-08 (486 pws)
       1       -48.9846       0.250000
       2       -48.9846       0.250000
       3       -48.9745       0.250000
       4       -48.9745       0.250000
       5       -18.6427       0.250000
       6       -18.6427       0.250000
       7       -18.6377       0.250000
       8       -18.6377       0.250000
       9       -18.5678       0.250000
      10       -18.5678       0.250000
      11       -18.4996       0.250000
      12       -18.4996       0.250000
      13       -18.4405       0.250000
      14       -18.4405       0.250000
      15       -18.4025       0.250000
      16       -18.4025       0.250000
      17       -6.12155       0.250000
      18       -6.12154       0.250000
      19       -5.40723       0.250000
      20       -5.40721       0.250000
      21       -4.99671       0.250000
      22       -4.99671       0.250000
      23       -4.89065       0.250000
      24       -4.89065       0.250000
      25        6.23493       0.250000
      26        6.23493       0.250000
      27        6.62702       0.250000
      28        6.62702       0.250000
      29        7.07755       0.250000
      30        7.07755       0.250000
      31        7.24961       0.250000
      32        7.24962       0.250000
      33        7.73767       0.250000
      34        7.73768       0.250000
      35        8.50263       0.250000
      36        8.50264       0.250000
      37        8.97710       0.250000
      38        8.97710       0.250000
      39        9.29494       0.250000
      40        9.29496       0.250000
      41        9.47336       0.250000
      42        9.47336       0.250000
      43        10.0463       0.250000
      44        10.0463       0.250000
      45        10.3976       0.250000
      46        10.3976       0.250000
      47        10.7072       0.250000
      48        10.7072       0.250000
      49        16.2167        0.00000
      50        16.2168        0.00000
      51        16.6200        0.00000
      52        16.6200        0.00000
      53        16.7371        0.00000
      54        16.7372        0.00000
      55        17.0774        0.00000
      56        17.0774        0.00000
      57        17.8750        0.00000
      58        17.8750        0.00000

 4/8 kpoint (Cartesian) = 0.094492 0.097530 2.0682e-07 (484 pws)
       1       -48.9796       0.250000
       2       -48.9796       0.250000
       3       -48.9795       0.250000
       4       -48.9795       0.250000
       5       -18.6494       0.250000
       6       -18.6494       0.250000
       7       -18.6494       0.250000
       8       -18.6494       0.250000
       9       -18.5302       0.250000
      10       -18.5302       0.250000
      11       -18.5302       0.250000
      12       -18.5302       0.250000
      13       -18.4170       0.250000
      14       -18.4170       0.250000
      15       -18.4170       0.250000
      16       -18.4170       0.250000
      17       -5.77312       0.250000
      18       -5.77310       0.250000
      19       -5.77309       0.250000
      20       -5.77308       0.250000
      21       -4.94606       0.250000
      22       -4.94605       0.250000
      23       -4.94604       0.250000
      24       -4.94604       0.250000
      25        6.75372       0.250000
      26        6.75373       0.250000
      27        6.75374       0.250000
      28        6.75374       0.250000
      29        7.45951       0.250000
      30        7.45951       0.250000
      31        7.45953       0.250000
      32        7.45954       0.250000
      33        7.80247       0.250000
      34        7.80248       0.250000
      35        7.80250       0.250000
      36        7.80251       0.250000
      37        8.77423       0.250000
      38        8.77423       0.250000
      39        8.77424       0.250000
      40        8.77424       0.250000
      41        9.66625       0.250000
      42        9.66626       0.250000
      43        9.66628       0.250000
      44        9.66629       0.250000
      45        10.4625       0.250000
      46        10.4625       0.250000
      47        10.4625       0.250000
      48        10.4625       0.250000
      49        16.2075        0.00000
      50        16.2075        0.00000
      51        16.2076        0.00000
      52        16.2076        0.00000
      53        17.2364        0.00000
      54        17.2364        0.00000
      55        17.2364        0.00000
      56        17.2364        0.00000
      57        18.1285        0.00000
      58        18.1285        0.00000

 5/8 kpoint (Cartesian) = 0.0000 0.0000 0.099412 (488 pws)
       1       -48.9877       0.250000
       2       -48.9805       0.250000
       3       -48.9754       0.250000
       4       -48.9746       0.250000
       5       -18.6790       0.250000
       6       -18.6675       0.250000
       7       -18.6060       0.250000
       8       -18.5830       0.250000
       9       -18.5707       0.250000
      10       -18.5528       0.250000
      11       -18.5152       0.250000
      12       -18.4918       0.250000
      13       -18.4671       0.250000
      14       -18.4271       0.250000
      15       -18.4246       0.250000
      16       -18.4009       0.250000
      17       -6.38438       0.250000
      18       -5.55332       0.250000
      19       -5.51770       0.250000
      20       -5.41310       0.250000
      21       -5.28943       0.250000
      22       -5.03221       0.250000
      23       -4.80087       0.250000
      24       -4.79483       0.250000
      25        5.91506       0.250000
      26        5.96201       0.250000
      27        6.67363       0.250000
      28        6.67660       0.250000
      29        6.76197       0.250000
      30        6.92529       0.250000
      31        7.11240       0.250000
      32        7.22701       0.250000
      33        7.85644       0.250000
      34        8.17120       0.250000
      35        8.47690       0.250000
      36        8.50657       0.250000
      37        8.69474       0.250000
      38        8.85240       0.250000
      39        9.38296       0.250000
      40        9.46609       0.250000
      41        9.84664       0.250000
      42        9.90496       0.250000
      43        9.99697       0.250000
      44        10.1051       0.250000
      45        10.2842       0.250000
      46        10.4600       0.250000
      47        11.0673       0.250000
      48        11.1767       0.250000
      49        15.5858    6.98747e-14
      50        15.9239        0.00000
      51        16.0611        0.00000
      52        16.4861        0.00000
      53        16.7658        0.00000
      54        17.2273        0.00000
      55        17.5548        0.00000
      56        17.6068        0.00000
      57        17.7956        0.00000
      58        17.9204        0.00000

 6/8 kpoint (Cartesian) = 0.094492 0.0000 0.099412 (478 pws)
       1       -48.9816       0.250000
       2       -48.9816       0.250000
       3       -48.9775       0.250000
       4       -48.9775       0.250000
       5       -18.6736       0.250000
       6       -18.6736       0.250000
       7       -18.6334       0.250000
       8       -18.6334       0.250000
       9       -18.5612       0.250000
      10       -18.5612       0.250000
      11       -18.5038       0.250000
      12       -18.5038       0.250000
      13       -18.4216       0.250000
      14       -18.4216       0.250000
      15       -18.4004       0.250000
      16       -18.4004       0.250000
      17       -5.97487       0.250000
      18       -5.97484       0.250000
      19       -5.38386       0.250000
      20       -5.38384       0.250000
      21       -5.26910       0.250000
      22       -5.26908       0.250000
      23       -4.79101       0.250000
      24       -4.79099       0.250000
      25        6.28609       0.250000
      26        6.28613       0.250000
      27        6.77177       0.250000
      28        6.77178       0.250000
      29        7.12570       0.250000
      30        7.12573       0.250000
      31        7.31212       0.250000
      32        7.31213       0.250000
      33        7.78760       0.250000
      34        7.78765       0.250000
      35        8.32566       0.250000
      36        8.32571       0.250000
      37        8.89543       0.250000
      38        8.89546       0.250000
      39        9.28103       0.250000
      40        9.28107       0.250000
      41        9.48638       0.250000
      42        9.48641       0.250000
      43        9.78299       0.250000
      44        9.78302       0.250000
      45        10.3207       0.250000
      46        10.3207       0.250000
      47        10.9890       0.250000
      48        10.9891       0.250000
      49        15.6437    3.38618e-15
      50        15.6438    3.37230e-15
      51        15.8461        0.00000
      52        15.8461        0.00000
      53        17.0562        0.00000
      54        17.0562        0.00000
      55        17.4319        0.00000
      56        17.4319        0.00000
      57        17.8514        0.00000
      58        17.8514        0.00000

 7/8 kpoint (Cartesian) = 0.0000 0.097530 0.099412 (490 pws)
       1       -48.9832       0.250000
       2       -48.9832       0.250000
       3       -48.9759       0.250000
       4       -48.9759       0.250000
       5       -18.7057       0.250000
       6       -18.7057       0.250000
       7       -18.6365       0.250000
       8       -18.6365       0.250000
       9       -18.5747       0.250000
      10       -18.5747       0.250000
      11       -18.4507       0.250000
      12       -18.4507       0.250000
      13       -18.4307       0.250000
      14       -18.4307       0.250000
      15       -18.3944       0.250000
      16       -18.3944       0.250000
      17       -5.98358       0.250000
      18       -5.98357       0.250000
      19       -5.46792       0.250000
      20       -5.46792       0.250000
      21       -5.11176       0.250000
      22       -5.11176       0.250000
      23       -4.87650       0.250000
      24       -4.87649       0.250000
      25        6.32732       0.250000
      26        6.32733       0.250000
      27        6.72366       0.250000
      28        6.72367       0.250000
      29        7.02611       0.250000
      30        7.02613       0.250000
      31        7.92423       0.250000
      32        7.92425       0.250000
      33        8.08977       0.250000
      34        8.08978       0.250000
      35        8.37819       0.250000
      36        8.37820       0.250000
      37        8.58312       0.250000
      38        8.58312       0.250000
      39        8.85943       0.250000
      40        8.85944       0.250000
      41        9.66121       0.250000
      42        9.66122       0.250000
      43        10.0233       0.250000
      44        10.0234       0.250000
      45        10.0361       0.250000
      46        10.0361       0.250000
      47        10.5971       0.250000
      48        10.5971       0.250000
      49        15.7726        0.00000
      50        15.7726        0.00000
      51        16.3551        0.00000
      52        16.3551        0.00000
      53        16.5713        0.00000
      54        16.5713        0.00000
      55        17.3473        0.00000
      56        17.3473        0.00000
      57        17.7641        0.00000
      58        17.7641        0.00000

 8/8 kpoint (Cartesian) = 0.094492 0.097530 0.099412 (484 pws)
       1       -48.9795       0.250000
       2       -48.9795       0.250000
       3       -48.9795       0.250000
       4       -48.9795       0.250000
       5       -18.7525       0.250000
       6       -18.7524       0.250000
       7       -18.7524       0.250000
       8       -18.7524       0.250000
       9       -18.4340       0.250000
      10       -18.4340       0.250000
      11       -18.4340       0.250000
      12       -18.4340       0.250000
      13       -18.4064       0.250000
      14       -18.4064       0.250000
      15       -18.4063       0.250000
      16       -18.4063       0.250000
      17       -5.88422       0.250000
      18       -5.88421       0.250000
      19       -5.88418       0.250000
      20       -5.88418       0.250000
      21       -4.82857       0.250000
      22       -4.82856       0.250000
      23       -4.82856       0.250000
      24       -4.82855       0.250000
      25        6.84363       0.250000
      26        6.84364       0.250000
      27        6.84366       0.250000
      28        6.84367       0.250000
      29        7.26444       0.250000
      30        7.26445       0.250000
      31        7.26446       0.250000
      32        7.26446       0.250000
      33        8.17554       0.250000
      34        8.17555       0.250000
      35        8.17558       0.250000
      36        8.17559       0.250000
      37        8.90216       0.250000
      38        8.90216       0.250000
      39        8.90217       0.250000
      40        8.90218       0.250000
      41        9.53649       0.250000
      42        9.53650       0.250000
      43        9.53651       0.250000
      44        9.53651       0.250000
      45        10.3094       0.250000
      46        10.3094       0.250000
      47        10.3094       0.250000
      48        10.3094       0.250000
      49        15.7178    5.55112e-17
      50        15.7178    5.55112e-17
      51        15.7178    5.55112e-17
      52        15.7178    5.55112e-17
      53        17.0675        0.00000
      54        17.0675        0.00000
      55        17.0675        0.00000
      56        17.0676        0.00000
      57        17.9030        0.00000
      58        17.9030        0.00000

 correction force for each atom along direction 1 is 8.77135e-06
 correction force for each atom along direction 2 is 1.62170e-06
 correction force for each atom along direction 3 is -3.47963e-07
------------------------------------------------------------------------------------------
 TOTAL-FORCE (eV/Angstrom)                                                                
------------------------------------------------------------------------------------------
                       Hf1        -0.0074908412         0.0046991687         0.0046737667 
                       Hf2        -0.0073997961        -0.0047323449        -0.0045221594 
                       Hf3        -0.0073706989        -0.0047843542         0.0046345258 
                       Hf4        -0.0075045610         0.0046852034        -0.0046304216 
                        O1         0.0000527725        -0.0023206641        -0.0065073837 
                        O2         0.0001089210         0.0024549703        -0.0065568401 
                        O3         0.0074305327         0.0071617207         0.0082448290 
                        O4         0.0073681090        -0.0071827938         0.0083634647 
                        O5         0.0000191378        -0.0024020936         0.0064560346 
                        O6         0.0000530770         0.0023942494         0.0065155321 
                        O7         0.0073663433         0.0072277520        -0.0082987651 
                        O8         0.0073670038        -0.0072008139        -0.0083725832 
------------------------------------------------------------------------------------------

----------------------------------------------------------------
 TOTAL-STRESS (KBAR)                                            
----------------------------------------------------------------
      -135.1374179638        -0.0018775999         0.0004635981 
        -0.0018775999        62.6919696800        -0.0003294348 
         0.0004635981        -0.0003294348         0.9958064774 
----------------------------------------------------------------
 TOTAL-PRESSURE: -23.816547 KBAR



 --------------------------------------------
 !FINAL_ETOT_IS -9782.9466049319289596 eV
 --------------------------------------------


TIME STATISTICS
------------------------------------------------------------------------------------
    CLASS_NAME                    NAME                TIME/s  CALLS   AVG/s  PER/%  
------------------------------------------------------------------------------------
                   total                              99.45  13       7.65   100.00 
 Driver            reading                            1.48   1        1.48   1.49   
 Input_Conv        Convert                            0.00   1        0.00   0.00   
 Driver            driver_line                        97.97  1        97.97  98.51  
 UnitCell          check_tau                          0.00   1        0.00   0.00   
 ESolver_KS_LCAO   before_all_runners                 1.10   1        1.10   1.11   
 PW_Basis_Sup      setuptransform                     0.01   1        0.01   0.01   
 PW_Basis_Sup      distributeg                        0.00   1        0.00   0.00   
 mymath            heapsort                           0.00   55       0.00   0.00   
 Charge_Mixing     init_mixing                        0.00   1        0.00   0.00   
 Symmetry          analy_sys                          0.03   1        0.03   0.03   
 PW_Basis_K        setuptransform                     0.00   1        0.00   0.00   
 PW_Basis_K        distributeg                        0.00   1        0.00   0.00   
 PW_Basis          setup_struc_factor                 0.00   1        0.00   0.00   
 NOrbital_Lm       extra_uniform                      0.20   14       0.01   0.20   
 Mathzone_Add1     SplineD2                           0.00   14       0.00   0.00   
 Mathzone_Add1     Cubic_Spline_Interpolation         0.01   14       0.00   0.01   
 Mathzone_Add1     Uni_Deriv_Phi                      0.19   14       0.01   0.19   
 ppcell_vl         init_vloc                          0.12   1        0.12   0.12   
 Ions              opt_ions                           96.81  1        96.81  97.34  
 ESolver_KS_LCAO   runner                             88.91  1        88.91  89.40  
 ESolver_KS_LCAO   before_scf                         0.69   1        0.69   0.69   
 atom_arrange      search                             0.00   1        0.00   0.00   
 atom_arrange      grid_d.init                        0.00   1        0.00   0.00   
 Grid              Construct_Adjacent_expand          0.00   1        0.00   0.00   
 Grid              Construct_Adjacent_expand_periodic 0.00   12       0.00   0.00   
 Grid_Technique    init                               0.23   1        0.23   0.23   
 Grid_BigCell      grid_expansion_index               0.05   2        0.03   0.05   
 Grid_Driver       Find_atom                          0.00   120      0.00   0.00   
 Record_adj        for_2d                             0.04   1        0.04   0.04   
 LCAO_domain       grid_prepare                       0.00   1        0.00   0.00   
 Veff              initialize_HR                      0.00   1        0.00   0.00   
 OverlapNew        initialize_SR                      0.00   1        0.00   0.00   
 EkineticNew       initialize_HR                      0.00   1        0.00   0.00   
 NonlocalNew       initialize_HR                      0.02   1        0.02   0.02   
 Charge            set_rho_core                       0.13   1        0.13   0.14   
 PW_Basis_Sup      recip2real                         0.22   125      0.00   0.22   
 PW_Basis_Sup      gathers_scatterp                   0.20   125      0.00   0.20   
 Charge            atomic_rho                         0.25   2        0.13   0.26   
 Potential         init_pot                           0.05   1        0.05   0.05   
 Potential         update_from_charge                 0.51   16       0.03   0.51   
 Potential         cal_fixed_v                        0.00   1        0.00   0.00   
 PotLocal          cal_fixed_v                        0.00   1        0.00   0.00   
 Potential         cal_v_eff                          0.51   16       0.03   0.51   
 H_Hartree_pw      v_hartree                          0.14   16       0.01   0.14   
 PW_Basis_Sup      real2recip                         0.27   145      0.00   0.27   
 PW_Basis_Sup      gatherp_scatters                   0.25   145      0.00   0.25   
 PotXC             cal_v_eff                          0.37   16       0.02   0.37   
 XC_Functional     v_xc                               0.39   18       0.02   0.39   
 Potential         interpolate_vrs                    0.00   16       0.00   0.00   
 Symmetry          rhog_symmetry                      0.50   16       0.03   0.50   
 Symmetry          group fft grids                    0.15   16       0.01   0.15   
 H_Ewald_pw        compute_ewald                      0.00   1        0.00   0.00   
 HSolverLCAO       solve                              86.66  15       5.78   87.14  
 HamiltLCAO        updateHk                           45.77  120      0.38   46.03  
 OperatorLCAO      init                               45.62  360      0.13   45.87  
 Veff              contributeHR                       45.12  15       3.01   45.37  
 Gint_interface    cal_gint                           79.61  31       2.57   80.05  
 Gint_interface    cal_gint_vlocal                    40.66  15       2.71   40.88  
 Gint_Tools        cal_psir_ylm                       3.59   30720    0.00   3.61   
 Gint_k            transfer_pvpR                      4.46   15       0.30   4.49   
 OverlapNew        calculate_SR                       0.13   1        0.13   0.13   
 OverlapNew        contributeHk                       0.03   120      0.00   0.03   
 EkineticNew       contributeHR                       0.12   15       0.01   0.12   
 EkineticNew       calculate_HR                       0.12   1        0.12   0.12   
 NonlocalNew       contributeHR                       0.33   15       0.02   0.34   
 NonlocalNew       calculate_HR                       0.32   1        0.32   0.32   
 OperatorLCAO      contributeHk                       0.04   120      0.00   0.04   
 HSolverLCAO       hamiltSolvePsiK                    3.62   120      0.03   3.64   
 DiagoElpa         elpa_solve                         3.36   120      0.03   3.38   
 elecstate         cal_dm                             0.16   16       0.01   0.16   
 psiMulPsiMpi      pdgemm                             0.16   128      0.00   0.16   
 DensityMatrix     cal_DMR                            0.04   16       0.00   0.04   
 ElecStateLCAO     psiToRho                           37.07  15       2.47   37.28  
 Gint              transfer_DMR                       1.98   15       0.13   1.99   
 Gint_interface    cal_gint_rho                       33.87  15       2.26   34.06  
 Charge_Mixing     get_drho                           0.02   15       0.00   0.02   
 Charge            mix_rho                            0.14   14       0.01   0.14   
 Charge            Broyden_mixing                     0.09   14       0.01   0.09   
 ModuleIO          write_rhog                         0.04   1        0.04   0.04   
 ESolver_KS_LCAO   after_scf                          0.13   1        0.13   0.14   
 ESolver_KS_LCAO   cal_force                          7.89   1        7.89   7.93   
 Force_Stress_LCAO getForceStress                     7.89   1        7.89   7.93   
 Forces            cal_force_loc                      0.00   1        0.00   0.00   
 Forces            cal_force_ew                       0.01   1        0.01   0.01   
 Forces            cal_force_cc                       0.15   1        0.15   0.15   
 Forces            cal_force_scc                      0.13   1        0.13   0.13   
 Stress_Func       stress_loc                         0.41   1        0.41   0.41   
 Stress_Func       stress_har                         0.00   1        0.00   0.00   
 Stress_Func       stress_ewa                         0.00   1        0.00   0.00   
 Stress_Func       stress_cc                          0.54   1        0.54   0.54   
 Stress_Func       stress_gga                         0.00   1        0.00   0.00   
 Force_LCAO        ftable                             5.73   1        5.73   5.76   
 Force_LCAO        allocate                           0.32   1        0.32   0.32   
 LCAO_domain       build_ST_new                       0.31   2        0.16   0.32   
 Force_LCAO        cal_pulay_fs_center2               0.01   2        0.01   0.01   
 Gint_interface    cal_gint_force                     5.08   1        5.08   5.11   
 Gint_Tools        cal_dpsir_ylm                      0.35   1024     0.00   0.35   
 Gint_Tools        cal_dpsirr_ylm                     0.08   1024     0.00   0.08   
 NonlocalNew       cal_force_stress                   0.91   1        0.91   0.91   
 ESolver_KS_LCAO   cal_stress                         0.00   1        0.00   0.00   
 ESolver_KS_LCAO   after_all_runners                  0.01   1        0.01   0.01   
 ModuleIO          write_istate_info                  0.01   1        0.01   0.01   
------------------------------------------------------------------------------------


 NAME-------------------------|MEMORY(MB)--------
                         total      2293.2180
                  Gint::hRGint       403.3503
                 Gint::DMRGint       403.0378
       TwoCenterTable: Kinetic       137.3855
       TwoCenterTable: Overlap       137.3855
      TwoCenterTable: Nonlocal       136.0217
                  meshball_pos       124.6135
               GT::ind_bigcell       123.2787
         GT::in_this_processor       123.2787
              GT::index2normal       123.2787
               GT::index2ucell       123.2787
                   Stress::dSR       112.9213
                   Force::dS_K        56.4607
                   Stress::dHr        56.4607
                  Force::dTVNL        56.4607
      GT::bigcell_on_processor        30.8197
                HamiltLCAO::hR        25.5461
            DensityMatrix::DMR        25.5461
                    index_ball        20.7689
                HamiltLCAO::sR        17.4345
                GT::which_atom         7.0591
             GT::which_bigcell         7.0591
            GT::which_unitcell         7.0591
            DensityMatrix::DMK         5.4863
                  SF::strucFac         3.7955
                RealGauntTable         3.7773
                  PW_B_K::gcar         2.8934
                  SF::eigts123         2.2515
                      Chg::rho         2.0000
                 Chg::rho_save         2.0000
                 Chg::rho_core         2.0000
                 Pot::veff_fix         2.0000
                     Pot::veff         2.0000
              Pot::veff_smooth         2.0000
 -------------   < 1.0 MB has been ignored ----------------
 ----------------------------------------------------------

 Start  Time  : Sat Oct 10 00:36:21 2026
 Finish Time  : Sat Oct 10 00:38:01 2026
 Total  Time  : 0 h 1 mins 40 secs 
