                                                                                     
                              ABACUS v3.10.0

               Atomic-orbital Based Ab-initio Computation at UStc                    

                     Website: http://abacus.ustc.edu.cn/                             
               Documentation: https://abacus.deepmodeling.com/                       
                  Repository: https://github.com/abacusmodeling/abacus-develop       
                              https://github.com/deepmodeling/abacus-develop         
                      Commit: f7cb1d3 (Mon May 12 16:53:30 2025 +0800)

    Start Time is Sun Oct 11 03:10:19 2026
                                                                                     
 ------------------------------------------------------------------------------------

 READING GENERAL INFORMATION
                           global_out_dir = OUT.ABACUS/
                           global_in_card = INPUT
                               pseudo_dir = 
                              orbital_dir = 
                                    DRANK = 1
                                    DSIZE = 32
                                   DCOLOR = 1
                                    GRANK = 1
                                    GSIZE = 1




 >>>>>>>>>>>>>>>>>>>>>>>>>>>>>>>>>>>>>>>>>>>>>>>>>>>>>>>>>>>>>>>>>>>>>>
 |                                                                    |
 | Reading atom information in unitcell:                              |
 | From the input file and the structure file we know the number of   |
 | different elments in this unitcell, then we list the detail        |
 | information for each element, especially the zeta and polar atomic |
 | orbital number for each element. The total atom number is counted. |
 | We calculate the nearest atom distance for each atom and show the  |
 | Cartesian and Direct coordinates for each atom. We list the file   |
 | address for atomic orbitals. The volume and the lattice vectors    |
 | in real and reciprocal space is also shown.                        |
 |                                                                    |
 <<<<<<<<<<<<<<<<<<<<<<<<<<<<<<<<<<<<<<<<<<<<<<<<<<<<<<<<<<<<<<<<<<<<<<




 READING UNITCELL INFORMATION
                                    ntype = 2
                  lattice constant (Bohr) = 1.88973
              lattice constant (Angstrom) = 1

 READING ATOM TYPE 1
                               atom label = Hf
                      L=0, number of zeta = 4
                      L=1, number of zeta = 2
                      L=2, number of zeta = 2
                      L=3, number of zeta = 1
             number of atom for this type = 4

 READING ATOM TYPE 2
                               atom label = O
                      L=0, number of zeta = 2
                      L=1, number of zeta = 2
                      L=2, number of zeta = 1
             number of atom for this type = 8

                        TOTAL ATOM NUMBER = 12
DIRECT COORDINATES
    atom                   x                   y                   z     mag                  vx                  vy                  vz
taud_Hf1            0.0168991587        0.0373980336        0.9924556502  0.0000        0.0000000000        0.0000000000        0.0000000000
taud_Hf2            0.5168960965        0.9756664369        0.5139320321  0.0000        0.0000000000        0.0000000000        0.0000000000
taud_Hf3            0.5168979173        0.4756661328        0.9924572791  0.0000        0.0000000000        0.0000000000        0.0000000000
taud_Hf4            0.0168973026        0.5373975742        0.5139338512  0.0000        0.0000000000        0.0000000000        0.0000000000
taud_O1            0.1844379841        0.3600714646        0.2015076532  0.0000        0.0000000000        0.0000000000        0.0000000000
taud_O2            0.6844376982        0.1529857610        0.2015073702  0.0000        0.0000000000        0.0000000000        0.0000000000
taud_O3            0.2775362922        0.2156871349        0.7357682159  0.0000        0.0000000000        0.0000000000        0.0000000000
taud_O4            0.7775376873        0.2973769661        0.7357733015  0.0000        0.0000000000        0.0000000000        0.0000000000
taud_O5            0.1844380010        0.8600705869        0.3048777286  0.0000        0.0000000000        0.0000000000        0.0000000000
taud_O6            0.6844375903        0.6529864630        0.3048780587  0.0000        0.0000000000        0.0000000000        0.0000000000
taud_O7            0.2775446934        0.7156857545        0.7706135266  0.0000        0.0000000000        0.0000000000        0.0000000000
taud_O8            0.7775461124        0.7973783652        0.7706085113  0.0000        0.0000000000        0.0000000000        0.0000000000



                          Volume (Bohr^3) = 917.901
                             Volume (A^3) = 136.019

 Lattice vectors: (Cartesian coordinate: in unit of a_0)
             +5.23906        -3.97209e-39              -5e-15
                   +0            +5.07585                  +0
         +6.59844e-06         +1.0259e-06             +5.1149
 Reciprocal vectors: (Cartesian coordinate: in unit of 2 pi/a_0)
            +0.190874                  -0        -2.46236e-07
         -3.77117e-23           +0.197011        -3.95148e-08
         +1.86586e-16                  -0           +0.195507
 The esolver type has been set to : ksdft_lcao

 RUNNING WITH DEVICE  : CPU / AMD EPYC 7702 64-Core Processor




 >>>>>>>>>>>>>>>>>>>>>>>>>>>>>>>>>>>>>>>>>>>>>>>>>>>>>>>>>>>>>>>>>>>>>>
 |                                                                    |
 | Reading pseudopotentials files:                                    |
 | The pseudopotential file is in UPF format. The 'NC' indicates that |
 | the type of pseudopotential is 'norm conserving'. Functional of    |
 | exchange and correlation is decided by 4 given parameters in UPF   |
 | file.  We also read in the 'core correction' if there exists.      |
 | Also we can read the valence electrons number and the maximal      |
 | angular momentum used in this pseudopotential. We also read in the |
 | trail wave function, trail atomic density and local-pseudopotential|
 | on logrithmic grid. The non-local pseudopotential projector is also|
 | read in if there is any.                                           |
 |                                                                    |
 <<<<<<<<<<<<<<<<<<<<<<<<<<<<<<<<<<<<<<<<<<<<<<<<<<<<<<<<<<<<<<<<<<<<<<




                PAO radial cut off (Bohr) = 15

 Read in pseudopotential file is Hf.upf
                     pseudopotential type = NC
          exchange-correlation functional = PBE
                 nonlocal core correction = 1
                        valence electrons = 12
                                     lmax = 3
                           number of zeta = 4
                     number of projectors = 8
                           L of projector = 0
                           L of projector = 0
                           L of projector = 1
                           L of projector = 1
                           L of projector = 2
                           L of projector = 2
                           L of projector = 3
                           L of projector = 3
                PAO radial cut off (Bohr) = 15

 Read in pseudopotential file is O.upf
                     pseudopotential type = NC
          exchange-correlation functional = PBE
                 nonlocal core correction = 1
                        valence electrons = 6
                                     lmax = 2
                           number of zeta = 2
                     number of projectors = 5
                           L of projector = 0
                           L of projector = 0
                           L of projector = 1
                           L of projector = 1
                           L of projector = 2
     initial pseudo atomic orbital number = 72

 SETUP THE ELECTRONS NUMBER
            electron number of element Hf = 12
      total electron number of element Hf = 48
             electron number of element O = 6
       total electron number of element O = 48
            AUTOSET number of electrons:  = 96
                           occupied bands = 48
                                   NLOCAL = 212
                                   NBANDS = 58
                                   NBANDS = 58
                                   NLOCAL = 212

%%%%%%%%%%%%%%%%%%%%%%%%%%%%%%%%%%%%%%%%%%%%%%%%%%%%%%%%%%%%%%%%%%%%%%%%%%%%%%%%%%%%%%%%%%%%%%%%%%%%%%%%%%
 Warning: the number of valence electrons in pseudopotential > 4 for Hf: [Xe] 4f14 5d2 6s2
 Pseudopotentials with additional electrons can yield (more) accurate outcomes, but may be less efficient.
 If you're confident that your chosen pseudopotential is appropriate, you can safely ignore this warning.
%%%%%%%%%%%%%%%%%%%%%%%%%%%%%%%%%%%%%%%%%%%%%%%%%%%%%%%%%%%%%%%%%%%%%%%%%%%%%%%%%%%%%%%%%%%%%%%%%%%%%%%%%%
                  




 >>>>>>>>>>>>>>>>>>>>>>>>>>>>>>>>>>>>>>>>>>>>>>>>>>>>>>>>>>>>>>>>>>>>>>
 |                                                                    |
 | Setup plane waves of charge/potential:                             |
 | Use the energy cutoff and the lattice vectors to generate the      |
 | dimensions of FFT grid. The number of FFT grid on each processor   |
 | is 'nrxx'. The number of plane wave basis in reciprocal space is   |
 | different for charege/potential and wave functions. We also set    |
 | the 'sticks' for the parallel of FFT. The number of plane waves    |
 | is 'npw' in each processor.                                        |
 <<<<<<<<<<<<<<<<<<<<<<<<<<<<<<<<<<<<<<<<<<<<<<<<<<<<<<<<<<<<<<<<<<<<<<





 SETUP THE PLANE WAVE BASIS
 energy cutoff for charge/potential (unit:Ry) = 400
            fft grid for charge/potential = [ 64, 64, 64 ]
                        fft grid division = [ 2, 2, 2 ]
        big fft grid for charge/potential = [ 32, 32, 32 ]
                                     nbxx = 1024
                                     nrxx = 8192

 SETUP PLANE WAVES FOR CHARGE/POTENTIAL
                    number of plane waves = 124071
                         number of sticks = 3019

 PARALLEL PW FOR CHARGE/POTENTIAL
     PROC   COLUMNS(POT)             PW
        1             95           3879
        2             95           3879
        3             95           3879
        4             95           3879
        5             95           3877
        6             95           3877
        7             95           3877
        8             95           3877
        9             94           3876
       10             94           3876
       11             94           3878
       12             94           3878
       13             94           3878
       14             94           3878
       15             94           3878
       16             94           3878
       17             94           3878
       18             94           3876
       19             94           3876
       20             94           3876
       21             94           3876
       22             94           3876
       23             94           3876
       24             94           3876
       25             94           3876
       26             94           3876
       27             94           3876
       28             94           3876
       29             94           3876
       30             95           3879
       31             95           3879
       32             95           3879
 --------------- sum -------------------
       32           3019         124071
                            number of |g| = 3833
                                  max |g| = 36.1812
                                  min |g| = 0.184545
 DONE : SETUP UNITCELL Time : 19.0915 (SEC)


----------- Double Check Mixing Parameters Begin ------------
mixing_type: broyden
mixing_beta: 0.3
mixing_gg0: 1
mixing_gg0_min: 0.1
mixing_ndim: 8
----------- Double Check Mixing Parameters End ------------




 >>>>>>>>>>>>>>>>>>>>>>>>>>>>>>>>>>>>>>>>>>>>>>>>>>>>>>>>>>>>>>>>>>>>>>
 |                                                                    |
 | Doing symmetry analysis:                                           |
 | We calculate the norm of 3 vectors and the angles between them,    |
 | the type of Bravais lattice is given. We can judge if the unticell |
 | is a primitive cell. Finally we give the point group operation for |
 | this unitcell. We use the point group operations to do symmetry |
 | analysis on given k-point mesh and the charge density.             |
 |                                                                    |
 <<<<<<<<<<<<<<<<<<<<<<<<<<<<<<<<<<<<<<<<<<<<<<<<<<<<<<<<<<<<<<<<<<<<<<




 LATTICE VECTORS: (CARTESIAN COORDINATE: IN UNIT OF A0)
             +5.23906        -3.97209e-39              -5e-15
                   +0            +5.07585                  +0
         +6.59844e-06         +1.0259e-06             +5.1149
                       right hand lattice = 1
                                   NORM_A = 5.23906
                                   NORM_B = 5.07585
                                   NORM_C = 5.1149
                           ALPHA (DEGREE) = 90
                           BETA  (DEGREE) = 89.9999
                           GAMMA (DEGREE) = 90

 The lattice vectors have been changed (STRU_SIMPLE.cif)

(for optimal symmetric configuration:)
                             BRAVAIS TYPE = 12
                     BRAVAIS LATTICE NAME = 12. Monoclinic P (simple)
                                    ibrav = 12
                                    IBRAV = 12
                                  BRAVAIS = SIMPLE MONOLINIC CELL
                       LATTICE CONSTANT A = 5.07585
                                B/A RATIO = 1.00769
                                C/A RATIO = 2.25063
                                COS(BETA) = -0.888639
Original cell was already a primitive cell.
                        ROTATION MATRICES = 4
              PURE POINT GROUP OPERATIONS = 1
                   SPACE GROUP OPERATIONS = 1
                              POINT GROUP = C_1
               POINT GROUP IN SPACE GROUP = C_1
 DONE : SYMMETRY Time : 19.1224 (SEC)





 >>>>>>>>>>>>>>>>>>>>>>>>>>>>>>>>>>>>>>>>>>>>>>>>>>>>>>>>>>>>>>>>>>>>>>
 |                                                                    |
 | Setup K-points                                                     |
 | We setup the k-points according to input parameters.               |
 | The reduced k-points are set according to symmetry operations.     |
 | We treat the spin as another set of k-points.                      |
 |                                                                    |
 <<<<<<<<<<<<<<<<<<<<<<<<<<<<<<<<<<<<<<<<<<<<<<<<<<<<<<<<<<<<<<<<<<<<<<





 SETUP K-POINTS
                                    nspin = 1
                   Input type of k points = Monkhorst-Pack(Gamma)
                                   nkstot = 8
                       right hand lattice = 1
(for reciprocal lattice: )
                             BRAVAIS TYPE = 12
                     BRAVAIS LATTICE NAME = 12. Monoclinic P (simple)
                                    ibrav = 12
                       right hand lattice = 1
(for k-lattice: )
                             BRAVAIS TYPE = 12
                     BRAVAIS LATTICE NAME = 12. Monoclinic P (simple)
                                    ibrav = 12
                       right hand lattice = 1
                        ROTATION MATRICES = 4
                               nkstot_ibz = 8
K-POINTS REDUCTION ACCORDING TO SYMMETRY
     IBZ    DIRECT_X    DIRECT_Y    DIRECT_Z  WEIGHT  ibz2bz
       1  0.00000000  0.00000000  0.00000000  0.1250       0
       2  0.50000000  0.00000000  0.00000000  0.1250       1
       3  0.00000000  0.50000000  0.00000000  0.1250       2
       4  0.50000000  0.50000000  0.00000000  0.1250       3
       5  0.00000000  0.00000000  0.50000000  0.1250       4
       6  0.50000000  0.00000000  0.50000000  0.1250       5
       7  0.00000000  0.50000000  0.50000000  0.1250       6
       8  0.50000000  0.50000000  0.50000000  0.1250       7

                               nkstot now = 8
K-POINTS DIRECT COORDINATES
 KPOINTS    DIRECT_X    DIRECT_Y    DIRECT_Z  WEIGHT
       1  0.00000000  0.00000000  0.00000000  0.1250
       2  0.50000000  0.00000000  0.00000000  0.1250
       3  0.00000000  0.50000000  0.00000000  0.1250
       4  0.50000000  0.50000000  0.00000000  0.1250
       5  0.00000000  0.00000000  0.50000000  0.1250
       6  0.50000000  0.00000000  0.50000000  0.1250
       7  0.00000000  0.50000000  0.50000000  0.1250
       8  0.50000000  0.50000000  0.50000000  0.1250


           k-point number in this process = 8
       minimum distributed K point number = 8
starsize: 1
isym: 0 ks_vec: 0 0 0
starsize: 1
isym: 0 ks_vec: 0.5 0 0
starsize: 1
isym: 0 ks_vec: 0 0.5 0
starsize: 1
isym: 0 ks_vec: 0.5 0.5 0
starsize: 1
isym: 0 ks_vec: 0 0 0.5
starsize: 1
isym: 0 ks_vec: 0.5 0 0.5
starsize: 1
isym: 0 ks_vec: 0 0.5 0.5
starsize: 1
isym: 0 ks_vec: 0.5 0.5 0.5

K-POINTS CARTESIAN COORDINATES
 KPOINTS CARTESIAN_X CARTESIAN_Y CARTESIAN_Z  WEIGHT
       1  0.00000000  0.00000000  0.00000000  0.2500
       2  0.09543697  0.00000000 -0.00000012  0.2500
       3  0.00000000  0.09850566 -0.00000002  0.2500
       4  0.09543697  0.09850566 -0.00000014  0.2500
       5  0.00000000  0.00000000  0.09775369  0.2500
       6  0.09543697  0.00000000  0.09775356  0.2500
       7  0.00000000  0.09850566  0.09775367  0.2500
       8  0.09543697  0.09850566  0.09775354  0.2500


K-POINTS DIRECT COORDINATES
 KPOINTS    DIRECT_X    DIRECT_Y    DIRECT_Z  WEIGHT
       1  0.00000000  0.00000000  0.00000000  0.2500
       2  0.50000000  0.00000000  0.00000000  0.2500
       3  0.00000000  0.50000000  0.00000000  0.2500
       4  0.50000000  0.50000000  0.00000000  0.2500
       5  0.00000000  0.00000000  0.50000000  0.2500
       6  0.50000000  0.00000000  0.50000000  0.2500
       7  0.00000000  0.50000000  0.50000000  0.2500
       8  0.50000000  0.50000000  0.50000000  0.2500

 DONE : INIT K-POINTS Time : 19.9619 (SEC)





 >>>>>>>>>>>>>>>>>>>>>>>>>>>>>>>>>>>>>>>>>>>>>>>>>>>>>>>>>>>>>>>>>>>>>>
 |                                                                    |
 | Setup plane waves of wave functions:                               |
 | Use the energy cutoff and the lattice vectors to generate the      |
 | dimensions of FFT grid. The number of FFT grid on each processor   |
 | is 'nrxx'. The number of plane wave basis in reciprocal space is   |
 | different for charege/potential and wave functions. We also set    |
 | the 'sticks' for the parallel of FFT. The number of plane wave of  |
 | each k-point is 'npwk[ik]' in each processor                       |
 <<<<<<<<<<<<<<<<<<<<<<<<<<<<<<<<<<<<<<<<<<<<<<<<<<<<<<<<<<<<<<<<<<<<<<





 SETUP PLANE WAVES FOR WAVE FUNCTIONS
     energy cutoff for wavefunc (unit:Ry) = 100
              fft grid for wave functions = [ 64, 64, 64 ]
                    number of plane waves = 18233
                         number of sticks = 849

 PARALLEL PW FOR WAVE FUNCTIONS
     PROC   COLUMNS(POT)             PW
        1             27            571
        2             27            571
        3             27            571
        4             27            571
        5             27            571
        6             27            569
        7             27            569
        8             27            569
        9             27            569
       10             26            570
       11             26            570
       12             26            570
       13             26            570
       14             26            570
       15             26            570
       16             26            570
       17             26            570
       18             26            570
       19             26            570
       20             26            570
       21             26            570
       22             26            570
       23             26            570
       24             26            570
       25             27            569
       26             27            569
       27             27            569
       28             27            569
       29             27            569
       30             27            569
       31             27            569
       32             27            569
 --------------- sum -------------------
       32            849          18233
 DONE : INIT PLANEWAVE Time : 20.1327 (SEC)

 SET NONLOCAL PSEUDOPOTENTIAL PROJECTORS
 SET NONLOCAL PSEUDOPOTENTIAL PROJECTORS
 max number of nonlocal projetors among all species is 8
 DONE : LOCAL POTENTIAL Time : 21.8127 (SEC)


 -------------------------------------------
 SELF-CONSISTENT
 -------------------------------------------




 >>>>>>>>>>>>>>>>>>>>>>>>>>>>>>>>>>>>>>>>>>>>>>>>>>>>>>>>>>>>>>>>>>>>>>
 |                                                                    |
 | Search adjacent atoms:                                             |
 | Set the adjacent atoms for each atom and set the periodic boundary |
 | condition for the atoms on real space FFT grid. For k-dependent    |
 | algorithm, we also need to set the sparse H and S matrix element   |
 | for each atom.                                                     |
 |                                                                    |
 <<<<<<<<<<<<<<<<<<<<<<<<<<<<<<<<<<<<<<<<<<<<<<<<<<<<<<<<<<<<<<<<<<<<<<





 SETUP SEARCHING RADIUS FOR PROGRAM TO SEARCH ADJACENT ATOMS
                  longest orb rcut (Bohr) = 10
   longest nonlocal projector rcut (Bohr) = 2.46
                     search radius (Bohr) = 24.9
              searching radius is (Bohr)) = 24.9
         searching radius unit is (Bohr)) = 1.89
                         PeriodicBoundary = 1
                        Radius(unit:lat0) = 13.2
                                   glayer = [ 4, 4, 4 ]
                             glayer_minus = [ 3, 3, 3 ]

Find the coordinate range of the input atom(unit:lat0).
                                  min_tau = [ -15.6, -15, -14.3 ]
                                  max_tau = [ 19.8, 20.2, 20.4 ]
                                BoxNumber = [ 7, 7, 7 ]

 SETUP EXTENDED REAL SPACE GRID FOR GRID INTEGRATION
                          real space grid = [ 64, 64, 64 ]
                 big cell numbers in grid = [ 32, 32, 32 ]
             meshcell numbers in big cell = [ 2, 2, 2 ]
                        extended fft grid = [ 33, 34, 34 ]
                dimension of extened grid = [ 99, 101, 101 ]
                            UnitCellTotal = 125
              Atom number in sub-FFT-grid = 12
    Local orbitals number in sub-FFT-grid = 212
                                ParaV.nnr = 80696

 Warning_Memory_Consuming allocated:  Gint::hRGint 12.7 MB

 Warning_Memory_Consuming allocated:  Gint::DMRGint 12.7 MB
                                 init_chg = atomic
 DONE : INIT SCF Time : 23.4928 (SEC)


 LCAO ALGORITHM --------------- ION=   1  ELEC=   1--------------------------------

 Density error is 0.158919241737
----------------------------------------------------------
     Energy           Rydberg                 eV          
----------------------------------------------------------
 E_KohnSham     -718.6798553375      -9778.1410704054     
 E_Harris       -704.9999956009      -9592.0170301469     
 E_Fermi        0.7640283757         10.3951393438        
----------------------------------------------------------


 LCAO ALGORITHM --------------- ION=   1  ELEC=   2--------------------------------

 Density error is 0.0648432174755
----------------------------------------------------------
     Energy           Rydberg                 eV          
----------------------------------------------------------
 E_KohnSham     -718.9876306219      -9782.3285679768     
 E_Harris       -715.2349783754      -9731.2711148126     
 E_Fermi        1.0598509855         14.4200124342        
----------------------------------------------------------


 LCAO ALGORITHM --------------- ION=   1  ELEC=   3--------------------------------

 Density error is 0.0384302843885
----------------------------------------------------------
     Energy           Rydberg                 eV          
----------------------------------------------------------
 E_KohnSham     -719.0187719632      -9782.7522676622     
 E_Harris       -718.4473257351      -9774.9773428599     
 E_Fermi        1.0553804574         14.3591877778        
----------------------------------------------------------


 LCAO ALGORITHM --------------- ION=   1  ELEC=   4--------------------------------

 Density error is 0.00784913761897
----------------------------------------------------------
     Energy           Rydberg                 eV          
----------------------------------------------------------
 E_KohnSham     -719.0166948921      -9782.7240076600     
 E_Harris       -718.2130360343      -9771.7896679451     
 E_Fermi        1.0574237267         14.3869878838        
----------------------------------------------------------


 LCAO ALGORITHM --------------- ION=   1  ELEC=   5--------------------------------

 Density error is 0.00145229241365
----------------------------------------------------------
     Energy           Rydberg                 eV          
----------------------------------------------------------
 E_KohnSham     -719.0183255943      -9782.7461945013     
 E_Harris       -718.9825115947      -9782.2589200392     
 E_Fermi        1.0573054466         14.3853786001        
----------------------------------------------------------


 LCAO ALGORITHM --------------- ION=   1  ELEC=   6--------------------------------

 Density error is 0.000521167672118
----------------------------------------------------------
     Energy           Rydberg                 eV          
----------------------------------------------------------
 E_KohnSham     -719.0183394448      -9782.7463829477     
 E_Harris       -719.0127892301      -9782.6708684027     
 E_Fermi        1.0584993205         14.4016220881        
----------------------------------------------------------


 LCAO ALGORITHM --------------- ION=   1  ELEC=   7--------------------------------

 Density error is 0.000214325538138
----------------------------------------------------------
     Energy           Rydberg                 eV          
----------------------------------------------------------
 E_KohnSham     -719.0183459302      -9782.7464711856     
 E_Harris       -718.9973744656      -9782.4611397717     
 E_Fermi        1.0588820323         14.4068291490        
----------------------------------------------------------


 LCAO ALGORITHM --------------- ION=   1  ELEC=   8--------------------------------

 Density error is 2.60461990379e-05
----------------------------------------------------------
     Energy           Rydberg                 eV          
----------------------------------------------------------
 E_KohnSham     -719.0183466292      -9782.7464806964     
 E_Harris       -719.0195771875      -9782.7632233014     
 E_Fermi        1.0589804610         14.4081683396        
----------------------------------------------------------


 LCAO ALGORITHM --------------- ION=   1  ELEC=   9--------------------------------

 Density error is 3.14165115986e-05
----------------------------------------------------------
     Energy           Rydberg                 eV          
----------------------------------------------------------
 E_KohnSham     -719.0183466128      -9782.7464804736     
 E_Harris       -719.0151213830      -9782.7025989699     
 E_Fermi        1.0589601377         14.4078918275        
----------------------------------------------------------


 LCAO ALGORITHM --------------- ION=   1  ELEC=  10--------------------------------

 Density error is 2.69764797493e-06
----------------------------------------------------------
     Energy           Rydberg                 eV          
----------------------------------------------------------
 E_KohnSham     -719.0183466389      -9782.7464808279     
 E_Harris       -719.0182308746      -9782.7449057740     
 E_Fermi        1.0589612079         14.4079063881        
----------------------------------------------------------


 LCAO ALGORITHM --------------- ION=   1  ELEC=  11--------------------------------

 Density error is 4.13101122183e-07
----------------------------------------------------------
     Energy           Rydberg                 eV          
----------------------------------------------------------
 E_KohnSham     -719.0183466390      -9782.7464808300     
 E_Harris       -719.0182944347      -9782.7457705542     
 E_Fermi        1.0589638473         14.4079423000        
----------------------------------------------------------


 LCAO ALGORITHM --------------- ION=   1  ELEC=  12--------------------------------

 Density error is 2.95059448916e-07
----------------------------------------------------------
     Energy           Rydberg                 eV          
----------------------------------------------------------
 E_KohnSham     -719.0183466390      -9782.7464808301     
 E_Harris       -719.0183588511      -9782.7466469830     
 E_Fermi        1.0589640180         14.4079446219        
----------------------------------------------------------


 LCAO ALGORITHM --------------- ION=   1  ELEC=  13--------------------------------

 Density error is 3.20742370018e-08
----------------------------------------------------------
     Energy           Rydberg                 eV          
----------------------------------------------------------
 E_KohnSham     -719.0183466390      -9782.7464808301     
 E_Harris       -719.0183490572      -9782.7465137307     
 E_Fermi        1.0589641850         14.4079468934        
----------------------------------------------------------


 LCAO ALGORITHM --------------- ION=   1  ELEC=  14--------------------------------

 Density error is 2.15215977811e-08
----------------------------------------------------------
     Energy           Rydberg                 eV          
----------------------------------------------------------
 E_KohnSham     -719.0183466390      -9782.7464808301     
 E_Harris       -719.0183476460      -9782.7464945310     
 E_Fermi        1.0589641698         14.4079466866        
----------------------------------------------------------


 LCAO ALGORITHM --------------- ION=   1  ELEC=  15--------------------------------

 Density error is 1.07105006982e-08
----------------------------------------------------------
     Energy           Rydberg                 eV          
----------------------------------------------------------
 E_KohnSham     -719.0183466390      -9782.7464808301     
 E_Harris       -719.0183466158      -9782.7464805135     
 E_Fermi        1.0589641583         14.4079465305        
----------------------------------------------------------


 LCAO ALGORITHM --------------- ION=   1  ELEC=  16--------------------------------

 Density error is 1.14998472768e-09
----------------------------------------------------------
     Energy           Rydberg                 eV          
----------------------------------------------------------
 E_KohnSham     -719.0183466390      -9782.7464808301     
 E_KS(sigma->0) -719.0183466390      -9782.7464808301     
 E_Harris       -719.0183466603      -9782.7464811195     
 E_band         -37.3228309877       -507.8031669241      
 E_one_elec     -124.9845867532      -1700.5025420184     
 E_Hartree      118.4820906643       1612.0315439868      
 E_xc           -182.4747085574      -2482.6957772695     
 E_Ewald        -530.0411419928      -7211.5797055289     
 E_entropy(-TS) -0.0000000000        -0.0000000000        
 E_descf        0.0000000000         0.0000000000         
 E_exx          0.0000000000         0.0000000000         
 E_Fermi        1.0589641585         14.4079465338        
----------------------------------------------------------


 charge density convergence is achieved
 final etot is -9782.7464808 eV
 EFERMI = 14.407946534 eV

 STATE ENERGY(eV) AND OCCUPATIONS    NSPIN == 1
 1/8 kpoint (Cartesian) = 0.0000 0.0000 0.0000 (484 pws)
       1       -48.8582       0.250000
       2       -48.8410       0.250000
       3       -48.8402       0.250000
       4       -48.8385       0.250000
       5       -18.6685       0.250000
       6       -18.6604       0.250000
       7       -18.6539       0.250000
       8       -18.4520       0.250000
       9       -18.3931       0.250000
      10       -18.3805       0.250000
      11       -18.3772       0.250000
      12       -18.3658       0.250000
      13       -18.3437       0.250000
      14       -18.2851       0.250000
      15       -18.2534       0.250000
      16       -18.2415       0.250000
      17       -6.92549       0.250000
      18       -5.62414       0.250000
      19       -5.33591       0.250000
      20       -5.25138       0.250000
      21       -4.99729       0.250000
      22       -4.85647       0.250000
      23       -4.83561       0.250000
      24       -4.62593       0.250000
      25        5.56624       0.250000
      26        5.59842       0.250000
      27        5.90561       0.250000
      28        6.38621       0.250000
      29        6.63152       0.250000
      30        6.70904       0.250000
      31        7.84978       0.250000
      32        7.88822       0.250000
      33        7.89134       0.250000
      34        8.15376       0.250000
      35        8.32947       0.250000
      36        8.62516       0.250000
      37        8.93870       0.250000
      38        9.24041       0.250000
      39        9.44755       0.250000
      40        9.63349       0.250000
      41        9.63692       0.250000
      42        9.73748       0.250000
      43        10.0876       0.250000
      44        10.3786       0.250000
      45        10.4510       0.250000
      46        10.7158       0.250000
      47        11.2895       0.250000
      48        11.3221       0.250000
      49        16.0580        0.00000
      50        16.1710        0.00000
      51        16.2770        0.00000
      52        16.7953        0.00000
      53        16.8713        0.00000
      54        16.9501        0.00000
      55        17.1546        0.00000
      56        17.3149        0.00000
      57        17.6991        0.00000
      58        17.7076        0.00000

 2/8 kpoint (Cartesian) = 0.095437 0.0000 -1.2312e-07 (487 pws)
       1       -48.8492       0.250000
       2       -48.8492       0.250000
       3       -48.8397       0.250000
       4       -48.8397       0.250000
       5       -18.5826       0.250000
       6       -18.5826       0.250000
       7       -18.5375       0.250000
       8       -18.5375       0.250000
       9       -18.4612       0.250000
      10       -18.4612       0.250000
      11       -18.3493       0.250000
      12       -18.3493       0.250000
      13       -18.3234       0.250000
      14       -18.3234       0.250000
      15       -18.2959       0.250000
      16       -18.2959       0.250000
      17       -6.12842       0.250000
      18       -6.12840       0.250000
      19       -5.34076       0.250000
      20       -5.34076       0.250000
      21       -5.11216       0.250000
      22       -5.11214       0.250000
      23       -4.67846       0.250000
      24       -4.67845       0.250000
      25        5.99444       0.250000
      26        5.99448       0.250000
      27        6.79391       0.250000
      28        6.79395       0.250000
      29        7.06335       0.250000
      30        7.06336       0.250000
      31        7.12987       0.250000
      32        7.12988       0.250000
      33        7.49896       0.250000
      34        7.49898       0.250000
      35        8.54570       0.250000
      36        8.54573       0.250000
      37        8.65100       0.250000
      38        8.65102       0.250000
      39        9.19710       0.250000
      40        9.19711       0.250000
      41        9.55544       0.250000
      42        9.55547       0.250000
      43        10.5458       0.250000
      44        10.5458       0.250000
      45        10.6004       0.250000
      46        10.6005       0.250000
      47        11.2279       0.250000
      48        11.2279       0.250000
      49        16.0147        0.00000
      50        16.0148        0.00000
      51        16.5960        0.00000
      52        16.5960        0.00000
      53        17.1371        0.00000
      54        17.1372        0.00000
      55        17.1731        0.00000
      56        17.1731        0.00000
      57        18.2447        0.00000
      58        18.2447        0.00000

 3/8 kpoint (Cartesian) = 0.0000 0.098506 -1.9757e-08 (483 pws)
       1       -48.8499       0.250000
       2       -48.8499       0.250000
       3       -48.8392       0.250000
       4       -48.8392       0.250000
       5       -18.5428       0.250000
       6       -18.5428       0.250000
       7       -18.5359       0.250000
       8       -18.5359       0.250000
       9       -18.4784       0.250000
      10       -18.4784       0.250000
      11       -18.3961       0.250000
      12       -18.3961       0.250000
      13       -18.3106       0.250000
      14       -18.3106       0.250000
      15       -18.2884       0.250000
      16       -18.2884       0.250000
      17       -6.07522       0.250000
      18       -6.07522       0.250000
      19       -5.28291       0.250000
      20       -5.28290       0.250000
      21       -5.00033       0.250000
      22       -5.00033       0.250000
      23       -4.95529       0.250000
      24       -4.95528       0.250000
      25        6.43111       0.250000
      26        6.43112       0.250000
      27        6.58419       0.250000
      28        6.58420       0.250000
      29        7.08133       0.250000
      30        7.08133       0.250000
      31        7.33151       0.250000
      32        7.33156       0.250000
      33        7.90315       0.250000
      34        7.90315       0.250000
      35        8.52190       0.250000
      36        8.52197       0.250000
      37        8.89788       0.250000
      38        8.89789       0.250000
      39        9.19634       0.250000
      40        9.19637       0.250000
      41        9.48767       0.250000
      42        9.48770       0.250000
      43        10.0274       0.250000
      44        10.0274       0.250000
      45        10.3229       0.250000
      46        10.3229       0.250000
      47        10.6109       0.250000
      48        10.6109       0.250000
      49        16.2643        0.00000
      50        16.2643        0.00000
      51        16.7076        0.00000
      52        16.7076        0.00000
      53        16.8376        0.00000
      54        16.8376        0.00000
      55        17.4671        0.00000
      56        17.4671        0.00000
      57        17.9764        0.00000
      58        17.9764        0.00000

 4/8 kpoint (Cartesian) = 0.095437 0.098506 -1.4288e-07 (483 pws)
       1       -48.8445       0.250000
       2       -48.8445       0.250000
       3       -48.8445       0.250000
       4       -48.8445       0.250000
       5       -18.5546       0.250000
       6       -18.5546       0.250000
       7       -18.5546       0.250000
       8       -18.5546       0.250000
       9       -18.4146       0.250000
      10       -18.4146       0.250000
      11       -18.4145       0.250000
      12       -18.4145       0.250000
      13       -18.3088       0.250000
      14       -18.3088       0.250000
      15       -18.3088       0.250000
      16       -18.3088       0.250000
      17       -5.67075       0.250000
      18       -5.67074       0.250000
      19       -5.67072       0.250000
      20       -5.67071       0.250000
      21       -4.99976       0.250000
      22       -4.99974       0.250000
      23       -4.99972       0.250000
      24       -4.99971       0.250000
      25        6.76628       0.250000
      26        6.76629       0.250000
      27        6.76630       0.250000
      28        6.76631       0.250000
      29        7.39162       0.250000
      30        7.39162       0.250000
      31        7.39167       0.250000
      32        7.39167       0.250000
      33        8.07958       0.250000
      34        8.07961       0.250000
      35        8.07966       0.250000
      36        8.07970       0.250000
      37        8.80912       0.250000
      38        8.80916       0.250000
      39        8.80920       0.250000
      40        8.80924       0.250000
      41        9.63737       0.250000
      42        9.63738       0.250000
      43        9.63742       0.250000
      44        9.63743       0.250000
      45        10.3313       0.250000
      46        10.3314       0.250000
      47        10.3314       0.250000
      48        10.3314       0.250000
      49        16.4015        0.00000
      50        16.4015        0.00000
      51        16.4016        0.00000
      52        16.4017        0.00000
      53        17.3175        0.00000
      54        17.3175        0.00000
      55        17.3175        0.00000
      56        17.3176        0.00000
      57        18.1492        0.00000
      58        18.1492        0.00000

 5/8 kpoint (Cartesian) = 0.0000 0.0000 0.097754 (482 pws)
       1       -48.8520       0.250000
       2       -48.8473       0.250000
       3       -48.8396       0.250000
       4       -48.8392       0.250000
       5       -18.5714       0.250000
       6       -18.5674       0.250000
       7       -18.5029       0.250000
       8       -18.4926       0.250000
       9       -18.4799       0.250000
      10       -18.4430       0.250000
      11       -18.3986       0.250000
      12       -18.3758       0.250000
      13       -18.3618       0.250000
      14       -18.3172       0.250000
      15       -18.3062       0.250000
      16       -18.2909       0.250000
      17       -6.27552       0.250000
      18       -5.67668       0.250000
      19       -5.46889       0.250000
      20       -5.27507       0.250000
      21       -5.19115       0.250000
      22       -5.03355       0.250000
      23       -4.84373       0.250000
      24       -4.78055       0.250000
      25        5.98243       0.250000
      26        6.05023       0.250000
      27        6.63152       0.250000
      28        6.64445       0.250000
      29        6.87268       0.250000
      30        6.97583       0.250000
      31        7.02727       0.250000
      32        7.04683       0.250000
      33        7.77760       0.250000
      34        7.90683       0.250000
      35        8.44192       0.250000
      36        8.47915       0.250000
      37        8.77779       0.250000
      38        8.84033       0.250000
      39        9.38429       0.250000
      40        9.47365       0.250000
      41        9.65606       0.250000
      42        9.96516       0.250000
      43        10.0283       0.250000
      44        10.2526       0.250000
      45        10.5102       0.250000
      46        10.8476       0.250000
      47        11.1619       0.250000
      48        11.2181       0.250000
      49        15.9778        0.00000
      50        16.2364        0.00000
      51        16.4287        0.00000
      52        16.6934        0.00000
      53        16.8456        0.00000
      54        17.0427        0.00000
      55        17.5439        0.00000
      56        17.5525        0.00000
      57        17.5701        0.00000
      58        17.9288        0.00000

 6/8 kpoint (Cartesian) = 0.095437 0.0000 0.097754 (492 pws)
       1       -48.8457       0.250000
       2       -48.8457       0.250000
       3       -48.8432       0.250000
       4       -48.8432       0.250000
       5       -18.5748       0.250000
       6       -18.5747       0.250000
       7       -18.5389       0.250000
       8       -18.5389       0.250000
       9       -18.4537       0.250000
      10       -18.4537       0.250000
      11       -18.4051       0.250000
      12       -18.4051       0.250000
      13       -18.3010       0.250000
      14       -18.3010       0.250000
      15       -18.2807       0.250000
      16       -18.2807       0.250000
      17       -5.90564       0.250000
      18       -5.90561       0.250000
      19       -5.48550       0.250000
      20       -5.48548       0.250000
      21       -5.11546       0.250000
      22       -5.11543       0.250000
      23       -4.79651       0.250000
      24       -4.79647       0.250000
      25        6.39146       0.250000
      26        6.39149       0.250000
      27        6.76597       0.250000
      28        6.76599       0.250000
      29        7.17090       0.250000
      30        7.17094       0.250000
      31        7.29319       0.250000
      32        7.29322       0.250000
      33        7.79267       0.250000
      34        7.79275       0.250000
      35        8.21280       0.250000
      36        8.21282       0.250000
      37        8.88678       0.250000
      38        8.88682       0.250000
      39        9.11009       0.250000
      40        9.11013       0.250000
      41        9.43973       0.250000
      42        9.43976       0.250000
      43        9.68790       0.250000
      44        9.68791       0.250000
      45        10.7787       0.250000
      46        10.7788       0.250000
      47        11.1189       0.250000
      48        11.1190       0.250000
      49        15.7868        0.00000
      50        15.7869        0.00000
      51        16.0006        0.00000
      52        16.0006        0.00000
      53        17.0409        0.00000
      54        17.0409        0.00000
      55        17.5998        0.00000
      56        17.5999        0.00000
      57        17.6531        0.00000
      58        17.6531        0.00000

 7/8 kpoint (Cartesian) = 0.0000 0.098506 0.097754 (492 pws)
       1       -48.8484       0.250000
       2       -48.8484       0.250000
       3       -48.8407       0.250000
       4       -48.8406       0.250000
       5       -18.5967       0.250000
       6       -18.5967       0.250000
       7       -18.5325       0.250000
       8       -18.5325       0.250000
       9       -18.4722       0.250000
      10       -18.4722       0.250000
      11       -18.3417       0.250000
      12       -18.3417       0.250000
      13       -18.3201       0.250000
      14       -18.3201       0.250000
      15       -18.2908       0.250000
      16       -18.2908       0.250000
      17       -5.92048       0.250000
      18       -5.92048       0.250000
      19       -5.43507       0.250000
      20       -5.43504       0.250000
      21       -5.08964       0.250000
      22       -5.08960       0.250000
      23       -4.88644       0.250000
      24       -4.88643       0.250000
      25        6.43212       0.250000
      26        6.43214       0.250000
      27        6.72448       0.250000
      28        6.72449       0.250000
      29        7.04277       0.250000
      30        7.04278       0.250000
      31        7.89110       0.250000
      32        7.89110       0.250000
      33        8.15124       0.250000
      34        8.15127       0.250000
      35        8.40759       0.250000
      36        8.40763       0.250000
      37        8.61140       0.250000
      38        8.61142       0.250000
      39        8.81743       0.250000
      40        8.81747       0.250000
      41        9.68143       0.250000
      42        9.68146       0.250000
      43        9.95665       0.250000
      44        9.95667       0.250000
      45        10.0814       0.250000
      46        10.0814       0.250000
      47        10.5384       0.250000
      48        10.5384       0.250000
      49        16.2378        0.00000
      50        16.2380        0.00000
      51        16.5503        0.00000
      52        16.5503        0.00000
      53        16.7466        0.00000
      54        16.7467        0.00000
      55        17.3139        0.00000
      56        17.3140        0.00000
      57        17.7945        0.00000
      58        17.7946        0.00000

 8/8 kpoint (Cartesian) = 0.095437 0.098506 0.097754 (486 pws)
       1       -48.8445       0.250000
       2       -48.8445       0.250000
       3       -48.8444       0.250000
       4       -48.8444       0.250000
       5       -18.6528       0.250000
       6       -18.6528       0.250000
       7       -18.6528       0.250000
       8       -18.6528       0.250000
       9       -18.3275       0.250000
      10       -18.3275       0.250000
      11       -18.3275       0.250000
      12       -18.3275       0.250000
      13       -18.2926       0.250000
      14       -18.2926       0.250000
      15       -18.2926       0.250000
      16       -18.2926       0.250000
      17       -5.84729       0.250000
      18       -5.84728       0.250000
      19       -5.84726       0.250000
      20       -5.84725       0.250000
      21       -4.81457       0.250000
      22       -4.81456       0.250000
      23       -4.81455       0.250000
      24       -4.81454       0.250000
      25        6.89772       0.250000
      26        6.89774       0.250000
      27        6.89775       0.250000
      28        6.89777       0.250000
      29        7.24341       0.250000
      30        7.24342       0.250000
      31        7.24344       0.250000
      32        7.24345       0.250000
      33        8.25606       0.250000
      34        8.25609       0.250000
      35        8.25611       0.250000
      36        8.25613       0.250000
      37        8.94408       0.250000
      38        8.94411       0.250000
      39        8.94414       0.250000
      40        8.94418       0.250000
      41        9.57681       0.250000
      42        9.57684       0.250000
      43        9.57685       0.250000
      44        9.57687       0.250000
      45        10.2217       0.250000
      46        10.2217       0.250000
      47        10.2217       0.250000
      48        10.2218       0.250000
      49        15.9280        0.00000
      50        15.9280        0.00000
      51        15.9281        0.00000
      52        15.9281        0.00000
      53        17.0890        0.00000
      54        17.0891        0.00000
      55        17.0892        0.00000
      56        17.0892        0.00000
      57        17.8805        0.00000
      58        17.8805        0.00000

 correction force for each atom along direction 1 is 1.80469e-06
 correction force for each atom along direction 2 is 3.87490e-06
 correction force for each atom along direction 3 is 2.23354e-06
------------------------------------------------------------------------------------------
 TOTAL-FORCE (eV/Angstrom)                                                                
------------------------------------------------------------------------------------------
                       Hf1         0.1388126859        -0.0999247157        -0.0597589420 
                       Hf2         0.1388997831         0.1001731927         0.0599830341 
                       Hf3         0.1388687202         0.1001243362        -0.0597651728 
                       Hf4         0.1388502138        -0.0999435241         0.0599400076 
                        O1         0.0456785282         0.0040742465        -0.1021670818 
                        O2         0.0456648301        -0.0041558953        -0.1022320351 
                        O3        -0.1844982404         0.3077718260        -0.2783455547 
                        O4        -0.1845332818        -0.3079012118        -0.2784049520 
                        O5         0.0457282147         0.0040313442         0.1020477977 
                        O6         0.0457046403        -0.0041004007         0.1021107876 
                        O7        -0.1845674027         0.3077927223         0.2782580288 
                        O8        -0.1846086917        -0.3079419202         0.2783340827 
------------------------------------------------------------------------------------------

----------------------------------------------------------------
 TOTAL-STRESS (KBAR)                                            
----------------------------------------------------------------
       -80.3901394200         0.0060691559         0.0138423847 
         0.0060691559       149.8064773291         0.0001082192 
         0.0138423847         0.0001082192       -11.4855732385 
----------------------------------------------------------------
 TOTAL-PRESSURE: 19.310255 KBAR



 --------------------------------------------
 !FINAL_ETOT_IS -9782.7464808301065204 eV
 --------------------------------------------


TIME STATISTICS
------------------------------------------------------------------------------------
    CLASS_NAME                    NAME                TIME/s  CALLS   AVG/s  PER/%  
------------------------------------------------------------------------------------
                   total                              192.96 13       14.84  100.00 
 Driver            reading                            11.39  1        11.39  5.90   
 Input_Conv        Convert                            0.00   1        0.00   0.00   
 Driver            driver_line                        181.57 1        181.57 94.10  
 UnitCell          check_tau                          0.00   1        0.00   0.00   
 ESolver_KS_LCAO   before_all_runners                 4.26   1        4.26   2.21   
 PW_Basis_Sup      setuptransform                     0.18   1        0.18   0.09   
 PW_Basis_Sup      distributeg                        0.17   1        0.17   0.09   
 mymath            heapsort                           0.00   55       0.00   0.00   
 Charge_Mixing     init_mixing                        0.00   1        0.00   0.00   
 Symmetry          analy_sys                          0.03   1        0.03   0.02   
 PW_Basis_K        setuptransform                     0.14   1        0.14   0.07   
 PW_Basis_K        distributeg                        0.14   1        0.14   0.07   
 PW_Basis          setup_struc_factor                 0.02   1        0.02   0.01   
 NOrbital_Lm       extra_uniform                      0.24   14       0.02   0.13   
 Mathzone_Add1     SplineD2                           0.00   14       0.00   0.00   
 Mathzone_Add1     Cubic_Spline_Interpolation         0.00   14       0.00   0.00   
 Mathzone_Add1     Uni_Deriv_Phi                      0.23   14       0.02   0.12   
 ppcell_vl         init_vloc                          0.11   1        0.11   0.06   
 Ions              opt_ions                           171.12 1        171.12 88.68  
 ESolver_KS_LCAO   runner                             163.99 1        163.99 84.99  
 ESolver_KS_LCAO   before_scf                         1.68   1        1.68   0.87   
 atom_arrange      search                             0.00   1        0.00   0.00   
 atom_arrange      grid_d.init                        0.00   1        0.00   0.00   
 Grid              Construct_Adjacent_expand          0.00   1        0.00   0.00   
 Grid              Construct_Adjacent_expand_periodic 0.00   12       0.00   0.00   
 Grid_Technique    init                               0.47   1        0.47   0.24   
 Grid_BigCell      grid_expansion_index               0.05   2        0.02   0.02   
 Grid_Driver       Find_atom                          0.00   120      0.00   0.00   
 Record_adj        for_2d                             0.04   1        0.04   0.02   
 LCAO_domain       grid_prepare                       0.00   1        0.00   0.00   
 Veff              initialize_HR                      0.00   1        0.00   0.00   
 OverlapNew        initialize_SR                      0.00   1        0.00   0.00   
 EkineticNew       initialize_HR                      0.00   1        0.00   0.00   
 NonlocalNew       initialize_HR                      0.02   1        0.02   0.01   
 Charge            set_rho_core                       0.36   1        0.36   0.19   
 PW_Basis_Sup      recip2real                         0.61   132      0.00   0.32   
 PW_Basis_Sup      gathers_scatterp                   0.59   132      0.00   0.31   
 Charge            atomic_rho                         0.38   2        0.19   0.19   
 Potential         init_pot                           0.25   1        0.25   0.13   
 Potential         update_from_charge                 0.67   17       0.04   0.35   
 Potential         cal_fixed_v                        0.01   1        0.01   0.00   
 PotLocal          cal_fixed_v                        0.01   1        0.01   0.00   
 Potential         cal_v_eff                          0.66   17       0.04   0.34   
 H_Hartree_pw      v_hartree                          0.14   17       0.01   0.07   
 PW_Basis_Sup      real2recip                         0.39   153      0.00   0.20   
 PW_Basis_Sup      gatherp_scatters                   0.37   153      0.00   0.19   
 PotXC             cal_v_eff                          0.52   17       0.03   0.27   
 XC_Functional     v_xc                               0.53   19       0.03   0.27   
 Potential         interpolate_vrs                    0.00   17       0.00   0.00   
 Symmetry          rhog_symmetry                      0.48   17       0.03   0.25   
 Symmetry          group fft grids                    0.15   17       0.01   0.08   
 H_Ewald_pw        compute_ewald                      0.01   1        0.01   0.01   
 HSolverLCAO       solve                              160.70 16       10.04  83.28  
 HamiltLCAO        updateHk                           44.49  128      0.35   23.06  
 OperatorLCAO      init                               44.37  384      0.12   22.99  
 Veff              contributeHR                       43.93  16       2.75   22.76  
 Gint_interface    cal_gint                           71.93  33       2.18   37.27  
 Gint_interface    cal_gint_vlocal                    37.03  16       2.31   19.19  
 Gint_Tools        cal_psir_ylm                       2.22   32768    0.00   1.15   
 Gint_k            transfer_pvpR                      6.90   16       0.43   3.57   
 OverlapNew        calculate_SR                       0.10   1        0.10   0.05   
 OverlapNew        contributeHk                       0.03   128      0.00   0.01   
 EkineticNew       contributeHR                       0.10   16       0.01   0.05   
 EkineticNew       calculate_HR                       0.10   1        0.10   0.05   
 NonlocalNew       contributeHR                       0.30   16       0.02   0.15   
 NonlocalNew       calculate_HR                       0.29   1        0.29   0.15   
 OperatorLCAO      contributeHk                       0.04   128      0.00   0.02   
 HSolverLCAO       hamiltSolvePsiK                    72.09  128      0.56   37.36  
 DiagoElpa         elpa_solve                         71.14  128      0.56   36.87  
 elecstate         cal_dm                             7.17   17       0.42   3.72   
 psiMulPsiMpi      pdgemm                             7.17   136      0.05   3.72   
 DensityMatrix     cal_DMR                            0.04   17       0.00   0.02   
 ElecStateLCAO     psiToRho                           36.90  16       2.31   19.12  
 Gint              transfer_DMR                       1.43   16       0.09   0.74   
 Gint_interface    cal_gint_rho                       30.68  16       1.92   15.90  
 Charge_Mixing     get_drho                           0.03   16       0.00   0.01   
 Charge            mix_rho                            0.19   15       0.01   0.10   
 Charge            Broyden_mixing                     0.11   15       0.01   0.05   
 ModuleIO          write_rhog                         0.03   1        0.03   0.02   
 ESolver_KS_LCAO   after_scf                          0.11   1        0.11   0.06   
 ESolver_KS_LCAO   cal_force                          7.13   1        7.13   3.70   
 Force_Stress_LCAO getForceStress                     7.13   1        7.13   3.69   
 Forces            cal_force_loc                      0.00   1        0.00   0.00   
 Forces            cal_force_ew                       0.00   1        0.00   0.00   
 Forces            cal_force_cc                       0.12   1        0.12   0.06   
 Forces            cal_force_scc                      0.11   1        0.11   0.05   
 Stress_Func       stress_loc                         0.33   1        0.33   0.17   
 Stress_Func       stress_har                         0.00   1        0.00   0.00   
 Stress_Func       stress_ewa                         0.00   1        0.00   0.00   
 Stress_Func       stress_cc                          0.49   1        0.49   0.25   
 Stress_Func       stress_gga                         0.00   1        0.00   0.00   
 Force_LCAO        ftable                             4.82   1        4.82   2.50   
 Force_LCAO        allocate                           0.29   1        0.29   0.15   
 LCAO_domain       build_ST_new                       0.29   2        0.14   0.15   
 Force_LCAO        cal_pulay_fs_center2               0.01   2        0.00   0.00   
 Gint_interface    cal_gint_force                     4.22   1        4.22   2.19   
 Gint_Tools        cal_dpsir_ylm                      0.26   1024     0.00   0.14   
 Gint_Tools        cal_dpsirr_ylm                     0.05   1024     0.00   0.03   
 NonlocalNew       cal_force_stress                   1.24   1        1.24   0.64   
 ESolver_KS_LCAO   cal_stress                         0.00   1        0.00   0.00   
 ESolver_KS_LCAO   after_all_runners                  0.02   1        0.02   0.01   
 ModuleIO          write_istate_info                  0.02   1        0.02   0.01   
------------------------------------------------------------------------------------


 NAME-------------------------|MEMORY(MB)--------
                         total      2305.7922
                  Gint::hRGint       405.1746
                 Gint::DMRGint       404.8621
       TwoCenterTable: Kinetic       137.3855
       TwoCenterTable: Overlap       137.3855
      TwoCenterTable: Nonlocal       136.0217
                  meshball_pos       125.0442
               GT::ind_bigcell       123.2787
         GT::in_this_processor       123.2787
              GT::index2normal       123.2787
               GT::index2ucell       123.2787
                   Stress::dSR       115.7792
                   Force::dS_K        57.8896
                   Stress::dHr        57.8896
                  Force::dTVNL        57.8896
      GT::bigcell_on_processor        30.8197
                HamiltLCAO::hR        26.1396
            DensityMatrix::DMR        26.1396
                    index_ball        20.8407
                HamiltLCAO::sR        17.4859
                GT::which_atom         7.0803
             GT::which_bigcell         7.0803
            GT::which_unitcell         7.0803
            DensityMatrix::DMK         5.4863
                  SF::strucFac         3.7863
                RealGauntTable         3.7773
                  PW_B_K::gcar         2.8879
                  SF::eigts123         2.2515
                      Chg::rho         2.0000
                 Chg::rho_save         2.0000
                 Chg::rho_core         2.0000
                 Pot::veff_fix         2.0000
                     Pot::veff         2.0000
              Pot::veff_smooth         2.0000
 -------------   < 1.0 MB has been ignored ----------------
 ----------------------------------------------------------

 Start  Time  : Sun Oct 11 03:10:09 2026
 Finish Time  : Sun Oct 11 03:13:35 2026
 Total  Time  : 0 h 3 mins 26 secs 
