                                                                                     
                              ABACUS v3.10.0

               Atomic-orbital Based Ab-initio Computation at UStc                    

                     Website: http://abacus.ustc.edu.cn/                             
               Documentation: https://abacus.deepmodeling.com/                       
                  Repository: https://github.com/abacusmodeling/abacus-develop       
                              https://github.com/deepmodeling/abacus-develop         
                      Commit: f7cb1d3 (Mon May 12 16:53:30 2025 +0800)

    Start Time is Fri Oct  9 14:55:03 2026
                                                                                     
 ------------------------------------------------------------------------------------

 READING GENERAL INFORMATION
                           global_out_dir = OUT.ABACUS/
                           global_in_card = INPUT
                               pseudo_dir = 
                              orbital_dir = 
                                    DRANK = 1
                                    DSIZE = 32
                                   DCOLOR = 1
                                    GRANK = 1
                                    GSIZE = 1




 >>>>>>>>>>>>>>>>>>>>>>>>>>>>>>>>>>>>>>>>>>>>>>>>>>>>>>>>>>>>>>>>>>>>>>
 |                                                                    |
 | Reading atom information in unitcell:                              |
 | From the input file and the structure file we know the number of   |
 | different elments in this unitcell, then we list the detail        |
 | information for each element, especially the zeta and polar atomic |
 | orbital number for each element. The total atom number is counted. |
 | We calculate the nearest atom distance for each atom and show the  |
 | Cartesian and Direct coordinates for each atom. We list the file   |
 | address for atomic orbitals. The volume and the lattice vectors    |
 | in real and reciprocal space is also shown.                        |
 |                                                                    |
 <<<<<<<<<<<<<<<<<<<<<<<<<<<<<<<<<<<<<<<<<<<<<<<<<<<<<<<<<<<<<<<<<<<<<<




 READING UNITCELL INFORMATION
                                    ntype = 2
                  lattice constant (Bohr) = 1.88973
              lattice constant (Angstrom) = 1

 READING ATOM TYPE 1
                               atom label = Hf
                      L=0, number of zeta = 4
                      L=1, number of zeta = 2
                      L=2, number of zeta = 2
                      L=3, number of zeta = 1
             number of atom for this type = 4

 READING ATOM TYPE 2
                               atom label = O
                      L=0, number of zeta = 2
                      L=1, number of zeta = 2
                      L=2, number of zeta = 1
             number of atom for this type = 8

                        TOTAL ATOM NUMBER = 12
DIRECT COORDINATES
    atom                   x                   y                   z     mag                  vx                  vy                  vz
taud_Hf1            0.9918159599        0.9927952566        0.0096783263  0.0000        0.0000000000        0.0000000000        0.0000000000
taud_Hf2            0.0174258461        0.4668142898        0.5096806666  0.0000        0.0000000000        0.0000000000        0.0000000000
taud_Hf3            0.4751853742        0.9913176759        0.4683145645  0.0000        0.0000000000        0.0000000000        0.0000000000
taud_Hf4            0.5340844481        0.4681127595        0.9683737113  0.0000        0.0000000000        0.0000000000        0.0000000000
taud_O1            0.2950456412        0.2645179206        0.2389155187  0.0000        0.0000000000        0.0000000000        0.0000000000
taud_O2            0.2133280292        0.2155026533        0.7388352874  0.0000        0.0000000000        0.0000000000        0.0000000000
taud_O3            0.1549553796        0.7775164061        0.2877470986  0.0000        0.0000000000        0.0000000000        0.0000000000
taud_O4            0.3489607087        0.7204891409        0.7488187151  0.0000        0.0000000000        0.0000000000        0.0000000000
taud_O5            0.7958279469        0.2437368270        0.2390617373  0.0000        0.0000000000        0.0000000000        0.0000000000
taud_O6            0.7141164680        0.1948354132        0.7391256878  0.0000        0.0000000000        0.0000000000        0.0000000000
taud_O7            0.6603737422        0.7386965863        0.2490759110  0.0000        0.0000000000        0.0000000000        0.0000000000
taud_O8            0.8544073441        0.6818501397        0.7879368272  0.0000        0.0000000000        0.0000000000        0.0000000000



                          Volume (Bohr^3) = 932.784
                             Volume (A^3) = 138.224

 Lattice vectors: (Cartesian coordinate: in unit of a_0)
             +5.33196           -0.045482          -0.0743462
            -0.354024            +5.09013          +0.0253062
           +0.0700211          -0.0203709            +5.09491
 Reciprocal vectors: (Cartesian coordinate: in unit of 2 pi/a_0)
            +0.187625          +0.0130621         -0.00252637
          +0.00168741           +0.196572        +0.000762761
          +0.00272949        -0.000785759           +0.196234
 The esolver type has been set to : ksdft_lcao

 RUNNING WITH DEVICE  : CPU / AMD EPYC 7702 64-Core Processor




 >>>>>>>>>>>>>>>>>>>>>>>>>>>>>>>>>>>>>>>>>>>>>>>>>>>>>>>>>>>>>>>>>>>>>>
 |                                                                    |
 | Reading pseudopotentials files:                                    |
 | The pseudopotential file is in UPF format. The 'NC' indicates that |
 | the type of pseudopotential is 'norm conserving'. Functional of    |
 | exchange and correlation is decided by 4 given parameters in UPF   |
 | file.  We also read in the 'core correction' if there exists.      |
 | Also we can read the valence electrons number and the maximal      |
 | angular momentum used in this pseudopotential. We also read in the |
 | trail wave function, trail atomic density and local-pseudopotential|
 | on logrithmic grid. The non-local pseudopotential projector is also|
 | read in if there is any.                                           |
 |                                                                    |
 <<<<<<<<<<<<<<<<<<<<<<<<<<<<<<<<<<<<<<<<<<<<<<<<<<<<<<<<<<<<<<<<<<<<<<




                PAO radial cut off (Bohr) = 15

 Read in pseudopotential file is Hf.upf
                     pseudopotential type = NC
          exchange-correlation functional = PBE
                 nonlocal core correction = 1
                        valence electrons = 12
                                     lmax = 3
                           number of zeta = 4
                     number of projectors = 8
                           L of projector = 0
                           L of projector = 0
                           L of projector = 1
                           L of projector = 1
                           L of projector = 2
                           L of projector = 2
                           L of projector = 3
                           L of projector = 3
                PAO radial cut off (Bohr) = 15

 Read in pseudopotential file is O.upf
                     pseudopotential type = NC
          exchange-correlation functional = PBE
                 nonlocal core correction = 1
                        valence electrons = 6
                                     lmax = 2
                           number of zeta = 2
                     number of projectors = 5
                           L of projector = 0
                           L of projector = 0
                           L of projector = 1
                           L of projector = 1
                           L of projector = 2
     initial pseudo atomic orbital number = 72

 SETUP THE ELECTRONS NUMBER
            electron number of element Hf = 12
      total electron number of element Hf = 48
             electron number of element O = 6
       total electron number of element O = 48
            AUTOSET number of electrons:  = 96
                           occupied bands = 48
                                   NLOCAL = 212
                                   NBANDS = 58
                                   NBANDS = 58
                                   NLOCAL = 212

%%%%%%%%%%%%%%%%%%%%%%%%%%%%%%%%%%%%%%%%%%%%%%%%%%%%%%%%%%%%%%%%%%%%%%%%%%%%%%%%%%%%%%%%%%%%%%%%%%%%%%%%%%
 Warning: the number of valence electrons in pseudopotential > 4 for Hf: [Xe] 4f14 5d2 6s2
 Pseudopotentials with additional electrons can yield (more) accurate outcomes, but may be less efficient.
 If you're confident that your chosen pseudopotential is appropriate, you can safely ignore this warning.
%%%%%%%%%%%%%%%%%%%%%%%%%%%%%%%%%%%%%%%%%%%%%%%%%%%%%%%%%%%%%%%%%%%%%%%%%%%%%%%%%%%%%%%%%%%%%%%%%%%%%%%%%%
                  




 >>>>>>>>>>>>>>>>>>>>>>>>>>>>>>>>>>>>>>>>>>>>>>>>>>>>>>>>>>>>>>>>>>>>>>
 |                                                                    |
 | Setup plane waves of charge/potential:                             |
 | Use the energy cutoff and the lattice vectors to generate the      |
 | dimensions of FFT grid. The number of FFT grid on each processor   |
 | is 'nrxx'. The number of plane wave basis in reciprocal space is   |
 | different for charege/potential and wave functions. We also set    |
 | the 'sticks' for the parallel of FFT. The number of plane waves    |
 | is 'npw' in each processor.                                        |
 <<<<<<<<<<<<<<<<<<<<<<<<<<<<<<<<<<<<<<<<<<<<<<<<<<<<<<<<<<<<<<<<<<<<<<





 SETUP THE PLANE WAVE BASIS
 energy cutoff for charge/potential (unit:Ry) = 400
            fft grid for charge/potential = [ 72, 64, 64 ]
                        fft grid division = [ 4, 2, 2 ]
        big fft grid for charge/potential = [ 18, 32, 32 ]
                                     nbxx = 576
                                     nrxx = 9216

 SETUP PLANE WAVES FOR CHARGE/POTENTIAL
                    number of plane waves = 126067
                         number of sticks = 3085

 PARALLEL PW FOR CHARGE/POTENTIAL
     PROC   COLUMNS(POT)             PW
        1             97           3941
        2             97           3941
        3             97           3941
        4             97           3941
        5             97           3939
        6             97           3939
        7             96           3939
        8             96           3939
        9             97           3939
       10             97           3939
       11             96           3940
       12             96           3940
       13             96           3940
       14             96           3940
       15             96           3940
       16             96           3940
       17             96           3940
       18             96           3939
       19             96           3939
       20             96           3940
       21             96           3939
       22             96           3940
       23             96           3939
       24             96           3939
       25             96           3938
       26             96           3938
       27             97           3940
       28             96           3938
       29             97           3940
       30             97           3940
       31             97           3940
       32             97           3940
 --------------- sum -------------------
       32           3085         126067
                            number of |g| = 3849
                                  max |g| = 36.1816
                                  min |g| = 0
 DONE : SETUP UNITCELL Time : 9.7875 (SEC)


----------- Double Check Mixing Parameters Begin ------------
mixing_type: broyden
mixing_beta: 0.3
mixing_gg0: 1
mixing_gg0_min: 0.1
mixing_ndim: 8
----------- Double Check Mixing Parameters End ------------




 >>>>>>>>>>>>>>>>>>>>>>>>>>>>>>>>>>>>>>>>>>>>>>>>>>>>>>>>>>>>>>>>>>>>>>
 |                                                                    |
 | Doing symmetry analysis:                                           |
 | We calculate the norm of 3 vectors and the angles between them,    |
 | the type of Bravais lattice is given. We can judge if the unticell |
 | is a primitive cell. Finally we give the point group operation for |
 | this unitcell. We use the point group operations to do symmetry |
 | analysis on given k-point mesh and the charge density.             |
 |                                                                    |
 <<<<<<<<<<<<<<<<<<<<<<<<<<<<<<<<<<<<<<<<<<<<<<<<<<<<<<<<<<<<<<<<<<<<<<




 LATTICE VECTORS: (CARTESIAN COORDINATE: IN UNIT OF A0)
             +5.33196           -0.045482          -0.0743462
            -0.354024            +5.09013          +0.0253062
           +0.0700211          -0.0203709            +5.09491
                       right hand lattice = 1
                                   NORM_A = 5.33267
                                   NORM_B = 5.10249
                                   NORM_C = 5.09543
                           ALPHA (DEGREE) = 89.999
                           BETA  (DEGREE) = 90.0095
                           GAMMA (DEGREE) = 94.4708

 The lattice vectors have been changed (STRU_SIMPLE.cif)

(for optimal symmetric configuration:)
                             BRAVAIS TYPE = 14
                     BRAVAIS LATTICE NAME = 14. Triclinic cell
                                    ibrav = 14
                                    IBRAV = 14
                                  BRAVAIS = TRICLINIC CELL
                       LATTICE CONSTANT A = 15.6505
                                B/A RATIO = 0.326027
                                C/A RATIO = 0.325576
                               COS(ALPHA) = 1.74116e-05
                                COS(BETA) = 0.65122
                               COS(GAMMA) = 0.678626
Original cell was already a primitive cell.
                        ROTATION MATRICES = 2
              PURE POINT GROUP OPERATIONS = 1
                   SPACE GROUP OPERATIONS = 1
                              POINT GROUP = C_1
               POINT GROUP IN SPACE GROUP = C_1
 DONE : SYMMETRY Time : 9.8167 (SEC)





 >>>>>>>>>>>>>>>>>>>>>>>>>>>>>>>>>>>>>>>>>>>>>>>>>>>>>>>>>>>>>>>>>>>>>>
 |                                                                    |
 | Setup K-points                                                     |
 | We setup the k-points according to input parameters.               |
 | The reduced k-points are set according to symmetry operations.     |
 | We treat the spin as another set of k-points.                      |
 |                                                                    |
 <<<<<<<<<<<<<<<<<<<<<<<<<<<<<<<<<<<<<<<<<<<<<<<<<<<<<<<<<<<<<<<<<<<<<<





 SETUP K-POINTS
                                    nspin = 1
                   Input type of k points = Monkhorst-Pack(Gamma)
                                   nkstot = 8
                       right hand lattice = 1
(for reciprocal lattice: )
                             BRAVAIS TYPE = 14
                     BRAVAIS LATTICE NAME = 14. Triclinic cell
                                    ibrav = 14
                       right hand lattice = 1
(for k-lattice: )
                             BRAVAIS TYPE = 14
                     BRAVAIS LATTICE NAME = 14. Triclinic cell
                                    ibrav = 14
                       right hand lattice = 1
                        ROTATION MATRICES = 2
                               nkstot_ibz = 8
K-POINTS REDUCTION ACCORDING TO SYMMETRY
     IBZ    DIRECT_X    DIRECT_Y    DIRECT_Z  WEIGHT  ibz2bz
       1  0.00000000  0.00000000  0.00000000  0.1250       0
       2  0.50000000  0.00000000  0.00000000  0.1250       1
       3  0.00000000  0.50000000  0.00000000  0.1250       2
       4  0.50000000  0.50000000  0.00000000  0.1250       3
       5  0.00000000  0.00000000  0.50000000  0.1250       4
       6  0.50000000  0.00000000  0.50000000  0.1250       5
       7  0.00000000  0.50000000  0.50000000  0.1250       6
       8  0.50000000  0.50000000  0.50000000  0.1250       7

                               nkstot now = 8
K-POINTS DIRECT COORDINATES
 KPOINTS    DIRECT_X    DIRECT_Y    DIRECT_Z  WEIGHT
       1  0.00000000  0.00000000  0.00000000  0.1250
       2  0.50000000  0.00000000  0.00000000  0.1250
       3  0.00000000  0.50000000  0.00000000  0.1250
       4  0.50000000  0.50000000  0.00000000  0.1250
       5  0.00000000  0.00000000  0.50000000  0.1250
       6  0.50000000  0.00000000  0.50000000  0.1250
       7  0.00000000  0.50000000  0.50000000  0.1250
       8  0.50000000  0.50000000  0.50000000  0.1250


           k-point number in this process = 8
       minimum distributed K point number = 8
starsize: 1
isym: 0 ks_vec: 0 0 0
starsize: 1
isym: 0 ks_vec: 0.5 0 0
starsize: 1
isym: 0 ks_vec: 0 0.5 0
starsize: 1
isym: 0 ks_vec: 0.5 0.5 0
starsize: 1
isym: 0 ks_vec: 0 0 0.5
starsize: 1
isym: 0 ks_vec: 0.5 0 0.5
starsize: 1
isym: 0 ks_vec: 0 0.5 0.5
starsize: 1
isym: 0 ks_vec: 0.5 0.5 0.5

K-POINTS CARTESIAN COORDINATES
 KPOINTS CARTESIAN_X CARTESIAN_Y CARTESIAN_Z  WEIGHT
       1  0.00000000  0.00000000  0.00000000  0.2500
       2  0.09381225  0.00653103 -0.00126318  0.2500
       3  0.00084370  0.09828602  0.00038138  0.2500
       4  0.09465596  0.10481705 -0.00088180  0.2500
       5  0.00136474 -0.00039288  0.09811691  0.2500
       6  0.09517700  0.00613815  0.09685373  0.2500
       7  0.00220845  0.09789314  0.09849829  0.2500
       8  0.09602070  0.10442417  0.09723511  0.2500


K-POINTS DIRECT COORDINATES
 KPOINTS    DIRECT_X    DIRECT_Y    DIRECT_Z  WEIGHT
       1  0.00000000  0.00000000  0.00000000  0.2500
       2  0.50000000  0.00000000  0.00000000  0.2500
       3  0.00000000  0.50000000  0.00000000  0.2500
       4  0.50000000  0.50000000  0.00000000  0.2500
       5  0.00000000  0.00000000  0.50000000  0.2500
       6  0.50000000  0.00000000  0.50000000  0.2500
       7  0.00000000  0.50000000  0.50000000  0.2500
       8  0.50000000  0.50000000  0.50000000  0.2500

 DONE : INIT K-POINTS Time : 9.92434 (SEC)





 >>>>>>>>>>>>>>>>>>>>>>>>>>>>>>>>>>>>>>>>>>>>>>>>>>>>>>>>>>>>>>>>>>>>>>
 |                                                                    |
 | Setup plane waves of wave functions:                               |
 | Use the energy cutoff and the lattice vectors to generate the      |
 | dimensions of FFT grid. The number of FFT grid on each processor   |
 | is 'nrxx'. The number of plane wave basis in reciprocal space is   |
 | different for charege/potential and wave functions. We also set    |
 | the 'sticks' for the parallel of FFT. The number of plane wave of  |
 | each k-point is 'npwk[ik]' in each processor                       |
 <<<<<<<<<<<<<<<<<<<<<<<<<<<<<<<<<<<<<<<<<<<<<<<<<<<<<<<<<<<<<<<<<<<<<<





 SETUP PLANE WAVES FOR WAVE FUNCTIONS
     energy cutoff for wavefunc (unit:Ry) = 100
              fft grid for wave functions = [ 72, 64, 64 ]
                    number of plane waves = 18621
                         number of sticks = 865

 PARALLEL PW FOR WAVE FUNCTIONS
     PROC   COLUMNS(POT)             PW
        1             27            583
        2             27            583
        3             28            582
        4             27            583
        5             27            583
        6             27            583
        7             27            583
        8             27            583
        9             27            583
       10             27            582
       11             27            582
       12             27            583
       13             27            583
       14             27            583
       15             27            583
       16             27            581
       17             27            581
       18             27            581
       19             27            581
       20             27            581
       21             27            581
       22             27            581
       23             27            581
       24             27            581
       25             27            581
       26             27            581
       27             27            582
       28             27            582
       29             27            581
       30             27            581
       31             27            581
       32             27            581
 --------------- sum -------------------
       32            865          18621
 DONE : INIT PLANEWAVE Time : 9.93033 (SEC)

 SET NONLOCAL PSEUDOPOTENTIAL PROJECTORS
 SET NONLOCAL PSEUDOPOTENTIAL PROJECTORS
 max number of nonlocal projetors among all species is 8
 DONE : LOCAL POTENTIAL Time : 10.4358 (SEC)


 -------------------------------------------
 SELF-CONSISTENT
 -------------------------------------------




 >>>>>>>>>>>>>>>>>>>>>>>>>>>>>>>>>>>>>>>>>>>>>>>>>>>>>>>>>>>>>>>>>>>>>>
 |                                                                    |
 | Search adjacent atoms:                                             |
 | Set the adjacent atoms for each atom and set the periodic boundary |
 | condition for the atoms on real space FFT grid. For k-dependent    |
 | algorithm, we also need to set the sparse H and S matrix element   |
 | for each atom.                                                     |
 |                                                                    |
 <<<<<<<<<<<<<<<<<<<<<<<<<<<<<<<<<<<<<<<<<<<<<<<<<<<<<<<<<<<<<<<<<<<<<<





 SETUP SEARCHING RADIUS FOR PROGRAM TO SEARCH ADJACENT ATOMS
                  longest orb rcut (Bohr) = 10
   longest nonlocal projector rcut (Bohr) = 2.46
                     search radius (Bohr) = 24.9
              searching radius is (Bohr)) = 24.9
         searching radius unit is (Bohr)) = 1.89
                         PeriodicBoundary = 1
                        Radius(unit:lat0) = 13.2
                                   glayer = [ 4, 4, 4 ]
                             glayer_minus = [ 3, 3, 3 ]

Find the coordinate range of the input atom(unit:lat0).
                                  min_tau = [ -17.3, -14.5, -15.6 ]
                                  max_tau = [ 22.2, 20.5, 20.5 ]
                                BoxNumber = [ 7, 7, 7 ]

 SETUP EXTENDED REAL SPACE GRID FOR GRID INTEGRATION
                          real space grid = [ 72, 64, 64 ]
                 big cell numbers in grid = [ 18, 32, 32 ]
             meshcell numbers in big cell = [ 4, 2, 2 ]
                        extended fft grid = [ 18, 34, 34 ]
                dimension of extened grid = [ 55, 101, 101 ]
                            UnitCellTotal = 100
              Atom number in sub-FFT-grid = 12
    Local orbitals number in sub-FFT-grid = 212
                                ParaV.nnr = 78127

 Warning_Memory_Consuming allocated:  Gint::hRGint 12.4 MB

 Warning_Memory_Consuming allocated:  Gint::DMRGint 12.4 MB
                                 init_chg = atomic
 DONE : INIT SCF Time : 10.8871 (SEC)


 LCAO ALGORITHM --------------- ION=   1  ELEC=   1--------------------------------

 Density error is 0.15918015132
----------------------------------------------------------
     Energy           Rydberg                 eV          
----------------------------------------------------------
 E_KohnSham     -718.6898452679      -9778.2769903813     
 E_Harris       -704.9700574381      -9591.6097005460     
 E_Fermi        0.7412069309         10.0846376580        
----------------------------------------------------------


 LCAO ALGORITHM --------------- ION=   1  ELEC=   2--------------------------------

 Density error is 0.0645170017126
----------------------------------------------------------
     Energy           Rydberg                 eV          
----------------------------------------------------------
 E_KohnSham     -719.0055456773      -9782.5723148107     
 E_Harris       -715.3021013589      -9732.1843698552     
 E_Fermi        1.0395937492         14.1443985946        
----------------------------------------------------------


 LCAO ALGORITHM --------------- ION=   1  ELEC=   3--------------------------------

 Density error is 0.0385008834127
----------------------------------------------------------
     Energy           Rydberg                 eV          
----------------------------------------------------------
 E_KohnSham     -719.0355937099      -9782.9811392674     
 E_Harris       -718.4542718594      -9775.0718497290     
 E_Fermi        1.0380395241         14.1232522766        
----------------------------------------------------------


 LCAO ALGORITHM --------------- ION=   1  ELEC=   4--------------------------------

 Density error is 0.00797451951031
----------------------------------------------------------
     Energy           Rydberg                 eV          
----------------------------------------------------------
 E_KohnSham     -719.0335253890      -9782.9529983182     
 E_Harris       -718.2370881262      -9772.1169134441     
 E_Fermi        1.0415716109         14.1713087827        
----------------------------------------------------------


 LCAO ALGORITHM --------------- ION=   1  ELEC=   5--------------------------------

 Density error is 0.00154364744367
----------------------------------------------------------
     Energy           Rydberg                 eV          
----------------------------------------------------------
 E_KohnSham     -719.0351465350      -9782.9750551406     
 E_Harris       -719.0138708702      -9782.6855848710     
 E_Fermi        1.0421645679         14.1793763776        
----------------------------------------------------------


 LCAO ALGORITHM --------------- ION=   1  ELEC=   6--------------------------------

 Density error is 0.000689217494361
----------------------------------------------------------
     Energy           Rydberg                 eV          
----------------------------------------------------------
 E_KohnSham     -719.0351873536      -9782.9756105070     
 E_Harris       -718.9786439889      -9782.2062985622     
 E_Fermi        1.0428751154         14.1890438717        
----------------------------------------------------------


 LCAO ALGORITHM --------------- ION=   1  ELEC=   7--------------------------------

 Density error is 0.000223037929723
----------------------------------------------------------
     Energy           Rydberg                 eV          
----------------------------------------------------------
 E_KohnSham     -719.0351924652      -9782.9756800533     
 E_Harris       -719.0134827129      -9782.6803037205     
 E_Fermi        1.0435421553         14.1981194157        
----------------------------------------------------------


 LCAO ALGORITHM --------------- ION=   1  ELEC=   8--------------------------------

 Density error is 5.91274242402e-05
----------------------------------------------------------
     Energy           Rydberg                 eV          
----------------------------------------------------------
 E_KohnSham     -719.0351932483      -9782.9756907081     
 E_Harris       -719.0385041524      -9783.0207378695     
 E_Fermi        1.0436639033         14.1997758819        
----------------------------------------------------------


 LCAO ALGORITHM --------------- ION=   1  ELEC=   9--------------------------------

 Density error is 3.5047738684e-05
----------------------------------------------------------
     Energy           Rydberg                 eV          
----------------------------------------------------------
 E_KohnSham     -719.0351933413      -9782.9756919733     
 E_Harris       -719.0322621724      -9782.9358113750     
 E_Fermi        1.0436677660         14.1998284364        
----------------------------------------------------------


 LCAO ALGORITHM --------------- ION=   1  ELEC=  10--------------------------------

 Density error is 4.93331378748e-06
----------------------------------------------------------
     Energy           Rydberg                 eV          
----------------------------------------------------------
 E_KohnSham     -719.0351933707      -9782.9756923737     
 E_Harris       -719.0348822375      -9782.9714591891     
 E_Fermi        1.0436698178         14.1998563526        
----------------------------------------------------------


 LCAO ALGORITHM --------------- ION=   1  ELEC=  11--------------------------------

 Density error is 2.03243982335e-06
----------------------------------------------------------
     Energy           Rydberg                 eV          
----------------------------------------------------------
 E_KohnSham     -719.0351933708      -9782.9756923743     
 E_Harris       -719.0350531792      -9782.9737849707     
 E_Fermi        1.0436707907         14.1998695901        
----------------------------------------------------------


 LCAO ALGORITHM --------------- ION=   1  ELEC=  12--------------------------------

 Density error is 4.36033835132e-07
----------------------------------------------------------
     Energy           Rydberg                 eV          
----------------------------------------------------------
 E_KohnSham     -719.0351933709      -9782.9756923758     
 E_Harris       -719.0351566187      -9782.9751923368     
 E_Fermi        1.0436712750         14.1998761792        
----------------------------------------------------------


 LCAO ALGORITHM --------------- ION=   1  ELEC=  13--------------------------------

 Density error is 2.40957053642e-07
----------------------------------------------------------
     Energy           Rydberg                 eV          
----------------------------------------------------------
 E_KohnSham     -719.0351933709      -9782.9756923758     
 E_Harris       -719.0351745671      -9782.9754365379     
 E_Fermi        1.0436715090         14.1998793620        
----------------------------------------------------------


 LCAO ALGORITHM --------------- ION=   1  ELEC=  14--------------------------------

 Density error is 5.00550841886e-08
----------------------------------------------------------
     Energy           Rydberg                 eV          
----------------------------------------------------------
 E_KohnSham     -719.0351933709      -9782.9756923759     
 E_Harris       -719.0351949115      -9782.9757133374     
 E_Fermi        1.0436717391         14.1998824933        
----------------------------------------------------------


 LCAO ALGORITHM --------------- ION=   1  ELEC=  15--------------------------------

 Density error is 1.38429905313e-08
----------------------------------------------------------
     Energy           Rydberg                 eV          
----------------------------------------------------------
 E_KohnSham     -719.0351933709      -9782.9756923759     
 E_Harris       -719.0351941406      -9782.9757028490     
 E_Fermi        1.0436717312         14.1998823861        
----------------------------------------------------------


 LCAO ALGORITHM --------------- ION=   1  ELEC=  16--------------------------------

 Density error is 4.5366209434e-09
----------------------------------------------------------
     Energy           Rydberg                 eV          
----------------------------------------------------------
 E_KohnSham     -719.0351933709      -9782.9756923759     
 E_KS(sigma->0) -719.0351933709      -9782.9756923759     
 E_Harris       -719.0351937056      -9782.9756969304     
 E_band         -39.2654492508       -534.2338443407      
 E_one_elec     -131.3209648228      -1786.7133884477     
 E_Hartree      120.6234843120       1641.1666992571      
 E_xc           -182.3916301025      -2481.5654369021     
 E_Ewald        -525.9460827576      -7155.8635662831     
 E_entropy(-TS) -0.0000000000        -0.0000000000        
 E_descf        0.0000000000         0.0000000000         
 E_exx          0.0000000000         0.0000000000         
 E_Fermi        1.0436717252         14.1998823037        
----------------------------------------------------------


 charge density convergence is achieved
 final etot is -9782.9756924 eV
 EFERMI = 14.199882304 eV

 STATE ENERGY(eV) AND OCCUPATIONS    NSPIN == 1
 1/8 kpoint (Cartesian) = 0.0000 0.0000 0.0000 (489 pws)
       1       -49.2708       0.250000
       2       -49.2604       0.250000
       3       -48.9993       0.250000
       4       -48.9899       0.250000
       5       -19.0008       0.250000
       6       -18.9996       0.250000
       7       -18.9591       0.250000
       8       -18.8047       0.250000
       9       -18.7251       0.250000
      10       -18.7053       0.250000
      11       -18.6478       0.250000
      12       -18.6431       0.250000
      13       -18.5435       0.250000
      14       -18.5401       0.250000
      15       -18.4611       0.250000
      16       -18.4551       0.250000
      17       -7.15111       0.250000
      18       -5.78416       0.250000
      19       -5.72451       0.250000
      20       -5.58162       0.250000
      21       -5.30598       0.250000
      22       -5.14884       0.250000
      23       -5.02034       0.250000
      24       -4.84431       0.250000
      25        5.25543       0.250000
      26        5.31172       0.250000
      27        5.75704       0.250000
      28        6.14958       0.250000
      29        6.23518       0.250000
      30        6.40796       0.250000
      31        7.49837       0.250000
      32        7.72400       0.250000
      33        7.83134       0.250000
      34        8.02651       0.250000
      35        8.11195       0.250000
      36        8.21543       0.250000
      37        8.88798       0.250000
      38        8.98077       0.250000
      39        9.23906       0.250000
      40        9.43050       0.250000
      41        9.52695       0.250000
      42        9.59314       0.250000
      43        9.71595       0.250000
      44        9.82521       0.250000
      45        10.3588       0.250000
      46        10.5184       0.250000
      47        10.5504       0.250000
      48        10.7159       0.250000
      49        15.6816        0.00000
      50        15.7552        0.00000
      51        16.3529        0.00000
      52        16.5202        0.00000
      53        16.6467        0.00000
      54        16.8266        0.00000
      55        16.9008        0.00000
      56        17.0502        0.00000
      57        17.0917        0.00000
      58        17.4512        0.00000

 2/8 kpoint (Cartesian) = 0.093812 0.0065310 -0.0012632 (499 pws)
       1       -49.2706       0.250000
       2       -49.2604       0.250000
       3       -48.9996       0.250000
       4       -48.9898       0.250000
       5       -18.9553       0.250000
       6       -18.9526       0.250000
       7       -18.8912       0.250000
       8       -18.8101       0.250000
       9       -18.7382       0.250000
      10       -18.7084       0.250000
      11       -18.6795       0.250000
      12       -18.6715       0.250000
      13       -18.6252       0.250000
      14       -18.5411       0.250000
      15       -18.4718       0.250000
      16       -18.4601       0.250000
      17       -6.43847       0.250000
      18       -6.39357       0.250000
      19       -5.52982       0.250000
      20       -5.52593       0.250000
      21       -5.39934       0.250000
      22       -5.38540       0.250000
      23       -5.03197       0.250000
      24       -4.99030       0.250000
      25        6.13435       0.250000
      26        6.20189       0.250000
      27        6.33232       0.250000
      28        6.36229       0.250000
      29        6.71578       0.250000
      30        6.77233       0.250000
      31        7.08624       0.250000
      32        7.21235       0.250000
      33        7.46222       0.250000
      34        7.62153       0.250000
      35        7.82465       0.250000
      36        7.92644       0.250000
      37        8.54274       0.250000
      38        8.72119       0.250000
      39        8.82595       0.250000
      40        9.11062       0.250000
      41        9.17326       0.250000
      42        9.21602       0.250000
      43        9.71773       0.250000
      44        9.84575       0.250000
      45        10.1274       0.250000
      46        10.2595       0.250000
      47        10.5393       0.250000
      48        10.6087       0.250000
      49        16.1144        0.00000
      50        16.1409        0.00000
      51        16.2668        0.00000
      52        16.3744        0.00000
      53        16.8537        0.00000
      54        16.9564        0.00000
      55        17.1635        0.00000
      56        17.2038        0.00000
      57        17.5399        0.00000
      58        17.6350        0.00000

 3/8 kpoint (Cartesian) = 0.00084370 0.098286 0.00038138 (498 pws)
       1       -49.2673       0.250000
       2       -49.2638       0.250000
       3       -48.9963       0.250000
       4       -48.9930       0.250000
       5       -18.9244       0.250000
       6       -18.8834       0.250000
       7       -18.8675       0.250000
       8       -18.8519       0.250000
       9       -18.8275       0.250000
      10       -18.7866       0.250000
      11       -18.5943       0.250000
      12       -18.5877       0.250000
      13       -18.5712       0.250000
      14       -18.5694       0.250000
      15       -18.5313       0.250000
      16       -18.5204       0.250000
      17       -6.51528       0.250000
      18       -5.96132       0.250000
      19       -5.74433       0.250000
      20       -5.58503       0.250000
      21       -5.58308       0.250000
      22       -5.29163       0.250000
      23       -5.01536       0.250000
      24       -4.95980       0.250000
      25        5.66992       0.250000
      26        5.94168       0.250000
      27        6.41325       0.250000
      28        6.43451       0.250000
      29        6.54655       0.250000
      30        6.83319       0.250000
      31        6.86016       0.250000
      32        7.03100       0.250000
      33        7.23962       0.250000
      34        7.55121       0.250000
      35        8.40595       0.250000
      36        8.45191       0.250000
      37        8.48324       0.250000
      38        8.56277       0.250000
      39        8.95695       0.250000
      40        8.99984       0.250000
      41        9.38383       0.250000
      42        9.70810       0.250000
      43        9.75274       0.250000
      44        10.0364       0.250000
      45        10.2564       0.250000
      46        10.3555       0.250000
      47        10.5050       0.250000
      48        10.8428       0.250000
      49        15.7477        0.00000
      50        15.8892        0.00000
      51        15.9635        0.00000
      52        16.2168        0.00000
      53        16.8046        0.00000
      54        16.9757        0.00000
      55        16.9938        0.00000
      56        17.2444        0.00000
      57        17.8381        0.00000
      58        17.9729        0.00000

 4/8 kpoint (Cartesian) = 0.094656 0.10482 -0.00088180 (503 pws)
       1       -49.2672       0.250000
       2       -49.2638       0.250000
       3       -48.9963       0.250000
       4       -48.9931       0.250000
       5       -18.9150       0.250000
       6       -18.9033       0.250000
       7       -18.8707       0.250000
       8       -18.8603       0.250000
       9       -18.8346       0.250000
      10       -18.7789       0.250000
      11       -18.6264       0.250000
      12       -18.5852       0.250000
      13       -18.5605       0.250000
      14       -18.5444       0.250000
      15       -18.5218       0.250000
      16       -18.5162       0.250000
      17       -6.17460       0.250000
      18       -6.14903       0.250000
      19       -5.73885       0.250000
      20       -5.57672       0.250000
      21       -5.50029       0.250000
      22       -5.46407       0.250000
      23       -5.16882       0.250000
      24       -4.98603       0.250000
      25        6.21019       0.250000
      26        6.28830       0.250000
      27        6.56121       0.250000
      28        6.66218       0.250000
      29        6.75512       0.250000
      30        6.92221       0.250000
      31        7.04089       0.250000
      32        7.26407       0.250000
      33        7.68325       0.250000
      34        7.77082       0.250000
      35        8.15027       0.250000
      36        8.21998       0.250000
      37        8.45261       0.250000
      38        8.53682       0.250000
      39        8.63018       0.250000
      40        8.74247       0.250000
      41        9.28584       0.250000
      42        9.29769       0.250000
      43        9.57343       0.250000
      44        9.74481       0.250000
      45        9.84003       0.250000
      46        9.88521       0.250000
      47        10.0864       0.250000
      48        10.2826       0.250000
      49        15.5753        0.00000
      50        15.8971        0.00000
      51        16.2080        0.00000
      52        16.2298        0.00000
      53        16.7754        0.00000
      54        16.9255        0.00000
      55        17.1904        0.00000
      56        17.7113        0.00000
      57        17.9447        0.00000
      58        18.0503        0.00000

 5/8 kpoint (Cartesian) = 0.0013647 -0.00039288 0.098117 (494 pws)
       1       -49.2661       0.250000
       2       -49.2650       0.250000
       3       -48.9949       0.250000
       4       -48.9943       0.250000
       5       -18.9085       0.250000
       6       -18.9080       0.250000
       7       -18.8553       0.250000
       8       -18.8550       0.250000
       9       -18.8116       0.250000
      10       -18.8111       0.250000
      11       -18.5912       0.250000
      12       -18.5909       0.250000
      13       -18.5721       0.250000
      14       -18.5718       0.250000
      15       -18.5198       0.250000
      16       -18.5196       0.250000
      17       -6.30288       0.250000
      18       -6.30174       0.250000
      19       -5.62323       0.250000
      20       -5.62177       0.250000
      21       -5.42000       0.250000
      22       -5.41931       0.250000
      23       -4.99251       0.250000
      24       -4.99187       0.250000
      25        5.88287       0.250000
      26        5.88359       0.250000
      27        6.50083       0.250000
      28        6.50165       0.250000
      29        6.76578       0.250000
      30        6.76613       0.250000
      31        6.93098       0.250000
      32        6.93198       0.250000
      33        7.20289       0.250000
      34        7.20429       0.250000
      35        8.34215       0.250000
      36        8.34373       0.250000
      37        8.60845       0.250000
      38        8.61156       0.250000
      39        8.89416       0.250000
      40        8.89605       0.250000
      41        9.54289       0.250000
      42        9.54404       0.250000
      43        9.84068       0.250000
      44        9.84092       0.250000
      45        10.4256       0.250000
      46        10.4260       0.250000
      47        10.5977       0.250000
      48        10.5985       0.250000
      49        16.0167        0.00000
      50        16.0186        0.00000
      51        16.4017        0.00000
      52        16.4042        0.00000
      53        16.7353        0.00000
      54        16.7364        0.00000
      55        17.0926        0.00000
      56        17.0940        0.00000
      57        17.6727        0.00000
      58        17.6735        0.00000

 6/8 kpoint (Cartesian) = 0.095177 0.0061381 0.096854 (500 pws)
       1       -49.2660       0.250000
       2       -49.2650       0.250000
       3       -48.9950       0.250000
       4       -48.9944       0.250000
       5       -18.8978       0.250000
       6       -18.8976       0.250000
       7       -18.8711       0.250000
       8       -18.8706       0.250000
       9       -18.8090       0.250000
      10       -18.8086       0.250000
      11       -18.6007       0.250000
      12       -18.6004       0.250000
      13       -18.5566       0.250000
      14       -18.5564       0.250000
      15       -18.5246       0.250000
      16       -18.5245       0.250000
      17       -6.06312       0.250000
      18       -6.06241       0.250000
      19       -5.90691       0.250000
      20       -5.90592       0.250000
      21       -5.36547       0.250000
      22       -5.36494       0.250000
      23       -5.04260       0.250000
      24       -5.04211       0.250000
      25        6.46609       0.250000
      26        6.46717       0.250000
      27        6.50082       0.250000
      28        6.50106       0.250000
      29        6.80766       0.250000
      30        6.80803       0.250000
      31        7.25365       0.250000
      32        7.25454       0.250000
      33        7.75129       0.250000
      34        7.75187       0.250000
      35        8.07577       0.250000
      36        8.07688       0.250000
      37        8.36079       0.250000
      38        8.36156       0.250000
      39        8.57478       0.250000
      40        8.57552       0.250000
      41        9.36154       0.250000
      42        9.36305       0.250000
      43        9.57479       0.250000
      44        9.57524       0.250000
      45        9.96396       0.250000
      46        9.96435       0.250000
      47        10.1843       0.250000
      48        10.1860       0.250000
      49        16.1389        0.00000
      50        16.1406        0.00000
      51        16.2767        0.00000
      52        16.2776        0.00000
      53        16.7544        0.00000
      54        16.7552        0.00000
      55        17.1229        0.00000
      56        17.1243        0.00000
      57        17.8919        0.00000
      58        17.8934        0.00000

 7/8 kpoint (Cartesian) = 0.0022084 0.097893 0.098498 (498 pws)
       1       -49.2660       0.250000
       2       -49.2650       0.250000
       3       -48.9950       0.250000
       4       -48.9944       0.250000
       5       -18.9709       0.250000
       6       -18.9707       0.250000
       7       -18.8507       0.250000
       8       -18.8501       0.250000
       9       -18.7192       0.250000
      10       -18.7189       0.250000
      11       -18.6858       0.250000
      12       -18.6857       0.250000
      13       -18.5771       0.250000
      14       -18.5768       0.250000
      15       -18.4539       0.250000
      16       -18.4537       0.250000
      17       -6.14985       0.250000
      18       -6.14876       0.250000
      19       -5.72571       0.250000
      20       -5.72549       0.250000
      21       -5.51563       0.250000
      22       -5.51475       0.250000
      23       -4.99830       0.250000
      24       -4.99772       0.250000
      25        6.26530       0.250000
      26        6.26631       0.250000
      27        6.48759       0.250000
      28        6.48767       0.250000
      29        6.95895       0.250000
      30        6.95956       0.250000
      31        7.37878       0.250000
      32        7.37945       0.250000
      33        7.68111       0.250000
      34        7.68266       0.250000
      35        7.88656       0.250000
      36        7.88733       0.250000
      37        8.61386       0.250000
      38        8.61434       0.250000
      39        8.79022       0.250000
      40        8.79088       0.250000
      41        9.10518       0.250000
      42        9.10561       0.250000
      43        9.47059       0.250000
      44        9.47169       0.250000
      45        10.0410       0.250000
      46        10.0430       0.250000
      47        10.6531       0.250000
      48        10.6541       0.250000
      49        15.5950        0.00000
      50        15.5973        0.00000
      51        16.1952        0.00000
      52        16.1974        0.00000
      53        16.6639        0.00000
      54        16.6658        0.00000
      55        17.0897        0.00000
      56        17.0923        0.00000
      57        17.6181        0.00000
      58        17.6185        0.00000

 8/8 kpoint (Cartesian) = 0.096021 0.10442 0.097235 (508 pws)
       1       -49.2660       0.250000
       2       -49.2649       0.250000
       3       -48.9950       0.250000
       4       -48.9944       0.250000
       5       -19.0100       0.250000
       6       -19.0099       0.250000
       7       -18.9207       0.250000
       8       -18.9203       0.250000
       9       -18.6970       0.250000
      10       -18.6968       0.250000
      11       -18.6290       0.250000
      12       -18.6289       0.250000
      13       -18.5368       0.250000
      14       -18.5366       0.250000
      15       -18.4564       0.250000
      16       -18.4562       0.250000
      17       -6.19765       0.250000
      18       -6.19731       0.250000
      19       -6.01922       0.250000
      20       -6.01809       0.250000
      21       -5.21146       0.250000
      22       -5.21119       0.250000
      23       -4.96320       0.250000
      24       -4.96266       0.250000
      25        6.64295       0.250000
      26        6.64445       0.250000
      27        6.69598       0.250000
      28        6.69657       0.250000
      29        6.94143       0.250000
      30        6.94207       0.250000
      31        7.27813       0.250000
      32        7.27912       0.250000
      33        7.79823       0.250000
      34        7.79904       0.250000
      35        8.01414       0.250000
      36        8.01442       0.250000
      37        8.57812       0.250000
      38        8.57961       0.250000
      39        8.66267       0.250000
      40        8.66357       0.250000
      41        9.14883       0.250000
      42        9.14924       0.250000
      43        9.48954       0.250000
      44        9.48993       0.250000
      45        9.74427       0.250000
      46        9.74493       0.250000
      47        10.0566       0.250000
      48        10.0589       0.250000
      49        15.5723        0.00000
      50        15.5737        0.00000
      51        16.2065        0.00000
      52        16.2083        0.00000
      53        16.3891        0.00000
      54        16.3904        0.00000
      55        16.7809        0.00000
      56        16.7826        0.00000
      57        17.6903        0.00000
      58        17.6914        0.00000

 correction force for each atom along direction 1 is 1.49074e-06
 correction force for each atom along direction 2 is 2.90399e-06
 correction force for each atom along direction 3 is 7.45081e-06
------------------------------------------------------------------------------------------
 TOTAL-FORCE (eV/Angstrom)                                                                
------------------------------------------------------------------------------------------
                       Hf1        -0.1728711073        -0.0061720640         0.1790661374 
                       Hf2         0.1775608141         0.0054813778         0.1748157645 
                       Hf3         0.0308127242        -0.0709216350        -0.0179536721 
                       Hf4        -0.0311259953         0.0703396101        -0.0170111376 
                        O1         0.0005159624         0.0024409747         0.0447660386 
                        O2        -0.0312849800        -0.0903942657         0.0460517198 
                        O3         0.0013166984        -0.0063387767        -0.0806075439 
                        O4        -0.0225958659        -0.2015613195        -0.1686265817 
                        O5         0.0327922043         0.0905630514         0.0451392163 
                        O6         0.0005844987        -0.0033738464         0.0439508726 
                        O7         0.0177765856         0.2038252526        -0.1680585924 
                        O8        -0.0034815394         0.0061116408        -0.0815322214 
------------------------------------------------------------------------------------------

----------------------------------------------------------------
 TOTAL-STRESS (KBAR)                                            
----------------------------------------------------------------
         2.5886690254        -8.3267513555        -0.0958470602 
        -8.3267513555        -0.4713702140         0.1296053493 
        -0.0958470602         0.1296053493        -0.8605241894 
----------------------------------------------------------------
 TOTAL-PRESSURE: 0.418925 KBAR



 --------------------------------------------
 !FINAL_ETOT_IS -9782.9756923758541234 eV
 --------------------------------------------


TIME STATISTICS
------------------------------------------------------------------------------------
    CLASS_NAME                    NAME                TIME/s  CALLS   AVG/s  PER/%  
------------------------------------------------------------------------------------
                   total                              80.73  13       6.21   100.00 
 Driver            reading                            9.14   1        9.14   11.32  
 Input_Conv        Convert                            0.00   1        0.00   0.00   
 Driver            driver_line                        71.59  1        71.59  88.68  
 UnitCell          check_tau                          0.00   1        0.00   0.00   
 ESolver_KS_LCAO   before_all_runners                 0.81   1        0.81   1.00   
 PW_Basis_Sup      setuptransform                     0.01   1        0.01   0.01   
 PW_Basis_Sup      distributeg                        0.00   1        0.00   0.00   
 mymath            heapsort                           0.00   35       0.00   0.00   
 Charge_Mixing     init_mixing                        0.00   1        0.00   0.00   
 Symmetry          analy_sys                          0.03   1        0.03   0.04   
 PW_Basis_K        setuptransform                     0.00   1        0.00   0.00   
 PW_Basis_K        distributeg                        0.00   1        0.00   0.00   
 PW_Basis          setup_struc_factor                 0.00   1        0.00   0.00   
 NOrbital_Lm       extra_uniform                      0.16   14       0.01   0.20   
 Mathzone_Add1     SplineD2                           0.00   14       0.00   0.00   
 Mathzone_Add1     Cubic_Spline_Interpolation         0.00   14       0.00   0.01   
 Mathzone_Add1     Uni_Deriv_Phi                      0.15   14       0.01   0.19   
 ppcell_vl         init_vloc                          0.10   1        0.10   0.12   
 Ions              opt_ions                           70.29  1        70.29  87.06  
 ESolver_KS_LCAO   runner                             65.02  1        65.02  80.54  
 ESolver_KS_LCAO   before_scf                         0.45   1        0.45   0.56   
 atom_arrange      search                             0.00   1        0.00   0.00   
 atom_arrange      grid_d.init                        0.00   1        0.00   0.00   
 Grid              Construct_Adjacent_expand          0.00   1        0.00   0.00   
 Grid              Construct_Adjacent_expand_periodic 0.00   12       0.00   0.00   
 Grid_Technique    init                               0.10   1        0.10   0.13   
 Grid_BigCell      grid_expansion_index               0.02   2        0.01   0.03   
 Grid_Driver       Find_atom                          0.00   120      0.00   0.00   
 Record_adj        for_2d                             0.04   1        0.04   0.04   
 LCAO_domain       grid_prepare                       0.00   1        0.00   0.00   
 Veff              initialize_HR                      0.00   1        0.00   0.00   
 OverlapNew        initialize_SR                      0.00   1        0.00   0.00   
 EkineticNew       initialize_HR                      0.00   1        0.00   0.00   
 NonlocalNew       initialize_HR                      0.02   1        0.02   0.03   
 Charge            set_rho_core                       0.11   1        0.11   0.14   
 PW_Basis_Sup      recip2real                         0.14   132      0.00   0.18   
 PW_Basis_Sup      gathers_scatterp                   0.12   132      0.00   0.15   
 Charge            atomic_rho                         0.21   2        0.11   0.26   
 Potential         init_pot                           0.02   1        0.02   0.02   
 Potential         update_from_charge                 0.31   17       0.02   0.39   
 Potential         cal_fixed_v                        0.00   1        0.00   0.00   
 PotLocal          cal_fixed_v                        0.00   1        0.00   0.00   
 Potential         cal_v_eff                          0.31   17       0.02   0.39   
 H_Hartree_pw      v_hartree                          0.06   17       0.00   0.08   
 PW_Basis_Sup      real2recip                         0.16   153      0.00   0.20   
 PW_Basis_Sup      gatherp_scatters                   0.14   153      0.00   0.18   
 PotXC             cal_v_eff                          0.25   17       0.01   0.31   
 XC_Functional     v_xc                               0.26   19       0.01   0.32   
 Potential         interpolate_vrs                    0.00   17       0.00   0.00   
 Symmetry          rhog_symmetry                      0.46   17       0.03   0.57   
 Symmetry          group fft grids                    0.14   17       0.01   0.17   
 H_Ewald_pw        compute_ewald                      0.00   1        0.00   0.00   
 HSolverLCAO       solve                              63.28  16       3.96   78.38  
 HamiltLCAO        updateHk                           30.60  128      0.24   37.91  
 OperatorLCAO      init                               30.49  384      0.08   37.76  
 Veff              contributeHR                       30.09  16       1.88   37.27  
 Gint_interface    cal_gint                           54.39  33       1.65   67.37  
 Gint_interface    cal_gint_vlocal                    28.15  16       1.76   34.87  
 Gint_Tools        cal_psir_ylm                       2.25   18432    0.00   2.79   
 Gint_k            transfer_pvpR                      1.93   16       0.12   2.39   
 OverlapNew        calculate_SR                       0.09   1        0.09   0.11   
 OverlapNew        contributeHk                       0.02   128      0.00   0.03   
 EkineticNew       contributeHR                       0.09   16       0.01   0.12   
 EkineticNew       calculate_HR                       0.09   1        0.09   0.11   
 NonlocalNew       contributeHR                       0.27   16       0.02   0.34   
 NonlocalNew       calculate_HR                       0.26   1        0.26   0.32   
 OperatorLCAO      contributeHk                       0.03   128      0.00   0.04   
 HSolverLCAO       hamiltSolvePsiK                    6.89   128      0.05   8.54   
 DiagoElpa         elpa_solve                         6.47   128      0.05   8.01   
 elecstate         cal_dm                             0.15   17       0.01   0.18   
 psiMulPsiMpi      pdgemm                             0.15   136      0.00   0.18   
 DensityMatrix     cal_DMR                            0.04   17       0.00   0.05   
 ElecStateLCAO     psiToRho                           25.61  16       1.60   31.72  
 Gint              transfer_DMR                       1.47   16       0.09   1.82   
 Gint_interface    cal_gint_rho                       23.11  16       1.44   28.63  
 Charge_Mixing     get_drho                           0.02   16       0.00   0.02   
 Charge            mix_rho                            0.16   15       0.01   0.20   
 Charge            Broyden_mixing                     0.12   15       0.01   0.15   
 ModuleIO          write_rhog                         0.03   1        0.03   0.04   
 ESolver_KS_LCAO   after_scf                          0.11   1        0.11   0.14   
 ESolver_KS_LCAO   cal_force                          5.26   1        5.26   6.52   
 Force_Stress_LCAO getForceStress                     5.26   1        5.26   6.52   
 Forces            cal_force_loc                      0.00   1        0.00   0.00   
 Forces            cal_force_ew                       0.00   1        0.00   0.00   
 Forces            cal_force_cc                       0.12   1        0.12   0.14   
 Forces            cal_force_scc                      0.11   1        0.11   0.13   
 Stress_Func       stress_loc                         0.33   1        0.33   0.41   
 Stress_Func       stress_har                         0.00   1        0.00   0.00   
 Stress_Func       stress_ewa                         0.00   1        0.00   0.00   
 Stress_Func       stress_cc                          0.45   1        0.45   0.56   
 Stress_Func       stress_gga                         0.00   1        0.00   0.00   
 Force_LCAO        ftable                             3.48   1        3.48   4.31   
 Force_LCAO        allocate                           0.25   1        0.25   0.31   
 LCAO_domain       build_ST_new                       0.25   2        0.13   0.31   
 Force_LCAO        cal_pulay_fs_center2               0.01   2        0.00   0.01   
 Gint_interface    cal_gint_force                     3.13   1        3.13   3.87   
 Gint_Tools        cal_dpsir_ylm                      0.26   576      0.00   0.32   
 Gint_Tools        cal_dpsirr_ylm                     0.07   576      0.00   0.08   
 NonlocalNew       cal_force_stress                   0.77   1        0.77   0.95   
 ESolver_KS_LCAO   cal_stress                         0.00   1        0.00   0.00   
 ESolver_KS_LCAO   after_all_runners                  0.00   1        0.00   0.01   
 ModuleIO          write_istate_info                  0.00   1        0.00   0.01   
------------------------------------------------------------------------------------


 NAME-------------------------|MEMORY(MB)--------
                         total      1978.3352
                  Gint::hRGint       398.3855
                 Gint::DMRGint       398.0730
       TwoCenterTable: Kinetic       137.3855
       TwoCenterTable: Overlap       137.3855
      TwoCenterTable: Nonlocal       136.0217
                   Stress::dSR       112.0655
                  meshball_pos        71.6418
               GT::ind_bigcell        68.4882
         GT::in_this_processor        68.4882
              GT::index2normal        68.4882
               GT::index2ucell        68.4882
                   Force::dS_K        56.0327
                   Stress::dHr        56.0327
                  Force::dTVNL        56.0327
                HamiltLCAO::hR        25.4093
            DensityMatrix::DMR        25.4093
                HamiltLCAO::sR        17.2184
      GT::bigcell_on_processor        17.1220
                    index_ball        11.9403
            DensityMatrix::DMK         5.4863
                GT::which_atom         3.9967
             GT::which_bigcell         3.9967
            GT::which_unitcell         3.9967
                  SF::strucFac         3.8473
                RealGauntTable         3.7773
                  PW_B_K::gcar         2.9324
                  SF::eigts123         2.3452
                      Chg::rho         2.2500
                 Chg::rho_save         2.2500
                 Chg::rho_core         2.2500
                 Pot::veff_fix         2.2500
                     Pot::veff         2.2500
              Pot::veff_smooth         2.2500
 -------------   < 1.0 MB has been ignored ----------------
 ----------------------------------------------------------

 Start  Time  : Fri Oct  9 14:54:55 2026
 Finish Time  : Fri Oct  9 14:56:16 2026
 Total  Time  : 0 h 1 mins 21 secs 
