                                                                                     
                              ABACUS v3.10.0

               Atomic-orbital Based Ab-initio Computation at UStc                    

                     Website: http://abacus.ustc.edu.cn/                             
               Documentation: https://abacus.deepmodeling.com/                       
                  Repository: https://github.com/abacusmodeling/abacus-develop       
                              https://github.com/deepmodeling/abacus-develop         
                      Commit: f7cb1d3 (Mon May 12 16:53:30 2025 +0800)

    Start Time is Fri Oct  9 23:04:57 2026
                                                                                     
 ------------------------------------------------------------------------------------

 READING GENERAL INFORMATION
                           global_out_dir = OUT.ABACUS/
                           global_in_card = INPUT
                               pseudo_dir = 
                              orbital_dir = 
                                    DRANK = 1
                                    DSIZE = 32
                                   DCOLOR = 1
                                    GRANK = 1
                                    GSIZE = 1




 >>>>>>>>>>>>>>>>>>>>>>>>>>>>>>>>>>>>>>>>>>>>>>>>>>>>>>>>>>>>>>>>>>>>>>
 |                                                                    |
 | Reading atom information in unitcell:                              |
 | From the input file and the structure file we know the number of   |
 | different elments in this unitcell, then we list the detail        |
 | information for each element, especially the zeta and polar atomic |
 | orbital number for each element. The total atom number is counted. |
 | We calculate the nearest atom distance for each atom and show the  |
 | Cartesian and Direct coordinates for each atom. We list the file   |
 | address for atomic orbitals. The volume and the lattice vectors    |
 | in real and reciprocal space is also shown.                        |
 |                                                                    |
 <<<<<<<<<<<<<<<<<<<<<<<<<<<<<<<<<<<<<<<<<<<<<<<<<<<<<<<<<<<<<<<<<<<<<<




 READING UNITCELL INFORMATION
                                    ntype = 2
                  lattice constant (Bohr) = 1.88973
              lattice constant (Angstrom) = 1

 READING ATOM TYPE 1
                               atom label = Hf
                      L=0, number of zeta = 4
                      L=1, number of zeta = 2
                      L=2, number of zeta = 2
                      L=3, number of zeta = 1
             number of atom for this type = 4

 READING ATOM TYPE 2
                               atom label = O
                      L=0, number of zeta = 2
                      L=1, number of zeta = 2
                      L=2, number of zeta = 1
             number of atom for this type = 8

                        TOTAL ATOM NUMBER = 12
DIRECT COORDINATES
    atom                   x                   y                   z     mag                  vx                  vy                  vz
taud_Hf1            0.9990672845        0.0019808866        0.9972788932  0.0000        0.0000000000        0.0000000000        0.0000000000
taud_Hf2            0.4990634647        0.0827048319        0.4474274192  0.0000        0.0000000000        0.0000000000        0.0000000000
taud_Hf3            0.4177558174        0.5019833909        0.9972811320  0.0000        0.0000000000        0.0000000000        0.0000000000
taud_Hf4            0.9177576030        0.5827008864        0.4474246258  0.0000        0.0000000000        0.0000000000        0.0000000000
taud_O1            0.2019535235        0.3132924513        0.2723403556  0.0000        0.0000000000        0.0000000000        0.0000000000
taud_O2            0.7148819054        0.2713918529        0.1723691921  0.0000        0.0000000000        0.0000000000        0.0000000000
taud_O3            0.2889344844        0.1371484614        0.7900509413  0.0000        0.0000000000        0.0000000000        0.0000000000
taud_O4            0.6278829428        0.4475346369        0.6546551348  0.0000        0.0000000000        0.0000000000        0.0000000000
taud_O5            0.2148788728        0.8132899693        0.2723441854  0.0000        0.0000000000        0.0000000000        0.0000000000
taud_O6            0.7019519379        0.7713936663        0.1723643093  0.0000        0.0000000000        0.0000000000        0.0000000000
taud_O7            0.1278828330        0.6371449128        0.7900569966  0.0000        0.0000000000        0.0000000000        0.0000000000
taud_O8            0.7889283306        0.9475270533        0.6546578148  0.0000        0.0000000000        0.0000000000        0.0000000000



                          Volume (Bohr^3) = 916.113
                             Volume (A^3) = 135.754

 Lattice vectors: (Cartesian coordinate: in unit of a_0)
             +5.23906        +1.01546e-33              -5e-15
                   +0            +5.07585                  +0
         -4.81897e-05           -0.841031            +5.10493
 Reciprocal vectors: (Cartesian coordinate: in unit of 2 pi/a_0)
            +0.190874                  -0        +1.80182e-06
         +3.09763e-17           +0.197011          +0.0324574
          +1.8695e-16                  -0           +0.195889
 The esolver type has been set to : ksdft_lcao

 RUNNING WITH DEVICE  : CPU / AMD EPYC 7702 64-Core Processor




 >>>>>>>>>>>>>>>>>>>>>>>>>>>>>>>>>>>>>>>>>>>>>>>>>>>>>>>>>>>>>>>>>>>>>>
 |                                                                    |
 | Reading pseudopotentials files:                                    |
 | The pseudopotential file is in UPF format. The 'NC' indicates that |
 | the type of pseudopotential is 'norm conserving'. Functional of    |
 | exchange and correlation is decided by 4 given parameters in UPF   |
 | file.  We also read in the 'core correction' if there exists.      |
 | Also we can read the valence electrons number and the maximal      |
 | angular momentum used in this pseudopotential. We also read in the |
 | trail wave function, trail atomic density and local-pseudopotential|
 | on logrithmic grid. The non-local pseudopotential projector is also|
 | read in if there is any.                                           |
 |                                                                    |
 <<<<<<<<<<<<<<<<<<<<<<<<<<<<<<<<<<<<<<<<<<<<<<<<<<<<<<<<<<<<<<<<<<<<<<




                PAO radial cut off (Bohr) = 15

 Read in pseudopotential file is Hf.upf
                     pseudopotential type = NC
          exchange-correlation functional = PBE
                 nonlocal core correction = 1
                        valence electrons = 12
                                     lmax = 3
                           number of zeta = 4
                     number of projectors = 8
                           L of projector = 0
                           L of projector = 0
                           L of projector = 1
                           L of projector = 1
                           L of projector = 2
                           L of projector = 2
                           L of projector = 3
                           L of projector = 3
                PAO radial cut off (Bohr) = 15

 Read in pseudopotential file is O.upf
                     pseudopotential type = NC
          exchange-correlation functional = PBE
                 nonlocal core correction = 1
                        valence electrons = 6
                                     lmax = 2
                           number of zeta = 2
                     number of projectors = 5
                           L of projector = 0
                           L of projector = 0
                           L of projector = 1
                           L of projector = 1
                           L of projector = 2
     initial pseudo atomic orbital number = 72

 SETUP THE ELECTRONS NUMBER
            electron number of element Hf = 12
      total electron number of element Hf = 48
             electron number of element O = 6
       total electron number of element O = 48
            AUTOSET number of electrons:  = 96
                           occupied bands = 48
                                   NLOCAL = 212
                                   NBANDS = 58
                                   NBANDS = 58
                                   NLOCAL = 212

%%%%%%%%%%%%%%%%%%%%%%%%%%%%%%%%%%%%%%%%%%%%%%%%%%%%%%%%%%%%%%%%%%%%%%%%%%%%%%%%%%%%%%%%%%%%%%%%%%%%%%%%%%
 Warning: the number of valence electrons in pseudopotential > 4 for Hf: [Xe] 4f14 5d2 6s2
 Pseudopotentials with additional electrons can yield (more) accurate outcomes, but may be less efficient.
 If you're confident that your chosen pseudopotential is appropriate, you can safely ignore this warning.
%%%%%%%%%%%%%%%%%%%%%%%%%%%%%%%%%%%%%%%%%%%%%%%%%%%%%%%%%%%%%%%%%%%%%%%%%%%%%%%%%%%%%%%%%%%%%%%%%%%%%%%%%%
                  




 >>>>>>>>>>>>>>>>>>>>>>>>>>>>>>>>>>>>>>>>>>>>>>>>>>>>>>>>>>>>>>>>>>>>>>
 |                                                                    |
 | Setup plane waves of charge/potential:                             |
 | Use the energy cutoff and the lattice vectors to generate the      |
 | dimensions of FFT grid. The number of FFT grid on each processor   |
 | is 'nrxx'. The number of plane wave basis in reciprocal space is   |
 | different for charege/potential and wave functions. We also set    |
 | the 'sticks' for the parallel of FFT. The number of plane waves    |
 | is 'npw' in each processor.                                        |
 <<<<<<<<<<<<<<<<<<<<<<<<<<<<<<<<<<<<<<<<<<<<<<<<<<<<<<<<<<<<<<<<<<<<<<





 SETUP THE PLANE WAVE BASIS
 energy cutoff for charge/potential (unit:Ry) = 400
            fft grid for charge/potential = [ 64, 64, 64 ]
                        fft grid division = [ 2, 2, 2 ]
        big fft grid for charge/potential = [ 32, 32, 32 ]
                                     nbxx = 1024
                                     nrxx = 8192

 SETUP PLANE WAVES FOR CHARGE/POTENTIAL
                    number of plane waves = 123783
                         number of sticks = 3019

 PARALLEL PW FOR CHARGE/POTENTIAL
     PROC   COLUMNS(POT)             PW
        1             95           3870
        2             95           3868
        3             95           3868
        4             95           3868
        5             95           3868
        6             94           3867
        7             94           3867
        8             95           3871
        9             94           3868
       10             94           3868
       11             94           3868
       12             94           3868
       13             94           3868
       14             94           3868
       15             94           3868
       16             94           3868
       17             94           3868
       18             94           3868
       19             94           3868
       20             94           3868
       21             94           3868
       22             94           3868
       23             94           3867
       24             94           3867
       25             94           3867
       26             94           3867
       27             95           3871
       28             95           3871
       29             94           3867
       30             95           3869
       31             95           3869
       32             95           3869
 --------------- sum -------------------
       32           3019         123783
                            number of |g| = 3870
                                  max |g| = 36.1816
                                  min |g| = 0.0364329
 DONE : SETUP UNITCELL Time : 15.1859 (SEC)


----------- Double Check Mixing Parameters Begin ------------
mixing_type: broyden
mixing_beta: 0.3
mixing_gg0: 1
mixing_gg0_min: 0.1
mixing_ndim: 8
----------- Double Check Mixing Parameters End ------------




 >>>>>>>>>>>>>>>>>>>>>>>>>>>>>>>>>>>>>>>>>>>>>>>>>>>>>>>>>>>>>>>>>>>>>>
 |                                                                    |
 | Doing symmetry analysis:                                           |
 | We calculate the norm of 3 vectors and the angles between them,    |
 | the type of Bravais lattice is given. We can judge if the unticell |
 | is a primitive cell. Finally we give the point group operation for |
 | this unitcell. We use the point group operations to do symmetry |
 | analysis on given k-point mesh and the charge density.             |
 |                                                                    |
 <<<<<<<<<<<<<<<<<<<<<<<<<<<<<<<<<<<<<<<<<<<<<<<<<<<<<<<<<<<<<<<<<<<<<<




 LATTICE VECTORS: (CARTESIAN COORDINATE: IN UNIT OF A0)
             +5.23906        +1.01546e-33              -5e-15
                   +0            +5.07585                  +0
         -4.81897e-05           -0.841031            +5.10493
                       right hand lattice = 1
                                   NORM_A = 5.23906
                                   NORM_B = 5.07585
                                   NORM_C = 5.17375
                           ALPHA (DEGREE) = 99.3554
                           BETA  (DEGREE) = 90.0005
                           GAMMA (DEGREE) = 90

 The lattice vectors have been changed (STRU_SIMPLE.cif)

(for optimal symmetric configuration:)
                             BRAVAIS TYPE = 14
                     BRAVAIS LATTICE NAME = 14. Triclinic cell
                                    ibrav = 14
                                    IBRAV = 14
                                  BRAVAIS = TRICLINIC CELL
                       LATTICE CONSTANT A = 7.36315
                                B/A RATIO = 0.711525
                                C/A RATIO = 0.90081
                               COS(ALPHA) = 7.26537e-06
                                COS(BETA) = 0.460683
                               COS(GAMMA) = 0.711531
Original cell was already a primitive cell.
                        ROTATION MATRICES = 2
              PURE POINT GROUP OPERATIONS = 1
                   SPACE GROUP OPERATIONS = 1
                              POINT GROUP = C_1
               POINT GROUP IN SPACE GROUP = C_1
 DONE : SYMMETRY Time : 15.2222 (SEC)





 >>>>>>>>>>>>>>>>>>>>>>>>>>>>>>>>>>>>>>>>>>>>>>>>>>>>>>>>>>>>>>>>>>>>>>
 |                                                                    |
 | Setup K-points                                                     |
 | We setup the k-points according to input parameters.               |
 | The reduced k-points are set according to symmetry operations.     |
 | We treat the spin as another set of k-points.                      |
 |                                                                    |
 <<<<<<<<<<<<<<<<<<<<<<<<<<<<<<<<<<<<<<<<<<<<<<<<<<<<<<<<<<<<<<<<<<<<<<





 SETUP K-POINTS
                                    nspin = 1
                   Input type of k points = Monkhorst-Pack(Gamma)
                                   nkstot = 8
                       right hand lattice = 1
(for reciprocal lattice: )
                             BRAVAIS TYPE = 14
                     BRAVAIS LATTICE NAME = 14. Triclinic cell
                                    ibrav = 14
                       right hand lattice = 1
(for k-lattice: )
                             BRAVAIS TYPE = 14
                     BRAVAIS LATTICE NAME = 14. Triclinic cell
                                    ibrav = 14
                       right hand lattice = 1
                        ROTATION MATRICES = 2
                               nkstot_ibz = 8
K-POINTS REDUCTION ACCORDING TO SYMMETRY
     IBZ    DIRECT_X    DIRECT_Y    DIRECT_Z  WEIGHT  ibz2bz
       1  0.00000000  0.00000000  0.00000000  0.1250       0
       2  0.50000000  0.00000000  0.00000000  0.1250       1
       3  0.00000000  0.50000000  0.00000000  0.1250       2
       4  0.50000000  0.50000000  0.00000000  0.1250       3
       5  0.00000000  0.00000000  0.50000000  0.1250       4
       6  0.50000000  0.00000000  0.50000000  0.1250       5
       7  0.00000000  0.50000000  0.50000000  0.1250       6
       8  0.50000000  0.50000000  0.50000000  0.1250       7

                               nkstot now = 8
K-POINTS DIRECT COORDINATES
 KPOINTS    DIRECT_X    DIRECT_Y    DIRECT_Z  WEIGHT
       1  0.00000000  0.00000000  0.00000000  0.1250
       2  0.50000000  0.00000000  0.00000000  0.1250
       3  0.00000000  0.50000000  0.00000000  0.1250
       4  0.50000000  0.50000000  0.00000000  0.1250
       5  0.00000000  0.00000000  0.50000000  0.1250
       6  0.50000000  0.00000000  0.50000000  0.1250
       7  0.00000000  0.50000000  0.50000000  0.1250
       8  0.50000000  0.50000000  0.50000000  0.1250


           k-point number in this process = 8
       minimum distributed K point number = 8
starsize: 1
isym: 0 ks_vec: 0 0 0
starsize: 1
isym: 0 ks_vec: 0.5 0 0
starsize: 1
isym: 0 ks_vec: 0 0.5 0
starsize: 1
isym: 0 ks_vec: 0.5 0.5 0
starsize: 1
isym: 0 ks_vec: 0 0 0.5
starsize: 1
isym: 0 ks_vec: 0.5 0 0.5
starsize: 1
isym: 0 ks_vec: 0 0.5 0.5
starsize: 1
isym: 0 ks_vec: 0.5 0.5 0.5

K-POINTS CARTESIAN COORDINATES
 KPOINTS CARTESIAN_X CARTESIAN_Y CARTESIAN_Z  WEIGHT
       1  0.00000000  0.00000000  0.00000000  0.2500
       2  0.09543697  0.00000000  0.00000090  0.2500
       3  0.00000000  0.09850566  0.01622869  0.2500
       4  0.09543697  0.09850566  0.01622959  0.2500
       5  0.00000000  0.00000000  0.09794447  0.2500
       6  0.09543697  0.00000000  0.09794537  0.2500
       7  0.00000000  0.09850566  0.11417316  0.2500
       8  0.09543697  0.09850566  0.11417406  0.2500


K-POINTS DIRECT COORDINATES
 KPOINTS    DIRECT_X    DIRECT_Y    DIRECT_Z  WEIGHT
       1  0.00000000  0.00000000  0.00000000  0.2500
       2  0.50000000  0.00000000  0.00000000  0.2500
       3  0.00000000  0.50000000  0.00000000  0.2500
       4  0.50000000  0.50000000  0.00000000  0.2500
       5  0.00000000  0.00000000  0.50000000  0.2500
       6  0.50000000  0.00000000  0.50000000  0.2500
       7  0.00000000  0.50000000  0.50000000  0.2500
       8  0.50000000  0.50000000  0.50000000  0.2500

 DONE : INIT K-POINTS Time : 16.4855 (SEC)





 >>>>>>>>>>>>>>>>>>>>>>>>>>>>>>>>>>>>>>>>>>>>>>>>>>>>>>>>>>>>>>>>>>>>>>
 |                                                                    |
 | Setup plane waves of wave functions:                               |
 | Use the energy cutoff and the lattice vectors to generate the      |
 | dimensions of FFT grid. The number of FFT grid on each processor   |
 | is 'nrxx'. The number of plane wave basis in reciprocal space is   |
 | different for charege/potential and wave functions. We also set    |
 | the 'sticks' for the parallel of FFT. The number of plane wave of  |
 | each k-point is 'npwk[ik]' in each processor                       |
 <<<<<<<<<<<<<<<<<<<<<<<<<<<<<<<<<<<<<<<<<<<<<<<<<<<<<<<<<<<<<<<<<<<<<<





 SETUP PLANE WAVES FOR WAVE FUNCTIONS
     energy cutoff for wavefunc (unit:Ry) = 100
              fft grid for wave functions = [ 64, 64, 64 ]
                    number of plane waves = 18387
                         number of sticks = 853

 PARALLEL PW FOR WAVE FUNCTIONS
     PROC   COLUMNS(POT)             PW
        1             26            574
        2             26            574
        3             26            574
        4             26            574
        5             27            575
        6             27            575
        7             27            575
        8             27            575
        9             27            575
       10             27            575
       11             27            575
       12             27            575
       13             26            574
       14             26            574
       15             26            574
       16             26            574
       17             26            574
       18             26            574
       19             27            575
       20             27            575
       21             27            575
       22             27            575
       23             27            575
       24             27            575
       25             27            575
       26             27            575
       27             27            575
       28             27            575
       29             26            574
       30             27            574
       31             27            574
       32             27            575
 --------------- sum -------------------
       32            853          18387
 DONE : INIT PLANEWAVE Time : 16.6734 (SEC)

 SET NONLOCAL PSEUDOPOTENTIAL PROJECTORS
 SET NONLOCAL PSEUDOPOTENTIAL PROJECTORS
 max number of nonlocal projetors among all species is 8
 DONE : LOCAL POTENTIAL Time : 17.9433 (SEC)


 -------------------------------------------
 SELF-CONSISTENT
 -------------------------------------------




 >>>>>>>>>>>>>>>>>>>>>>>>>>>>>>>>>>>>>>>>>>>>>>>>>>>>>>>>>>>>>>>>>>>>>>
 |                                                                    |
 | Search adjacent atoms:                                             |
 | Set the adjacent atoms for each atom and set the periodic boundary |
 | condition for the atoms on real space FFT grid. For k-dependent    |
 | algorithm, we also need to set the sparse H and S matrix element   |
 | for each atom.                                                     |
 |                                                                    |
 <<<<<<<<<<<<<<<<<<<<<<<<<<<<<<<<<<<<<<<<<<<<<<<<<<<<<<<<<<<<<<<<<<<<<<





 SETUP SEARCHING RADIUS FOR PROGRAM TO SEARCH ADJACENT ATOMS
                  longest orb rcut (Bohr) = 10
   longest nonlocal projector rcut (Bohr) = 2.46
                     search radius (Bohr) = 24.9
              searching radius is (Bohr)) = 24.9
         searching radius unit is (Bohr)) = 1.89
                         PeriodicBoundary = 1
                        Radius(unit:lat0) = 13.2
                                   glayer = [ 4, 4, 4 ]
                             glayer_minus = [ 3, 3, 3 ]

Find the coordinate range of the input atom(unit:lat0).
                                  min_tau = [ -15, -18.6, -14.4 ]
                                  max_tau = [ 21, 22, 20.4 ]
                                BoxNumber = [ 7, 7, 7 ]

 SETUP EXTENDED REAL SPACE GRID FOR GRID INTEGRATION
                          real space grid = [ 64, 64, 64 ]
                 big cell numbers in grid = [ 32, 32, 32 ]
             meshcell numbers in big cell = [ 2, 2, 2 ]
                        extended fft grid = [ 33, 34, 34 ]
                dimension of extened grid = [ 99, 101, 101 ]
                            UnitCellTotal = 125
              Atom number in sub-FFT-grid = 12
    Local orbitals number in sub-FFT-grid = 212
                                ParaV.nnr = 73067

 Warning_Memory_Consuming allocated:  Gint::hRGint 12.7 MB

 Warning_Memory_Consuming allocated:  Gint::DMRGint 12.7 MB
                                 init_chg = atomic
 DONE : INIT SCF Time : 18.5055 (SEC)


 LCAO ALGORITHM --------------- ION=   1  ELEC=   1--------------------------------

 Density error is 0.156940468437
----------------------------------------------------------
     Energy           Rydberg                 eV          
----------------------------------------------------------
 E_KohnSham     -718.7205981825      -9778.6954052498     
 E_Harris       -705.0826369423      -9593.1414232799     
 E_Fermi        0.7799621005         10.6119287907        
----------------------------------------------------------


 LCAO ALGORITHM --------------- ION=   1  ELEC=   2--------------------------------

 Density error is 0.0639483169051
----------------------------------------------------------
     Energy           Rydberg                 eV          
----------------------------------------------------------
 E_KohnSham     -719.0218698543      -9782.7944166335     
 E_Harris       -715.0685966012      -9729.0073746395     
 E_Fermi        0.9231798774         12.5605066112        
----------------------------------------------------------


 LCAO ALGORITHM --------------- ION=   1  ELEC=   3--------------------------------

 Density error is 0.0375317543663
----------------------------------------------------------
     Energy           Rydberg                 eV          
----------------------------------------------------------
 E_KohnSham     -719.0533176167      -9783.2222853911     
 E_Harris       -718.2873303168      -9772.8004935162     
 E_Fermi        0.9189602223         12.5030952588        
----------------------------------------------------------


 LCAO ALGORITHM --------------- ION=   1  ELEC=   4--------------------------------

 Density error is 0.00762000689262
----------------------------------------------------------
     Energy           Rydberg                 eV          
----------------------------------------------------------
 E_KohnSham     -719.0516674378      -9783.1998335553     
 E_Harris       -718.2740990438      -9772.6204728118     
 E_Fermi        0.9240503357         12.5723498040        
----------------------------------------------------------


 LCAO ALGORITHM --------------- ION=   1  ELEC=   5--------------------------------

 Density error is 0.00129738126635
----------------------------------------------------------
     Energy           Rydberg                 eV          
----------------------------------------------------------
 E_KohnSham     -719.0528738413      -9783.2162475167     
 E_Harris       -718.9046348107      -9781.1993520347     
 E_Fermi        0.9237863756         12.5687584430        
----------------------------------------------------------


 LCAO ALGORITHM --------------- ION=   1  ELEC=   6--------------------------------

 Density error is 0.000828696564695
----------------------------------------------------------
     Energy           Rydberg                 eV          
----------------------------------------------------------
 E_KohnSham     -719.0528888380      -9783.2164515577     
 E_Harris       -719.0260262710      -9782.8509675835     
 E_Fermi        0.9243366127         12.5762448029        
----------------------------------------------------------


 LCAO ALGORITHM --------------- ION=   1  ELEC=   7--------------------------------

 Density error is 0.000218445359735
----------------------------------------------------------
     Energy           Rydberg                 eV          
----------------------------------------------------------
 E_KohnSham     -719.0529017176      -9783.2166267939     
 E_Harris       -719.0311442466      -9782.9206012136     
 E_Fermi        0.9251265991         12.5869931189        
----------------------------------------------------------


 LCAO ALGORITHM --------------- ION=   1  ELEC=   8--------------------------------

 Density error is 2.78689111705e-05
----------------------------------------------------------
     Energy           Rydberg                 eV          
----------------------------------------------------------
 E_KohnSham     -719.0529026680      -9783.2166397242     
 E_Harris       -719.0534373441      -9783.2239143662     
 E_Fermi        0.9251795886         12.5877140786        
----------------------------------------------------------


 LCAO ALGORITHM --------------- ION=   1  ELEC=   9--------------------------------

 Density error is 2.8801122245e-05
----------------------------------------------------------
     Energy           Rydberg                 eV          
----------------------------------------------------------
 E_KohnSham     -719.0529026531      -9783.2166395211     
 E_Harris       -719.0498172370      -9783.1746602824     
 E_Fermi        0.9251638311         12.5874996861        
----------------------------------------------------------


 LCAO ALGORITHM --------------- ION=   1  ELEC=  10--------------------------------

 Density error is 3.05330699365e-06
----------------------------------------------------------
     Energy           Rydberg                 eV          
----------------------------------------------------------
 E_KohnSham     -719.0529026759      -9783.2166398321     
 E_Harris       -719.0527201581      -9783.2141565500     
 E_Fermi        0.9251644402         12.5875079734        
----------------------------------------------------------


 LCAO ALGORITHM --------------- ION=   1  ELEC=  11--------------------------------

 Density error is 5.89542178063e-07
----------------------------------------------------------
     Energy           Rydberg                 eV          
----------------------------------------------------------
 E_KohnSham     -719.0529026761      -9783.2166398347     
 E_Harris       -719.0528361300      -9783.2157344289     
 E_Fermi        0.9251675820         12.5875507201        
----------------------------------------------------------


 LCAO ALGORITHM --------------- ION=   1  ELEC=  12--------------------------------

 Density error is 3.74433917223e-07
----------------------------------------------------------
     Energy           Rydberg                 eV          
----------------------------------------------------------
 E_KohnSham     -719.0529026761      -9783.2166398348     
 E_Harris       -719.0529118919      -9783.2167652213     
 E_Fermi        0.9251677109         12.5875524732        
----------------------------------------------------------


 LCAO ALGORITHM --------------- ION=   1  ELEC=  13--------------------------------

 Density error is 4.98102698152e-08
----------------------------------------------------------
     Energy           Rydberg                 eV          
----------------------------------------------------------
 E_KohnSham     -719.0529026761      -9783.2166398349     
 E_Harris       -719.0529070905      -9783.2166998953     
 E_Fermi        0.9251679417         12.5875556137        
----------------------------------------------------------


 LCAO ALGORITHM --------------- ION=   1  ELEC=  14--------------------------------

 Density error is 3.18928966493e-08
----------------------------------------------------------
     Energy           Rydberg                 eV          
----------------------------------------------------------
 E_KohnSham     -719.0529026761      -9783.2166398349     
 E_Harris       -719.0529053796      -9783.2166766176     
 E_Fermi        0.9251679327         12.5875554913        
----------------------------------------------------------


 LCAO ALGORITHM --------------- ION=   1  ELEC=  15--------------------------------

 Density error is 5.431566181e-09
----------------------------------------------------------
     Energy           Rydberg                 eV          
----------------------------------------------------------
 E_KohnSham     -719.0529026761      -9783.2166398349     
 E_KS(sigma->0) -719.0529026761      -9783.2166398349     
 E_Harris       -719.0529027795      -9783.2166412409     
 E_band         -37.9373615337       -516.1642839443      
 E_one_elec     -137.2210811604      -1866.9885895017     
 E_Hartree      124.4236281293       1692.8703083912      
 E_xc           -182.6764534962      -2485.4406579799     
 E_Ewald        -523.5789961489      -7123.6577007444     
 E_entropy(-TS) -0.0000000000        -0.0000000000        
 E_descf        0.0000000000         0.0000000000         
 E_exx          0.0000000000         0.0000000000         
 E_Fermi        0.9251679041         12.5875551025        
----------------------------------------------------------


 charge density convergence is achieved
 final etot is -9783.2166398 eV
 EFERMI = 12.587555103 eV

 STATE ENERGY(eV) AND OCCUPATIONS    NSPIN == 1
 1/8 kpoint (Cartesian) = 0.0000 0.0000 0.0000 (486 pws)
       1       -48.7661       0.250000
       2       -48.7434       0.250000
       3       -48.7407       0.250000
       4       -48.7360       0.250000
       5       -18.6840       0.250000
       6       -18.6655       0.250000
       7       -18.6218       0.250000
       8       -18.4368       0.250000
       9       -18.3738       0.250000
      10       -18.3190       0.250000
      11       -18.2960       0.250000
      12       -18.2862       0.250000
      13       -18.2351       0.250000
      14       -18.2266       0.250000
      15       -18.1739       0.250000
      16       -18.1352       0.250000
      17       -7.13831       0.250000
      18       -5.88815       0.250000
      19       -5.56910       0.250000
      20       -5.51584       0.250000
      21       -4.95238       0.250000
      22       -4.93910       0.250000
      23       -4.90036       0.250000
      24       -4.87439       0.250000
      25        5.40687       0.250000
      26        5.49297       0.250000
      27        5.95488       0.250000
      28        6.26415       0.250000
      29        6.28722       0.250000
      30        6.72065       0.250000
      31        7.47695       0.250000
      32        7.80150       0.250000
      33        7.81839       0.250000
      34        8.15830       0.250000
      35        8.21266       0.250000
      36        8.26905       0.250000
      37        8.80619       0.250000
      38        9.01429       0.250000
      39        9.08762       0.250000
      40        9.14543       0.250000
      41        9.38480       0.250000
      42        9.90652       0.250000
      43        10.0952       0.250000
      44        10.1532       0.250000
      45        10.3356       0.250000
      46        10.6033       0.250000
      47        10.8086       0.250000
      48        11.2246       0.250000
      49        15.6518        0.00000
      50        16.0905        0.00000
      51        16.3868        0.00000
      52        16.8638        0.00000
      53        16.8922        0.00000
      54        16.9615        0.00000
      55        17.6571        0.00000
      56        17.7619        0.00000
      57        17.8441        0.00000
      58        17.9457        0.00000

 2/8 kpoint (Cartesian) = 0.095437 0.0000 9.0091e-07 (475 pws)
       1       -48.7566       0.250000
       2       -48.7565       0.250000
       3       -48.7365       0.250000
       4       -48.7365       0.250000
       5       -18.5920       0.250000
       6       -18.5920       0.250000
       7       -18.4916       0.250000
       8       -18.4916       0.250000
       9       -18.4248       0.250000
      10       -18.4247       0.250000
      11       -18.2986       0.250000
      12       -18.2985       0.250000
      13       -18.2735       0.250000
      14       -18.2734       0.250000
      15       -18.1624       0.250000
      16       -18.1623       0.250000
      17       -6.31690       0.250000
      18       -6.31681       0.250000
      19       -5.46994       0.250000
      20       -5.46982       0.250000
      21       -5.22987       0.250000
      22       -5.22977       0.250000
      23       -4.92096       0.250000
      24       -4.92086       0.250000
      25        5.76669       0.250000
      26        5.76674       0.250000
      27        6.47119       0.250000
      28        6.47125       0.250000
      29        6.90773       0.250000
      30        6.90779       0.250000
      31        7.20650       0.250000
      32        7.20655       0.250000
      33        7.34380       0.250000
      34        7.34387       0.250000
      35        8.32637       0.250000
      36        8.32642       0.250000
      37        8.80646       0.250000
      38        8.80652       0.250000
      39        9.30911       0.250000
      40        9.30916       0.250000
      41        9.63709       0.250000
      42        9.63715       0.250000
      43        9.96593       0.250000
      44        9.96600       0.250000
      45        10.4698       0.250000
      46        10.4700       0.250000
      47        10.5973       0.250000
      48        10.5974       0.250000
      49        16.0815        0.00000
      50        16.0816        0.00000
      51        16.8398        0.00000
      52        16.8399        0.00000
      53        17.0432        0.00000
      54        17.0433        0.00000
      55        17.5075        0.00000
      56        17.5076        0.00000
      57        18.1666        0.00000
      58        18.1666        0.00000

 3/8 kpoint (Cartesian) = 0.0000 0.098506 0.016229 (481 pws)
       1       -48.7528       0.250000
       2       -48.7527       0.250000
       3       -48.7404       0.250000
       4       -48.7403       0.250000
       5       -18.5437       0.250000
       6       -18.5436       0.250000
       7       -18.5181       0.250000
       8       -18.5181       0.250000
       9       -18.4438       0.250000
      10       -18.4437       0.250000
      11       -18.2759       0.250000
      12       -18.2758       0.250000
      13       -18.2569       0.250000
      14       -18.2568       0.250000
      15       -18.2073       0.250000
      16       -18.2072       0.250000
      17       -6.25716       0.250000
      18       -6.25714       0.250000
      19       -5.61624       0.250000
      20       -5.61620       0.250000
      21       -5.11994       0.250000
      22       -5.11993       0.250000
      23       -4.96538       0.250000
      24       -4.96534       0.250000
      25        6.11553       0.250000
      26        6.11556       0.250000
      27        6.66524       0.250000
      28        6.66525       0.250000
      29        6.77811       0.250000
      30        6.77815       0.250000
      31        7.38803       0.250000
      32        7.38807       0.250000
      33        7.87491       0.250000
      34        7.87497       0.250000
      35        8.12868       0.250000
      36        8.12871       0.250000
      37        8.53655       0.250000
      38        8.53657       0.250000
      39        9.11826       0.250000
      40        9.11832       0.250000
      41        9.36719       0.250000
      42        9.36726       0.250000
      43        9.95022       0.250000
      44        9.95027       0.250000
      45        10.0225       0.250000
      46        10.0225       0.250000
      47        10.4956       0.250000
      48        10.4956       0.250000
      49        15.9325        0.00000
      50        15.9326        0.00000
      51        16.2868        0.00000
      52        16.2869        0.00000
      53        17.3691        0.00000
      54        17.3692        0.00000
      55        17.9478        0.00000
      56        17.9479        0.00000
      57        18.1910        0.00000
      58        18.1911        0.00000

 4/8 kpoint (Cartesian) = 0.095437 0.098506 0.016230 (470 pws)
       1       -48.7508       0.250000
       2       -48.7507       0.250000
       3       -48.7423       0.250000
       4       -48.7422       0.250000
       5       -18.5375       0.250000
       6       -18.5375       0.250000
       7       -18.5375       0.250000
       8       -18.5375       0.250000
       9       -18.4445       0.250000
      10       -18.4444       0.250000
      11       -18.2970       0.250000
      12       -18.2969       0.250000
      13       -18.2276       0.250000
      14       -18.2276       0.250000
      15       -18.2036       0.250000
      16       -18.2036       0.250000
      17       -5.96969       0.250000
      18       -5.96967       0.250000
      19       -5.91248       0.250000
      20       -5.91243       0.250000
      21       -5.08539       0.250000
      22       -5.08534       0.250000
      23       -5.00982       0.250000
      24       -5.00977       0.250000
      25        6.56423       0.250000
      26        6.56427       0.250000
      27        6.62311       0.250000
      28        6.62316       0.250000
      29        7.10503       0.250000
      30        7.10507       0.250000
      31        7.18027       0.250000
      32        7.18029       0.250000
      33        7.76554       0.250000
      34        7.76558       0.250000
      35        8.11810       0.250000
      36        8.11813       0.250000
      37        8.35583       0.250000
      38        8.35589       0.250000
      39        8.82895       0.250000
      40        8.82902       0.250000
      41        9.28945       0.250000
      42        9.28950       0.250000
      43        10.0636       0.250000
      44        10.0636       0.250000
      45        10.1520       0.250000
      46        10.1520       0.250000
      47        10.2857       0.250000
      48        10.2858       0.250000
      49        16.1623        0.00000
      50        16.1624        0.00000
      51        16.2529        0.00000
      52        16.2530        0.00000
      53        17.1220        0.00000
      54        17.1221        0.00000
      55        17.7036        0.00000
      56        17.7037        0.00000
      57        18.1899        0.00000
      58        18.1899        0.00000

 5/8 kpoint (Cartesian) = 0.0000 0.0000 0.097944 (482 pws)
       1       -48.7565       0.250000
       2       -48.7504       0.250000
       3       -48.7425       0.250000
       4       -48.7369       0.250000
       5       -18.6378       0.250000
       6       -18.5246       0.250000
       7       -18.4842       0.250000
       8       -18.4762       0.250000
       9       -18.4522       0.250000
      10       -18.3794       0.250000
      11       -18.3357       0.250000
      12       -18.2912       0.250000
      13       -18.2615       0.250000
      14       -18.2361       0.250000
      15       -18.2179       0.250000
      16       -18.1936       0.250000
      17       -6.59034       0.250000
      18       -5.72618       0.250000
      19       -5.61874       0.250000
      20       -5.58170       0.250000
      21       -5.55393       0.250000
      22       -5.01782       0.250000
      23       -4.87832       0.250000
      24       -4.84981       0.250000
      25        5.32859       0.250000
      26        5.85540       0.250000
      27        6.32239       0.250000
      28        6.50050       0.250000
      29        6.58155       0.250000
      30        6.62457       0.250000
      31        7.26765       0.250000
      32        7.55547       0.250000
      33        7.61931       0.250000
      34        8.01030       0.250000
      35        8.10989       0.250000
      36        8.47139       0.250000
      37        8.70085       0.250000
      38        8.91658       0.250000
      39        9.17443       0.250000
      40        9.24331       0.250000
      41        9.39025       0.250000
      42        9.62842       0.250000
      43        9.85915       0.250000
      44        9.95369       0.250000
      45        10.5357       0.250000
      46        10.5685       0.250000
      47        10.7174       0.250000
      48        11.1225       0.250000
      49        15.3318        0.00000
      50        16.3428        0.00000
      51        16.4552        0.00000
      52        16.5614        0.00000
      53        16.9667        0.00000
      54        16.9676        0.00000
      55        17.1618        0.00000
      56        17.6807        0.00000
      57        18.5153        0.00000
      58        18.5685        0.00000

 6/8 kpoint (Cartesian) = 0.095437 0.0000 0.097945 (476 pws)
       1       -48.7522       0.250000
       2       -48.7522       0.250000
       3       -48.7408       0.250000
       4       -48.7408       0.250000
       5       -18.5780       0.250000
       6       -18.5780       0.250000
       7       -18.5024       0.250000
       8       -18.5024       0.250000
       9       -18.4278       0.250000
      10       -18.4278       0.250000
      11       -18.3098       0.250000
      12       -18.3098       0.250000
      13       -18.2402       0.250000
      14       -18.2402       0.250000
      15       -18.1888       0.250000
      16       -18.1888       0.250000
      17       -6.20904       0.250000
      18       -6.20896       0.250000
      19       -5.49380       0.250000
      20       -5.49373       0.250000
      21       -5.33902       0.250000
      22       -5.33897       0.250000
      23       -4.90596       0.250000
      24       -4.90587       0.250000
      25        6.24261       0.250000
      26        6.24269       0.250000
      27        6.56726       0.250000
      28        6.56729       0.250000
      29        6.80276       0.250000
      30        6.80281       0.250000
      31        7.12337       0.250000
      32        7.12341       0.250000
      33        7.83792       0.250000
      34        7.83799       0.250000
      35        8.07256       0.250000
      36        8.07259       0.250000
      37        8.77399       0.250000
      38        8.77400       0.250000
      39        9.07695       0.250000
      40        9.07700       0.250000
      41        9.42617       0.250000
      42        9.42626       0.250000
      43        9.51394       0.250000
      44        9.51395       0.250000
      45        10.3903       0.250000
      46        10.3904       0.250000
      47        10.6334       0.250000
      48        10.6336       0.250000
      49        15.8547        0.00000
      50        15.8548        0.00000
      51        16.6029        0.00000
      52        16.6030        0.00000
      53        17.1267        0.00000
      54        17.1268        0.00000
      55        17.6063        0.00000
      56        17.6064        0.00000
      57        17.8576        0.00000
      58        17.8576        0.00000

 7/8 kpoint (Cartesian) = 0.0000 0.098506 0.11417 (480 pws)
       1       -48.7513       0.250000
       2       -48.7513       0.250000
       3       -48.7418       0.250000
       4       -48.7418       0.250000
       5       -18.6023       0.250000
       6       -18.6023       0.250000
       7       -18.5183       0.250000
       8       -18.5183       0.250000
       9       -18.4093       0.250000
      10       -18.4093       0.250000
      11       -18.3305       0.250000
      12       -18.3305       0.250000
      13       -18.2351       0.250000
      14       -18.2351       0.250000
      15       -18.1509       0.250000
      16       -18.1509       0.250000
      17       -6.10907       0.250000
      18       -6.10904       0.250000
      19       -5.60019       0.250000
      20       -5.60017       0.250000
      21       -5.25754       0.250000
      22       -5.25750       0.250000
      23       -5.00570       0.250000
      24       -5.00564       0.250000
      25        6.17017       0.250000
      26        6.17021       0.250000
      27        6.59021       0.250000
      28        6.59024       0.250000
      29        7.01126       0.250000
      30        7.01129       0.250000
      31        7.15445       0.250000
      32        7.15446       0.250000
      33        7.44723       0.250000
      34        7.44726       0.250000
      35        8.48620       0.250000
      36        8.48624       0.250000
      37        9.01651       0.250000
      38        9.01654       0.250000
      39        9.18747       0.250000
      40        9.18755       0.250000
      41        9.51019       0.250000
      42        9.51022       0.250000
      43        9.60361       0.250000
      44        9.60368       0.250000
      45        9.84111       0.250000
      46        9.84116       0.250000
      47        10.5293       0.250000
      48        10.5293       0.250000
      49        15.6749        0.00000
      50        15.6750        0.00000
      51        16.6222        0.00000
      52        16.6223        0.00000
      53        17.0240        0.00000
      54        17.0241        0.00000
      55        17.3709        0.00000
      56        17.3709        0.00000
      57        18.0339        0.00000
      58        18.0339        0.00000

 8/8 kpoint (Cartesian) = 0.095437 0.098506 0.11417 (470 pws)
       1       -48.7503       0.250000
       2       -48.7502       0.250000
       3       -48.7428       0.250000
       4       -48.7427       0.250000
       5       -18.6682       0.250000
       6       -18.6681       0.250000
       7       -18.6258       0.250000
       8       -18.6258       0.250000
       9       -18.3047       0.250000
      10       -18.3047       0.250000
      11       -18.2320       0.250000
      12       -18.2320       0.250000
      13       -18.2319       0.250000
      14       -18.2318       0.250000
      15       -18.1731       0.250000
      16       -18.1730       0.250000
      17       -6.23141       0.250000
      18       -6.23137       0.250000
      19       -5.92560       0.250000
      20       -5.92557       0.250000
      21       -4.90522       0.250000
      22       -4.90517       0.250000
      23       -4.88290       0.250000
      24       -4.88287       0.250000
      25        6.36516       0.250000
      26        6.36520       0.250000
      27        6.67096       0.250000
      28        6.67098       0.250000
      29        7.08572       0.250000
      30        7.08574       0.250000
      31        7.36063       0.250000
      32        7.36068       0.250000
      33        8.07367       0.250000
      34        8.07373       0.250000
      35        8.09068       0.250000
      36        8.09075       0.250000
      37        8.56615       0.250000
      38        8.56616       0.250000
      39        8.66849       0.250000
      40        8.66854       0.250000
      41        9.35754       0.250000
      42        9.35758       0.250000
      43        9.83564       0.250000
      44        9.83569       0.250000
      45        9.87409       0.250000
      46        9.87416       0.250000
      47        10.3055       0.250000
      48        10.3055       0.250000
      49        15.7441        0.00000
      50        15.7442        0.00000
      51        16.5553        0.00000
      52        16.5554        0.00000
      53        16.8176        0.00000
      54        16.8177        0.00000
      55        17.3674        0.00000
      56        17.3674        0.00000
      57        18.1709        0.00000
      58        18.1710        0.00000

 correction force for each atom along direction 1 is -1.32098e-07
 correction force for each atom along direction 2 is 2.46672e-06
 correction force for each atom along direction 3 is -3.66849e-07
------------------------------------------------------------------------------------------
 TOTAL-FORCE (eV/Angstrom)                                                                
------------------------------------------------------------------------------------------
                       Hf1        -0.0464740782         0.0138943896        -0.1062984111 
                       Hf2        -0.0464621601        -0.0138002340         0.1063025422 
                       Hf3         0.0464984026         0.0139746627        -0.1063496994 
                       Hf4         0.0465963308        -0.0138423019         0.1064987849 
                        O1         0.0297447486        -0.1007191027        -0.1149972376 
                        O2        -0.0296725475         0.1006877385         0.1149454052 
                        O3         0.1266309088        -0.2042254795         0.0042075356 
                        O4        -0.1267420692         0.2040614761        -0.0041615928 
                        O5        -0.0297204975        -0.1005682955        -0.1150712248 
                        O6         0.0296871502         0.1004102013         0.1150413838 
                        O7        -0.1269973486        -0.2040440065         0.0039479560 
                        O8         0.1269111602         0.2041709518        -0.0040654418 
------------------------------------------------------------------------------------------

----------------------------------------------------------------
 TOTAL-STRESS (KBAR)                                            
----------------------------------------------------------------
        16.8195471675         0.0139477646         0.0007989459 
         0.0139477646       169.8727910357        11.5042714076 
         0.0007989459        11.5042714076        17.7590019402 
----------------------------------------------------------------
 TOTAL-PRESSURE: 68.150447 KBAR



 --------------------------------------------
 !FINAL_ETOT_IS -9783.2166398348817893 eV
 --------------------------------------------


TIME STATISTICS
------------------------------------------------------------------------------------
    CLASS_NAME                    NAME                TIME/s  CALLS   AVG/s  PER/%  
------------------------------------------------------------------------------------
                   total                              111.28 13       8.56   100.00 
 Driver            reading                            10.19  1        10.19  9.16   
 Input_Conv        Convert                            0.00   1        0.00   0.00   
 Driver            driver_line                        101.09 1        101.09 90.84  
 UnitCell          check_tau                          0.00   1        0.00   0.00   
 ESolver_KS_LCAO   before_all_runners                 4.31   1        4.31   3.88   
 PW_Basis_Sup      setuptransform                     0.15   1        0.15   0.13   
 PW_Basis_Sup      distributeg                        0.14   1        0.14   0.12   
 mymath            heapsort                           0.00   31       0.00   0.00   
 Charge_Mixing     init_mixing                        0.00   1        0.00   0.00   
 Symmetry          analy_sys                          0.04   1        0.04   0.03   
 PW_Basis_K        setuptransform                     0.15   1        0.15   0.13   
 PW_Basis_K        distributeg                        0.15   1        0.15   0.13   
 PW_Basis          setup_struc_factor                 0.03   1        0.03   0.03   
 NOrbital_Lm       extra_uniform                      0.17   14       0.01   0.16   
 Mathzone_Add1     SplineD2                           0.00   14       0.00   0.00   
 Mathzone_Add1     Cubic_Spline_Interpolation         0.00   14       0.00   0.00   
 Mathzone_Add1     Uni_Deriv_Phi                      0.17   14       0.01   0.15   
 ppcell_vl         init_vloc                          0.11   1        0.11   0.10   
 Ions              opt_ions                           93.32  1        93.32  83.86  
 ESolver_KS_LCAO   runner                             86.13  1        86.13  77.40  
 ESolver_KS_LCAO   before_scf                         0.56   1        0.56   0.50   
 atom_arrange      search                             0.00   1        0.00   0.00   
 atom_arrange      grid_d.init                        0.00   1        0.00   0.00   
 Grid              Construct_Adjacent_expand          0.00   1        0.00   0.00   
 Grid              Construct_Adjacent_expand_periodic 0.00   12       0.00   0.00   
 Grid_Technique    init                               0.18   1        0.18   0.17   
 Grid_BigCell      grid_expansion_index               0.05   2        0.02   0.04   
 Grid_Driver       Find_atom                          0.00   120      0.00   0.00   
 Record_adj        for_2d                             0.04   1        0.04   0.04   
 LCAO_domain       grid_prepare                       0.00   1        0.00   0.00   
 Veff              initialize_HR                      0.00   1        0.00   0.00   
 OverlapNew        initialize_SR                      0.00   1        0.00   0.00   
 EkineticNew       initialize_HR                      0.00   1        0.00   0.00   
 NonlocalNew       initialize_HR                      0.02   1        0.02   0.02   
 Charge            set_rho_core                       0.12   1        0.12   0.11   
 PW_Basis_Sup      recip2real                         0.13   125      0.00   0.12   
 PW_Basis_Sup      gathers_scatterp                   0.11   125      0.00   0.10   
 Charge            atomic_rho                         0.23   2        0.12   0.21   
 Potential         init_pot                           0.02   1        0.02   0.02   
 Potential         update_from_charge                 0.30   16       0.02   0.27   
 Potential         cal_fixed_v                        0.00   1        0.00   0.00   
 PotLocal          cal_fixed_v                        0.00   1        0.00   0.00   
 Potential         cal_v_eff                          0.29   16       0.02   0.26   
 H_Hartree_pw      v_hartree                          0.05   16       0.00   0.05   
 PW_Basis_Sup      real2recip                         0.17   145      0.00   0.15   
 PW_Basis_Sup      gatherp_scatters                   0.15   145      0.00   0.13   
 PotXC             cal_v_eff                          0.24   16       0.02   0.22   
 XC_Functional     v_xc                               0.25   18       0.01   0.23   
 Potential         interpolate_vrs                    0.00   16       0.00   0.00   
 Symmetry          rhog_symmetry                      0.64   16       0.04   0.58   
 Symmetry          group fft grids                    0.26   16       0.02   0.23   
 H_Ewald_pw        compute_ewald                      0.00   1        0.00   0.00   
 HSolverLCAO       solve                              84.24  15       5.62   75.71  
 HamiltLCAO        updateHk                           41.69  120      0.35   37.47  
 OperatorLCAO      init                               41.55  360      0.12   37.34  
 Veff              contributeHR                       41.07  15       2.74   36.91  
 Gint_interface    cal_gint                           71.91  31       2.32   64.62  
 Gint_interface    cal_gint_vlocal                    36.45  15       2.43   32.76  
 Gint_Tools        cal_psir_ylm                       1.71   30720    0.00   1.54   
 Gint_k            transfer_pvpR                      4.62   15       0.31   4.15   
 OverlapNew        calculate_SR                       0.12   1        0.12   0.11   
 OverlapNew        contributeHk                       0.03   120      0.00   0.02   
 EkineticNew       contributeHR                       0.12   15       0.01   0.11   
 EkineticNew       calculate_HR                       0.12   1        0.12   0.11   
 NonlocalNew       contributeHR                       0.32   15       0.02   0.29   
 NonlocalNew       calculate_HR                       0.31   1        0.31   0.28   
 OperatorLCAO      contributeHk                       0.03   120      0.00   0.03   
 HSolverLCAO       hamiltSolvePsiK                    6.18   120      0.05   5.55   
 DiagoElpa         elpa_solve                         5.83   120      0.05   5.24   
 elecstate         cal_dm                             0.15   16       0.01   0.13   
 psiMulPsiMpi      pdgemm                             0.15   128      0.00   0.13   
 DensityMatrix     cal_DMR                            0.04   16       0.00   0.03   
 ElecStateLCAO     psiToRho                           36.19  15       2.41   32.52  
 Gint              transfer_DMR                       1.35   15       0.09   1.22   
 Gint_interface    cal_gint_rho                       31.04  15       2.07   27.90  
 Charge_Mixing     get_drho                           0.01   15       0.00   0.01   
 Charge            mix_rho                            0.05   14       0.00   0.05   
 Charge            Broyden_mixing                     0.01   14       0.00   0.01   
 ModuleIO          write_rhog                         0.04   1        0.04   0.03   
 ESolver_KS_LCAO   after_scf                          0.13   1        0.13   0.12   
 ESolver_KS_LCAO   cal_force                          7.18   1        7.18   6.46   
 Force_Stress_LCAO getForceStress                     7.18   1        7.18   6.46   
 Forces            cal_force_loc                      0.00   1        0.00   0.00   
 Forces            cal_force_ew                       0.00   1        0.00   0.00   
 Forces            cal_force_cc                       0.14   1        0.14   0.12   
 Forces            cal_force_scc                      0.13   1        0.13   0.11   
 Stress_Func       stress_loc                         0.40   1        0.40   0.36   
 Stress_Func       stress_har                         0.00   1        0.00   0.00   
 Stress_Func       stress_ewa                         0.00   1        0.00   0.00   
 Stress_Func       stress_cc                          0.54   1        0.54   0.49   
 Stress_Func       stress_gga                         0.00   1        0.00   0.00   
 Force_LCAO        ftable                             5.14   1        5.14   4.62   
 Force_LCAO        allocate                           0.31   1        0.31   0.27   
 LCAO_domain       build_ST_new                       0.30   2        0.15   0.27   
 Force_LCAO        cal_pulay_fs_center2               0.01   2        0.00   0.01   
 Gint_interface    cal_gint_force                     4.41   1        4.41   3.97   
 Gint_Tools        cal_dpsir_ylm                      0.25   1024     0.00   0.22   
 Gint_Tools        cal_dpsirr_ylm                     0.05   1024     0.00   0.04   
 NonlocalNew       cal_force_stress                   0.83   1        0.83   0.74   
 ESolver_KS_LCAO   cal_stress                         0.00   1        0.00   0.00   
 ESolver_KS_LCAO   after_all_runners                  0.01   1        0.01   0.00   
 ModuleIO          write_istate_info                  0.01   1        0.01   0.00   
------------------------------------------------------------------------------------


 NAME-------------------------|MEMORY(MB)--------
                         total      2277.6776
                  Gint::hRGint       406.8347
                 Gint::DMRGint       406.5222
       TwoCenterTable: Kinetic       137.3855
       TwoCenterTable: Overlap       137.3855
      TwoCenterTable: Nonlocal       136.0217
                  meshball_pos       125.4075
               GT::ind_bigcell       123.2787
         GT::in_this_processor       123.2787
              GT::index2normal       123.2787
               GT::index2ucell       123.2787
                   Stress::dSR       104.7918
                   Force::dS_K        52.3959
                   Stress::dHr        52.3959
                  Force::dTVNL        52.3959
      GT::bigcell_on_processor        30.8197
                HamiltLCAO::hR        23.8923
            DensityMatrix::DMR        23.8923
                    index_ball        20.9012
                HamiltLCAO::sR        17.5718
                GT::which_atom         7.0962
             GT::which_bigcell         7.0962
            GT::which_unitcell         7.0962
            DensityMatrix::DMK         5.4863
                  SF::strucFac         3.7776
                RealGauntTable         3.7773
                  PW_B_K::gcar         2.8775
                  SF::eigts123         2.2515
                      Chg::rho         2.0000
                 Chg::rho_save         2.0000
                 Chg::rho_core         2.0000
                 Pot::veff_fix         2.0000
                     Pot::veff         2.0000
              Pot::veff_smooth         2.0000
 -------------   < 1.0 MB has been ignored ----------------
 ----------------------------------------------------------

 Start  Time  : Fri Oct  9 23:04:48 2026
 Finish Time  : Fri Oct  9 23:06:39 2026
 Total  Time  : 0 h 1 mins 51 secs 
