                                                                                     
                              ABACUS v3.10.0

               Atomic-orbital Based Ab-initio Computation at UStc                    

                     Website: http://abacus.ustc.edu.cn/                             
               Documentation: https://abacus.deepmodeling.com/                       
                  Repository: https://github.com/abacusmodeling/abacus-develop       
                              https://github.com/deepmodeling/abacus-develop         
                      Commit: f7cb1d3 (Mon May 12 16:53:30 2025 +0800)

    Start Time is Sat Oct 10 01:10:01 2026
                                                                                     
 ------------------------------------------------------------------------------------

 READING GENERAL INFORMATION
                           global_out_dir = OUT.ABACUS/
                           global_in_card = INPUT
                               pseudo_dir = 
                              orbital_dir = 
                                    DRANK = 1
                                    DSIZE = 32
                                   DCOLOR = 1
                                    GRANK = 1
                                    GSIZE = 1




 >>>>>>>>>>>>>>>>>>>>>>>>>>>>>>>>>>>>>>>>>>>>>>>>>>>>>>>>>>>>>>>>>>>>>>
 |                                                                    |
 | Reading atom information in unitcell:                              |
 | From the input file and the structure file we know the number of   |
 | different elments in this unitcell, then we list the detail        |
 | information for each element, especially the zeta and polar atomic |
 | orbital number for each element. The total atom number is counted. |
 | We calculate the nearest atom distance for each atom and show the  |
 | Cartesian and Direct coordinates for each atom. We list the file   |
 | address for atomic orbitals. The volume and the lattice vectors    |
 | in real and reciprocal space is also shown.                        |
 |                                                                    |
 <<<<<<<<<<<<<<<<<<<<<<<<<<<<<<<<<<<<<<<<<<<<<<<<<<<<<<<<<<<<<<<<<<<<<<




 READING UNITCELL INFORMATION
                                    ntype = 2
                  lattice constant (Bohr) = 1.88973
              lattice constant (Angstrom) = 1

 READING ATOM TYPE 1
                               atom label = Hf
                      L=0, number of zeta = 4
                      L=1, number of zeta = 2
                      L=2, number of zeta = 2
                      L=3, number of zeta = 1
             number of atom for this type = 4

 READING ATOM TYPE 2
                               atom label = O
                      L=0, number of zeta = 2
                      L=1, number of zeta = 2
                      L=2, number of zeta = 1
             number of atom for this type = 8

                        TOTAL ATOM NUMBER = 12
DIRECT COORDINATES
    atom                   x                   y                   z     mag                  vx                  vy                  vz
taud_Hf1            0.9984853322        0.0012764024        0.9970914399  0.0000        0.0000000000        0.0000000000        0.0000000000
taud_Hf2            0.4984863525        0.0834029207        0.4476061785  0.0000        0.0000000000        0.0000000000        0.0000000000
taud_Hf3            0.4183361879        0.5012761305        0.9970982724  0.0000        0.0000000000        0.0000000000        0.0000000000
taud_Hf4            0.9183416223        0.5834055884        0.4476084823  0.0000        0.0000000000        0.0000000000        0.0000000000
taud_O1            0.1980921955        0.3085116707        0.2734565987  0.0000        0.0000000000        0.0000000000        0.0000000000
taud_O2            0.7187263563        0.2761707792        0.1712582356  0.0000        0.0000000000        0.0000000000        0.0000000000
taud_O3            0.3118183402        0.1179069236        0.8022716601  0.0000        0.0000000000        0.0000000000        0.0000000000
taud_O4            0.6050003617        0.4667770126        0.6424376648  0.0000        0.0000000000        0.0000000000        0.0000000000
taud_O5            0.2187304247        0.8085126782        0.2734576840  0.0000        0.0000000000        0.0000000000        0.0000000000
taud_O6            0.6980970029        0.7761702802        0.1712544822  0.0000        0.0000000000        0.0000000000        0.0000000000
taud_O7            0.1050028350        0.6179067113        0.8022740399  0.0000        0.0000000000        0.0000000000        0.0000000000
taud_O8            0.8118219887        0.9667759022        0.6424362615  0.0000        0.0000000000        0.0000000000        0.0000000000



                          Volume (Bohr^3) = 927.852
                             Volume (A^3) = 137.493

 Lattice vectors: (Cartesian coordinate: in unit of a_0)
             +5.29145         -9.1994e-19        -5.09996e-15
                   +0            +5.12661                  +0
         -4.45803e-05           -0.761375            +5.06847
 Reciprocal vectors: (Cartesian coordinate: in unit of 2 pi/a_0)
            +0.188984                  -0        +1.66223e-06
         +2.82751e-17           +0.195061          +0.0293016
         +1.90158e-16                  -0           +0.197298
 The esolver type has been set to : ksdft_lcao

 RUNNING WITH DEVICE  : CPU / AMD EPYC 7702 64-Core Processor




 >>>>>>>>>>>>>>>>>>>>>>>>>>>>>>>>>>>>>>>>>>>>>>>>>>>>>>>>>>>>>>>>>>>>>>
 |                                                                    |
 | Reading pseudopotentials files:                                    |
 | The pseudopotential file is in UPF format. The 'NC' indicates that |
 | the type of pseudopotential is 'norm conserving'. Functional of    |
 | exchange and correlation is decided by 4 given parameters in UPF   |
 | file.  We also read in the 'core correction' if there exists.      |
 | Also we can read the valence electrons number and the maximal      |
 | angular momentum used in this pseudopotential. We also read in the |
 | trail wave function, trail atomic density and local-pseudopotential|
 | on logrithmic grid. The non-local pseudopotential projector is also|
 | read in if there is any.                                           |
 |                                                                    |
 <<<<<<<<<<<<<<<<<<<<<<<<<<<<<<<<<<<<<<<<<<<<<<<<<<<<<<<<<<<<<<<<<<<<<<




                PAO radial cut off (Bohr) = 15

 Read in pseudopotential file is Hf.upf
                     pseudopotential type = NC
          exchange-correlation functional = PBE
                 nonlocal core correction = 1
                        valence electrons = 12
                                     lmax = 3
                           number of zeta = 4
                     number of projectors = 8
                           L of projector = 0
                           L of projector = 0
                           L of projector = 1
                           L of projector = 1
                           L of projector = 2
                           L of projector = 2
                           L of projector = 3
                           L of projector = 3
                PAO radial cut off (Bohr) = 15

 Read in pseudopotential file is O.upf
                     pseudopotential type = NC
          exchange-correlation functional = PBE
                 nonlocal core correction = 1
                        valence electrons = 6
                                     lmax = 2
                           number of zeta = 2
                     number of projectors = 5
                           L of projector = 0
                           L of projector = 0
                           L of projector = 1
                           L of projector = 1
                           L of projector = 2
     initial pseudo atomic orbital number = 72

 SETUP THE ELECTRONS NUMBER
            electron number of element Hf = 12
      total electron number of element Hf = 48
             electron number of element O = 6
       total electron number of element O = 48
            AUTOSET number of electrons:  = 96
                           occupied bands = 48
                                   NLOCAL = 212
                                   NBANDS = 58
                                   NBANDS = 58
                                   NLOCAL = 212

%%%%%%%%%%%%%%%%%%%%%%%%%%%%%%%%%%%%%%%%%%%%%%%%%%%%%%%%%%%%%%%%%%%%%%%%%%%%%%%%%%%%%%%%%%%%%%%%%%%%%%%%%%
 Warning: the number of valence electrons in pseudopotential > 4 for Hf: [Xe] 4f14 5d2 6s2
 Pseudopotentials with additional electrons can yield (more) accurate outcomes, but may be less efficient.
 If you're confident that your chosen pseudopotential is appropriate, you can safely ignore this warning.
%%%%%%%%%%%%%%%%%%%%%%%%%%%%%%%%%%%%%%%%%%%%%%%%%%%%%%%%%%%%%%%%%%%%%%%%%%%%%%%%%%%%%%%%%%%%%%%%%%%%%%%%%%
                  




 >>>>>>>>>>>>>>>>>>>>>>>>>>>>>>>>>>>>>>>>>>>>>>>>>>>>>>>>>>>>>>>>>>>>>>
 |                                                                    |
 | Setup plane waves of charge/potential:                             |
 | Use the energy cutoff and the lattice vectors to generate the      |
 | dimensions of FFT grid. The number of FFT grid on each processor   |
 | is 'nrxx'. The number of plane wave basis in reciprocal space is   |
 | different for charege/potential and wave functions. We also set    |
 | the 'sticks' for the parallel of FFT. The number of plane waves    |
 | is 'npw' in each processor.                                        |
 <<<<<<<<<<<<<<<<<<<<<<<<<<<<<<<<<<<<<<<<<<<<<<<<<<<<<<<<<<<<<<<<<<<<<<





 SETUP THE PLANE WAVE BASIS
 energy cutoff for charge/potential (unit:Ry) = 400
            fft grid for charge/potential = [ 64, 64, 64 ]
                        fft grid division = [ 2, 2, 2 ]
        big fft grid for charge/potential = [ 32, 32, 32 ]
                                     nbxx = 1024
                                     nrxx = 8192

 SETUP PLANE WAVES FOR CHARGE/POTENTIAL
                    number of plane waves = 125401
                         number of sticks = 3079

 PARALLEL PW FOR CHARGE/POTENTIAL
     PROC   COLUMNS(POT)             PW
        1             97           3921
        2             97           3921
        3             97           3920
        4             96           3919
        5             96           3919
        6             97           3920
        7             97           3920
        8             96           3919
        9             96           3919
       10             96           3919
       11             96           3919
       12             96           3919
       13             96           3919
       14             96           3919
       15             96           3919
       16             96           3918
       17             96           3918
       18             96           3918
       19             96           3918
       20             96           3918
       21             96           3918
       22             96           3918
       23             96           3918
       24             97           3920
       25             96           3917
       26             96           3919
       27             96           3917
       28             96           3918
       29             96           3918
       30             96           3918
       31             96           3918
       32             97           3920
 --------------- sum -------------------
       32           3079         125401
                            number of |g| = 3896
                                  max |g| = 36.1649
                                  min |g| = 0.321435
 DONE : SETUP UNITCELL Time : 2.63306 (SEC)


----------- Double Check Mixing Parameters Begin ------------
mixing_type: broyden
mixing_beta: 0.3
mixing_gg0: 1
mixing_gg0_min: 0.1
mixing_ndim: 8
----------- Double Check Mixing Parameters End ------------




 >>>>>>>>>>>>>>>>>>>>>>>>>>>>>>>>>>>>>>>>>>>>>>>>>>>>>>>>>>>>>>>>>>>>>>
 |                                                                    |
 | Doing symmetry analysis:                                           |
 | We calculate the norm of 3 vectors and the angles between them,    |
 | the type of Bravais lattice is given. We can judge if the unticell |
 | is a primitive cell. Finally we give the point group operation for |
 | this unitcell. We use the point group operations to do symmetry |
 | analysis on given k-point mesh and the charge density.             |
 |                                                                    |
 <<<<<<<<<<<<<<<<<<<<<<<<<<<<<<<<<<<<<<<<<<<<<<<<<<<<<<<<<<<<<<<<<<<<<<




 LATTICE VECTORS: (CARTESIAN COORDINATE: IN UNIT OF A0)
             +5.29145         -9.1994e-19        -5.09996e-15
                   +0            +5.12661                  +0
         -4.45803e-05           -0.761375            +5.06847
                       right hand lattice = 1
                                   NORM_A = 5.29145
                                   NORM_B = 5.12661
                                   NORM_C = 5.12534
                           ALPHA (DEGREE) = 98.543
                           BETA  (DEGREE) = 90.0005
                           GAMMA (DEGREE) = 90

 The lattice vectors have been changed (STRU_SIMPLE.cif)

(for optimal symmetric configuration:)
                             BRAVAIS TYPE = 14
                     BRAVAIS LATTICE NAME = 14. Triclinic cell
                                    ibrav = 14
                                    IBRAV = 14
                                  BRAVAIS = TRICLINIC CELL
                       LATTICE CONSTANT A = 7.36675
                                B/A RATIO = 0.718288
                                C/A RATIO = 0.908018
                               COS(ALPHA) = 6.66458e-06
                                COS(BETA) = 0.453882
                               COS(GAMMA) = 0.718294
Original cell was already a primitive cell.
                        ROTATION MATRICES = 2
              PURE POINT GROUP OPERATIONS = 1
                   SPACE GROUP OPERATIONS = 1
                              POINT GROUP = C_1
               POINT GROUP IN SPACE GROUP = C_1
 DONE : SYMMETRY Time : 2.66951 (SEC)





 >>>>>>>>>>>>>>>>>>>>>>>>>>>>>>>>>>>>>>>>>>>>>>>>>>>>>>>>>>>>>>>>>>>>>>
 |                                                                    |
 | Setup K-points                                                     |
 | We setup the k-points according to input parameters.               |
 | The reduced k-points are set according to symmetry operations.     |
 | We treat the spin as another set of k-points.                      |
 |                                                                    |
 <<<<<<<<<<<<<<<<<<<<<<<<<<<<<<<<<<<<<<<<<<<<<<<<<<<<<<<<<<<<<<<<<<<<<<





 SETUP K-POINTS
                                    nspin = 1
                   Input type of k points = Monkhorst-Pack(Gamma)
                                   nkstot = 8
                       right hand lattice = 1
(for reciprocal lattice: )
                             BRAVAIS TYPE = 14
                     BRAVAIS LATTICE NAME = 14. Triclinic cell
                                    ibrav = 14
                       right hand lattice = 1
(for k-lattice: )
                             BRAVAIS TYPE = 14
                     BRAVAIS LATTICE NAME = 14. Triclinic cell
                                    ibrav = 14
                       right hand lattice = 1
                        ROTATION MATRICES = 2
                               nkstot_ibz = 8
K-POINTS REDUCTION ACCORDING TO SYMMETRY
     IBZ    DIRECT_X    DIRECT_Y    DIRECT_Z  WEIGHT  ibz2bz
       1  0.00000000  0.00000000  0.00000000  0.1250       0
       2  0.50000000  0.00000000  0.00000000  0.1250       1
       3  0.00000000  0.50000000  0.00000000  0.1250       2
       4  0.50000000  0.50000000  0.00000000  0.1250       3
       5  0.00000000  0.00000000  0.50000000  0.1250       4
       6  0.50000000  0.00000000  0.50000000  0.1250       5
       7  0.00000000  0.50000000  0.50000000  0.1250       6
       8  0.50000000  0.50000000  0.50000000  0.1250       7

                               nkstot now = 8
K-POINTS DIRECT COORDINATES
 KPOINTS    DIRECT_X    DIRECT_Y    DIRECT_Z  WEIGHT
       1  0.00000000  0.00000000  0.00000000  0.1250
       2  0.50000000  0.00000000  0.00000000  0.1250
       3  0.00000000  0.50000000  0.00000000  0.1250
       4  0.50000000  0.50000000  0.00000000  0.1250
       5  0.00000000  0.00000000  0.50000000  0.1250
       6  0.50000000  0.00000000  0.50000000  0.1250
       7  0.00000000  0.50000000  0.50000000  0.1250
       8  0.50000000  0.50000000  0.50000000  0.1250


           k-point number in this process = 8
       minimum distributed K point number = 8
starsize: 1
isym: 0 ks_vec: 0 0 0
starsize: 1
isym: 0 ks_vec: 0.5 0 0
starsize: 1
isym: 0 ks_vec: 0 0.5 0
starsize: 1
isym: 0 ks_vec: 0.5 0.5 0
starsize: 1
isym: 0 ks_vec: 0 0 0.5
starsize: 1
isym: 0 ks_vec: 0.5 0 0.5
starsize: 1
isym: 0 ks_vec: 0 0.5 0.5
starsize: 1
isym: 0 ks_vec: 0.5 0.5 0.5

K-POINTS CARTESIAN COORDINATES
 KPOINTS CARTESIAN_X CARTESIAN_Y CARTESIAN_Z  WEIGHT
       1  0.00000000  0.00000000  0.00000000  0.2500
       2  0.09449204  0.00000000  0.00000083  0.2500
       3  0.00000000  0.09753036  0.01465080  0.2500
       4  0.09449204  0.09753036  0.01465163  0.2500
       5  0.00000000  0.00000000  0.09864901  0.2500
       6  0.09449204  0.00000000  0.09864984  0.2500
       7  0.00000000  0.09753036  0.11329981  0.2500
       8  0.09449204  0.09753036  0.11330064  0.2500


K-POINTS DIRECT COORDINATES
 KPOINTS    DIRECT_X    DIRECT_Y    DIRECT_Z  WEIGHT
       1  0.00000000  0.00000000  0.00000000  0.2500
       2  0.50000000  0.00000000  0.00000000  0.2500
       3  0.00000000  0.50000000  0.00000000  0.2500
       4  0.50000000  0.50000000  0.00000000  0.2500
       5  0.00000000  0.00000000  0.50000000  0.2500
       6  0.50000000  0.00000000  0.50000000  0.2500
       7  0.00000000  0.50000000  0.50000000  0.2500
       8  0.50000000  0.50000000  0.50000000  0.2500

 DONE : INIT K-POINTS Time : 2.88659 (SEC)





 >>>>>>>>>>>>>>>>>>>>>>>>>>>>>>>>>>>>>>>>>>>>>>>>>>>>>>>>>>>>>>>>>>>>>>
 |                                                                    |
 | Setup plane waves of wave functions:                               |
 | Use the energy cutoff and the lattice vectors to generate the      |
 | dimensions of FFT grid. The number of FFT grid on each processor   |
 | is 'nrxx'. The number of plane wave basis in reciprocal space is   |
 | different for charege/potential and wave functions. We also set    |
 | the 'sticks' for the parallel of FFT. The number of plane wave of  |
 | each k-point is 'npwk[ik]' in each processor                       |
 <<<<<<<<<<<<<<<<<<<<<<<<<<<<<<<<<<<<<<<<<<<<<<<<<<<<<<<<<<<<<<<<<<<<<<





 SETUP PLANE WAVES FOR WAVE FUNCTIONS
     energy cutoff for wavefunc (unit:Ry) = 100
              fft grid for wave functions = [ 64, 64, 64 ]
                    number of plane waves = 18605
                         number of sticks = 869

 PARALLEL PW FOR WAVE FUNCTIONS
     PROC   COLUMNS(POT)             PW
        1             27            582
        2             27            582
        3             27            582
        4             27            581
        5             27            581
        6             27            581
        7             27            581
        8             28            582
        9             28            582
       10             27            582
       11             27            582
       12             27            582
       13             27            582
       14             28            582
       15             28            582
       16             28            582
       17             27            582
       18             27            582
       19             27            582
       20             27            581
       21             27            581
       22             27            581
       23             27            581
       24             27            580
       25             27            580
       26             27            581
       27             27            581
       28             27            581
       29             27            581
       30             27            581
       31             27            581
       32             27            581
 --------------- sum -------------------
       32            869          18605
 DONE : INIT PLANEWAVE Time : 2.89312 (SEC)

 SET NONLOCAL PSEUDOPOTENTIAL PROJECTORS
 SET NONLOCAL PSEUDOPOTENTIAL PROJECTORS
 max number of nonlocal projetors among all species is 8
 DONE : LOCAL POTENTIAL Time : 3.60861 (SEC)


 -------------------------------------------
 SELF-CONSISTENT
 -------------------------------------------




 >>>>>>>>>>>>>>>>>>>>>>>>>>>>>>>>>>>>>>>>>>>>>>>>>>>>>>>>>>>>>>>>>>>>>>
 |                                                                    |
 | Search adjacent atoms:                                             |
 | Set the adjacent atoms for each atom and set the periodic boundary |
 | condition for the atoms on real space FFT grid. For k-dependent    |
 | algorithm, we also need to set the sparse H and S matrix element   |
 | for each atom.                                                     |
 |                                                                    |
 <<<<<<<<<<<<<<<<<<<<<<<<<<<<<<<<<<<<<<<<<<<<<<<<<<<<<<<<<<<<<<<<<<<<<<





 SETUP SEARCHING RADIUS FOR PROGRAM TO SEARCH ADJACENT ATOMS
                  longest orb rcut (Bohr) = 10
   longest nonlocal projector rcut (Bohr) = 2.46
                     search radius (Bohr) = 24.9
              searching radius is (Bohr)) = 24.9
         searching radius unit is (Bohr)) = 1.89
                         PeriodicBoundary = 1
                        Radius(unit:lat0) = 13.2
                                   glayer = [ 4, 4, 4 ]
                             glayer_minus = [ 3, 3, 3 ]

Find the coordinate range of the input atom(unit:lat0).
                                  min_tau = [ -15.3, -18.4, -14.3 ]
                                  max_tau = [ 21.2, 22.1, 20.3 ]
                                BoxNumber = [ 7, 7, 7 ]

 SETUP EXTENDED REAL SPACE GRID FOR GRID INTEGRATION
                          real space grid = [ 64, 64, 64 ]
                 big cell numbers in grid = [ 32, 32, 32 ]
             meshcell numbers in big cell = [ 2, 2, 2 ]
                        extended fft grid = [ 33, 34, 34 ]
                dimension of extened grid = [ 99, 101, 101 ]
                            UnitCellTotal = 125
              Atom number in sub-FFT-grid = 12
    Local orbitals number in sub-FFT-grid = 212
                                ParaV.nnr = 73432

 Warning_Memory_Consuming allocated:  Gint::hRGint 12.5 MB

 Warning_Memory_Consuming allocated:  Gint::DMRGint 12.5 MB
                                 init_chg = atomic
 DONE : INIT SCF Time : 4.3858 (SEC)


 LCAO ALGORITHM --------------- ION=   1  ELEC=   1--------------------------------

 Density error is 0.157014164641
----------------------------------------------------------
     Energy           Rydberg                 eV          
----------------------------------------------------------
 E_KohnSham     -718.7257447497      -9778.7654278889     
 E_Harris       -705.5063810724      -9598.9067579440     
 E_Fermi        0.7640927035         10.3960145675        
----------------------------------------------------------


 LCAO ALGORITHM --------------- ION=   1  ELEC=   2--------------------------------

 Density error is 0.0634661800275
----------------------------------------------------------
     Energy           Rydberg                 eV          
----------------------------------------------------------
 E_KohnSham     -719.0377764455      -9783.0108369087     
 E_Harris       -715.4698696974      -9734.4669752028     
 E_Fermi        0.9023350835         12.2768986404        
----------------------------------------------------------


 LCAO ALGORITHM --------------- ION=   1  ELEC=   3--------------------------------

 Density error is 0.0378782407612
----------------------------------------------------------
     Energy           Rydberg                 eV          
----------------------------------------------------------
 E_KohnSham     -719.0670864207      -9783.4096195804     
 E_Harris       -718.4823312511      -9775.4536173380     
 E_Fermi        0.8962662431         12.1943278317        
----------------------------------------------------------


 LCAO ALGORITHM --------------- ION=   1  ELEC=   4--------------------------------

 Density error is 0.00761653935078
----------------------------------------------------------
     Energy           Rydberg                 eV          
----------------------------------------------------------
 E_KohnSham     -719.0652415806      -9783.3845192423     
 E_Harris       -718.2962035914      -9772.9212206106     
 E_Fermi        0.8993934406         12.2368755366        
----------------------------------------------------------


 LCAO ALGORITHM --------------- ION=   1  ELEC=   5--------------------------------

 Density error is 0.00127685569433
----------------------------------------------------------
     Energy           Rydberg                 eV          
----------------------------------------------------------
 E_KohnSham     -719.0667382820      -9783.4048829106     
 E_Harris       -718.9936947272      -9782.4110743631     
 E_Fermi        0.8988054860         12.2288760028        
----------------------------------------------------------


 LCAO ALGORITHM --------------- ION=   1  ELEC=   6--------------------------------

 Density error is 0.000841692744549
----------------------------------------------------------
     Energy           Rydberg                 eV          
----------------------------------------------------------
 E_KohnSham     -719.0667257995      -9783.4047130763     
 E_Harris       -719.0380258584      -9783.0142303461     
 E_Fermi        0.8994791851         12.2380421497        
----------------------------------------------------------


 LCAO ALGORITHM --------------- ION=   1  ELEC=   7--------------------------------

 Density error is 0.000234541272585
----------------------------------------------------------
     Energy           Rydberg                 eV          
----------------------------------------------------------
 E_KohnSham     -719.0667414594      -9783.4049261402     
 E_Harris       -719.0464694510      -9783.1291113168     
 E_Fermi        0.9004214364         12.2508621357        
----------------------------------------------------------


 LCAO ALGORITHM --------------- ION=   1  ELEC=   8--------------------------------

 Density error is 2.73202799215e-05
----------------------------------------------------------
     Energy           Rydberg                 eV          
----------------------------------------------------------
 E_KohnSham     -719.0667425192      -9783.4049405597     
 E_Harris       -719.0677890030      -9783.4191787021     
 E_Fermi        0.9004438422         12.2511669830        
----------------------------------------------------------


 LCAO ALGORITHM --------------- ION=   1  ELEC=   9--------------------------------

 Density error is 2.96645702648e-05
----------------------------------------------------------
     Energy           Rydberg                 eV          
----------------------------------------------------------
 E_KohnSham     -719.0667424988      -9783.4049402821     
 E_Harris       -719.0636713028      -9783.3631545170     
 E_Fermi        0.9004225284         12.2508769944        
----------------------------------------------------------


 LCAO ALGORITHM --------------- ION=   1  ELEC=  10--------------------------------

 Density error is 2.91421965458e-06
----------------------------------------------------------
     Energy           Rydberg                 eV          
----------------------------------------------------------
 E_KohnSham     -719.0667425223      -9783.4049406027     
 E_Harris       -719.0665154074      -9783.4018505458     
 E_Fermi        0.9004211417         12.2508581271        
----------------------------------------------------------


 LCAO ALGORITHM --------------- ION=   1  ELEC=  11--------------------------------

 Density error is 4.50947466159e-07
----------------------------------------------------------
     Energy           Rydberg                 eV          
----------------------------------------------------------
 E_KohnSham     -719.0667425225      -9783.4049406053     
 E_Harris       -719.0667034628      -9783.4044091705     
 E_Fermi        0.9004249868         12.2509104420        
----------------------------------------------------------


 LCAO ALGORITHM --------------- ION=   1  ELEC=  12--------------------------------

 Density error is 3.25290945628e-07
----------------------------------------------------------
     Energy           Rydberg                 eV          
----------------------------------------------------------
 E_KohnSham     -719.0667425225      -9783.4049406053     
 E_Harris       -719.0667525718      -9783.4050773323     
 E_Fermi        0.9004250136         12.2509108069        
----------------------------------------------------------


 LCAO ALGORITHM --------------- ION=   1  ELEC=  13--------------------------------

 Density error is 4.73371506332e-08
----------------------------------------------------------
     Energy           Rydberg                 eV          
----------------------------------------------------------
 E_KohnSham     -719.0667425225      -9783.4049406054     
 E_Harris       -719.0667460911      -9783.4049891577     
 E_Fermi        0.9004252150         12.2509135476        
----------------------------------------------------------


 LCAO ALGORITHM --------------- ION=   1  ELEC=  14--------------------------------

 Density error is 2.9432359467e-08
----------------------------------------------------------
     Energy           Rydberg                 eV          
----------------------------------------------------------
 E_KohnSham     -719.0667425225      -9783.4049406054     
 E_Harris       -719.0667448986      -9783.4049729328     
 E_Fermi        0.9004252032         12.2509133866        
----------------------------------------------------------


 LCAO ALGORITHM --------------- ION=   1  ELEC=  15--------------------------------

 Density error is 9.40553355585e-09
----------------------------------------------------------
     Energy           Rydberg                 eV          
----------------------------------------------------------
 E_KohnSham     -719.0667425225      -9783.4049406054     
 E_KS(sigma->0) -719.0667425225      -9783.4049406054     
 E_Harris       -719.0667430364      -9783.4049475967     
 E_band         -39.3159412149       -534.9208227552      
 E_one_elec     -137.2084052704      -1866.8161251703     
 E_Hartree      123.5842262015       1681.4496592619      
 E_xc           -182.4564563783      -2482.4474436332     
 E_Ewald        -522.9861070754      -7115.5910310637     
 E_entropy(-TS) -0.0000000000        -0.0000000000        
 E_descf        0.0000000000         0.0000000000         
 E_exx          0.0000000000         0.0000000000         
 E_Fermi        0.9004251808         12.2509130820        
----------------------------------------------------------


 charge density convergence is achieved
 final etot is -9783.4049406 eV
 EFERMI = 12.250913082 eV

 STATE ENERGY(eV) AND OCCUPATIONS    NSPIN == 1
 1/8 kpoint (Cartesian) = 0.0000 0.0000 0.0000 (485 pws)
       1       -49.0890       0.250000
       2       -49.0691       0.250000
       3       -49.0651       0.250000
       4       -49.0620       0.250000
       5       -18.9451       0.250000
       6       -18.9150       0.250000
       7       -18.8792       0.250000
       8       -18.7120       0.250000
       9       -18.6777       0.250000
      10       -18.6173       0.250000
      11       -18.5947       0.250000
      12       -18.5687       0.250000
      13       -18.5397       0.250000
      14       -18.5297       0.250000
      15       -18.4732       0.250000
      16       -18.4392       0.250000
      17       -7.22937       0.250000
      18       -5.97879       0.250000
      19       -5.66577       0.250000
      20       -5.63295       0.250000
      21       -5.21293       0.250000
      22       -5.16087       0.250000
      23       -5.11456       0.250000
      24       -5.02567       0.250000
      25        5.42861       0.250000
      26        5.47965       0.250000
      27        5.98600       0.250000
      28        6.22460       0.250000
      29        6.25101       0.250000
      30        6.70429       0.250000
      31        7.33684       0.250000
      32        7.57231       0.250000
      33        7.58644       0.250000
      34        7.91700       0.250000
      35        8.00963       0.250000
      36        8.27533       0.250000
      37        8.62848       0.250000
      38        8.88030       0.250000
      39        8.98069       0.250000
      40        9.04491       0.250000
      41        9.12678       0.250000
      42        9.72546       0.250000
      43        9.88687       0.250000
      44        9.95324       0.250000
      45        10.2329       0.250000
      46        10.2632       0.250000
      47        10.5700       0.250000
      48        10.7772       0.250000
      49        15.3151        0.00000
      50        16.0312        0.00000
      51        16.2779        0.00000
      52        16.5429        0.00000
      53        16.5626        0.00000
      54        16.8294        0.00000
      55        17.3594        0.00000
      56        17.4796        0.00000
      57        17.6430        0.00000
      58        17.7111        0.00000

 2/8 kpoint (Cartesian) = 0.094492 0.0000 8.3112e-07 (491 pws)
       1       -49.0805       0.250000
       2       -49.0804       0.250000
       3       -49.0623       0.250000
       4       -49.0622       0.250000
       5       -18.8521       0.250000
       6       -18.8521       0.250000
       7       -18.7751       0.250000
       8       -18.7751       0.250000
       9       -18.6955       0.250000
      10       -18.6955       0.250000
      11       -18.5974       0.250000
      12       -18.5973       0.250000
      13       -18.5711       0.250000
      14       -18.5711       0.250000
      15       -18.4679       0.250000
      16       -18.4679       0.250000
      17       -6.43499       0.250000
      18       -6.43494       0.250000
      19       -5.60686       0.250000
      20       -5.60682       0.250000
      21       -5.36299       0.250000
      22       -5.36292       0.250000
      23       -5.14501       0.250000
      24       -5.14489       0.250000
      25        5.67935       0.250000
      26        5.67938       0.250000
      27        6.40309       0.250000
      28        6.40312       0.250000
      29        6.79668       0.250000
      30        6.79673       0.250000
      31        7.18633       0.250000
      32        7.18638       0.250000
      33        7.29773       0.250000
      34        7.29780       0.250000
      35        8.15859       0.250000
      36        8.15869       0.250000
      37        8.72595       0.250000
      38        8.72597       0.250000
      39        8.96423       0.250000
      40        8.96430       0.250000
      41        9.61289       0.250000
      42        9.61301       0.250000
      43        9.76507       0.250000
      44        9.76511       0.250000
      45        10.1353       0.250000
      46        10.1354       0.250000
      47        10.3310       0.250000
      48        10.3311       0.250000
      49        15.9668        0.00000
      50        15.9668        0.00000
      51        16.4521        0.00000
      52        16.4522        0.00000
      53        16.6662        0.00000
      54        16.6663        0.00000
      55        17.1960        0.00000
      56        17.1961        0.00000
      57        17.8065        0.00000
      58        17.8065        0.00000

 3/8 kpoint (Cartesian) = 0.0000 0.097530 0.014651 (490 pws)
       1       -49.0775       0.250000
       2       -49.0775       0.250000
       3       -49.0652       0.250000
       4       -49.0652       0.250000
       5       -18.8108       0.250000
       6       -18.8108       0.250000
       7       -18.8060       0.250000
       8       -18.8060       0.250000
       9       -18.7119       0.250000
      10       -18.7119       0.250000
      11       -18.5692       0.250000
      12       -18.5692       0.250000
      13       -18.5579       0.250000
      14       -18.5579       0.250000
      15       -18.5052       0.250000
      16       -18.5051       0.250000
      17       -6.40681       0.250000
      18       -6.40676       0.250000
      19       -5.74150       0.250000
      20       -5.74148       0.250000
      21       -5.27593       0.250000
      22       -5.27583       0.250000
      23       -5.13081       0.250000
      24       -5.13074       0.250000
      25        5.96110       0.250000
      26        5.96111       0.250000
      27        6.60551       0.250000
      28        6.60555       0.250000
      29        6.68582       0.250000
      30        6.68590       0.250000
      31        7.31009       0.250000
      32        7.31017       0.250000
      33        7.72887       0.250000
      34        7.72888       0.250000
      35        8.11882       0.250000
      36        8.11887       0.250000
      37        8.33859       0.250000
      38        8.33867       0.250000
      39        8.76068       0.250000
      40        8.76073       0.250000
      41        9.11450       0.250000
      42        9.11451       0.250000
      43        9.79650       0.250000
      44        9.79656       0.250000
      45        9.96990       0.250000
      46        9.96995       0.250000
      47        10.3482       0.250000
      48        10.3483       0.250000
      49        15.6425        0.00000
      50        15.6426        0.00000
      51        16.0656        0.00000
      52        16.0657        0.00000
      53        17.1069        0.00000
      54        17.1069        0.00000
      55        17.6217        0.00000
      56        17.6217        0.00000
      57        17.9221        0.00000
      58        17.9223        0.00000

 4/8 kpoint (Cartesian) = 0.094492 0.097530 0.014652 (490 pws)
       1       -49.0758       0.250000
       2       -49.0758       0.250000
       3       -49.0669       0.250000
       4       -49.0668       0.250000
       5       -18.8092       0.250000
       6       -18.8092       0.250000
       7       -18.7969       0.250000
       8       -18.7969       0.250000
       9       -18.7282       0.250000
      10       -18.7281       0.250000
      11       -18.5992       0.250000
      12       -18.5992       0.250000
      13       -18.5296       0.250000
      14       -18.5296       0.250000
      15       -18.5011       0.250000
      16       -18.5011       0.250000
      17       -6.08327       0.250000
      18       -6.08321       0.250000
      19       -6.02946       0.250000
      20       -6.02946       0.250000
      21       -5.23658       0.250000
      22       -5.23644       0.250000
      23       -5.22750       0.250000
      24       -5.22730       0.250000
      25        6.46652       0.250000
      26        6.46663       0.250000
      27        6.52161       0.250000
      28        6.52167       0.250000
      29        6.97609       0.250000
      30        6.97611       0.250000
      31        7.08909       0.250000
      32        7.08913       0.250000
      33        7.66918       0.250000
      34        7.66925       0.250000
      35        7.98599       0.250000
      36        7.98610       0.250000
      37        8.14832       0.250000
      38        8.14843       0.250000
      39        8.66310       0.250000
      40        8.66322       0.250000
      41        9.15938       0.250000
      42        9.15943       0.250000
      43        9.79524       0.250000
      44        9.79535       0.250000
      45        9.98995       0.250000
      46        9.99013       0.250000
      47        10.1268       0.250000
      48        10.1269       0.250000
      49        15.8707        0.00000
      50        15.8708        0.00000
      51        16.0597        0.00000
      52        16.0598        0.00000
      53        16.9379        0.00000
      54        16.9379        0.00000
      55        17.2043        0.00000
      56        17.2043        0.00000
      57        17.9361        0.00000
      58        17.9362        0.00000

 5/8 kpoint (Cartesian) = 0.0000 0.0000 0.098649 (487 pws)
       1       -49.0800       0.250000
       2       -49.0742       0.250000
       3       -49.0680       0.250000
       4       -49.0631       0.250000
       5       -18.9026       0.250000
       6       -18.7906       0.250000
       7       -18.7568       0.250000
       8       -18.7521       0.250000
       9       -18.7361       0.250000
      10       -18.6659       0.250000
      11       -18.6252       0.250000
      12       -18.5898       0.250000
      13       -18.5540       0.250000
      14       -18.5362       0.250000
      15       -18.5179       0.250000
      16       -18.4982       0.250000
      17       -6.68701       0.250000
      18       -5.81673       0.250000
      19       -5.77708       0.250000
      20       -5.68463       0.250000
      21       -5.68114       0.250000
      22       -5.16518       0.250000
      23       -5.14642       0.250000
      24       -5.06682       0.250000
      25        5.19709       0.250000
      26        5.74741       0.250000
      27        6.25641       0.250000
      28        6.42194       0.250000
      29        6.44551       0.250000
      30        6.53455       0.250000
      31        7.11902       0.250000
      32        7.56907       0.250000
      33        7.57969       0.250000
      34        7.68210       0.250000
      35        7.98127       0.250000
      36        8.33307       0.250000
      37        8.67461       0.250000
      38        8.90623       0.250000
      39        8.99537       0.250000
      40        9.14284       0.250000
      41        9.20784       0.250000
      42        9.61002       0.250000
      43        9.74985       0.250000
      44        9.78550       0.250000
      45        10.2646       0.250000
      46        10.3501       0.250000
      47        10.3990       0.250000
      48        10.6699       0.250000
      49        15.0892        0.00000
      50        16.0933        0.00000
      51        16.2825        0.00000
      52        16.4293        0.00000
      53        16.5467        0.00000
      54        16.7051        0.00000
      55        16.8020        0.00000
      56        17.1670        0.00000
      57        18.0026        0.00000
      58        18.2305        0.00000

 6/8 kpoint (Cartesian) = 0.094492 0.0000 0.098650 (483 pws)
       1       -49.0760       0.250000
       2       -49.0760       0.250000
       3       -49.0666       0.250000
       4       -49.0666       0.250000
       5       -18.8587       0.250000
       6       -18.8587       0.250000
       7       -18.7767       0.250000
       8       -18.7767       0.250000
       9       -18.7005       0.250000
      10       -18.7005       0.250000
      11       -18.6027       0.250000
      12       -18.6027       0.250000
      13       -18.5368       0.250000
      14       -18.5368       0.250000
      15       -18.4882       0.250000
      16       -18.4882       0.250000
      17       -6.32856       0.250000
      18       -6.32852       0.250000
      19       -5.59736       0.250000
      20       -5.59733       0.250000
      21       -5.48875       0.250000
      22       -5.48867       0.250000
      23       -5.12960       0.250000
      24       -5.12948       0.250000
      25        6.09574       0.250000
      26        6.09576       0.250000
      27        6.37649       0.250000
      28        6.37654       0.250000
      29        6.74943       0.250000
      30        6.74944       0.250000
      31        7.02726       0.250000
      32        7.02739       0.250000
      33        7.68521       0.250000
      34        7.68525       0.250000
      35        7.95992       0.250000
      36        7.95994       0.250000
      37        8.66096       0.250000
      38        8.66101       0.250000
      39        9.00411       0.250000
      40        9.00421       0.250000
      41        9.26649       0.250000
      42        9.26656       0.250000
      43        9.53880       0.250000
      44        9.53895       0.250000
      45        10.0658       0.250000
      46        10.0659       0.250000
      47        10.3094       0.250000
      48        10.3094       0.250000
      49        15.7504        0.00000
      50        15.7505        0.00000
      51        16.3339        0.00000
      52        16.3339        0.00000
      53        16.6953        0.00000
      54        16.6954        0.00000
      55        17.4155        0.00000
      56        17.4156        0.00000
      57        17.4446        0.00000
      58        17.4448        0.00000

 7/8 kpoint (Cartesian) = 0.0000 0.097530 0.11330 (483 pws)
       1       -49.0754       0.250000
       2       -49.0753       0.250000
       3       -49.0673       0.250000
       4       -49.0673       0.250000
       5       -18.8665       0.250000
       6       -18.8664       0.250000
       7       -18.8043       0.250000
       8       -18.8043       0.250000
       9       -18.6837       0.250000
      10       -18.6837       0.250000
      11       -18.6189       0.250000
      12       -18.6188       0.250000
      13       -18.5346       0.250000
      14       -18.5346       0.250000
      15       -18.4560       0.250000
      16       -18.4560       0.250000
      17       -6.21153       0.250000
      18       -6.21152       0.250000
      19       -5.72972       0.250000
      20       -5.72967       0.250000
      21       -5.42633       0.250000
      22       -5.42623       0.250000
      23       -5.18995       0.250000
      24       -5.18980       0.250000
      25        5.99796       0.250000
      26        5.99798       0.250000
      27        6.42518       0.250000
      28        6.42526       0.250000
      29        6.79959       0.250000
      30        6.79962       0.250000
      31        7.09433       0.250000
      32        7.09437       0.250000
      33        7.29417       0.250000
      34        7.29418       0.250000
      35        8.38785       0.250000
      36        8.38790       0.250000
      37        8.91570       0.250000
      38        8.91581       0.250000
      39        9.06604       0.250000
      40        9.06605       0.250000
      41        9.33331       0.250000
      42        9.33338       0.250000
      43        9.43163       0.250000
      44        9.43169       0.250000
      45        9.78480       0.250000
      46        9.78485       0.250000
      47        10.4340       0.250000
      48        10.4340       0.250000
      49        15.4285        0.00000
      50        15.4285        0.00000
      51        16.1402        0.00000
      52        16.1402        0.00000
      53        16.7486        0.00000
      54        16.7486        0.00000
      55        17.0466        0.00000
      56        17.0466        0.00000
      57        17.5977        0.00000
      58        17.5977        0.00000

 8/8 kpoint (Cartesian) = 0.094492 0.097530 0.11330 (485 pws)
       1       -49.0743       0.250000
       2       -49.0742       0.250000
       3       -49.0683       0.250000
       4       -49.0683       0.250000
       5       -18.9274       0.250000
       6       -18.9273       0.250000
       7       -18.8959       0.250000
       8       -18.8958       0.250000
       9       -18.5946       0.250000
      10       -18.5945       0.250000
      11       -18.5334       0.250000
      12       -18.5334       0.250000
      13       -18.5302       0.250000
      14       -18.5302       0.250000
      15       -18.4739       0.250000
      16       -18.4739       0.250000
      17       -6.32965       0.250000
      18       -6.32959       0.250000
      19       -5.98851       0.250000
      20       -5.98847       0.250000
      21       -5.12337       0.250000
      22       -5.12322       0.250000
      23       -5.09511       0.250000
      24       -5.09499       0.250000
      25        6.20207       0.250000
      26        6.20219       0.250000
      27        6.47139       0.250000
      28        6.47147       0.250000
      29        6.92349       0.250000
      30        6.92356       0.250000
      31        7.35658       0.250000
      32        7.35661       0.250000
      33        7.93958       0.250000
      34        7.93962       0.250000
      35        7.94682       0.250000
      36        7.94687       0.250000
      37        8.51883       0.250000
      38        8.51890       0.250000
      39        8.54957       0.250000
      40        8.54960       0.250000
      41        9.21940       0.250000
      42        9.21953       0.250000
      43        9.57504       0.250000
      44        9.57512       0.250000
      45        9.74116       0.250000
      46        9.74136       0.250000
      47        10.0482       0.250000
      48        10.0482       0.250000
      49        15.7652        0.00000
      50        15.7652        0.00000
      51        16.3164        0.00000
      52        16.3164        0.00000
      53        16.4239        0.00000
      54        16.4239        0.00000
      55        16.9309        0.00000
      56        16.9309        0.00000
      57        17.9746        0.00000
      58        17.9747        0.00000

 correction force for each atom along direction 1 is 8.19111e-06
 correction force for each atom along direction 2 is 2.23803e-06
 correction force for each atom along direction 3 is -3.84444e-06
------------------------------------------------------------------------------------------
 TOTAL-FORCE (eV/Angstrom)                                                                
------------------------------------------------------------------------------------------
                       Hf1         0.0077659145         0.0055786608         0.0042150956 
                       Hf2         0.0075097490        -0.0053536594        -0.0038330837 
                       Hf3        -0.0077690617         0.0058172048         0.0038835865 
                       Hf4        -0.0080232367        -0.0056394226        -0.0038516370 
                        O1         0.0393938485        -0.0093672655        -0.0267601376 
                        O2        -0.0391975105         0.0092164289         0.0265008619 
                        O3         0.0188540610         0.0024827888        -0.0152082473 
                        O4        -0.0182131472        -0.0025484893         0.0151581884 
                        O5        -0.0393975317        -0.0094827631        -0.0267077230 
                        O6         0.0392140661         0.0092994026         0.0265989240 
                        O7        -0.0186060365         0.0025339108        -0.0151647146 
                        O8         0.0184688852        -0.0025367968         0.0151688867 
------------------------------------------------------------------------------------------

----------------------------------------------------------------
 TOTAL-STRESS (KBAR)                                            
----------------------------------------------------------------
       -30.2345943892         0.0293610495        -0.0066630073 
         0.0293610495        64.2299633992        -1.6282229601 
        -0.0066630073        -1.6282229601        -4.7354536672 
----------------------------------------------------------------
 TOTAL-PRESSURE: 9.753305 KBAR



 --------------------------------------------
 !FINAL_ETOT_IS -9783.4049406053600251 eV
 --------------------------------------------


TIME STATISTICS
------------------------------------------------------------------------------------
    CLASS_NAME                    NAME                TIME/s  CALLS   AVG/s  PER/%  
------------------------------------------------------------------------------------
                   total                              110.74 13       8.52   100.00 
 Driver            reading                            2.43   1        2.43   2.19   
 Input_Conv        Convert                            0.00   1        0.00   0.00   
 Driver            driver_line                        108.31 1        108.31 97.81  
 UnitCell          check_tau                          0.00   1        0.00   0.00   
 ESolver_KS_LCAO   before_all_runners                 1.16   1        1.16   1.05   
 PW_Basis_Sup      setuptransform                     0.01   1        0.01   0.01   
 PW_Basis_Sup      distributeg                        0.00   1        0.00   0.00   
 mymath            heapsort                           0.00   31       0.00   0.00   
 Charge_Mixing     init_mixing                        0.00   1        0.00   0.00   
 Symmetry          analy_sys                          0.04   1        0.04   0.03   
 PW_Basis_K        setuptransform                     0.00   1        0.00   0.00   
 PW_Basis_K        distributeg                        0.00   1        0.00   0.00   
 PW_Basis          setup_struc_factor                 0.00   1        0.00   0.00   
 NOrbital_Lm       extra_uniform                      0.20   14       0.01   0.18   
 Mathzone_Add1     SplineD2                           0.00   14       0.00   0.00   
 Mathzone_Add1     Cubic_Spline_Interpolation         0.01   14       0.00   0.01   
 Mathzone_Add1     Uni_Deriv_Phi                      0.19   14       0.01   0.17   
 ppcell_vl         init_vloc                          0.13   1        0.13   0.11   
 Ions              opt_ions                           107.12 1        107.12 96.73  
 ESolver_KS_LCAO   runner                             100.06 1        100.06 90.36  
 ESolver_KS_LCAO   before_scf                         0.78   1        0.78   0.70   
 atom_arrange      search                             0.00   1        0.00   0.00   
 atom_arrange      grid_d.init                        0.00   1        0.00   0.00   
 Grid              Construct_Adjacent_expand          0.00   1        0.00   0.00   
 Grid              Construct_Adjacent_expand_periodic 0.00   12       0.00   0.00   
 Grid_Technique    init                               0.23   1        0.23   0.21   
 Grid_BigCell      grid_expansion_index               0.05   2        0.03   0.05   
 Grid_Driver       Find_atom                          0.00   120      0.00   0.00   
 Record_adj        for_2d                             0.05   1        0.05   0.04   
 LCAO_domain       grid_prepare                       0.00   1        0.00   0.00   
 Veff              initialize_HR                      0.00   1        0.00   0.00   
 OverlapNew        initialize_SR                      0.00   1        0.00   0.00   
 EkineticNew       initialize_HR                      0.00   1        0.00   0.00   
 NonlocalNew       initialize_HR                      0.02   1        0.02   0.02   
 Charge            set_rho_core                       0.15   1        0.15   0.13   
 PW_Basis_Sup      recip2real                         0.15   125      0.00   0.13   
 PW_Basis_Sup      gathers_scatterp                   0.13   125      0.00   0.11   
 Charge            atomic_rho                         0.27   2        0.13   0.24   
 Potential         init_pot                           0.06   1        0.06   0.05   
 Potential         update_from_charge                 0.33   16       0.02   0.30   
 Potential         cal_fixed_v                        0.00   1        0.00   0.00   
 PotLocal          cal_fixed_v                        0.00   1        0.00   0.00   
 Potential         cal_v_eff                          0.33   16       0.02   0.30   
 H_Hartree_pw      v_hartree                          0.06   16       0.00   0.05   
 PW_Basis_Sup      real2recip                         0.20   145      0.00   0.18   
 PW_Basis_Sup      gatherp_scatters                   0.18   145      0.00   0.16   
 PotXC             cal_v_eff                          0.27   16       0.02   0.25   
 XC_Functional     v_xc                               0.29   18       0.02   0.26   
 Potential         interpolate_vrs                    0.00   16       0.00   0.00   
 Symmetry          rhog_symmetry                      0.68   16       0.04   0.61   
 Symmetry          group fft grids                    0.28   16       0.02   0.25   
 H_Ewald_pw        compute_ewald                      0.01   1        0.01   0.01   
 HSolverLCAO       solve                              97.84  15       6.52   88.36  
 HamiltLCAO        updateHk                           43.40  120      0.36   39.19  
 OperatorLCAO      init                               43.26  360      0.12   39.07  
 Veff              contributeHR                       42.83  15       2.86   38.68  
 Gint_interface    cal_gint                           72.83  31       2.35   65.77  
 Gint_interface    cal_gint_vlocal                    37.07  15       2.47   33.47  
 Gint_Tools        cal_psir_ylm                       2.63   30720    0.00   2.37   
 Gint_k            transfer_pvpR                      5.77   15       0.38   5.21   
 OverlapNew        calculate_SR                       0.10   1        0.10   0.09   
 OverlapNew        contributeHk                       0.03   120      0.00   0.03   
 EkineticNew       contributeHR                       0.11   15       0.01   0.10   
 EkineticNew       calculate_HR                       0.11   1        0.11   0.09   
 NonlocalNew       contributeHR                       0.29   15       0.02   0.26   
 NonlocalNew       calculate_HR                       0.28   1        0.28   0.25   
 OperatorLCAO      contributeHk                       0.03   120      0.00   0.03   
 HSolverLCAO       hamiltSolvePsiK                    19.31  120      0.16   17.44  
 DiagoElpa         elpa_solve                         18.49  120      0.15   16.70  
 elecstate         cal_dm                             0.15   16       0.01   0.13   
 psiMulPsiMpi      pdgemm                             0.15   128      0.00   0.13   
 DensityMatrix     cal_DMR                            0.04   16       0.00   0.04   
 ElecStateLCAO     psiToRho                           34.96  15       2.33   31.57  
 Gint              transfer_DMR                       1.59   15       0.11   1.43   
 Gint_interface    cal_gint_rho                       31.24  15       2.08   28.21  
 Charge_Mixing     get_drho                           0.01   15       0.00   0.01   
 Charge            mix_rho                            0.07   14       0.01   0.06   
 Charge            Broyden_mixing                     0.01   14       0.00   0.01   
 ModuleIO          write_rhog                         0.04   1        0.04   0.03   
 ESolver_KS_LCAO   after_scf                          0.15   1        0.15   0.13   
 ESolver_KS_LCAO   cal_force                          7.05   1        7.05   6.37   
 Force_Stress_LCAO getForceStress                     7.05   1        7.05   6.37   
 Forces            cal_force_loc                      0.02   1        0.02   0.02   
 Forces            cal_force_ew                       0.02   1        0.02   0.02   
 Forces            cal_force_cc                       0.15   1        0.15   0.13   
 Forces            cal_force_scc                      0.13   1        0.13   0.12   
 Stress_Func       stress_loc                         0.42   1        0.42   0.38   
 Stress_Func       stress_har                         0.00   1        0.00   0.00   
 Stress_Func       stress_ewa                         0.00   1        0.00   0.00   
 Stress_Func       stress_cc                          0.56   1        0.56   0.50   
 Stress_Func       stress_gga                         0.00   1        0.00   0.00   
 Force_LCAO        ftable                             4.86   1        4.86   4.39   
 Force_LCAO        allocate                           0.31   1        0.31   0.28   
 LCAO_domain       build_ST_new                       0.31   2        0.15   0.28   
 Force_LCAO        cal_pulay_fs_center2               0.01   2        0.00   0.01   
 Gint_interface    cal_gint_force                     4.53   1        4.53   4.09   
 Gint_Tools        cal_dpsir_ylm                      0.30   1024     0.00   0.27   
 Gint_Tools        cal_dpsirr_ylm                     0.06   1024     0.00   0.05   
 NonlocalNew       cal_force_stress                   0.89   1        0.89   0.80   
 ESolver_KS_LCAO   cal_stress                         0.00   1        0.00   0.00   
 ESolver_KS_LCAO   after_all_runners                  0.01   1        0.01   0.01   
 ModuleIO          write_istate_info                  0.01   1        0.01   0.01   
------------------------------------------------------------------------------------


 NAME-------------------------|MEMORY(MB)--------
                         total      2263.1918
                  Gint::hRGint       399.9363
                 Gint::DMRGint       399.6238
       TwoCenterTable: Kinetic       137.3855
       TwoCenterTable: Overlap       137.3855
      TwoCenterTable: Nonlocal       136.0217
                  meshball_pos       123.8884
               GT::ind_bigcell       123.2787
         GT::in_this_processor       123.2787
              GT::index2normal       123.2787
               GT::index2ucell       123.2787
                   Stress::dSR       105.3012
                   Force::dS_K        52.6506
                   Stress::dHr        52.6506
                  Force::dTVNL        52.6506
      GT::bigcell_on_processor        30.8197
                HamiltLCAO::hR        24.0065
            DensityMatrix::DMR        24.0065
                    index_ball        20.6481
                HamiltLCAO::sR        17.2910
                GT::which_atom         7.0061
             GT::which_bigcell         7.0061
            GT::which_unitcell         7.0061
            DensityMatrix::DMK         5.4863
                  SF::strucFac         3.8269
                RealGauntTable         3.7773
                  PW_B_K::gcar         2.9121
                  SF::eigts123         2.2515
                      Chg::rho         2.0000
                 Chg::rho_save         2.0000
                 Chg::rho_core         2.0000
                 Pot::veff_fix         2.0000
                     Pot::veff         2.0000
              Pot::veff_smooth         2.0000
 -------------   < 1.0 MB has been ignored ----------------
 ----------------------------------------------------------

 Start  Time  : Sat Oct 10 01:10:00 2026
 Finish Time  : Sat Oct 10 01:11:51 2026
 Total  Time  : 0 h 1 mins 51 secs 
