                                                                                     
                              ABACUS v3.10.0

               Atomic-orbital Based Ab-initio Computation at UStc                    

                     Website: http://abacus.ustc.edu.cn/                             
               Documentation: https://abacus.deepmodeling.com/                       
                  Repository: https://github.com/abacusmodeling/abacus-develop       
                              https://github.com/deepmodeling/abacus-develop         
                      Commit: f7cb1d3 (Mon May 12 16:53:30 2025 +0800)

    Start Time is Fri Oct  9 14:01:03 2026
                                                                                     
 ------------------------------------------------------------------------------------

 READING GENERAL INFORMATION
                           global_out_dir = OUT.ABACUS/
                           global_in_card = INPUT
                               pseudo_dir = 
                              orbital_dir = 
                                    DRANK = 1
                                    DSIZE = 32
                                   DCOLOR = 1
                                    GRANK = 1
                                    GSIZE = 1




 >>>>>>>>>>>>>>>>>>>>>>>>>>>>>>>>>>>>>>>>>>>>>>>>>>>>>>>>>>>>>>>>>>>>>>
 |                                                                    |
 | Reading atom information in unitcell:                              |
 | From the input file and the structure file we know the number of   |
 | different elments in this unitcell, then we list the detail        |
 | information for each element, especially the zeta and polar atomic |
 | orbital number for each element. The total atom number is counted. |
 | We calculate the nearest atom distance for each atom and show the  |
 | Cartesian and Direct coordinates for each atom. We list the file   |
 | address for atomic orbitals. The volume and the lattice vectors    |
 | in real and reciprocal space is also shown.                        |
 |                                                                    |
 <<<<<<<<<<<<<<<<<<<<<<<<<<<<<<<<<<<<<<<<<<<<<<<<<<<<<<<<<<<<<<<<<<<<<<




 READING UNITCELL INFORMATION
                                    ntype = 2
                  lattice constant (Bohr) = 1.88973
              lattice constant (Angstrom) = 1

 READING ATOM TYPE 1
                               atom label = Hf
                      L=0, number of zeta = 4
                      L=1, number of zeta = 2
                      L=2, number of zeta = 2
                      L=3, number of zeta = 1
             number of atom for this type = 4

 READING ATOM TYPE 2
                               atom label = O
                      L=0, number of zeta = 2
                      L=1, number of zeta = 2
                      L=2, number of zeta = 1
             number of atom for this type = 8

                        TOTAL ATOM NUMBER = 12
DIRECT COORDINATES
    atom                   x                   y                   z     mag                  vx                  vy                  vz
taud_Hf1            0.0475696161        0.9939013286        0.0124674740  0.0000        0.0000000000        0.0000000000        0.0000000000
taud_Hf2            0.9679642206        0.5136858508        0.5124627522  0.0000        0.0000000000        0.0000000000        0.0000000000
taud_Hf3            0.4679610485        0.9939095316        0.5124631266  0.0000        0.0000000000        0.0000000000        0.0000000000
taud_Hf4            0.5475658160        0.5136937661        0.0124678959  0.0000        0.0000000000        0.0000000000        0.0000000000
taud_O1            0.3638492875        0.2049885951        0.1768480186  0.0000        0.0000000000        0.0000000000        0.0000000000
taud_O2            0.1516791882        0.2049873961        0.6768488621  0.0000        0.0000000000        0.0000000000        0.0000000000
taud_O3            0.2055163082        0.7392599104        0.2855643488  0.0000        0.0000000000        0.0000000000        0.0000000000
taud_O4            0.3100284265        0.7392670747        0.7855662025  0.0000        0.0000000000        0.0000000000        0.0000000000
taud_O5            0.8638477065        0.3026068013        0.1768440839  0.0000        0.0000000000        0.0000000000        0.0000000000
taud_O6            0.6516805531        0.3026081362        0.6768447388  0.0000        0.0000000000        0.0000000000        0.0000000000
taud_O7            0.7055173087        0.7683348426        0.2855660353  0.0000        0.0000000000        0.0000000000        0.0000000000
taud_O8            0.8100270474        0.7683279956        0.7855678107  0.0000        0.0000000000        0.0000000000        0.0000000000



                          Volume (Bohr^3) = 942.586
                             Volume (A^3) = 139.677

 Lattice vectors: (Cartesian coordinate: in unit of a_0)
             +5.42031        +2.58373e-06        +4.56474e-05
         +2.55269e-06            +5.03866        -5.65679e-05
         +4.57909e-05        -5.65977e-05            +5.11429
 Reciprocal vectors: (Cartesian coordinate: in unit of 2 pi/a_0)
            +0.184491        -9.34857e-08        -1.65185e-06
         -9.46222e-08           +0.198466        +2.19634e-06
         -1.64667e-06        +2.19518e-06           +0.195531
 The esolver type has been set to : ksdft_lcao

 RUNNING WITH DEVICE  : CPU / AMD EPYC 7702 64-Core Processor




 >>>>>>>>>>>>>>>>>>>>>>>>>>>>>>>>>>>>>>>>>>>>>>>>>>>>>>>>>>>>>>>>>>>>>>
 |                                                                    |
 | Reading pseudopotentials files:                                    |
 | The pseudopotential file is in UPF format. The 'NC' indicates that |
 | the type of pseudopotential is 'norm conserving'. Functional of    |
 | exchange and correlation is decided by 4 given parameters in UPF   |
 | file.  We also read in the 'core correction' if there exists.      |
 | Also we can read the valence electrons number and the maximal      |
 | angular momentum used in this pseudopotential. We also read in the |
 | trail wave function, trail atomic density and local-pseudopotential|
 | on logrithmic grid. The non-local pseudopotential projector is also|
 | read in if there is any.                                           |
 |                                                                    |
 <<<<<<<<<<<<<<<<<<<<<<<<<<<<<<<<<<<<<<<<<<<<<<<<<<<<<<<<<<<<<<<<<<<<<<




                PAO radial cut off (Bohr) = 15

 Read in pseudopotential file is Hf.upf
                     pseudopotential type = NC
          exchange-correlation functional = PBE
                 nonlocal core correction = 1
                        valence electrons = 12
                                     lmax = 3
                           number of zeta = 4
                     number of projectors = 8
                           L of projector = 0
                           L of projector = 0
                           L of projector = 1
                           L of projector = 1
                           L of projector = 2
                           L of projector = 2
                           L of projector = 3
                           L of projector = 3
                PAO radial cut off (Bohr) = 15

 Read in pseudopotential file is O.upf
                     pseudopotential type = NC
          exchange-correlation functional = PBE
                 nonlocal core correction = 1
                        valence electrons = 6
                                     lmax = 2
                           number of zeta = 2
                     number of projectors = 5
                           L of projector = 0
                           L of projector = 0
                           L of projector = 1
                           L of projector = 1
                           L of projector = 2
     initial pseudo atomic orbital number = 72

 SETUP THE ELECTRONS NUMBER
            electron number of element Hf = 12
      total electron number of element Hf = 48
             electron number of element O = 6
       total electron number of element O = 48
            AUTOSET number of electrons:  = 96
                           occupied bands = 48
                                   NLOCAL = 212
                                   NBANDS = 58
                                   NBANDS = 58
                                   NLOCAL = 212

%%%%%%%%%%%%%%%%%%%%%%%%%%%%%%%%%%%%%%%%%%%%%%%%%%%%%%%%%%%%%%%%%%%%%%%%%%%%%%%%%%%%%%%%%%%%%%%%%%%%%%%%%%
 Warning: the number of valence electrons in pseudopotential > 4 for Hf: [Xe] 4f14 5d2 6s2
 Pseudopotentials with additional electrons can yield (more) accurate outcomes, but may be less efficient.
 If you're confident that your chosen pseudopotential is appropriate, you can safely ignore this warning.
%%%%%%%%%%%%%%%%%%%%%%%%%%%%%%%%%%%%%%%%%%%%%%%%%%%%%%%%%%%%%%%%%%%%%%%%%%%%%%%%%%%%%%%%%%%%%%%%%%%%%%%%%%
                  




 >>>>>>>>>>>>>>>>>>>>>>>>>>>>>>>>>>>>>>>>>>>>>>>>>>>>>>>>>>>>>>>>>>>>>>
 |                                                                    |
 | Setup plane waves of charge/potential:                             |
 | Use the energy cutoff and the lattice vectors to generate the      |
 | dimensions of FFT grid. The number of FFT grid on each processor   |
 | is 'nrxx'. The number of plane wave basis in reciprocal space is   |
 | different for charege/potential and wave functions. We also set    |
 | the 'sticks' for the parallel of FFT. The number of plane waves    |
 | is 'npw' in each processor.                                        |
 <<<<<<<<<<<<<<<<<<<<<<<<<<<<<<<<<<<<<<<<<<<<<<<<<<<<<<<<<<<<<<<<<<<<<<





 SETUP THE PLANE WAVE BASIS
 energy cutoff for charge/potential (unit:Ry) = 400
            fft grid for charge/potential = [ 72, 64, 64 ]
                        fft grid division = [ 4, 2, 2 ]
        big fft grid for charge/potential = [ 18, 32, 32 ]
                                     nbxx = 576
                                     nrxx = 9216

 SETUP PLANE WAVES FOR CHARGE/POTENTIAL
                    number of plane waves = 127329
                         number of sticks = 3101

 PARALLEL PW FOR CHARGE/POTENTIAL
     PROC   COLUMNS(POT)             PW
        1             97           3981
        2             97           3981
        3             97           3981
        4             97           3981
        5             97           3981
        6             97           3981
        7             97           3979
        8             97           3979
        9             97           3979
       10             97           3979
       11             97           3979
       12             97           3979
       13             97           3979
       14             97           3979
       15             97           3979
       16             97           3979
       17             97           3979
       18             97           3979
       19             97           3979
       20             97           3979
       21             97           3979
       22             96           3975
       23             97           3980
       24             97           3979
       25             97           3979
       26             97           3979
       27             97           3979
       28             97           3979
       29             97           3980
       30             97           3980
       31             96           3974
       32             96           3974
 --------------- sum -------------------
       32           3101         127329
                            number of |g| = 3922
                                  max |g| = 36.1818
                                  min |g| = 0.388534
 DONE : SETUP UNITCELL Time : 8.50696 (SEC)


----------- Double Check Mixing Parameters Begin ------------
mixing_type: broyden
mixing_beta: 0.3
mixing_gg0: 1
mixing_gg0_min: 0.1
mixing_ndim: 8
----------- Double Check Mixing Parameters End ------------




 >>>>>>>>>>>>>>>>>>>>>>>>>>>>>>>>>>>>>>>>>>>>>>>>>>>>>>>>>>>>>>>>>>>>>>
 |                                                                    |
 | Doing symmetry analysis:                                           |
 | We calculate the norm of 3 vectors and the angles between them,    |
 | the type of Bravais lattice is given. We can judge if the unticell |
 | is a primitive cell. Finally we give the point group operation for |
 | this unitcell. We use the point group operations to do symmetry |
 | analysis on given k-point mesh and the charge density.             |
 |                                                                    |
 <<<<<<<<<<<<<<<<<<<<<<<<<<<<<<<<<<<<<<<<<<<<<<<<<<<<<<<<<<<<<<<<<<<<<<




 LATTICE VECTORS: (CARTESIAN COORDINATE: IN UNIT OF A0)
             +5.42031        +2.58373e-06        +4.56474e-05
         +2.55269e-06            +5.03866        -5.65679e-05
         +4.57909e-05        -5.65977e-05            +5.11429
                       right hand lattice = 1
                                   NORM_A = 5.42031
                                   NORM_B = 5.03866
                                   NORM_C = 5.11429
                           ALPHA (DEGREE) = 90.0013
                           BETA  (DEGREE) = 89.999
                           GAMMA (DEGREE) = 89.9999

 The lattice vectors have been changed (STRU_SIMPLE.cif)

(for optimal symmetric configuration:)
                             BRAVAIS TYPE = 14
                     BRAVAIS LATTICE NAME = 14. Triclinic cell
                                    ibrav = 14
                                    IBRAV = 14
                                  BRAVAIS = TRICLINIC CELL
                       LATTICE CONSTANT A = 7.40053
                                B/A RATIO = 0.680851
                                C/A RATIO = 1.00699
                               COS(ALPHA) = 1.45841e-05
                                COS(BETA) = 0.532735
                               COS(GAMMA) = 0.68085
Original cell was already a primitive cell.
                        ROTATION MATRICES = 2
              PURE POINT GROUP OPERATIONS = 1
                   SPACE GROUP OPERATIONS = 1
                              POINT GROUP = C_1
               POINT GROUP IN SPACE GROUP = C_1
 DONE : SYMMETRY Time : 8.54046 (SEC)





 >>>>>>>>>>>>>>>>>>>>>>>>>>>>>>>>>>>>>>>>>>>>>>>>>>>>>>>>>>>>>>>>>>>>>>
 |                                                                    |
 | Setup K-points                                                     |
 | We setup the k-points according to input parameters.               |
 | The reduced k-points are set according to symmetry operations.     |
 | We treat the spin as another set of k-points.                      |
 |                                                                    |
 <<<<<<<<<<<<<<<<<<<<<<<<<<<<<<<<<<<<<<<<<<<<<<<<<<<<<<<<<<<<<<<<<<<<<<





 SETUP K-POINTS
                                    nspin = 1
                   Input type of k points = Monkhorst-Pack(Gamma)
                                   nkstot = 8
                       right hand lattice = 1
(for reciprocal lattice: )
                             BRAVAIS TYPE = 14
                     BRAVAIS LATTICE NAME = 14. Triclinic cell
                                    ibrav = 14
                       right hand lattice = 1
(for k-lattice: )
                             BRAVAIS TYPE = 14
                     BRAVAIS LATTICE NAME = 14. Triclinic cell
                                    ibrav = 14
                       right hand lattice = 1
                        ROTATION MATRICES = 2
                               nkstot_ibz = 8
K-POINTS REDUCTION ACCORDING TO SYMMETRY
     IBZ    DIRECT_X    DIRECT_Y    DIRECT_Z  WEIGHT  ibz2bz
       1  0.00000000  0.00000000  0.00000000  0.1250       0
       2  0.50000000  0.00000000  0.00000000  0.1250       1
       3  0.00000000  0.50000000  0.00000000  0.1250       2
       4  0.50000000  0.50000000  0.00000000  0.1250       3
       5  0.00000000  0.00000000  0.50000000  0.1250       4
       6  0.50000000  0.00000000  0.50000000  0.1250       5
       7  0.00000000  0.50000000  0.50000000  0.1250       6
       8  0.50000000  0.50000000  0.50000000  0.1250       7

                               nkstot now = 8
K-POINTS DIRECT COORDINATES
 KPOINTS    DIRECT_X    DIRECT_Y    DIRECT_Z  WEIGHT
       1  0.00000000  0.00000000  0.00000000  0.1250
       2  0.50000000  0.00000000  0.00000000  0.1250
       3  0.00000000  0.50000000  0.00000000  0.1250
       4  0.50000000  0.50000000  0.00000000  0.1250
       5  0.00000000  0.00000000  0.50000000  0.1250
       6  0.50000000  0.00000000  0.50000000  0.1250
       7  0.00000000  0.50000000  0.50000000  0.1250
       8  0.50000000  0.50000000  0.50000000  0.1250


           k-point number in this process = 8
       minimum distributed K point number = 8
starsize: 1
isym: 0 ks_vec: 0 0 0
starsize: 1
isym: 0 ks_vec: 0.5 0 0
starsize: 1
isym: 0 ks_vec: 0 0.5 0
starsize: 1
isym: 0 ks_vec: 0.5 0.5 0
starsize: 1
isym: 0 ks_vec: 0 0 0.5
starsize: 1
isym: 0 ks_vec: 0.5 0 0.5
starsize: 1
isym: 0 ks_vec: 0 0.5 0.5
starsize: 1
isym: 0 ks_vec: 0.5 0.5 0.5

K-POINTS CARTESIAN COORDINATES
 KPOINTS CARTESIAN_X CARTESIAN_Y CARTESIAN_Z  WEIGHT
       1  0.00000000  0.00000000  0.00000000  0.2500
       2  0.09224560 -0.00000005 -0.00000083  0.2500
       3 -0.00000005  0.09923277  0.00000110  0.2500
       4  0.09224555  0.09923273  0.00000027  0.2500
       5 -0.00000082  0.00000110  0.09776535  0.2500
       6  0.09224477  0.00000105  0.09776453  0.2500
       7 -0.00000087  0.09923387  0.09776645  0.2500
       8  0.09224473  0.09923382  0.09776563  0.2500


K-POINTS DIRECT COORDINATES
 KPOINTS    DIRECT_X    DIRECT_Y    DIRECT_Z  WEIGHT
       1  0.00000000  0.00000000  0.00000000  0.2500
       2  0.50000000  0.00000000  0.00000000  0.2500
       3  0.00000000  0.50000000  0.00000000  0.2500
       4  0.50000000  0.50000000  0.00000000  0.2500
       5  0.00000000  0.00000000  0.50000000  0.2500
       6  0.50000000  0.00000000  0.50000000  0.2500
       7  0.00000000  0.50000000  0.50000000  0.2500
       8  0.50000000  0.50000000  0.50000000  0.2500

 DONE : INIT K-POINTS Time : 8.6466 (SEC)





 >>>>>>>>>>>>>>>>>>>>>>>>>>>>>>>>>>>>>>>>>>>>>>>>>>>>>>>>>>>>>>>>>>>>>>
 |                                                                    |
 | Setup plane waves of wave functions:                               |
 | Use the energy cutoff and the lattice vectors to generate the      |
 | dimensions of FFT grid. The number of FFT grid on each processor   |
 | is 'nrxx'. The number of plane wave basis in reciprocal space is   |
 | different for charege/potential and wave functions. We also set    |
 | the 'sticks' for the parallel of FFT. The number of plane wave of  |
 | each k-point is 'npwk[ik]' in each processor                       |
 <<<<<<<<<<<<<<<<<<<<<<<<<<<<<<<<<<<<<<<<<<<<<<<<<<<<<<<<<<<<<<<<<<<<<<





 SETUP PLANE WAVES FOR WAVE FUNCTIONS
     energy cutoff for wavefunc (unit:Ry) = 100
              fft grid for wave functions = [ 72, 64, 64 ]
                    number of plane waves = 18721
                         number of sticks = 861

 PARALLEL PW FOR WAVE FUNCTIONS
     PROC   COLUMNS(POT)             PW
        1             27            587
        2             27            587
        3             27            587
        4             27            587
        5             27            587
        6             27            587
        7             27            585
        8             27            585
        9             27            585
       10             27            585
       11             27            583
       12             27            583
       13             27            583
       14             27            583
       15             26            582
       16             26            582
       17             26            582
       18             27            587
       19             27            587
       20             27            587
       21             27            585
       22             27            585
       23             27            585
       24             27            585
       25             27            585
       26             27            585
       27             27            585
       28             27            585
       29             27            585
       30             27            585
       31             27            585
       32             27            585
 --------------- sum -------------------
       32            861          18721
 DONE : INIT PLANEWAVE Time : 8.65313 (SEC)

 SET NONLOCAL PSEUDOPOTENTIAL PROJECTORS
 SET NONLOCAL PSEUDOPOTENTIAL PROJECTORS
 max number of nonlocal projetors among all species is 8
 DONE : LOCAL POTENTIAL Time : 9.31318 (SEC)


 -------------------------------------------
 SELF-CONSISTENT
 -------------------------------------------




 >>>>>>>>>>>>>>>>>>>>>>>>>>>>>>>>>>>>>>>>>>>>>>>>>>>>>>>>>>>>>>>>>>>>>>
 |                                                                    |
 | Search adjacent atoms:                                             |
 | Set the adjacent atoms for each atom and set the periodic boundary |
 | condition for the atoms on real space FFT grid. For k-dependent    |
 | algorithm, we also need to set the sparse H and S matrix element   |
 | for each atom.                                                     |
 |                                                                    |
 <<<<<<<<<<<<<<<<<<<<<<<<<<<<<<<<<<<<<<<<<<<<<<<<<<<<<<<<<<<<<<<<<<<<<<





 SETUP SEARCHING RADIUS FOR PROGRAM TO SEARCH ADJACENT ATOMS
                  longest orb rcut (Bohr) = 10
   longest nonlocal projector rcut (Bohr) = 2.46
                     search radius (Bohr) = 24.9
              searching radius is (Bohr)) = 24.9
         searching radius unit is (Bohr)) = 1.89
                         PeriodicBoundary = 1
                        Radius(unit:lat0) = 13.2
                                   glayer = [ 4, 4, 4 ]
                             glayer_minus = [ 3, 3, 3 ]

Find the coordinate range of the input atom(unit:lat0).
                                  min_tau = [ -16, -14.1, -15.3 ]
                                  max_tau = [ 21.5, 20.1, 19.4 ]
                                BoxNumber = [ 7, 7, 7 ]

 SETUP EXTENDED REAL SPACE GRID FOR GRID INTEGRATION
                          real space grid = [ 72, 64, 64 ]
                 big cell numbers in grid = [ 18, 32, 32 ]
             meshcell numbers in big cell = [ 4, 2, 2 ]
                        extended fft grid = [ 18, 34, 34 ]
                dimension of extened grid = [ 55, 101, 101 ]
                            UnitCellTotal = 100
              Atom number in sub-FFT-grid = 12
    Local orbitals number in sub-FFT-grid = 212
                                ParaV.nnr = 77166

 Warning_Memory_Consuming allocated:  Gint::hRGint 12.3 MB

 Warning_Memory_Consuming allocated:  Gint::DMRGint 12.3 MB
                                 init_chg = atomic
 DONE : INIT SCF Time : 9.84066 (SEC)


 LCAO ALGORITHM --------------- ION=   1  ELEC=   1--------------------------------

 Density error is 0.15945109062
----------------------------------------------------------
     Energy           Rydberg                 eV          
----------------------------------------------------------
 E_KohnSham     -718.6971340074      -9778.3761587697     
 E_Harris       -704.9490369965      -9591.3237027648     
 E_Fermi        0.7192505795         9.7859061712         
----------------------------------------------------------


 LCAO ALGORITHM --------------- ION=   1  ELEC=   2--------------------------------

 Density error is 0.0647046102596
----------------------------------------------------------
     Energy           Rydberg                 eV          
----------------------------------------------------------
 E_KohnSham     -719.0154779690      -9782.7074505713     
 E_Harris       -715.3800938174      -9733.2455116918     
 E_Fermi        1.0145643294         13.8038558670        
----------------------------------------------------------


 LCAO ALGORITHM --------------- ION=   1  ELEC=   3--------------------------------

 Density error is 0.0387208046321
----------------------------------------------------------
     Energy           Rydberg                 eV          
----------------------------------------------------------
 E_KohnSham     -719.0455612812      -9783.1167550323     
 E_Harris       -718.5197466085      -9775.9626793921     
 E_Fermi        1.0115987452         13.7635070247        
----------------------------------------------------------


 LCAO ALGORITHM --------------- ION=   1  ELEC=   4--------------------------------

 Density error is 0.00767180707334
----------------------------------------------------------
     Energy           Rydberg                 eV          
----------------------------------------------------------
 E_KohnSham     -719.0436559481      -9783.0908316463     
 E_Harris       -718.2628013505      -9772.4667598094     
 E_Fermi        1.0137138982         13.7922851572        
----------------------------------------------------------


 LCAO ALGORITHM --------------- ION=   1  ELEC=   5--------------------------------

 Density error is 0.0014346823093
----------------------------------------------------------
     Energy           Rydberg                 eV          
----------------------------------------------------------
 E_KohnSham     -719.0451754571      -9783.1115056258     
 E_Harris       -719.0170087879      -9782.7282784314     
 E_Fermi        1.0140506456         13.7968668402        
----------------------------------------------------------


 LCAO ALGORITHM --------------- ION=   1  ELEC=   6--------------------------------

 Density error is 0.00034709744599
----------------------------------------------------------
     Energy           Rydberg                 eV          
----------------------------------------------------------
 E_KohnSham     -719.0452018070      -9783.1118641357     
 E_Harris       -719.0464934288      -9783.1294375509     
 E_Fermi        1.0153916993         13.8151128125        
----------------------------------------------------------


 LCAO ALGORITHM --------------- ION=   1  ELEC=   7--------------------------------

 Density error is 0.000272184827549
----------------------------------------------------------
     Energy           Rydberg                 eV          
----------------------------------------------------------
 E_KohnSham     -719.0452052604      -9783.1119111208     
 E_Harris       -719.0145071770      -9782.6942422689     
 E_Fermi        1.0154784045         13.8162924967        
----------------------------------------------------------


 LCAO ALGORITHM --------------- ION=   1  ELEC=   8--------------------------------

 Density error is 5.11415431863e-05
----------------------------------------------------------
     Energy           Rydberg                 eV          
----------------------------------------------------------
 E_KohnSham     -719.0452061116      -9783.1119227018     
 E_Harris       -719.0408739496      -9783.0529806144     
 E_Fermi        1.0155925819         13.8178459606        
----------------------------------------------------------


 LCAO ALGORITHM --------------- ION=   1  ELEC=   9--------------------------------

 Density error is 1.46989516709e-05
----------------------------------------------------------
     Energy           Rydberg                 eV          
----------------------------------------------------------
 E_KohnSham     -719.0452061941      -9783.1119238245     
 E_Harris       -719.0467444585      -9783.1328529860     
 E_Fermi        1.0155991023         13.8179346747        
----------------------------------------------------------


 LCAO ALGORITHM --------------- ION=   1  ELEC=  10--------------------------------

 Density error is 2.37295270895e-06
----------------------------------------------------------
     Energy           Rydberg                 eV          
----------------------------------------------------------
 E_KohnSham     -719.0452061981      -9783.1119238789     
 E_Harris       -719.0450083122      -9783.1092315027     
 E_Fermi        1.0155914359         13.8178303689        
----------------------------------------------------------


 LCAO ALGORITHM --------------- ION=   1  ELEC=  11--------------------------------

 Density error is 4.14225622692e-07
----------------------------------------------------------
     Energy           Rydberg                 eV          
----------------------------------------------------------
 E_KohnSham     -719.0452061982      -9783.1119238803     
 E_Harris       -719.0451544124      -9783.1112192980     
 E_Fermi        1.0155942168         13.8178682046        
----------------------------------------------------------


 LCAO ALGORITHM --------------- ION=   1  ELEC=  12--------------------------------

 Density error is 2.95818483505e-07
----------------------------------------------------------
     Energy           Rydberg                 eV          
----------------------------------------------------------
 E_KohnSham     -719.0452061982      -9783.1119238804     
 E_Harris       -719.0452196762      -9783.1121072577     
 E_Fermi        1.0155943972         13.8178706589        
----------------------------------------------------------


 LCAO ALGORITHM --------------- ION=   1  ELEC=  13--------------------------------

 Density error is 3.28905888305e-08
----------------------------------------------------------
     Energy           Rydberg                 eV          
----------------------------------------------------------
 E_KohnSham     -719.0452061982      -9783.1119238804     
 E_Harris       -719.0452086621      -9783.1119574037     
 E_Fermi        1.0155945203         13.8178723341        
----------------------------------------------------------


 LCAO ALGORITHM --------------- ION=   1  ELEC=  14--------------------------------

 Density error is 2.17781649391e-08
----------------------------------------------------------
     Energy           Rydberg                 eV          
----------------------------------------------------------
 E_KohnSham     -719.0452061982      -9783.1119238804     
 E_Harris       -719.0452073482      -9783.1119395268     
 E_Fermi        1.0155945058         13.8178721362        
----------------------------------------------------------


 LCAO ALGORITHM --------------- ION=   1  ELEC=  15--------------------------------

 Density error is 2.54401585269e-09
----------------------------------------------------------
     Energy           Rydberg                 eV          
----------------------------------------------------------
 E_KohnSham     -719.0452061982      -9783.1119238804     
 E_KS(sigma->0) -719.0452061982      -9783.1119238804     
 E_Harris       -719.0452061387      -9783.1119230703     
 E_band         -40.6437298304       -552.9863136654      
 E_one_elec     -135.2177695269      -1839.7321364160     
 E_Hartree      121.8549871987       1657.9221556199      
 E_xc           -182.3539644140      -2481.0529689200     
 E_Ewald        -523.3284594560      -7120.2489741642     
 E_entropy(-TS) -0.0000000000        -0.0000000000        
 E_descf        0.0000000000         0.0000000000         
 E_exx          0.0000000000         0.0000000000         
 E_Fermi        1.0155944917         13.8178719451        
----------------------------------------------------------


 charge density convergence is achieved
 final etot is -9783.1119239 eV
 EFERMI = 13.817871945 eV

 STATE ENERGY(eV) AND OCCUPATIONS    NSPIN == 1
 1/8 kpoint (Cartesian) = 0.0000 0.0000 0.0000 (495 pws)
       1       -49.3493       0.250000
       2       -49.3335       0.250000
       3       -49.3330       0.250000
       4       -49.3301       0.250000
       5       -19.1650       0.250000
       6       -19.1226       0.250000
       7       -19.1209       0.250000
       8       -18.9299       0.250000
       9       -18.9103       0.250000
      10       -18.8819       0.250000
      11       -18.8742       0.250000
      12       -18.8613       0.250000
      13       -18.8346       0.250000
      14       -18.7778       0.250000
      15       -18.7577       0.250000
      16       -18.7503       0.250000
      17       -7.24345       0.250000
      18       -5.91986       0.250000
      19       -5.85057       0.250000
      20       -5.71675       0.250000
      21       -5.51129       0.250000
      22       -5.33927       0.250000
      23       -5.25586       0.250000
      24       -5.24102       0.250000
      25        5.26252       0.250000
      26        5.34857       0.250000
      27        5.76769       0.250000
      28        6.07063       0.250000
      29        6.17385       0.250000
      30        6.30184       0.250000
      31        7.33301       0.250000
      32        7.45500       0.250000
      33        7.68132       0.250000
      34        7.83882       0.250000
      35        8.08917       0.250000
      36        8.19450       0.250000
      37        8.33770       0.250000
      38        8.66984       0.250000
      39        8.83953       0.250000
      40        8.98589       0.250000
      41        9.05670       0.250000
      42        9.37104       0.250000
      43        9.46104       0.250000
      44        9.61176       0.250000
      45        9.95986       0.250000
      46        10.3521       0.250000
      47        10.3731       0.250000
      48        10.5058       0.250000
      49        15.8523        0.00000
      50        15.8610        0.00000
      51        16.0714        0.00000
      52        16.1488        0.00000
      53        16.2043        0.00000
      54        16.4568        0.00000
      55        16.6026        0.00000
      56        16.6525        0.00000
      57        16.8333        0.00000
      58        17.0714        0.00000

 2/8 kpoint (Cartesian) = 0.092246 -4.6743e-08 -8.2592e-07 (506 pws)
       1       -49.3428       0.250000
       2       -49.3428       0.250000
       3       -49.3302       0.250000
       4       -49.3301       0.250000
       5       -19.0628       0.250000
       6       -19.0627       0.250000
       7       -19.0221       0.250000
       8       -19.0221       0.250000
       9       -18.9742       0.250000
      10       -18.9742       0.250000
      11       -18.8582       0.250000
      12       -18.8582       0.250000
      13       -18.7934       0.250000
      14       -18.7934       0.250000
      15       -18.7912       0.250000
      16       -18.7912       0.250000
      17       -6.53134       0.250000
      18       -6.53131       0.250000
      19       -5.62560       0.250000
      20       -5.62557       0.250000
      21       -5.48183       0.250000
      22       -5.48181       0.250000
      23       -5.45596       0.250000
      24       -5.45595       0.250000
      25        6.05794       0.250000
      26        6.05797       0.250000
      27        6.18951       0.250000
      28        6.18955       0.250000
      29        6.64770       0.250000
      30        6.64772       0.250000
      31        6.91863       0.250000
      32        6.91866       0.250000
      33        7.41101       0.250000
      34        7.41102       0.250000
      35        7.88203       0.250000
      36        7.88210       0.250000
      37        8.49891       0.250000
      38        8.49894       0.250000
      39        8.64388       0.250000
      40        8.64388       0.250000
      41        8.95609       0.250000
      42        8.95611       0.250000
      43        9.57895       0.250000
      44        9.57899       0.250000
      45        9.79634       0.250000
      46        9.79635       0.250000
      47        10.2531       0.250000
      48        10.2531       0.250000
      49        15.8628        0.00000
      50        15.8628        0.00000
      51        16.2556        0.00000
      52        16.2556        0.00000
      53        16.5034        0.00000
      54        16.5035        0.00000
      55        17.0269        0.00000
      56        17.0270        0.00000
      57        17.1898        0.00000
      58        17.1898        0.00000

 3/8 kpoint (Cartesian) = -4.7311e-08 0.099233 1.0982e-06 (488 pws)
       1       -49.3434       0.250000
       2       -49.3395       0.250000
       3       -49.3320       0.250000
       4       -49.3312       0.250000
       5       -19.0638       0.250000
       6       -19.0358       0.250000
       7       -19.0001       0.250000
       8       -18.9832       0.250000
       9       -18.9623       0.250000
      10       -18.9338       0.250000
      11       -18.8843       0.250000
      12       -18.8766       0.250000
      13       -18.8325       0.250000
      14       -18.8293       0.250000
      15       -18.8090       0.250000
      16       -18.8064       0.250000
      17       -6.56543       0.250000
      18       -6.15070       0.250000
      19       -5.77365       0.250000
      20       -5.72133       0.250000
      21       -5.56078       0.250000
      22       -5.54611       0.250000
      23       -5.47211       0.250000
      24       -5.37520       0.250000
      25        5.72473       0.250000
      26        5.73509       0.250000
      27        6.31059       0.250000
      28        6.44396       0.250000
      29        6.45106       0.250000
      30        6.62616       0.250000
      31        6.70118       0.250000
      32        6.74593       0.250000
      33        7.28021       0.250000
      34        7.32026       0.250000
      35        8.06223       0.250000
      36        8.16891       0.250000
      37        8.26662       0.250000
      38        8.45775       0.250000
      39        8.91037       0.250000
      40        8.93634       0.250000
      41        9.03677       0.250000
      42        9.35824       0.250000
      43        9.54433       0.250000
      44        9.58466       0.250000
      45        10.1041       0.250000
      46        10.2161       0.250000
      47        10.3191       0.250000
      48        10.3614       0.250000
      49        15.4853        0.00000
      50        15.9296        0.00000
      51        15.9985        0.00000
      52        16.2746        0.00000
      53        16.4403        0.00000
      54        16.6099        0.00000
      55        16.9046        0.00000
      56        17.0944        0.00000
      57        17.1609        0.00000
      58        17.3856        0.00000

 4/8 kpoint (Cartesian) = 0.092246 0.099233 2.7224e-07 (498 pws)
       1       -49.3409       0.250000
       2       -49.3408       0.250000
       3       -49.3321       0.250000
       4       -49.3320       0.250000
       5       -19.0698       0.250000
       6       -19.0698       0.250000
       7       -19.0058       0.250000
       8       -19.0058       0.250000
       9       -18.9698       0.250000
      10       -18.9697       0.250000
      11       -18.8480       0.250000
      12       -18.8480       0.250000
      13       -18.8321       0.250000
      14       -18.8320       0.250000
      15       -18.7818       0.250000
      16       -18.7818       0.250000
      17       -6.37246       0.250000
      18       -6.37244       0.250000
      19       -5.87388       0.250000
      20       -5.87387       0.250000
      21       -5.50409       0.250000
      22       -5.50404       0.250000
      23       -5.34335       0.250000
      24       -5.34334       0.250000
      25        6.02402       0.250000
      26        6.02408       0.250000
      27        6.15582       0.250000
      28        6.15585       0.250000
      29        6.63564       0.250000
      30        6.63565       0.250000
      31        7.44544       0.250000
      32        7.44549       0.250000
      33        7.61938       0.250000
      34        7.61941       0.250000
      35        7.97557       0.250000
      36        7.97558       0.250000
      37        8.14675       0.250000
      38        8.14676       0.250000
      39        8.28259       0.250000
      40        8.28259       0.250000
      41        9.26180       0.250000
      42        9.26181       0.250000
      43        9.42773       0.250000
      44        9.42775       0.250000
      45        9.76704       0.250000
      46        9.76707       0.250000
      47        10.0721       0.250000
      48        10.0721       0.250000
      49        15.8839        0.00000
      50        15.8840        0.00000
      51        15.9478        0.00000
      52        15.9479        0.00000
      53        16.4396        0.00000
      54        16.4396        0.00000
      55        16.7099        0.00000
      56        16.7100        0.00000
      57        17.3742        0.00000
      58        17.3743        0.00000

 5/8 kpoint (Cartesian) = -8.2334e-07 1.0976e-06 0.097765 (492 pws)
       1       -49.3398       0.250000
       2       -49.3398       0.250000
       3       -49.3333       0.250000
       4       -49.3332       0.250000
       5       -19.0753       0.250000
       6       -19.0753       0.250000
       7       -19.0099       0.250000
       8       -19.0099       0.250000
       9       -18.9556       0.250000
      10       -18.9556       0.250000
      11       -18.8476       0.250000
      12       -18.8476       0.250000
      13       -18.8093       0.250000
      14       -18.8093       0.250000
      15       -18.8078       0.250000
      16       -18.8078       0.250000
      17       -6.42306       0.250000
      18       -6.42297       0.250000
      19       -5.91867       0.250000
      20       -5.91862       0.250000
      21       -5.49574       0.250000
      22       -5.49572       0.250000
      23       -5.22588       0.250000
      24       -5.22582       0.250000
      25        5.64534       0.250000
      26        5.64543       0.250000
      27        6.51524       0.250000
      28        6.51533       0.250000
      29        6.59729       0.250000
      30        6.59733       0.250000
      31        6.85654       0.250000
      32        6.85663       0.250000
      33        7.17736       0.250000
      34        7.17743       0.250000
      35        8.05857       0.250000
      36        8.05869       0.250000
      37        8.35554       0.250000
      38        8.35561       0.250000
      39        8.77093       0.250000
      40        8.77102       0.250000
      41        9.01270       0.250000
      42        9.01275       0.250000
      43        9.75331       0.250000
      44        9.75343       0.250000
      45        10.0851       0.250000
      46        10.0852       0.250000
      47        10.3286       0.250000
      48        10.3287       0.250000
      49        15.6071        0.00000
      50        15.6073        0.00000
      51        15.9660        0.00000
      52        15.9662        0.00000
      53        16.4696        0.00000
      54        16.4699        0.00000
      55        16.7382        0.00000
      56        16.7383        0.00000
      57        17.5757        0.00000
      58        17.5760        0.00000

 6/8 kpoint (Cartesian) = 0.092245 1.0508e-06 0.097765 (504 pws)
       1       -49.3365       0.250000
       2       -49.3365       0.250000
       3       -49.3365       0.250000
       4       -49.3364       0.250000
       5       -19.0401       0.250000
       6       -19.0401       0.250000
       7       -19.0401       0.250000
       8       -19.0401       0.250000
       9       -18.9059       0.250000
      10       -18.9059       0.250000
      11       -18.9059       0.250000
      12       -18.9059       0.250000
      13       -18.8085       0.250000
      14       -18.8085       0.250000
      15       -18.8084       0.250000
      16       -18.8084       0.250000
      17       -6.06879       0.250000
      18       -6.06878       0.250000
      19       -6.06871       0.250000
      20       -6.06869       0.250000
      21       -5.48962       0.250000
      22       -5.48962       0.250000
      23       -5.48960       0.250000
      24       -5.48960       0.250000
      25        6.38982       0.250000
      26        6.38984       0.250000
      27        6.38985       0.250000
      28        6.38987       0.250000
      29        6.86126       0.250000
      30        6.86129       0.250000
      31        6.86133       0.250000
      32        6.86136       0.250000
      33        7.71061       0.250000
      34        7.71062       0.250000
      35        7.71076       0.250000
      36        7.71078       0.250000
      37        8.34729       0.250000
      38        8.34729       0.250000
      39        8.34740       0.250000
      40        8.34740       0.250000
      41        9.06816       0.250000
      42        9.06819       0.250000
      43        9.06825       0.250000
      44        9.06828       0.250000
      45        9.85117       0.250000
      46        9.85118       0.250000
      47        9.85123       0.250000
      48        9.85125       0.250000
      49        15.9304        0.00000
      50        15.9304        0.00000
      51        15.9305        0.00000
      52        15.9306        0.00000
      53        16.8506        0.00000
      54        16.8506        0.00000
      55        16.8507        0.00000
      56        16.8508        0.00000
      57        17.6480        0.00000
      58        17.6481        0.00000

 7/8 kpoint (Cartesian) = -8.7065e-07 0.099234 0.097766 (486 pws)
       1       -49.3373       0.250000
       2       -49.3373       0.250000
       3       -49.3357       0.250000
       4       -49.3357       0.250000
       5       -19.0807       0.250000
       6       -19.0807       0.250000
       7       -19.0579       0.250000
       8       -19.0579       0.250000
       9       -18.9241       0.250000
      10       -18.9241       0.250000
      11       -18.8911       0.250000
      12       -18.8911       0.250000
      13       -18.7824       0.250000
      14       -18.7824       0.250000
      15       -18.7714       0.250000
      16       -18.7714       0.250000
      17       -6.18296       0.250000
      18       -6.18288       0.250000
      19       -5.93731       0.250000
      20       -5.93730       0.250000
      21       -5.59366       0.250000
      22       -5.59357       0.250000
      23       -5.40507       0.250000
      24       -5.40505       0.250000
      25        6.13623       0.250000
      26        6.13627       0.250000
      27        6.38984       0.250000
      28        6.38986       0.250000
      29        6.77467       0.250000
      30        6.77481       0.250000
      31        6.79636       0.250000
      32        6.79645       0.250000
      33        7.43377       0.250000
      34        7.43383       0.250000
      35        7.88797       0.250000
      36        7.88799       0.250000
      37        8.69949       0.250000
      38        8.69955       0.250000
      39        8.77976       0.250000
      40        8.77983       0.250000
      41        8.92592       0.250000
      42        8.92600       0.250000
      43        9.14798       0.250000
      44        9.14811       0.250000
      45        9.96235       0.250000
      46        9.96255       0.250000
      47        10.2162       0.250000
      48        10.2162       0.250000
      49        15.4532        0.00000
      50        15.4533        0.00000
      51        15.8921        0.00000
      52        15.8922        0.00000
      53        16.4806        0.00000
      54        16.4807        0.00000
      55        16.8656        0.00000
      56        16.8657        0.00000
      57        16.9981        0.00000
      58        16.9982        0.00000

 8/8 kpoint (Cartesian) = 0.092245 0.099234 0.097766 (496 pws)
       1       -49.3365       0.250000
       2       -49.3365       0.250000
       3       -49.3364       0.250000
       4       -49.3364       0.250000
       5       -19.1319       0.250000
       6       -19.1319       0.250000
       7       -19.1319       0.250000
       8       -19.1319       0.250000
       9       -18.8269       0.250000
      10       -18.8269       0.250000
      11       -18.8269       0.250000
      12       -18.8269       0.250000
      13       -18.7918       0.250000
      14       -18.7918       0.250000
      15       -18.7917       0.250000
      16       -18.7917       0.250000
      17       -6.23353       0.250000
      18       -6.23350       0.250000
      19       -6.23347       0.250000
      20       -6.23343       0.250000
      21       -5.31653       0.250000
      22       -5.31651       0.250000
      23       -5.31649       0.250000
      24       -5.31648       0.250000
      25        6.41338       0.250000
      26        6.41339       0.250000
      27        6.41341       0.250000
      28        6.41342       0.250000
      29        6.71207       0.250000
      30        6.71209       0.250000
      31        6.71214       0.250000
      32        6.71217       0.250000
      33        7.94081       0.250000
      34        7.94082       0.250000
      35        7.94087       0.250000
      36        7.94089       0.250000
      37        8.49603       0.250000
      38        8.49607       0.250000
      39        8.49613       0.250000
      40        8.49618       0.250000
      41        9.18915       0.250000
      42        9.18919       0.250000
      43        9.18923       0.250000
      44        9.18927       0.250000
      45        9.69167       0.250000
      46        9.69167       0.250000
      47        9.69170       0.250000
      48        9.69170       0.250000
      49        15.5445        0.00000
      50        15.5445        0.00000
      51        15.5446        0.00000
      52        15.5446        0.00000
      53        16.5675        0.00000
      54        16.5676        0.00000
      55        16.5677        0.00000
      56        16.5677        0.00000
      57        17.2651        0.00000
      58        17.2652        0.00000

 correction force for each atom along direction 1 is 1.06873e-06
 correction force for each atom along direction 2 is -2.22740e-07
 correction force for each atom along direction 3 is 7.46617e-06
------------------------------------------------------------------------------------------
 TOTAL-FORCE (eV/Angstrom)                                                                
------------------------------------------------------------------------------------------
                       Hf1        -0.0369077452        -0.0286967425         0.0238651214 
                       Hf2         0.0370538471         0.0284600052         0.0239621842 
                       Hf3         0.0370830373        -0.0286394555         0.0238022261 
                       Hf4        -0.0369045433         0.0285550312         0.0239970672 
                        O1         0.0074502715        -0.0370582784         0.0064494558 
                        O2        -0.0075285431        -0.0370515133         0.0064484083 
                        O3         0.0622914744        -0.0465638287        -0.0304443653 
                        O4        -0.0623810571        -0.0464815156        -0.0304369282 
                        O5         0.0073986871         0.0371584705         0.0065175556 
                        O6        -0.0074657222         0.0371414915         0.0065285386 
                        O7         0.0622792015         0.0466160376        -0.0303577727 
                        O8        -0.0623689079         0.0465602979        -0.0303314910 
------------------------------------------------------------------------------------------

----------------------------------------------------------------
 TOTAL-STRESS (KBAR)                                            
----------------------------------------------------------------
        -3.7084758276         0.0003087499         0.0029124996 
         0.0003087499         1.5155104092         0.0134472044 
         0.0029124996         0.0134472044        -2.1950070373 
----------------------------------------------------------------
 TOTAL-PRESSURE: -1.462657 KBAR



 --------------------------------------------
 !FINAL_ETOT_IS -9783.1119238803858025 eV
 --------------------------------------------


TIME STATISTICS
------------------------------------------------------------------------------------
    CLASS_NAME                    NAME                TIME/s  CALLS   AVG/s  PER/%  
------------------------------------------------------------------------------------
                   total                              85.48  13       6.58   100.00 
 Driver            reading                            5.14   1        5.14   6.01   
 Input_Conv        Convert                            0.00   1        0.00   0.00   
 Driver            driver_line                        80.34  1        80.34  93.99  
 UnitCell          check_tau                          0.00   1        0.00   0.00   
 ESolver_KS_LCAO   before_all_runners                 0.98   1        0.98   1.14   
 PW_Basis_Sup      setuptransform                     0.02   1        0.02   0.02   
 PW_Basis_Sup      distributeg                        0.00   1        0.00   0.00   
 mymath            heapsort                           0.00   31       0.00   0.00   
 Charge_Mixing     init_mixing                        0.00   1        0.00   0.00   
 Symmetry          analy_sys                          0.03   1        0.03   0.04   
 PW_Basis_K        setuptransform                     0.00   1        0.00   0.00   
 PW_Basis_K        distributeg                        0.00   1        0.00   0.00   
 PW_Basis          setup_struc_factor                 0.00   1        0.00   0.00   
 NOrbital_Lm       extra_uniform                      0.27   14       0.02   0.31   
 Mathzone_Add1     SplineD2                           0.00   14       0.00   0.00   
 Mathzone_Add1     Cubic_Spline_Interpolation         0.00   14       0.00   0.01   
 Mathzone_Add1     Uni_Deriv_Phi                      0.26   14       0.02   0.30   
 ppcell_vl         init_vloc                          0.11   1        0.11   0.13   
 Ions              opt_ions                           76.16  1        76.16  89.09  
 ESolver_KS_LCAO   runner                             70.12  1        70.12  82.04  
 ESolver_KS_LCAO   before_scf                         0.53   1        0.53   0.62   
 atom_arrange      search                             0.00   1        0.00   0.00   
 atom_arrange      grid_d.init                        0.00   1        0.00   0.00   
 Grid              Construct_Adjacent_expand          0.00   1        0.00   0.00   
 Grid              Construct_Adjacent_expand_periodic 0.00   12       0.00   0.00   
 Grid_Technique    init                               0.12   1        0.12   0.15   
 Grid_BigCell      grid_expansion_index               0.03   2        0.01   0.03   
 Grid_Driver       Find_atom                          0.00   120      0.00   0.00   
 Record_adj        for_2d                             0.04   1        0.04   0.04   
 LCAO_domain       grid_prepare                       0.00   1        0.00   0.00   
 Veff              initialize_HR                      0.00   1        0.00   0.00   
 OverlapNew        initialize_SR                      0.00   1        0.00   0.00   
 EkineticNew       initialize_HR                      0.00   1        0.00   0.00   
 NonlocalNew       initialize_HR                      0.02   1        0.02   0.03   
 Charge            set_rho_core                       0.13   1        0.13   0.16   
 PW_Basis_Sup      recip2real                         0.08   125      0.00   0.09   
 PW_Basis_Sup      gathers_scatterp                   0.06   125      0.00   0.07   
 Charge            atomic_rho                         0.24   2        0.12   0.28   
 Potential         init_pot                           0.02   1        0.02   0.02   
 Potential         update_from_charge                 0.13   16       0.01   0.15   
 Potential         cal_fixed_v                        0.00   1        0.00   0.00   
 PotLocal          cal_fixed_v                        0.00   1        0.00   0.00   
 Potential         cal_v_eff                          0.13   16       0.01   0.15   
 H_Hartree_pw      v_hartree                          0.02   16       0.00   0.02   
 PW_Basis_Sup      real2recip                         0.06   145      0.00   0.07   
 PW_Basis_Sup      gatherp_scatters                   0.04   145      0.00   0.05   
 PotXC             cal_v_eff                          0.10   16       0.01   0.12   
 XC_Functional     v_xc                               0.12   18       0.01   0.14   
 Potential         interpolate_vrs                    0.00   16       0.00   0.00   
 Symmetry          rhog_symmetry                      0.50   16       0.03   0.58   
 Symmetry          group fft grids                    0.16   16       0.01   0.18   
 H_Ewald_pw        compute_ewald                      0.00   1        0.00   0.00   
 HSolverLCAO       solve                              68.73  15       4.58   80.41  
 HamiltLCAO        updateHk                           31.93  120      0.27   37.35  
 OperatorLCAO      init                               31.79  360      0.09   37.19  
 Veff              contributeHR                       31.34  15       2.09   36.66  
 Gint_interface    cal_gint                           55.42  31       1.79   64.84  
 Gint_interface    cal_gint_vlocal                    28.15  15       1.88   32.93  
 Gint_Tools        cal_psir_ylm                       2.75   17280    0.00   3.21   
 Gint_k            transfer_pvpR                      3.19   15       0.21   3.73   
 OverlapNew        calculate_SR                       0.11   1        0.11   0.13   
 OverlapNew        contributeHk                       0.03   120      0.00   0.03   
 EkineticNew       contributeHR                       0.11   15       0.01   0.13   
 EkineticNew       calculate_HR                       0.11   1        0.11   0.13   
 NonlocalNew       contributeHR                       0.30   15       0.02   0.36   
 NonlocalNew       calculate_HR                       0.29   1        0.29   0.34   
 OperatorLCAO      contributeHk                       0.03   120      0.00   0.04   
 HSolverLCAO       hamiltSolvePsiK                    9.24   120      0.08   10.82  
 DiagoElpa         elpa_solve                         8.80   120      0.07   10.29  
 elecstate         cal_dm                             0.15   16       0.01   0.18   
 psiMulPsiMpi      pdgemm                             0.15   128      0.00   0.18   
 DensityMatrix     cal_DMR                            0.04   16       0.00   0.05   
 ElecStateLCAO     psiToRho                           27.38  15       1.83   32.03  
 Gint              transfer_DMR                       1.59   15       0.11   1.86   
 Gint_interface    cal_gint_rho                       23.92  15       1.59   27.99  
 Charge_Mixing     get_drho                           0.00   15       0.00   0.00   
 Charge            mix_rho                            0.03   14       0.00   0.03   
 Charge            Broyden_mixing                     0.01   14       0.00   0.01   
 ModuleIO          write_rhog                         0.03   1        0.03   0.04   
 ESolver_KS_LCAO   after_scf                          0.12   1        0.12   0.14   
 ESolver_KS_LCAO   cal_force                          6.03   1        6.03   7.06   
 Force_Stress_LCAO getForceStress                     6.03   1        6.03   7.06   
 Forces            cal_force_loc                      0.00   1        0.00   0.00   
 Forces            cal_force_ew                       0.00   1        0.00   0.00   
 Forces            cal_force_cc                       0.13   1        0.13   0.15   
 Forces            cal_force_scc                      0.12   1        0.12   0.14   
 Stress_Func       stress_loc                         0.37   1        0.37   0.43   
 Stress_Func       stress_har                         0.00   1        0.00   0.00   
 Stress_Func       stress_ewa                         0.00   1        0.00   0.00   
 Stress_Func       stress_cc                          0.50   1        0.50   0.59   
 Stress_Func       stress_gga                         0.00   1        0.00   0.00   
 Force_LCAO        ftable                             4.07   1        4.07   4.76   
 Force_LCAO        allocate                           0.27   1        0.27   0.32   
 LCAO_domain       build_ST_new                       0.27   2        0.13   0.31   
 Force_LCAO        cal_pulay_fs_center2               0.01   2        0.00   0.01   
 Gint_interface    cal_gint_force                     3.35   1        3.35   3.91   
 Gint_Tools        cal_dpsir_ylm                      0.28   576      0.00   0.33   
 Gint_Tools        cal_dpsirr_ylm                     0.07   576      0.00   0.08   
 NonlocalNew       cal_force_stress                   0.83   1        0.83   0.97   
 ESolver_KS_LCAO   cal_stress                         0.00   1        0.00   0.00   
 ESolver_KS_LCAO   after_all_runners                  0.01   1        0.01   0.01   
 ModuleIO          write_istate_info                  0.00   1        0.00   0.01   
------------------------------------------------------------------------------------


 NAME-------------------------|MEMORY(MB)--------
                         total      1963.4441
                  Gint::hRGint       392.9832
                 Gint::DMRGint       392.6707
       TwoCenterTable: Kinetic       137.3855
       TwoCenterTable: Overlap       137.3855
      TwoCenterTable: Nonlocal       136.0217
                   Stress::dSR       110.9713
                  meshball_pos        71.0442
               GT::ind_bigcell        68.4882
         GT::in_this_processor        68.4882
              GT::index2normal        68.4882
               GT::index2ucell        68.4882
                   Force::dS_K        55.4856
                   Stress::dHr        55.4856
                  Force::dTVNL        55.4856
                HamiltLCAO::hR        25.1917
            DensityMatrix::DMR        25.1917
      GT::bigcell_on_processor        17.1220
                HamiltLCAO::sR        17.0084
                    index_ball        11.8407
            DensityMatrix::DMK         5.4863
                GT::which_atom         3.9572
             GT::which_bigcell         3.9572
            GT::which_unitcell         3.9572
                  SF::strucFac         3.8858
                RealGauntTable         3.7773
                  PW_B_K::gcar         2.9645
                  SF::eigts123         2.3452
                      Chg::rho         2.2500
                 Chg::rho_save         2.2500
                 Chg::rho_core         2.2500
                 Pot::veff_fix         2.2500
                     Pot::veff         2.2500
              Pot::veff_smooth         2.2500
 -------------   < 1.0 MB has been ignored ----------------
 ----------------------------------------------------------

 Start  Time  : Fri Oct  9 14:00:59 2026
 Finish Time  : Fri Oct  9 14:02:25 2026
 Total  Time  : 0 h 1 mins 26 secs 
