                                                                                     
                              ABACUS v3.10.0

               Atomic-orbital Based Ab-initio Computation at UStc                    

                     Website: http://abacus.ustc.edu.cn/                             
               Documentation: https://abacus.deepmodeling.com/                       
                  Repository: https://github.com/abacusmodeling/abacus-develop       
                              https://github.com/deepmodeling/abacus-develop         
                      Commit: f7cb1d3 (Mon May 12 16:53:30 2025 +0800)

    Start Time is Fri Oct  9 19:11:03 2026
                                                                                     
 ------------------------------------------------------------------------------------

 READING GENERAL INFORMATION
                           global_out_dir = OUT.ABACUS/
                           global_in_card = INPUT
                               pseudo_dir = 
                              orbital_dir = 
                                    DRANK = 1
                                    DSIZE = 32
                                   DCOLOR = 1
                                    GRANK = 1
                                    GSIZE = 1




 >>>>>>>>>>>>>>>>>>>>>>>>>>>>>>>>>>>>>>>>>>>>>>>>>>>>>>>>>>>>>>>>>>>>>>
 |                                                                    |
 | Reading atom information in unitcell:                              |
 | From the input file and the structure file we know the number of   |
 | different elments in this unitcell, then we list the detail        |
 | information for each element, especially the zeta and polar atomic |
 | orbital number for each element. The total atom number is counted. |
 | We calculate the nearest atom distance for each atom and show the  |
 | Cartesian and Direct coordinates for each atom. We list the file   |
 | address for atomic orbitals. The volume and the lattice vectors    |
 | in real and reciprocal space is also shown.                        |
 |                                                                    |
 <<<<<<<<<<<<<<<<<<<<<<<<<<<<<<<<<<<<<<<<<<<<<<<<<<<<<<<<<<<<<<<<<<<<<<




 READING UNITCELL INFORMATION
                                    ntype = 2
                  lattice constant (Bohr) = 1.88973
              lattice constant (Angstrom) = 1

 READING ATOM TYPE 1
                               atom label = Hf
                      L=0, number of zeta = 4
                      L=1, number of zeta = 2
                      L=2, number of zeta = 2
                      L=3, number of zeta = 1
             number of atom for this type = 4

 READING ATOM TYPE 2
                               atom label = O
                      L=0, number of zeta = 2
                      L=1, number of zeta = 2
                      L=2, number of zeta = 1
             number of atom for this type = 8

                        TOTAL ATOM NUMBER = 12
DIRECT COORDINATES
    atom                   x                   y                   z     mag                  vx                  vy                  vz
taud_Hf1            0.0426177679        0.0029014726        0.9947815321  0.0000        0.0000000000        0.0000000000        0.0000000000
taud_Hf2            0.9437951227        0.4904269851        0.4947745348  0.0000        0.0000000000        0.0000000000        0.0000000000
taud_Hf3            0.4437876649        0.0029093264        0.4947758768  0.0000        0.0000000000        0.0000000000        0.0000000000
taud_Hf4            0.5426107333        0.4904352061        0.9947800769  0.0000        0.0000000000        0.0000000000        0.0000000000
taud_O1            0.3142851066        0.2475541793        0.2018324272  0.0000        0.0000000000        0.0000000000        0.0000000000
taud_O2            0.1720993641        0.2475446985        0.7018300029  0.0000        0.0000000000        0.0000000000        0.0000000000
taud_O3            0.1376678119        0.7874314844        0.3253988355  0.0000        0.0000000000        0.0000000000        0.0000000000
taud_O4            0.3487369380        0.7874337010        0.8253976154  0.0000        0.0000000000        0.0000000000        0.0000000000
taud_O5            0.8142861669        0.2458068332        0.2018118588  0.0000        0.0000000000        0.0000000000        0.0000000000
taud_O6            0.6720983611        0.2458157776        0.7018093335  0.0000        0.0000000000        0.0000000000        0.0000000000
taud_O7            0.6376732813        0.7059244069        0.3253974306  0.0000        0.0000000000        0.0000000000        0.0000000000
taud_O8            0.8487316999        0.7059222739        0.8253961585  0.0000        0.0000000000        0.0000000000        0.0000000000



                          Volume (Bohr^3) = 965.163
                             Volume (A^3) = 143.022

 Lattice vectors: (Cartesian coordinate: in unit of a_0)
             +5.53607        +9.61692e-07        +4.23575e-05
         +9.57138e-07             +5.0201         -8.2296e-05
         +4.27766e-05        -8.26441e-05            +5.14624
 Reciprocal vectors: (Cartesian coordinate: in unit of 2 pi/a_0)
            +0.180633        -3.44644e-08        -1.50146e-06
         -3.46281e-08           +0.199199        +3.19896e-06
         -1.48675e-06        +3.18549e-06           +0.194317
 The esolver type has been set to : ksdft_lcao

 RUNNING WITH DEVICE  : CPU / AMD EPYC 7702 64-Core Processor




 >>>>>>>>>>>>>>>>>>>>>>>>>>>>>>>>>>>>>>>>>>>>>>>>>>>>>>>>>>>>>>>>>>>>>>
 |                                                                    |
 | Reading pseudopotentials files:                                    |
 | The pseudopotential file is in UPF format. The 'NC' indicates that |
 | the type of pseudopotential is 'norm conserving'. Functional of    |
 | exchange and correlation is decided by 4 given parameters in UPF   |
 | file.  We also read in the 'core correction' if there exists.      |
 | Also we can read the valence electrons number and the maximal      |
 | angular momentum used in this pseudopotential. We also read in the |
 | trail wave function, trail atomic density and local-pseudopotential|
 | on logrithmic grid. The non-local pseudopotential projector is also|
 | read in if there is any.                                           |
 |                                                                    |
 <<<<<<<<<<<<<<<<<<<<<<<<<<<<<<<<<<<<<<<<<<<<<<<<<<<<<<<<<<<<<<<<<<<<<<




                PAO radial cut off (Bohr) = 15

 Read in pseudopotential file is Hf.upf
                     pseudopotential type = NC
          exchange-correlation functional = PBE
                 nonlocal core correction = 1
                        valence electrons = 12
                                     lmax = 3
                           number of zeta = 4
                     number of projectors = 8
                           L of projector = 0
                           L of projector = 0
                           L of projector = 1
                           L of projector = 1
                           L of projector = 2
                           L of projector = 2
                           L of projector = 3
                           L of projector = 3
                PAO radial cut off (Bohr) = 15

 Read in pseudopotential file is O.upf
                     pseudopotential type = NC
          exchange-correlation functional = PBE
                 nonlocal core correction = 1
                        valence electrons = 6
                                     lmax = 2
                           number of zeta = 2
                     number of projectors = 5
                           L of projector = 0
                           L of projector = 0
                           L of projector = 1
                           L of projector = 1
                           L of projector = 2
     initial pseudo atomic orbital number = 72

 SETUP THE ELECTRONS NUMBER
            electron number of element Hf = 12
      total electron number of element Hf = 48
             electron number of element O = 6
       total electron number of element O = 48
            AUTOSET number of electrons:  = 96
                           occupied bands = 48
                                   NLOCAL = 212
                                   NBANDS = 58
                                   NBANDS = 58
                                   NLOCAL = 212

%%%%%%%%%%%%%%%%%%%%%%%%%%%%%%%%%%%%%%%%%%%%%%%%%%%%%%%%%%%%%%%%%%%%%%%%%%%%%%%%%%%%%%%%%%%%%%%%%%%%%%%%%%
 Warning: the number of valence electrons in pseudopotential > 4 for Hf: [Xe] 4f14 5d2 6s2
 Pseudopotentials with additional electrons can yield (more) accurate outcomes, but may be less efficient.
 If you're confident that your chosen pseudopotential is appropriate, you can safely ignore this warning.
%%%%%%%%%%%%%%%%%%%%%%%%%%%%%%%%%%%%%%%%%%%%%%%%%%%%%%%%%%%%%%%%%%%%%%%%%%%%%%%%%%%%%%%%%%%%%%%%%%%%%%%%%%
                  




 >>>>>>>>>>>>>>>>>>>>>>>>>>>>>>>>>>>>>>>>>>>>>>>>>>>>>>>>>>>>>>>>>>>>>>
 |                                                                    |
 | Setup plane waves of charge/potential:                             |
 | Use the energy cutoff and the lattice vectors to generate the      |
 | dimensions of FFT grid. The number of FFT grid on each processor   |
 | is 'nrxx'. The number of plane wave basis in reciprocal space is   |
 | different for charege/potential and wave functions. We also set    |
 | the 'sticks' for the parallel of FFT. The number of plane waves    |
 | is 'npw' in each processor.                                        |
 <<<<<<<<<<<<<<<<<<<<<<<<<<<<<<<<<<<<<<<<<<<<<<<<<<<<<<<<<<<<<<<<<<<<<<





 SETUP THE PLANE WAVE BASIS
 energy cutoff for charge/potential (unit:Ry) = 400
            fft grid for charge/potential = [ 72, 64, 64 ]
                        fft grid division = [ 4, 2, 2 ]
        big fft grid for charge/potential = [ 18, 32, 32 ]
                                     nbxx = 576
                                     nrxx = 9216

 SETUP PLANE WAVES FOR CHARGE/POTENTIAL
                    number of plane waves = 130405
                         number of sticks = 3159

 PARALLEL PW FOR CHARGE/POTENTIAL
     PROC   COLUMNS(POT)             PW
        1             98           4074
        2             98           4074
        3             98           4074
        4             98           4074
        5             98           4074
        6             98           4074
        7             98           4074
        8             98           4074
        9             98           4074
       10             99           4074
       11             99           4074
       12             99           4074
       13             99           4074
       14             99           4077
       15             99           4077
       16             99           4077
       17             99           4077
       18             99           4077
       19             99           4077
       20             99           4077
       21             99           4077
       22             99           4077
       23             99           4074
       24             99           4074
       25             98           4074
       26             99           4077
       27             99           4077
       28             99           4075
       29             99           4075
       30             99           4075
       31             99           4075
       32            100           4074
 --------------- sum -------------------
       32           3159         130405
                            number of |g| = 4074
                                  max |g| = 36.1763
                                  min |g| = 0.0396803
 DONE : SETUP UNITCELL Time : 2.03972 (SEC)


----------- Double Check Mixing Parameters Begin ------------
mixing_type: broyden
mixing_beta: 0.3
mixing_gg0: 1
mixing_gg0_min: 0.1
mixing_ndim: 8
----------- Double Check Mixing Parameters End ------------




 >>>>>>>>>>>>>>>>>>>>>>>>>>>>>>>>>>>>>>>>>>>>>>>>>>>>>>>>>>>>>>>>>>>>>>
 |                                                                    |
 | Doing symmetry analysis:                                           |
 | We calculate the norm of 3 vectors and the angles between them,    |
 | the type of Bravais lattice is given. We can judge if the unticell |
 | is a primitive cell. Finally we give the point group operation for |
 | this unitcell. We use the point group operations to do symmetry |
 | analysis on given k-point mesh and the charge density.             |
 |                                                                    |
 <<<<<<<<<<<<<<<<<<<<<<<<<<<<<<<<<<<<<<<<<<<<<<<<<<<<<<<<<<<<<<<<<<<<<<




 LATTICE VECTORS: (CARTESIAN COORDINATE: IN UNIT OF A0)
             +5.53607        +9.61692e-07        +4.23575e-05
         +9.57138e-07             +5.0201         -8.2296e-05
         +4.27766e-05        -8.26441e-05            +5.14624
                       right hand lattice = 1
                                   NORM_A = 5.53607
                                   NORM_B = 5.0201
                                   NORM_C = 5.14624
                           ALPHA (DEGREE) = 90.0019
                           BETA  (DEGREE) = 89.9991
                           GAMMA (DEGREE) = 90

 The lattice vectors have been changed (STRU_SIMPLE.cif)

(for optimal symmetric configuration:)
                             BRAVAIS TYPE = 14
                     BRAVAIS LATTICE NAME = 14. Triclinic cell
                                    ibrav = 14
                                    IBRAV = 14
                                  BRAVAIS = TRICLINIC CELL
                       LATTICE CONSTANT A = 7.47325
                                B/A RATIO = 0.671743
                                C/A RATIO = 1.01142
                               COS(ALPHA) = 2.18282e-05
                                COS(BETA) = 0.542587
                               COS(GAMMA) = 0.671742
Original cell was already a primitive cell.
                        ROTATION MATRICES = 2
              PURE POINT GROUP OPERATIONS = 1
                   SPACE GROUP OPERATIONS = 1
                              POINT GROUP = C_1
               POINT GROUP IN SPACE GROUP = C_1
 DONE : SYMMETRY Time : 2.07554 (SEC)





 >>>>>>>>>>>>>>>>>>>>>>>>>>>>>>>>>>>>>>>>>>>>>>>>>>>>>>>>>>>>>>>>>>>>>>
 |                                                                    |
 | Setup K-points                                                     |
 | We setup the k-points according to input parameters.               |
 | The reduced k-points are set according to symmetry operations.     |
 | We treat the spin as another set of k-points.                      |
 |                                                                    |
 <<<<<<<<<<<<<<<<<<<<<<<<<<<<<<<<<<<<<<<<<<<<<<<<<<<<<<<<<<<<<<<<<<<<<<





 SETUP K-POINTS
                                    nspin = 1
                   Input type of k points = Monkhorst-Pack(Gamma)
                                   nkstot = 8
                       right hand lattice = 1
(for reciprocal lattice: )
                             BRAVAIS TYPE = 14
                     BRAVAIS LATTICE NAME = 14. Triclinic cell
                                    ibrav = 14
                       right hand lattice = 1
(for k-lattice: )
                             BRAVAIS TYPE = 14
                     BRAVAIS LATTICE NAME = 14. Triclinic cell
                                    ibrav = 14
                       right hand lattice = 1
                        ROTATION MATRICES = 2
                               nkstot_ibz = 8
K-POINTS REDUCTION ACCORDING TO SYMMETRY
     IBZ    DIRECT_X    DIRECT_Y    DIRECT_Z  WEIGHT  ibz2bz
       1  0.00000000  0.00000000  0.00000000  0.1250       0
       2  0.50000000  0.00000000  0.00000000  0.1250       1
       3  0.00000000  0.50000000  0.00000000  0.1250       2
       4  0.50000000  0.50000000  0.00000000  0.1250       3
       5  0.00000000  0.00000000  0.50000000  0.1250       4
       6  0.50000000  0.00000000  0.50000000  0.1250       5
       7  0.00000000  0.50000000  0.50000000  0.1250       6
       8  0.50000000  0.50000000  0.50000000  0.1250       7

                               nkstot now = 8
K-POINTS DIRECT COORDINATES
 KPOINTS    DIRECT_X    DIRECT_Y    DIRECT_Z  WEIGHT
       1  0.00000000  0.00000000  0.00000000  0.1250
       2  0.50000000  0.00000000  0.00000000  0.1250
       3  0.00000000  0.50000000  0.00000000  0.1250
       4  0.50000000  0.50000000  0.00000000  0.1250
       5  0.00000000  0.00000000  0.50000000  0.1250
       6  0.50000000  0.00000000  0.50000000  0.1250
       7  0.00000000  0.50000000  0.50000000  0.1250
       8  0.50000000  0.50000000  0.50000000  0.1250


           k-point number in this process = 8
       minimum distributed K point number = 8
starsize: 1
isym: 0 ks_vec: 0 0 0
starsize: 1
isym: 0 ks_vec: 0.5 0 0
starsize: 1
isym: 0 ks_vec: 0 0.5 0
starsize: 1
isym: 0 ks_vec: 0.5 0.5 0
starsize: 1
isym: 0 ks_vec: 0 0 0.5
starsize: 1
isym: 0 ks_vec: 0.5 0 0.5
starsize: 1
isym: 0 ks_vec: 0 0.5 0.5
starsize: 1
isym: 0 ks_vec: 0.5 0.5 0.5

K-POINTS CARTESIAN COORDINATES
 KPOINTS CARTESIAN_X CARTESIAN_Y CARTESIAN_Z  WEIGHT
       1  0.00000000  0.00000000  0.00000000  0.2500
       2  0.09031671 -0.00000002 -0.00000075  0.2500
       3 -0.00000002  0.09959953  0.00000160  0.2500
       4  0.09031669  0.09959951  0.00000085  0.2500
       5 -0.00000074  0.00000159  0.09715841  0.2500
       6  0.09031597  0.00000158  0.09715766  0.2500
       7 -0.00000076  0.09960112  0.09716001  0.2500
       8  0.09031595  0.09960110  0.09715926  0.2500


K-POINTS DIRECT COORDINATES
 KPOINTS    DIRECT_X    DIRECT_Y    DIRECT_Z  WEIGHT
       1  0.00000000  0.00000000  0.00000000  0.2500
       2  0.50000000  0.00000000  0.00000000  0.2500
       3  0.00000000  0.50000000  0.00000000  0.2500
       4  0.50000000  0.50000000  0.00000000  0.2500
       5  0.00000000  0.00000000  0.50000000  0.2500
       6  0.50000000  0.00000000  0.50000000  0.2500
       7  0.00000000  0.50000000  0.50000000  0.2500
       8  0.50000000  0.50000000  0.50000000  0.2500

 DONE : INIT K-POINTS Time : 2.30735 (SEC)





 >>>>>>>>>>>>>>>>>>>>>>>>>>>>>>>>>>>>>>>>>>>>>>>>>>>>>>>>>>>>>>>>>>>>>>
 |                                                                    |
 | Setup plane waves of wave functions:                               |
 | Use the energy cutoff and the lattice vectors to generate the      |
 | dimensions of FFT grid. The number of FFT grid on each processor   |
 | is 'nrxx'. The number of plane wave basis in reciprocal space is   |
 | different for charege/potential and wave functions. We also set    |
 | the 'sticks' for the parallel of FFT. The number of plane wave of  |
 | each k-point is 'npwk[ik]' in each processor                       |
 <<<<<<<<<<<<<<<<<<<<<<<<<<<<<<<<<<<<<<<<<<<<<<<<<<<<<<<<<<<<<<<<<<<<<<





 SETUP PLANE WAVES FOR WAVE FUNCTIONS
     energy cutoff for wavefunc (unit:Ry) = 100
              fft grid for wave functions = [ 72, 64, 64 ]
                    number of plane waves = 19129
                         number of sticks = 877

 PARALLEL PW FOR WAVE FUNCTIONS
     PROC   COLUMNS(POT)             PW
        1             28            598
        2             28            598
        3             28            598
        4             27            597
        5             27            597
        6             27            597
        7             27            597
        8             27            597
        9             27            597
       10             27            597
       11             27            597
       12             27            597
       13             27            597
       14             27            597
       15             27            597
       16             27            597
       17             27            597
       18             27            597
       19             27            597
       20             27            597
       21             27            597
       22             27            597
       23             28            600
       24             28            600
       25             28            599
       26             28            599
       27             28            599
       28             28            597
       29             28            600
       30             28            600
       31             28            600
       32             28            598
 --------------- sum -------------------
       32            877          19129
 DONE : INIT PLANEWAVE Time : 2.31966 (SEC)

 SET NONLOCAL PSEUDOPOTENTIAL PROJECTORS
 SET NONLOCAL PSEUDOPOTENTIAL PROJECTORS
 max number of nonlocal projetors among all species is 8
 DONE : LOCAL POTENTIAL Time : 3.20985 (SEC)


 -------------------------------------------
 SELF-CONSISTENT
 -------------------------------------------




 >>>>>>>>>>>>>>>>>>>>>>>>>>>>>>>>>>>>>>>>>>>>>>>>>>>>>>>>>>>>>>>>>>>>>>
 |                                                                    |
 | Search adjacent atoms:                                             |
 | Set the adjacent atoms for each atom and set the periodic boundary |
 | condition for the atoms on real space FFT grid. For k-dependent    |
 | algorithm, we also need to set the sparse H and S matrix element   |
 | for each atom.                                                     |
 |                                                                    |
 <<<<<<<<<<<<<<<<<<<<<<<<<<<<<<<<<<<<<<<<<<<<<<<<<<<<<<<<<<<<<<<<<<<<<<





 SETUP SEARCHING RADIUS FOR PROGRAM TO SEARCH ADJACENT ATOMS
                  longest orb rcut (Bohr) = 10
   longest nonlocal projector rcut (Bohr) = 2.46
                     search radius (Bohr) = 24.9
              searching radius is (Bohr)) = 24.9
         searching radius unit is (Bohr)) = 1.89
                         PeriodicBoundary = 1
                        Radius(unit:lat0) = 13.2
                                   glayer = [ 4, 4, 4 ]
                             glayer_minus = [ 3, 3, 3 ]

Find the coordinate range of the input atom(unit:lat0).
                                  min_tau = [ -16.4, -15, -14.4 ]
                                  max_tau = [ 21.8, 19, 20.6 ]
                                BoxNumber = [ 7, 7, 7 ]

 SETUP EXTENDED REAL SPACE GRID FOR GRID INTEGRATION
                          real space grid = [ 72, 64, 64 ]
                 big cell numbers in grid = [ 18, 32, 32 ]
             meshcell numbers in big cell = [ 4, 2, 2 ]
                        extended fft grid = [ 18, 34, 33 ]
                dimension of extened grid = [ 55, 101, 99 ]
                            UnitCellTotal = 100
              Atom number in sub-FFT-grid = 12
    Local orbitals number in sub-FFT-grid = 212
                                ParaV.nnr = 76134

 Warning_Memory_Consuming allocated:  Gint::hRGint 12.1 MB

 Warning_Memory_Consuming allocated:  Gint::DMRGint 12.1 MB
                                 init_chg = atomic
 DONE : INIT SCF Time : 3.88582 (SEC)


 LCAO ALGORITHM --------------- ION=   1  ELEC=   1--------------------------------

 Density error is 0.160459529492
----------------------------------------------------------
     Energy           Rydberg                 eV          
----------------------------------------------------------
 E_KohnSham     -718.6906372715      -9778.2877661434     
 E_Harris       -704.5506741533      -9585.9036982261     
 E_Fermi        0.6798809329         9.2502546488         
 E_bandgap      0.5838257622         7.9433570055         
----------------------------------------------------------


 LCAO ALGORITHM --------------- ION=   1  ELEC=   2--------------------------------

 Density error is 0.0650619468268
----------------------------------------------------------
     Energy           Rydberg                 eV          
----------------------------------------------------------
 E_KohnSham     -719.0159858989      -9782.7143613124     
 E_Harris       -715.2930676789      -9732.0614603324     
 E_Fermi        0.9777446831         13.3028988798        
 E_bandgap      0.4354109107         5.9240693572         
----------------------------------------------------------


 LCAO ALGORITHM --------------- ION=   1  ELEC=   3--------------------------------

 Density error is 0.0390726840111
----------------------------------------------------------
     Energy           Rydberg                 eV          
----------------------------------------------------------
 E_KohnSham     -719.0460270748      -9783.1230924802     
 E_Harris       -718.4913788691      -9775.5767164964     
 E_Fermi        0.9755858906         13.2735270012        
 E_bandgap      0.3866575244         5.2607455059         
----------------------------------------------------------


 LCAO ALGORITHM --------------- ION=   1  ELEC=   4--------------------------------

 Density error is 0.00762244674427
----------------------------------------------------------
     Energy           Rydberg                 eV          
----------------------------------------------------------
 E_KohnSham     -719.0442154740      -9783.0984443865     
 E_Harris       -718.2608977512      -9772.4408600118     
 E_Fermi        0.9781537036         13.3084638892        
 E_bandgap      0.3898787663         5.3045727508         
----------------------------------------------------------


 LCAO ALGORITHM --------------- ION=   1  ELEC=   5--------------------------------

 Density error is 0.00134070849475
----------------------------------------------------------
     Energy           Rydberg                 eV          
----------------------------------------------------------
 E_KohnSham     -719.0456596501      -9783.1180934095     
 E_Harris       -719.0090520714      -9782.6200217501     
 E_Fermi        0.9786314140         13.3149634725        
 E_bandgap      0.3799066524         5.1688951803         
----------------------------------------------------------


 LCAO ALGORITHM --------------- ION=   1  ELEC=   6--------------------------------

 Density error is 0.000305074149379
----------------------------------------------------------
     Energy           Rydberg                 eV          
----------------------------------------------------------
 E_KohnSham     -719.0456827011      -9783.1184070349     
 E_Harris       -719.0451603360      -9783.1112998930     
 E_Fermi        0.9799237921         13.3325471788        
 E_bandgap      0.3814874459         5.1904029804         
----------------------------------------------------------


 LCAO ALGORITHM --------------- ION=   1  ELEC=   7--------------------------------

 Density error is 0.000332114463113
----------------------------------------------------------
     Energy           Rydberg                 eV          
----------------------------------------------------------
 E_KohnSham     -719.0456841030      -9783.1184261088     
 E_Harris       -719.0075667145      -9782.5998124322     
 E_Fermi        0.9799824753         13.3333456048        
 E_bandgap      0.3820754055         5.1984025811         
----------------------------------------------------------


 LCAO ALGORITHM --------------- ION=   1  ELEC=   8--------------------------------

 Density error is 4.94641747006e-05
----------------------------------------------------------
     Energy           Rydberg                 eV          
----------------------------------------------------------
 E_KohnSham     -719.0456859271      -9783.1184509266     
 E_Harris       -719.0412051279      -9783.0574865256     
 E_Fermi        0.9800900312         13.3348089779        
 E_bandgap      0.3817728538         5.1942861528         
----------------------------------------------------------


 LCAO ALGORITHM --------------- ION=   1  ELEC=   9--------------------------------

 Density error is 1.46067313551e-05
----------------------------------------------------------
     Energy           Rydberg                 eV          
----------------------------------------------------------
 E_KohnSham     -719.0456859844      -9783.1184517062     
 E_Harris       -719.0461057609      -9783.1241630583     
 E_Fermi        0.9801000495         13.3349452839        
 E_bandgap      0.3817197528         5.1935636769         
----------------------------------------------------------


 LCAO ALGORITHM --------------- ION=   1  ELEC=  10--------------------------------

 Density error is 2.55897951034e-06
----------------------------------------------------------
     Energy           Rydberg                 eV          
----------------------------------------------------------
 E_KohnSham     -719.0456859852      -9783.1184517172     
 E_Harris       -719.0455446366      -9783.1165285714     
 E_Fermi        0.9800938645         13.3348611316        
 E_bandgap      0.3817150469         5.1934996503         
----------------------------------------------------------


 LCAO ALGORITHM --------------- ION=   1  ELEC=  11--------------------------------

 Density error is 4.88084358475e-07
----------------------------------------------------------
     Energy           Rydberg                 eV          
----------------------------------------------------------
 E_KohnSham     -719.0456859853      -9783.1184517190     
 E_Harris       -719.0456304298      -9783.1176958469     
 E_Fermi        0.9800963983         13.3348956064        
 E_bandgap      0.3817186211         5.1935482793         
----------------------------------------------------------


 LCAO ALGORITHM --------------- ION=   1  ELEC=  12--------------------------------

 Density error is 2.86384526967e-07
----------------------------------------------------------
     Energy           Rydberg                 eV          
----------------------------------------------------------
 E_KohnSham     -719.0456859853      -9783.1184517191     
 E_Harris       -719.0457026801      -9783.1186788630     
 E_Fermi        0.9800965320         13.3348974255        
 E_bandgap      0.3817178410         5.1935376661         
----------------------------------------------------------


 LCAO ALGORITHM --------------- ION=   1  ELEC=  13--------------------------------

 Density error is 3.11713928093e-08
----------------------------------------------------------
     Energy           Rydberg                 eV          
----------------------------------------------------------
 E_KohnSham     -719.0456859853      -9783.1184517191     
 E_Harris       -719.0456885309      -9783.1184863541     
 E_Fermi        0.9800966054         13.3348984240        
 E_bandgap      0.3817181678         5.1935421126         
----------------------------------------------------------


 LCAO ALGORITHM --------------- ION=   1  ELEC=  14--------------------------------

 Density error is 2.04646899399e-08
----------------------------------------------------------
     Energy           Rydberg                 eV          
----------------------------------------------------------
 E_KohnSham     -719.0456859853      -9783.1184517191     
 E_Harris       -719.0456872696      -9783.1184691929     
 E_Fermi        0.9800965915         13.3348982350        
 E_bandgap      0.3817181604         5.1935420117         
----------------------------------------------------------


 LCAO ALGORITHM --------------- ION=   1  ELEC=  15--------------------------------

 Density error is 8.15737052921e-09
----------------------------------------------------------
     Energy           Rydberg                 eV          
----------------------------------------------------------
 E_KohnSham     -719.0456859853      -9783.1184517191     
 E_KS(sigma->0) -719.0456859853      -9783.1184517191     
 E_Harris       -719.0456857935      -9783.1184491092     
 E_band         -43.5215169453       -592.1406160593      
 E_one_elec     -146.6872701166      -1995.7826976506     
 E_Hartree      126.1208969881       1715.9628359097      
 E_xc           -182.3147195862      -2480.5190156451     
 E_Ewald        -516.1645932706      -7022.7795743330     
 E_entropy(-TS) -0.0000000000        -0.0000000000        
 E_descf        0.0000000000         0.0000000000         
 E_exx          0.0000000000         0.0000000000         
 E_Fermi        0.9800965744         13.3348980016        
 E_bandgap      0.3817181505         5.1935418771         
----------------------------------------------------------


 charge density convergence is achieved
 final etot is -9783.1184517 eV
 EFERMI = 13.334898002 eV

 STATE ENERGY(eV) AND OCCUPATIONS    NSPIN == 1
 1/8 kpoint (Cartesian) = 0.0000 0.0000 0.0000 (513 pws)
       1       -49.7568       0.250000
       2       -49.7427       0.250000
       3       -49.7407       0.250000
       4       -49.7377       0.250000
       5       -19.5831       0.250000
       6       -19.5268       0.250000
       7       -19.5187       0.250000
       8       -19.3540       0.250000
       9       -19.3300       0.250000
      10       -19.3188       0.250000
      11       -19.3018       0.250000
      12       -19.2739       0.250000
      13       -19.2373       0.250000
      14       -19.2056       0.250000
      15       -19.1754       0.250000
      16       -19.1660       0.250000
      17       -7.54084       0.250000
      18       -6.40030       0.250000
      19       -6.16437       0.250000
      20       -6.10908       0.250000
      21       -5.99817       0.250000
      22       -5.75709       0.250000
      23       -5.67424       0.250000
      24       -5.61616       0.250000
      25        4.94893       0.250000
      26        5.07134       0.250000
      27        5.65949       0.250000
      28        5.73637       0.250000
      29        5.77519       0.250000
      30        6.00645       0.250000
      31        6.80767       0.250000
      32        7.04207       0.250000
      33        7.35040       0.250000
      34        7.55892       0.250000
      35        7.61382       0.250000
      36        7.71419       0.250000
      37        8.07450       0.250000
      38        8.10980       0.250000
      39        8.18912       0.250000
      40        8.41608       0.250000
      41        8.43022       0.250000
      42        8.88061       0.250000
      43        9.20013       0.250000
      44        9.46785       0.250000
      45        9.51207       0.250000
      46        9.81810       0.250000
      47        9.86581       0.250000
      48        9.94851       0.250000
      49        15.3277        0.00000
      50        15.3280        0.00000
      51        15.5945        0.00000
      52        15.6092        0.00000
      53        15.7251        0.00000
      54        15.8184        0.00000
      55        15.9915        0.00000
      56        16.1990        0.00000
      57        16.2212        0.00000
      58        16.6902        0.00000

 2/8 kpoint (Cartesian) = 0.090317 -1.7232e-08 -7.5073e-07 (517 pws)
       1       -49.7510       0.250000
       2       -49.7509       0.250000
       3       -49.7380       0.250000
       4       -49.7379       0.250000
       5       -19.4893       0.250000
       6       -19.4892       0.250000
       7       -19.4234       0.250000
       8       -19.4234       0.250000
       9       -19.4025       0.250000
      10       -19.4024       0.250000
      11       -19.2767       0.250000
      12       -19.2766       0.250000
      13       -19.2072       0.250000
      14       -19.2071       0.250000
      15       -19.2037       0.250000
      16       -19.2036       0.250000
      17       -6.88271       0.250000
      18       -6.88267       0.250000
      19       -6.05312       0.250000
      20       -6.05310       0.250000
      21       -5.88571       0.250000
      22       -5.88567       0.250000
      23       -5.86243       0.250000
      24       -5.86240       0.250000
      25        5.82336       0.250000
      26        5.82341       0.250000
      27        5.85451       0.250000
      28        5.85451       0.250000
      29        6.20915       0.250000
      30        6.20919       0.250000
      31        6.60012       0.250000
      32        6.60034       0.250000
      33        7.01589       0.250000
      34        7.01593       0.250000
      35        7.49915       0.250000
      36        7.49916       0.250000
      37        8.02749       0.250000
      38        8.02756       0.250000
      39        8.24201       0.250000
      40        8.24216       0.250000
      41        8.57544       0.250000
      42        8.57559       0.250000
      43        9.07911       0.250000
      44        9.07917       0.250000
      45        9.18446       0.250000
      46        9.18448       0.250000
      47        9.78347       0.250000
      48        9.78351       0.250000
      49        15.3856        0.00000
      50        15.3856        0.00000
      51        15.7444        0.00000
      52        15.7444        0.00000
      53        16.0473        0.00000
      54        16.0475        0.00000
      55        16.3486        0.00000
      56        16.3487        0.00000
      57        16.8073        0.00000
      58        16.8074        0.00000

 3/8 kpoint (Cartesian) = -1.7314e-08 0.099600 1.5995e-06 (523 pws)
       1       -49.7508       0.250000
       2       -49.7487       0.250000
       3       -49.7395       0.250000
       4       -49.7389       0.250000
       5       -19.4760       0.250000
       6       -19.4406       0.250000
       7       -19.4393       0.250000
       8       -19.4161       0.250000
       9       -19.3604       0.250000
      10       -19.3480       0.250000
      11       -19.2993       0.250000
      12       -19.2962       0.250000
      13       -19.2448       0.250000
      14       -19.2384       0.250000
      15       -19.2332       0.250000
      16       -19.2275       0.250000
      17       -6.81561       0.250000
      18       -6.60699       0.250000
      19       -6.11875       0.250000
      20       -6.07449       0.250000
      21       -6.05088       0.250000
      22       -5.93358       0.250000
      23       -5.90917       0.250000
      24       -5.84301       0.250000
      25        5.48401       0.250000
      26        5.48407       0.250000
      27        5.99031       0.250000
      28        6.12008       0.250000
      29        6.13987       0.250000
      30        6.25073       0.250000
      31        6.30636       0.250000
      32        6.49110       0.250000
      33        6.68005       0.250000
      34        6.85644       0.250000
      35        7.69399       0.250000
      36        7.85710       0.250000
      37        7.94375       0.250000
      38        8.13399       0.250000
      39        8.43692       0.250000
      40        8.44526       0.250000
      41        8.51746       0.250000
      42        8.72445       0.250000
      43        9.00374       0.250000
      44        9.00566       0.250000
      45        9.77371       0.250000
      46        9.79066       0.250000
      47        9.81014       0.250000
      48        9.81037       0.250000
      49        15.2974        0.00000
      50        15.6778        0.00000
      51        15.8399        0.00000
      52        15.8561        0.00000
      53        16.0181        0.00000
      54        16.1071        0.00000
      55        16.3709        0.00000
      56        16.3885        0.00000
      57        16.5463        0.00000
      58        16.7515        0.00000

 4/8 kpoint (Cartesian) = 0.090317 0.099600 8.4875e-07 (523 pws)
       1       -49.7495       0.250000
       2       -49.7493       0.250000
       3       -49.7395       0.250000
       4       -49.7394       0.250000
       5       -19.4887       0.250000
       6       -19.4887       0.250000
       7       -19.4272       0.250000
       8       -19.4271       0.250000
       9       -19.3857       0.250000
      10       -19.3857       0.250000
      11       -19.2565       0.250000
      12       -19.2563       0.250000
      13       -19.2495       0.250000
      14       -19.2493       0.250000
      15       -19.2004       0.250000
      16       -19.2003       0.250000
      17       -6.74787       0.250000
      18       -6.74784       0.250000
      19       -6.31469       0.250000
      20       -6.31461       0.250000
      21       -5.88503       0.250000
      22       -5.88500       0.250000
      23       -5.72377       0.250000
      24       -5.72375       0.250000
      25        5.54220       0.250000
      26        5.54229       0.250000
      27        5.84851       0.250000
      28        5.84862       0.250000
      29        6.30587       0.250000
      30        6.30596       0.250000
      31        7.10234       0.250000
      32        7.10241       0.250000
      33        7.23878       0.250000
      34        7.23895       0.250000
      35        7.46165       0.250000
      36        7.46181       0.250000
      37        7.78965       0.250000
      38        7.78974       0.250000
      39        7.85190       0.250000
      40        7.85193       0.250000
      41        8.92952       0.250000
      42        8.92952       0.250000
      43        9.03028       0.250000
      44        9.03028       0.250000
      45        9.24316       0.250000
      46        9.24322       0.250000
      47        9.59880       0.250000
      48        9.59885       0.250000
      49        15.5601        0.00000
      50        15.5603        0.00000
      51        15.7224        0.00000
      52        15.7225        0.00000
      53        16.0862        0.00000
      54        16.0862        0.00000
      55        16.1456        0.00000
      56        16.1456        0.00000
      57        16.7676        0.00000
      58        16.7677        0.00000

 5/8 kpoint (Cartesian) = -7.4338e-07 1.5927e-06 0.097158 (505 pws)
       1       -49.7473       0.250000
       2       -49.7473       0.250000
       3       -49.7417       0.250000
       4       -49.7417       0.250000
       5       -19.5121       0.250000
       6       -19.5120       0.250000
       7       -19.4165       0.250000
       8       -19.4165       0.250000
       9       -19.3717       0.250000
      10       -19.3717       0.250000
      11       -19.2491       0.250000
      12       -19.2491       0.250000
      13       -19.2290       0.250000
      14       -19.2290       0.250000
      15       -19.2281       0.250000
      16       -19.2280       0.250000
      17       -6.74462       0.250000
      18       -6.74454       0.250000
      19       -6.37398       0.250000
      20       -6.37396       0.250000
      21       -5.91801       0.250000
      22       -5.91798       0.250000
      23       -5.60722       0.250000
      24       -5.60719       0.250000
      25        5.25211       0.250000
      26        5.25218       0.250000
      27        6.15203       0.250000
      28        6.15206       0.250000
      29        6.20502       0.250000
      30        6.20511       0.250000
      31        6.53207       0.250000
      32        6.53222       0.250000
      33        6.83853       0.250000
      34        6.83861       0.250000
      35        7.56285       0.250000
      36        7.56297       0.250000
      37        8.00741       0.250000
      38        8.00745       0.250000
      39        8.43115       0.250000
      40        8.43120       0.250000
      41        8.51019       0.250000
      42        8.51027       0.250000
      43        9.39358       0.250000
      44        9.39372       0.250000
      45        9.54975       0.250000
      46        9.54979       0.250000
      47        9.84135       0.250000
      48        9.84139       0.250000
      49        15.1421        0.00000
      50        15.1423        0.00000
      51        15.4730        0.00000
      52        15.4733        0.00000
      53        15.9158        0.00000
      54        15.9159        0.00000
      55        16.3753        0.00000
      56        16.3755        0.00000
      57        16.8990        0.00000
      58        16.8993        0.00000

 6/8 kpoint (Cartesian) = 0.090316 1.5755e-06 0.097158 (526 pws)
       1       -49.7446       0.250000
       2       -49.7445       0.250000
       3       -49.7444       0.250000
       4       -49.7444       0.250000
       5       -19.4630       0.250000
       6       -19.4629       0.250000
       7       -19.4629       0.250000
       8       -19.4628       0.250000
       9       -19.3134       0.250000
      10       -19.3134       0.250000
      11       -19.3133       0.250000
      12       -19.3133       0.250000
      13       -19.2287       0.250000
      14       -19.2287       0.250000
      15       -19.2286       0.250000
      16       -19.2286       0.250000
      17       -6.41256       0.250000
      18       -6.41252       0.250000
      19       -6.41249       0.250000
      20       -6.41246       0.250000
      21       -5.93751       0.250000
      22       -5.93749       0.250000
      23       -5.93741       0.250000
      24       -5.93739       0.250000
      25        6.01844       0.250000
      26        6.01848       0.250000
      27        6.01853       0.250000
      28        6.01857       0.250000
      29        6.44613       0.250000
      30        6.44616       0.250000
      31        6.44619       0.250000
      32        6.44621       0.250000
      33        7.34031       0.250000
      34        7.34045       0.250000
      35        7.34048       0.250000
      36        7.34062       0.250000
      37        7.99611       0.250000
      38        7.99619       0.250000
      39        7.99624       0.250000
      40        7.99632       0.250000
      41        8.57359       0.250000
      42        8.57360       0.250000
      43        8.57377       0.250000
      44        8.57378       0.250000
      45        9.42029       0.250000
      46        9.42035       0.250000
      47        9.42038       0.250000
      48        9.42044       0.250000
      49        15.4248        0.00000
      50        15.4249        0.00000
      51        15.4250        0.00000
      52        15.4251        0.00000
      53        16.4100        0.00000
      54        16.4102        0.00000
      55        16.4104        0.00000
      56        16.4105        0.00000
      57        17.1600        0.00000
      58        17.1601        0.00000

 7/8 kpoint (Cartesian) = -7.6069e-07 0.099601 0.097160 (516 pws)
       1       -49.7449       0.250000
       2       -49.7449       0.250000
       3       -49.7441       0.250000
       4       -49.7441       0.250000
       5       -19.4955       0.250000
       6       -19.4954       0.250000
       7       -19.4869       0.250000
       8       -19.4869       0.250000
       9       -19.3279       0.250000
      10       -19.3279       0.250000
      11       -19.3162       0.250000
      12       -19.3162       0.250000
      13       -19.1925       0.250000
      14       -19.1925       0.250000
      15       -19.1894       0.250000
      16       -19.1894       0.250000
      17       -6.49532       0.250000
      18       -6.49526       0.250000
      19       -6.38103       0.250000
      20       -6.38098       0.250000
      21       -5.95033       0.250000
      22       -5.95025       0.250000
      23       -5.87442       0.250000
      24       -5.87441       0.250000
      25        5.91317       0.250000
      26        5.91319       0.250000
      27        6.06082       0.250000
      28        6.06086       0.250000
      29        6.27238       0.250000
      30        6.27249       0.250000
      31        6.30774       0.250000
      32        6.30787       0.250000
      33        7.06809       0.250000
      34        7.06813       0.250000
      35        7.41006       0.250000
      36        7.41010       0.250000
      37        8.33821       0.250000
      38        8.33830       0.250000
      39        8.34452       0.250000
      40        8.34459       0.250000
      41        8.54670       0.250000
      42        8.54682       0.250000
      43        8.67922       0.250000
      44        8.67935       0.250000
      45        9.65374       0.250000
      46        9.65387       0.250000
      47        9.70542       0.250000
      48        9.70545       0.250000
      49        15.1886        0.00000
      50        15.1887        0.00000
      51        15.5437        0.00000
      52        15.5438        0.00000
      53        15.9548        0.00000
      54        15.9550        0.00000
      55        16.2277        0.00000
      56        16.2278        0.00000
      57        16.6181        0.00000
      58        16.6183        0.00000

 8/8 kpoint (Cartesian) = 0.090316 0.099601 0.097159 (526 pws)
       1       -49.7445       0.250000
       2       -49.7445       0.250000
       3       -49.7444       0.250000
       4       -49.7443       0.250000
       5       -19.5427       0.250000
       6       -19.5427       0.250000
       7       -19.5426       0.250000
       8       -19.5426       0.250000
       9       -19.2496       0.250000
      10       -19.2495       0.250000
      11       -19.2494       0.250000
      12       -19.2494       0.250000
      13       -19.2095       0.250000
      14       -19.2095       0.250000
      15       -19.2094       0.250000
      16       -19.2094       0.250000
      17       -6.60688       0.250000
      18       -6.60685       0.250000
      19       -6.60678       0.250000
      20       -6.60676       0.250000
      21       -5.72921       0.250000
      22       -5.72919       0.250000
      23       -5.72911       0.250000
      24       -5.72909       0.250000
      25        5.91784       0.250000
      26        5.91787       0.250000
      27        5.91790       0.250000
      28        5.91794       0.250000
      29        6.31683       0.250000
      30        6.31689       0.250000
      31        6.31692       0.250000
      32        6.31699       0.250000
      33        7.59476       0.250000
      34        7.59484       0.250000
      35        7.59490       0.250000
      36        7.59499       0.250000
      37        8.13355       0.250000
      38        8.13366       0.250000
      39        8.13368       0.250000
      40        8.13380       0.250000
      41        8.85509       0.250000
      42        8.85516       0.250000
      43        8.85519       0.250000
      44        8.85527       0.250000
      45        9.21753       0.250000
      46        9.21754       0.250000
      47        9.21762       0.250000
      48        9.21763       0.250000
      49        15.2283        0.00000
      50        15.2284        0.00000
      51        15.2287        0.00000
      52        15.2287        0.00000
      53        16.1917        0.00000
      54        16.1919        0.00000
      55        16.1921        0.00000
      56        16.1923        0.00000
      57        16.5503        0.00000
      58        16.5503        0.00000

 correction force for each atom along direction 1 is 1.34964e-07
 correction force for each atom along direction 2 is -6.68969e-06
 correction force for each atom along direction 3 is -9.35465e-06
------------------------------------------------------------------------------------------
 TOTAL-FORCE (eV/Angstrom)                                                                
------------------------------------------------------------------------------------------
                       Hf1         0.0426779055        -0.0131243535         0.0266595735 
                       Hf2        -0.0430514753         0.0130026427         0.0266176747 
                       Hf3        -0.0430228598        -0.0130274380         0.0266690251 
                       Hf4         0.0426886366         0.0130650588         0.0266178059 
                        O1         0.0663137201        -0.0553374251        -0.0479587419 
                        O2        -0.0661180270        -0.0554420623        -0.0479506033 
                        O3         0.0037508861        -0.0305399573         0.0214976500 
                        O4        -0.0035844275        -0.0305632728         0.0214825202 
                        O5         0.0663790146         0.0553472848        -0.0481216200 
                        O6        -0.0661841254         0.0554735036        -0.0481114574 
                        O7         0.0038059337         0.0305737544         0.0213057630 
                        O8        -0.0036551816         0.0305722645         0.0212924102 
------------------------------------------------------------------------------------------

----------------------------------------------------------------
 TOTAL-STRESS (KBAR)                                            
----------------------------------------------------------------
         4.5951834989        -0.0003703789         0.0053788679 
        -0.0003703789        -1.3836928161         0.0044197829 
         0.0053788679         0.0044197829         1.7273585264 
----------------------------------------------------------------
 TOTAL-PRESSURE: 1.646283 KBAR



 --------------------------------------------
 !FINAL_ETOT_IS -9783.1184517190886254 eV
 --------------------------------------------


TIME STATISTICS
------------------------------------------------------------------------------------
    CLASS_NAME                    NAME                TIME/s  CALLS   AVG/s  PER/%  
------------------------------------------------------------------------------------
                   total                              95.04  13       7.31   100.00 
 Driver            reading                            1.02   1        1.02   1.07   
 Input_Conv        Convert                            0.00   1        0.00   0.01   
 Driver            driver_line                        94.02  1        94.02  98.93  
 UnitCell          check_tau                          0.00   1        0.00   0.00   
 ESolver_KS_LCAO   before_all_runners                 1.89   1        1.89   1.99   
 PW_Basis_Sup      setuptransform                     0.55   1        0.55   0.58   
 PW_Basis_Sup      distributeg                        0.00   1        0.00   0.00   
 mymath            heapsort                           0.00   31       0.00   0.00   
 Charge_Mixing     init_mixing                        0.00   1        0.00   0.00   
 Symmetry          analy_sys                          0.04   1        0.04   0.04   
 PW_Basis_K        setuptransform                     0.00   1        0.00   0.01   
 PW_Basis_K        distributeg                        0.00   1        0.00   0.01   
 PW_Basis          setup_struc_factor                 0.01   1        0.01   0.01   
 NOrbital_Lm       extra_uniform                      0.23   14       0.02   0.24   
 Mathzone_Add1     SplineD2                           0.00   14       0.00   0.00   
 Mathzone_Add1     Cubic_Spline_Interpolation         0.01   14       0.00   0.01   
 Mathzone_Add1     Uni_Deriv_Phi                      0.22   14       0.02   0.23   
 ppcell_vl         init_vloc                          0.14   1        0.14   0.15   
 Ions              opt_ions                           91.80  1        91.80  96.60  
 ESolver_KS_LCAO   runner                             79.84  1        79.84  84.01  
 ESolver_KS_LCAO   before_scf                         0.67   1        0.67   0.71   
 atom_arrange      search                             0.00   1        0.00   0.00   
 atom_arrange      grid_d.init                        0.00   1        0.00   0.00   
 Grid              Construct_Adjacent_expand          0.00   1        0.00   0.00   
 Grid              Construct_Adjacent_expand_periodic 0.00   12       0.00   0.00   
 Grid_Technique    init                               0.13   1        0.13   0.13   
 Grid_BigCell      grid_expansion_index               0.03   2        0.02   0.03   
 Grid_Driver       Find_atom                          0.00   120      0.00   0.00   
 Record_adj        for_2d                             0.04   1        0.04   0.04   
 LCAO_domain       grid_prepare                       0.00   1        0.00   0.00   
 Veff              initialize_HR                      0.00   1        0.00   0.00   
 OverlapNew        initialize_SR                      0.00   1        0.00   0.00   
 EkineticNew       initialize_HR                      0.00   1        0.00   0.00   
 NonlocalNew       initialize_HR                      0.02   1        0.02   0.03   
 Charge            set_rho_core                       0.16   1        0.16   0.17   
 PW_Basis_Sup      recip2real                         0.34   125      0.00   0.36   
 PW_Basis_Sup      gathers_scatterp                   0.31   125      0.00   0.33   
 Charge            atomic_rho                         0.36   2        0.18   0.38   
 Potential         init_pot                           0.02   1        0.02   0.02   
 Potential         update_from_charge                 0.36   16       0.02   0.38   
 Potential         cal_fixed_v                        0.00   1        0.00   0.00   
 PotLocal          cal_fixed_v                        0.00   1        0.00   0.00   
 Potential         cal_v_eff                          0.36   16       0.02   0.38   
 H_Hartree_pw      v_hartree                          0.06   16       0.00   0.06   
 PW_Basis_Sup      real2recip                         0.30   146      0.00   0.32   
 PW_Basis_Sup      gatherp_scatters                   0.28   146      0.00   0.29   
 PotXC             cal_v_eff                          0.30   16       0.02   0.31   
 XC_Functional     v_xc                               0.48   18       0.03   0.50   
 Potential         interpolate_vrs                    0.00   16       0.00   0.00   
 Symmetry          rhog_symmetry                      0.59   16       0.04   0.62   
 Symmetry          group fft grids                    0.17   16       0.01   0.18   
 H_Ewald_pw        compute_ewald                      0.01   1        0.01   0.01   
 HSolverLCAO       solve                              77.22  15       5.15   81.26  
 HamiltLCAO        updateHk                           39.58  120      0.33   41.65  
 OperatorLCAO      init                               39.42  360      0.11   41.48  
 Veff              contributeHR                       38.88  15       2.59   40.91  
 Gint_interface    cal_gint                           61.84  31       1.99   65.06  
 Gint_interface    cal_gint_vlocal                    31.72  15       2.11   33.38  
 Gint_Tools        cal_psir_ylm                       2.62   17280    0.00   2.75   
 Gint_k            transfer_pvpR                      7.15   15       0.48   7.53   
 OverlapNew        calculate_SR                       0.13   1        0.13   0.13   
 OverlapNew        contributeHk                       0.03   120      0.00   0.03   
 EkineticNew       contributeHR                       0.13   15       0.01   0.14   
 EkineticNew       calculate_HR                       0.13   1        0.13   0.14   
 NonlocalNew       contributeHR                       0.37   15       0.02   0.39   
 NonlocalNew       calculate_HR                       0.35   1        0.35   0.37   
 OperatorLCAO      contributeHk                       0.04   120      0.00   0.04   
 HSolverLCAO       hamiltSolvePsiK                    5.84   120      0.05   6.14   
 DiagoElpa         elpa_solve                         5.41   120      0.05   5.69   
 elecstate         cal_dm                             3.62   16       0.23   3.81   
 psiMulPsiMpi      pdgemm                             3.62   128      0.03   3.81   
 DensityMatrix     cal_DMR                            0.05   16       0.00   0.05   
 ElecStateLCAO     psiToRho                           31.56  15       2.10   33.21  
 Gint              transfer_DMR                       1.34   15       0.09   1.42   
 Gint_interface    cal_gint_rho                       26.78  15       1.79   28.18  
 Charge_Mixing     get_drho                           0.01   15       0.00   0.01   
 Charge            mix_rho                            0.28   14       0.02   0.30   
 Charge            Broyden_mixing                     0.24   14       0.02   0.25   
 ModuleIO          write_rhog                         0.04   1        0.04   0.05   
 ESolver_KS_LCAO   after_scf                          0.39   1        0.39   0.41   
 ESolver_KS_LCAO   cal_force                          11.96  1        11.96  12.59  
 Force_Stress_LCAO getForceStress                     11.96  1        11.96  12.59  
 Forces            cal_force_loc                      0.00   1        0.00   0.01   
 Forces            cal_force_ew                       0.02   1        0.02   0.02   
 Forces            cal_force_cc                       0.21   1        0.21   0.22   
 Forces            cal_force_scc                      0.16   1        0.16   0.17   
 Stress_Func       stress_loc                         0.60   1        0.60   0.63   
 Stress_Func       stress_har                         0.10   1        0.10   0.10   
 Stress_Func       stress_ewa                         0.08   1        0.08   0.08   
 Stress_Func       stress_cc                          1.26   1        1.26   1.33   
 Stress_Func       stress_gga                         0.20   1        0.20   0.21   
 Force_LCAO        ftable                             8.36   1        8.36   8.79   
 Force_LCAO        allocate                           0.37   1        0.37   0.38   
 LCAO_domain       build_ST_new                       0.36   2        0.18   0.38   
 Force_LCAO        cal_pulay_fs_center2               0.01   2        0.01   0.02   
 Gint_interface    cal_gint_force                     3.33   1        3.33   3.51   
 Gint_Tools        cal_dpsir_ylm                      0.18   576      0.00   0.19   
 Gint_Tools        cal_dpsirr_ylm                     0.03   576      0.00   0.03   
 NonlocalNew       cal_force_stress                   0.97   1        0.97   1.02   
 ESolver_KS_LCAO   cal_stress                         0.00   1        0.00   0.00   
 ESolver_KS_LCAO   after_all_runners                  0.01   1        0.01   0.01   
 ModuleIO          write_istate_info                  0.01   1        0.01   0.01   
------------------------------------------------------------------------------------


 NAME-------------------------|MEMORY(MB)--------
                         total      1938.6374
                  Gint::hRGint       387.1550
                 Gint::DMRGint       386.8425
       TwoCenterTable: Kinetic       137.3855
       TwoCenterTable: Overlap       137.3855
      TwoCenterTable: Nonlocal       136.0217
                   Stress::dSR       109.1856
                  meshball_pos        69.4548
               GT::ind_bigcell        67.1320
         GT::in_this_processor        67.1320
              GT::index2normal        67.1320
               GT::index2ucell        67.1320
                   Force::dS_K        54.5928
                   Stress::dHr        54.5928
                  Force::dTVNL        54.5928
                HamiltLCAO::hR        24.7887
            DensityMatrix::DMR        24.7887
      GT::bigcell_on_processor        16.7830
                HamiltLCAO::sR        16.7638
                    index_ball        11.5758
            DensityMatrix::DMK         5.4863
                  SF::strucFac         3.9796
                GT::which_atom         3.8666
             GT::which_bigcell         3.8666
            GT::which_unitcell         3.8666
                RealGauntTable         3.7773
                  PW_B_K::gcar         3.0319
                  SF::eigts123         2.3452
                      Chg::rho         2.2500
                 Chg::rho_save         2.2500
                 Chg::rho_core         2.2500
                 Pot::veff_fix         2.2500
                     Pot::veff         2.2500
              Pot::veff_smooth         2.2500
                   PW_B_K::gk2         1.0106
 -------------   < 1.0 MB has been ignored ----------------
 ----------------------------------------------------------

 Start  Time  : Fri Oct  9 19:11:02 2026
 Finish Time  : Fri Oct  9 19:12:37 2026
 Total  Time  : 0 h 1 mins 35 secs 
