                                                                                     
                              ABACUS v3.10.0

               Atomic-orbital Based Ab-initio Computation at UStc                    

                     Website: http://abacus.ustc.edu.cn/                             
               Documentation: https://abacus.deepmodeling.com/                       
                  Repository: https://github.com/abacusmodeling/abacus-develop       
                              https://github.com/deepmodeling/abacus-develop         
                      Commit: f7cb1d3 (Mon May 12 16:53:30 2025 +0800)

    Start Time is Fri Oct  9 22:43:45 2026
                                                                                     
 ------------------------------------------------------------------------------------

 READING GENERAL INFORMATION
                           global_out_dir = OUT.ABACUS/
                           global_in_card = INPUT
                               pseudo_dir = 
                              orbital_dir = 
                                    DRANK = 1
                                    DSIZE = 32
                                   DCOLOR = 1
                                    GRANK = 1
                                    GSIZE = 1




 >>>>>>>>>>>>>>>>>>>>>>>>>>>>>>>>>>>>>>>>>>>>>>>>>>>>>>>>>>>>>>>>>>>>>>
 |                                                                    |
 | Reading atom information in unitcell:                              |
 | From the input file and the structure file we know the number of   |
 | different elments in this unitcell, then we list the detail        |
 | information for each element, especially the zeta and polar atomic |
 | orbital number for each element. The total atom number is counted. |
 | We calculate the nearest atom distance for each atom and show the  |
 | Cartesian and Direct coordinates for each atom. We list the file   |
 | address for atomic orbitals. The volume and the lattice vectors    |
 | in real and reciprocal space is also shown.                        |
 |                                                                    |
 <<<<<<<<<<<<<<<<<<<<<<<<<<<<<<<<<<<<<<<<<<<<<<<<<<<<<<<<<<<<<<<<<<<<<<




 READING UNITCELL INFORMATION
                                    ntype = 2
                  lattice constant (Bohr) = 1.88973
              lattice constant (Angstrom) = 1

 READING ATOM TYPE 1
                               atom label = Hf
                      L=0, number of zeta = 4
                      L=1, number of zeta = 2
                      L=2, number of zeta = 2
                      L=3, number of zeta = 1
             number of atom for this type = 4

 READING ATOM TYPE 2
                               atom label = O
                      L=0, number of zeta = 2
                      L=1, number of zeta = 2
                      L=2, number of zeta = 1
             number of atom for this type = 8

                        TOTAL ATOM NUMBER = 12
DIRECT COORDINATES
    atom                   x                   y                   z     mag                  vx                  vy                  vz
taud_Hf1            0.9998590773        0.9983012385        0.9998855042  0.0000        0.0000000000        0.0000000000        0.0000000000
taud_Hf2            0.4998584837        0.9366915924        0.4683282537  0.0000        0.0000000000        0.0000000000        0.0000000000
taud_Hf3            0.4998583072        0.4366913316        0.9998861476  0.0000        0.0000000000        0.0000000000        0.0000000000
taud_Hf4            0.9998590887        0.4983011336        0.4683287317  0.0000        0.0000000000        0.0000000000        0.0000000000
taud_O1            0.2507745374        0.2325443006        0.2722073010  0.0000        0.0000000000        0.0000000000        0.0000000000
taud_O2            0.7507746201        0.2024383937        0.2722072225  0.0000        0.0000000000        0.0000000000        0.0000000000
taud_O3            0.3545046498        0.1021539199        0.8035223806  0.0000        0.0000000000        0.0000000000        0.0000000000
taud_O4            0.8545053032        0.3328302219        0.8035224843  0.0000        0.0000000000        0.0000000000        0.0000000000
taud_O5            0.2507754190        0.7325440119        0.1960073409  0.0000        0.0000000000        0.0000000000        0.0000000000
taud_O6            0.7507757717        0.7024383359        0.1960076726  0.0000        0.0000000000        0.0000000000        0.0000000000
taud_O7            0.3545058557        0.6021536163        0.6646919344  0.0000        0.0000000000        0.0000000000        0.0000000000
taud_O8            0.8545063749        0.8328306302        0.6646916310  0.0000        0.0000000000        0.0000000000        0.0000000000



                          Volume (Bohr^3) = 910.725
                             Volume (A^3) = 134.955

 Lattice vectors: (Cartesian coordinate: in unit of a_0)
             +5.23906        +7.17028e-40              -5e-15
                   +0            +5.07585                  +0
         -1.07143e-06        +8.70639e-07            +5.07491
 Reciprocal vectors: (Cartesian coordinate: in unit of 2 pi/a_0)
            +0.190874                  -0        +4.02977e-08
         -3.22565e-23           +0.197011        -3.37987e-08
         +1.88056e-16                  -0           +0.197048
 The esolver type has been set to : ksdft_lcao

 RUNNING WITH DEVICE  : CPU / AMD EPYC 7702 64-Core Processor




 >>>>>>>>>>>>>>>>>>>>>>>>>>>>>>>>>>>>>>>>>>>>>>>>>>>>>>>>>>>>>>>>>>>>>>
 |                                                                    |
 | Reading pseudopotentials files:                                    |
 | The pseudopotential file is in UPF format. The 'NC' indicates that |
 | the type of pseudopotential is 'norm conserving'. Functional of    |
 | exchange and correlation is decided by 4 given parameters in UPF   |
 | file.  We also read in the 'core correction' if there exists.      |
 | Also we can read the valence electrons number and the maximal      |
 | angular momentum used in this pseudopotential. We also read in the |
 | trail wave function, trail atomic density and local-pseudopotential|
 | on logrithmic grid. The non-local pseudopotential projector is also|
 | read in if there is any.                                           |
 |                                                                    |
 <<<<<<<<<<<<<<<<<<<<<<<<<<<<<<<<<<<<<<<<<<<<<<<<<<<<<<<<<<<<<<<<<<<<<<




                PAO radial cut off (Bohr) = 15

 Read in pseudopotential file is Hf.upf
                     pseudopotential type = NC
          exchange-correlation functional = PBE
                 nonlocal core correction = 1
                        valence electrons = 12
                                     lmax = 3
                           number of zeta = 4
                     number of projectors = 8
                           L of projector = 0
                           L of projector = 0
                           L of projector = 1
                           L of projector = 1
                           L of projector = 2
                           L of projector = 2
                           L of projector = 3
                           L of projector = 3
                PAO radial cut off (Bohr) = 15

 Read in pseudopotential file is O.upf
                     pseudopotential type = NC
          exchange-correlation functional = PBE
                 nonlocal core correction = 1
                        valence electrons = 6
                                     lmax = 2
                           number of zeta = 2
                     number of projectors = 5
                           L of projector = 0
                           L of projector = 0
                           L of projector = 1
                           L of projector = 1
                           L of projector = 2
     initial pseudo atomic orbital number = 72

 SETUP THE ELECTRONS NUMBER
            electron number of element Hf = 12
      total electron number of element Hf = 48
             electron number of element O = 6
       total electron number of element O = 48
            AUTOSET number of electrons:  = 96
                           occupied bands = 48
                                   NLOCAL = 212
                                   NBANDS = 58
                                   NBANDS = 58
                                   NLOCAL = 212

%%%%%%%%%%%%%%%%%%%%%%%%%%%%%%%%%%%%%%%%%%%%%%%%%%%%%%%%%%%%%%%%%%%%%%%%%%%%%%%%%%%%%%%%%%%%%%%%%%%%%%%%%%
 Warning: the number of valence electrons in pseudopotential > 4 for Hf: [Xe] 4f14 5d2 6s2
 Pseudopotentials with additional electrons can yield (more) accurate outcomes, but may be less efficient.
 If you're confident that your chosen pseudopotential is appropriate, you can safely ignore this warning.
%%%%%%%%%%%%%%%%%%%%%%%%%%%%%%%%%%%%%%%%%%%%%%%%%%%%%%%%%%%%%%%%%%%%%%%%%%%%%%%%%%%%%%%%%%%%%%%%%%%%%%%%%%
                  




 >>>>>>>>>>>>>>>>>>>>>>>>>>>>>>>>>>>>>>>>>>>>>>>>>>>>>>>>>>>>>>>>>>>>>>
 |                                                                    |
 | Setup plane waves of charge/potential:                             |
 | Use the energy cutoff and the lattice vectors to generate the      |
 | dimensions of FFT grid. The number of FFT grid on each processor   |
 | is 'nrxx'. The number of plane wave basis in reciprocal space is   |
 | different for charege/potential and wave functions. We also set    |
 | the 'sticks' for the parallel of FFT. The number of plane waves    |
 | is 'npw' in each processor.                                        |
 <<<<<<<<<<<<<<<<<<<<<<<<<<<<<<<<<<<<<<<<<<<<<<<<<<<<<<<<<<<<<<<<<<<<<<





 SETUP THE PLANE WAVE BASIS
 energy cutoff for charge/potential (unit:Ry) = 400
            fft grid for charge/potential = [ 64, 64, 64 ]
                        fft grid division = [ 2, 2, 2 ]
        big fft grid for charge/potential = [ 32, 32, 32 ]
                                     nbxx = 1024
                                     nrxx = 8192

 SETUP PLANE WAVES FOR CHARGE/POTENTIAL
                    number of plane waves = 123007
                         number of sticks = 3019

 PARALLEL PW FOR CHARGE/POTENTIAL
     PROC   COLUMNS(POT)             PW
        1             94           3844
        2             94           3844
        3             94           3844
        4             94           3844
        5             94           3844
        6             94           3844
        7             94           3844
        8             94           3844
        9             94           3844
       10             94           3844
       11             94           3844
       12             94           3844
       13             94           3844
       14             95           3847
       15             95           3847
       16             95           3845
       17             95           3845
       18             95           3845
       19             95           3845
       20             95           3843
       21             95           3843
       22             95           3843
       23             95           3843
       24             94           3842
       25             94           3842
       26             95           3847
       27             94           3844
       28             94           3844
       29             94           3844
       30             94           3842
       31             94           3842
       32             94           3842
 --------------- sum -------------------
       32           3019         123007
                            number of |g| = 3819
                                  max |g| = 36.1654
                                  min |g| = 0.657448
 DONE : SETUP UNITCELL Time : 13.0825 (SEC)


----------- Double Check Mixing Parameters Begin ------------
mixing_type: broyden
mixing_beta: 0.3
mixing_gg0: 1
mixing_gg0_min: 0.1
mixing_ndim: 8
----------- Double Check Mixing Parameters End ------------




 >>>>>>>>>>>>>>>>>>>>>>>>>>>>>>>>>>>>>>>>>>>>>>>>>>>>>>>>>>>>>>>>>>>>>>
 |                                                                    |
 | Doing symmetry analysis:                                           |
 | We calculate the norm of 3 vectors and the angles between them,    |
 | the type of Bravais lattice is given. We can judge if the unticell |
 | is a primitive cell. Finally we give the point group operation for |
 | this unitcell. We use the point group operations to do symmetry |
 | analysis on given k-point mesh and the charge density.             |
 |                                                                    |
 <<<<<<<<<<<<<<<<<<<<<<<<<<<<<<<<<<<<<<<<<<<<<<<<<<<<<<<<<<<<<<<<<<<<<<




 LATTICE VECTORS: (CARTESIAN COORDINATE: IN UNIT OF A0)
             +5.23906        +7.17028e-40              -5e-15
                   +0            +5.07585                  +0
         -1.07143e-06        +8.70639e-07            +5.07491
                       right hand lattice = 1
                                   NORM_A = 5.23906
                                   NORM_B = 5.07585
                                   NORM_C = 5.07491
                           ALPHA (DEGREE) = 90
                           BETA  (DEGREE) = 90
                           GAMMA (DEGREE) = 90

 The lattice vectors have been changed (STRU_SIMPLE.cif)

(for optimal symmetric configuration:)
                             BRAVAIS TYPE = 8
                     BRAVAIS LATTICE NAME = 08. Orthorhombic P(simple)
                                    ibrav = 8
                                    IBRAV = 8
                                  BRAVAIS = SIMPLE ORTHORHOMBIC CELL
                       LATTICE CONSTANT A = 5.07491
                                B/A RATIO = 1.00018
                                C/A RATIO = 1.03235
Original cell was already a primitive cell.
                        ROTATION MATRICES = 8
              PURE POINT GROUP OPERATIONS = 1
                   SPACE GROUP OPERATIONS = 1
                              POINT GROUP = C_1
               POINT GROUP IN SPACE GROUP = C_1
 DONE : SYMMETRY Time : 13.1156 (SEC)





 >>>>>>>>>>>>>>>>>>>>>>>>>>>>>>>>>>>>>>>>>>>>>>>>>>>>>>>>>>>>>>>>>>>>>>
 |                                                                    |
 | Setup K-points                                                     |
 | We setup the k-points according to input parameters.               |
 | The reduced k-points are set according to symmetry operations.     |
 | We treat the spin as another set of k-points.                      |
 |                                                                    |
 <<<<<<<<<<<<<<<<<<<<<<<<<<<<<<<<<<<<<<<<<<<<<<<<<<<<<<<<<<<<<<<<<<<<<<





 SETUP K-POINTS
                                    nspin = 1
                   Input type of k points = Monkhorst-Pack(Gamma)
                                   nkstot = 8
                       right hand lattice = 1
(for reciprocal lattice: )
                             BRAVAIS TYPE = 8
                     BRAVAIS LATTICE NAME = 08. Orthorhombic P(simple)
                                    ibrav = 8
                       right hand lattice = 1
(for k-lattice: )
                             BRAVAIS TYPE = 8
                     BRAVAIS LATTICE NAME = 08. Orthorhombic P(simple)
                                    ibrav = 8
                       right hand lattice = 1
                        ROTATION MATRICES = 8
                               nkstot_ibz = 8
K-POINTS REDUCTION ACCORDING TO SYMMETRY
     IBZ    DIRECT_X    DIRECT_Y    DIRECT_Z  WEIGHT  ibz2bz
       1  0.00000000  0.00000000  0.00000000  0.1250       0
       2  0.50000000  0.00000000  0.00000000  0.1250       1
       3  0.00000000  0.50000000  0.00000000  0.1250       2
       4  0.50000000  0.50000000  0.00000000  0.1250       3
       5  0.00000000  0.00000000  0.50000000  0.1250       4
       6  0.50000000  0.00000000  0.50000000  0.1250       5
       7  0.00000000  0.50000000  0.50000000  0.1250       6
       8  0.50000000  0.50000000  0.50000000  0.1250       7

                               nkstot now = 8
K-POINTS DIRECT COORDINATES
 KPOINTS    DIRECT_X    DIRECT_Y    DIRECT_Z  WEIGHT
       1  0.00000000  0.00000000  0.00000000  0.1250
       2  0.50000000  0.00000000  0.00000000  0.1250
       3  0.00000000  0.50000000  0.00000000  0.1250
       4  0.50000000  0.50000000  0.00000000  0.1250
       5  0.00000000  0.00000000  0.50000000  0.1250
       6  0.50000000  0.00000000  0.50000000  0.1250
       7  0.00000000  0.50000000  0.50000000  0.1250
       8  0.50000000  0.50000000  0.50000000  0.1250


           k-point number in this process = 8
       minimum distributed K point number = 8
starsize: 1
isym: 0 ks_vec: 0 0 0
starsize: 1
isym: 0 ks_vec: 0.5 0 0
starsize: 1
isym: 0 ks_vec: 0 0.5 0
starsize: 1
isym: 0 ks_vec: 0.5 0.5 0
starsize: 1
isym: 0 ks_vec: 0 0 0.5
starsize: 1
isym: 0 ks_vec: 0.5 0 0.5
starsize: 1
isym: 0 ks_vec: 0 0.5 0.5
starsize: 1
isym: 0 ks_vec: 0.5 0.5 0.5

K-POINTS CARTESIAN COORDINATES
 KPOINTS CARTESIAN_X CARTESIAN_Y CARTESIAN_Z  WEIGHT
       1  0.00000000  0.00000000  0.00000000  0.2500
       2  0.09543697  0.00000000  0.00000002  0.2500
       3  0.00000000  0.09850566 -0.00000002  0.2500
       4  0.09543697  0.09850566  0.00000000  0.2500
       5  0.00000000  0.00000000  0.09852388  0.2500
       6  0.09543697  0.00000000  0.09852390  0.2500
       7  0.00000000  0.09850566  0.09852386  0.2500
       8  0.09543697  0.09850566  0.09852388  0.2500


K-POINTS DIRECT COORDINATES
 KPOINTS    DIRECT_X    DIRECT_Y    DIRECT_Z  WEIGHT
       1  0.00000000  0.00000000  0.00000000  0.2500
       2  0.50000000  0.00000000  0.00000000  0.2500
       3  0.00000000  0.50000000  0.00000000  0.2500
       4  0.50000000  0.50000000  0.00000000  0.2500
       5  0.00000000  0.00000000  0.50000000  0.2500
       6  0.50000000  0.00000000  0.50000000  0.2500
       7  0.00000000  0.50000000  0.50000000  0.2500
       8  0.50000000  0.50000000  0.50000000  0.2500

 DONE : INIT K-POINTS Time : 13.2235 (SEC)





 >>>>>>>>>>>>>>>>>>>>>>>>>>>>>>>>>>>>>>>>>>>>>>>>>>>>>>>>>>>>>>>>>>>>>>
 |                                                                    |
 | Setup plane waves of wave functions:                               |
 | Use the energy cutoff and the lattice vectors to generate the      |
 | dimensions of FFT grid. The number of FFT grid on each processor   |
 | is 'nrxx'. The number of plane wave basis in reciprocal space is   |
 | different for charege/potential and wave functions. We also set    |
 | the 'sticks' for the parallel of FFT. The number of plane wave of  |
 | each k-point is 'npwk[ik]' in each processor                       |
 <<<<<<<<<<<<<<<<<<<<<<<<<<<<<<<<<<<<<<<<<<<<<<<<<<<<<<<<<<<<<<<<<<<<<<





 SETUP PLANE WAVES FOR WAVE FUNCTIONS
     energy cutoff for wavefunc (unit:Ry) = 100
              fft grid for wave functions = [ 64, 64, 64 ]
                    number of plane waves = 18085
                         number of sticks = 849

 PARALLEL PW FOR WAVE FUNCTIONS
     PROC   COLUMNS(POT)             PW
        1             26            566
        2             26            566
        3             26            566
        4             26            566
        5             26            566
        6             26            566
        7             26            566
        8             26            566
        9             26            566
       10             26            566
       11             26            566
       12             26            566
       13             26            566
       14             26            566
       15             27            565
       16             27            565
       17             27            565
       18             27            565
       19             27            565
       20             27            565
       21             27            565
       22             27            565
       23             27            565
       24             27            565
       25             27            565
       26             27            565
       27             27            563
       28             27            563
       29             27            563
       30             27            563
       31             27            565
       32             26            564
 --------------- sum -------------------
       32            849          18085
 DONE : INIT PLANEWAVE Time : 13.2327 (SEC)

 SET NONLOCAL PSEUDOPOTENTIAL PROJECTORS
 SET NONLOCAL PSEUDOPOTENTIAL PROJECTORS
 max number of nonlocal projetors among all species is 8
 DONE : LOCAL POTENTIAL Time : 13.8795 (SEC)


 -------------------------------------------
 SELF-CONSISTENT
 -------------------------------------------




 >>>>>>>>>>>>>>>>>>>>>>>>>>>>>>>>>>>>>>>>>>>>>>>>>>>>>>>>>>>>>>>>>>>>>>
 |                                                                    |
 | Search adjacent atoms:                                             |
 | Set the adjacent atoms for each atom and set the periodic boundary |
 | condition for the atoms on real space FFT grid. For k-dependent    |
 | algorithm, we also need to set the sparse H and S matrix element   |
 | for each atom.                                                     |
 |                                                                    |
 <<<<<<<<<<<<<<<<<<<<<<<<<<<<<<<<<<<<<<<<<<<<<<<<<<<<<<<<<<<<<<<<<<<<<<





 SETUP SEARCHING RADIUS FOR PROGRAM TO SEARCH ADJACENT ATOMS
                  longest orb rcut (Bohr) = 10
   longest nonlocal projector rcut (Bohr) = 2.46
                     search radius (Bohr) = 24.9
              searching radius is (Bohr)) = 24.9
         searching radius unit is (Bohr)) = 1.89
                         PeriodicBoundary = 1
                        Radius(unit:lat0) = 13.2
                                   glayer = [ 4, 4, 4 ]
                             glayer_minus = [ 3, 3, 3 ]

Find the coordinate range of the input atom(unit:lat0).
                                  min_tau = [ -14.4, -14.7, -14.2 ]
                                  max_tau = [ 21, 20.3, 20.3 ]
                                BoxNumber = [ 7, 7, 7 ]

 SETUP EXTENDED REAL SPACE GRID FOR GRID INTEGRATION
                          real space grid = [ 64, 64, 64 ]
                 big cell numbers in grid = [ 32, 32, 32 ]
             meshcell numbers in big cell = [ 2, 2, 2 ]
                        extended fft grid = [ 33, 34, 34 ]
                dimension of extened grid = [ 99, 101, 101 ]
                            UnitCellTotal = 125
              Atom number in sub-FFT-grid = 12
    Local orbitals number in sub-FFT-grid = 212
                                ParaV.nnr = 81015

 Warning_Memory_Consuming allocated:  Gint::hRGint 12.7 MB

 Warning_Memory_Consuming allocated:  Gint::DMRGint 12.7 MB
                                 init_chg = atomic
 DONE : INIT SCF Time : 14.5056 (SEC)


 LCAO ALGORITHM --------------- ION=   1  ELEC=   1--------------------------------

 Density error is 0.158012662826
----------------------------------------------------------
     Energy           Rydberg                 eV          
----------------------------------------------------------
 E_KohnSham     -718.6958150748      -9778.3582137715     
 E_Harris       -705.5791433361      -9599.8967393293     
 E_Fermi        0.8006585530         10.8935184736        
----------------------------------------------------------


 LCAO ALGORITHM --------------- ION=   1  ELEC=   2--------------------------------

 Density error is 0.0642648118507
----------------------------------------------------------
     Energy           Rydberg                 eV          
----------------------------------------------------------
 E_KohnSham     -719.0049531108      -9782.5642525296     
 E_Harris       -715.5347643156      -9735.3499117788     
 E_Fermi        1.0914083815         14.8493728334        
----------------------------------------------------------


 LCAO ALGORITHM --------------- ION=   1  ELEC=   3--------------------------------

 Density error is 0.038248051167
----------------------------------------------------------
     Energy           Rydberg                 eV          
----------------------------------------------------------
 E_KohnSham     -719.0354314403      -9782.9789314758     
 E_Harris       -718.5767153079      -9776.7377783108     
 E_Fermi        1.0838470630         14.7464958167        
----------------------------------------------------------


 LCAO ALGORITHM --------------- ION=   1  ELEC=   4--------------------------------

 Density error is 0.00784999661284
----------------------------------------------------------
     Energy           Rydberg                 eV          
----------------------------------------------------------
 E_KohnSham     -719.0331950039      -9782.9485031976     
 E_Harris       -718.2470055751      -9772.2518472587     
 E_Fermi        1.0850570516         14.7629585571        
----------------------------------------------------------


 LCAO ALGORITHM --------------- ION=   1  ELEC=   5--------------------------------

 Density error is 0.0016804643339
----------------------------------------------------------
     Energy           Rydberg                 eV          
----------------------------------------------------------
 E_KohnSham     -719.0349686448      -9782.9726348200     
 E_Harris       -719.0281394441      -9782.8797187784     
 E_Fermi        1.0844142947         14.7542134005        
----------------------------------------------------------


 LCAO ALGORITHM --------------- ION=   1  ELEC=   6--------------------------------

 Density error is 0.00082101524921
----------------------------------------------------------
     Energy           Rydberg                 eV          
----------------------------------------------------------
 E_KohnSham     -719.0349686406      -9782.9726347640     
 E_Harris       -719.0140871719      -9782.6885278069     
 E_Fermi        1.0852746354         14.7659189364        
----------------------------------------------------------


 LCAO ALGORITHM --------------- ION=   1  ELEC=   7--------------------------------

 Density error is 0.00023792287728
----------------------------------------------------------
     Energy           Rydberg                 eV          
----------------------------------------------------------
 E_KohnSham     -719.0349845900      -9782.9728517658     
 E_Harris       -719.0181796962      -9782.7442094558     
 E_Fermi        1.0862176240         14.7787489541        
----------------------------------------------------------


 LCAO ALGORITHM --------------- ION=   1  ELEC=   8--------------------------------

 Density error is 2.98474642191e-05
----------------------------------------------------------
     Energy           Rydberg                 eV          
----------------------------------------------------------
 E_KohnSham     -719.0349858704      -9782.9728691874     
 E_Harris       -719.0385062126      -9783.0207658994     
 E_Fermi        1.0862019839         14.7785361604        
----------------------------------------------------------


 LCAO ALGORITHM --------------- ION=   1  ELEC=   9--------------------------------

 Density error is 2.39594111152e-05
----------------------------------------------------------
     Energy           Rydberg                 eV          
----------------------------------------------------------
 E_KohnSham     -719.0349858859      -9782.9728693972     
 E_Harris       -719.0329394712      -9782.9450264979     
 E_Fermi        1.0861801709         14.7782393786        
----------------------------------------------------------


 LCAO ALGORITHM --------------- ION=   1  ELEC=  10--------------------------------

 Density error is 2.6672024846e-06
----------------------------------------------------------
     Energy           Rydberg                 eV          
----------------------------------------------------------
 E_KohnSham     -719.0349859012      -9782.9728696056     
 E_Harris       -719.0348352445      -9782.9708198159     
 E_Fermi        1.0861733225         14.7781462022        
----------------------------------------------------------


 LCAO ALGORITHM --------------- ION=   1  ELEC=  11--------------------------------

 Density error is 2.89167129644e-07
----------------------------------------------------------
     Energy           Rydberg                 eV          
----------------------------------------------------------
 E_KohnSham     -719.0349859013      -9782.9728696079     
 E_Harris       -719.0349560076      -9782.9724628825     
 E_Fermi        1.0861767682         14.7781930821        
----------------------------------------------------------


 LCAO ALGORITHM --------------- ION=   1  ELEC=  12--------------------------------

 Density error is 2.16612918724e-07
----------------------------------------------------------
     Energy           Rydberg                 eV          
----------------------------------------------------------
 E_KohnSham     -719.0349859013      -9782.9728696079     
 E_Harris       -719.0349913333      -9782.9729435135     
 E_Fermi        1.0861767648         14.7781930367        
----------------------------------------------------------


 LCAO ALGORITHM --------------- ION=   1  ELEC=  13--------------------------------

 Density error is 2.5242134086e-08
----------------------------------------------------------
     Energy           Rydberg                 eV          
----------------------------------------------------------
 E_KohnSham     -719.0349859013      -9782.9728696079     
 E_Harris       -719.0349872366      -9782.9728877755     
 E_Fermi        1.0861769022         14.7781949058        
----------------------------------------------------------


 LCAO ALGORITHM --------------- ION=   1  ELEC=  14--------------------------------

 Density error is 1.60160991801e-08
----------------------------------------------------------
     Energy           Rydberg                 eV          
----------------------------------------------------------
 E_KohnSham     -719.0349859013      -9782.9728696079     
 E_Harris       -719.0349865365      -9782.9728782492     
 E_Fermi        1.0861768905         14.7781947472        
----------------------------------------------------------


 LCAO ALGORITHM --------------- ION=   1  ELEC=  15--------------------------------

 Density error is 6.33681191087e-09
----------------------------------------------------------
     Energy           Rydberg                 eV          
----------------------------------------------------------
 E_KohnSham     -719.0349859013      -9782.9728696079     
 E_KS(sigma->0) -719.0349859013      -9782.9728696079     
 E_Harris       -719.0349857462      -9782.9728674975     
 E_band         -36.4509084581       -495.9400523072      
 E_one_elec     -119.6611224569      -1628.0730944893     
 E_Hartree      116.2258779524       1581.3341952046      
 E_xc           -182.4258702667      -2482.0312982364     
 E_Ewald        -533.1738711301      -7254.2026720868     
 E_entropy(-TS) -0.0000000000        -0.0000000000        
 E_descf        0.0000000000         0.0000000000         
 E_exx          0.0000000000         0.0000000000         
 E_Fermi        1.0861768801         14.7781946047        
----------------------------------------------------------


 charge density convergence is achieved
 final etot is -9782.9728696 eV
 EFERMI = 14.778194605 eV

 STATE ENERGY(eV) AND OCCUPATIONS    NSPIN == 1
 1/8 kpoint (Cartesian) = 0.0000 0.0000 0.0000 (484 pws)
       1       -48.7626       0.250000
       2       -48.7444       0.250000
       3       -48.7441       0.250000
       4       -48.7420       0.250000
       5       -18.5552       0.250000
       6       -18.5521       0.250000
       7       -18.5474       0.250000
       8       -18.3401       0.250000
       9       -18.2883       0.250000
      10       -18.2629       0.250000
      11       -18.2547       0.250000
      12       -18.2498       0.250000
      13       -18.2416       0.250000
      14       -18.1575       0.250000
      15       -18.1534       0.250000
      16       -18.1369       0.250000
      17       -6.84474       0.250000
      18       -5.42581       0.250000
      19       -5.37176       0.250000
      20       -5.23114       0.250000
      21       -4.88675       0.250000
      22       -4.62566       0.250000
      23       -4.62218       0.250000
      24       -4.47977       0.250000
      25        5.76121       0.250000
      26        5.77278       0.250000
      27        5.89437       0.250000
      28        6.56089       0.250000
      29        6.79398       0.250000
      30        6.81100       0.250000
      31        8.03042       0.250000
      32        8.07034       0.250000
      33        8.07911       0.250000
      34        8.17061       0.250000
      35        8.46884       0.250000
      36        9.04299       0.250000
      37        9.11152       0.250000
      38        9.25402       0.250000
      39        9.58403       0.250000
      40        9.63543       0.250000
      41        9.97575       0.250000
      42        10.0626       0.250000
      43        10.0661       0.250000
      44        10.2612       0.250000
      45        10.3124       0.250000
      46        11.0135       0.250000
      47        11.4173       0.250000
      48        11.4315       0.250000
      49        16.0604        0.00000
      50        16.4979        0.00000
      51        16.7829        0.00000
      52        16.8758        0.00000
      53        17.0440        0.00000
      54        17.0633        0.00000
      55        17.2820        0.00000
      56        17.3818        0.00000
      57        17.6395        0.00000
      58        17.9014        0.00000

 2/8 kpoint (Cartesian) = 0.095437 0.0000 2.0149e-08 (480 pws)
       1       -48.7536       0.250000
       2       -48.7536       0.250000
       3       -48.7430       0.250000
       4       -48.7430       0.250000
       5       -18.4620       0.250000
       6       -18.4620       0.250000
       7       -18.4398       0.250000
       8       -18.4398       0.250000
       9       -18.3448       0.250000
      10       -18.3448       0.250000
      11       -18.2474       0.250000
      12       -18.2473       0.250000
      13       -18.1998       0.250000
      14       -18.1998       0.250000
      15       -18.1890       0.250000
      16       -18.1889       0.250000
      17       -6.06704       0.250000
      18       -6.06703       0.250000
      19       -5.26627       0.250000
      20       -5.26625       0.250000
      21       -4.86637       0.250000
      22       -4.86636       0.250000
      23       -4.57806       0.250000
      24       -4.57806       0.250000
      25        6.12429       0.250000
      26        6.12432       0.250000
      27        6.91261       0.250000
      28        6.91263       0.250000
      29        7.21303       0.250000
      30        7.21304       0.250000
      31        7.50981       0.250000
      32        7.50988       0.250000
      33        7.61111       0.250000
      34        7.61114       0.250000
      35        8.59589       0.250000
      36        8.59596       0.250000
      37        8.69208       0.250000
      38        8.69213       0.250000
      39        9.47202       0.250000
      40        9.47205       0.250000
      41        9.53055       0.250000
      42        9.53061       0.250000
      43        10.5105       0.250000
      44        10.5106       0.250000
      45        10.8673       0.250000
      46        10.8673       0.250000
      47        11.2788       0.250000
      48        11.2788       0.250000
      49        15.9415    9.71445e-17
      50        15.9416    9.71445e-17
      51        16.7481        0.00000
      52        16.7481        0.00000
      53        17.3503        0.00000
      54        17.3504        0.00000
      55        17.3915        0.00000
      56        17.3915        0.00000
      57        18.6332        0.00000
      58        18.6333        0.00000

 3/8 kpoint (Cartesian) = 0.0000 0.098506 -1.6899e-08 (474 pws)
       1       -48.7536       0.250000
       2       -48.7536       0.250000
       3       -48.7429       0.250000
       4       -48.7429       0.250000
       5       -18.4290       0.250000
       6       -18.4290       0.250000
       7       -18.4260       0.250000
       8       -18.4260       0.250000
       9       -18.3516       0.250000
      10       -18.3516       0.250000
      11       -18.2825       0.250000
      12       -18.2825       0.250000
      13       -18.2124       0.250000
      14       -18.2124       0.250000
      15       -18.1852       0.250000
      16       -18.1852       0.250000
      17       -5.98137       0.250000
      18       -5.98137       0.250000
      19       -5.24317       0.250000
      20       -5.24317       0.250000
      21       -4.85417       0.250000
      22       -4.85417       0.250000
      23       -4.73128       0.250000
      24       -4.73127       0.250000
      25        6.36565       0.250000
      26        6.36565       0.250000
      27        6.73953       0.250000
      28        6.73954       0.250000
      29        7.22886       0.250000
      30        7.22886       0.250000
      31        7.36735       0.250000
      32        7.36735       0.250000
      33        7.90469       0.250000
      34        7.90469       0.250000
      35        8.69499       0.250000
      36        8.69500       0.250000
      37        9.12065       0.250000
      38        9.12065       0.250000
      39        9.45029       0.250000
      40        9.45029       0.250000
      41        9.64960       0.250000
      42        9.64960       0.250000
      43        10.2484       0.250000
      44        10.2484       0.250000
      45        10.5598       0.250000
      46        10.5598       0.250000
      47        10.8316       0.250000
      48        10.8316       0.250000
      49        16.4329        0.00000
      50        16.4329        0.00000
      51        16.8131        0.00000
      52        16.8131        0.00000
      53        16.9660        0.00000
      54        16.9660        0.00000
      55        17.2973        0.00000
      56        17.2973        0.00000
      57        18.1037        0.00000
      58        18.1037        0.00000

 4/8 kpoint (Cartesian) = 0.095437 0.098506 3.2495e-09 (473 pws)
       1       -48.7482       0.250000
       2       -48.7482       0.250000
       3       -48.7482       0.250000
       4       -48.7482       0.250000
       5       -18.4434       0.250000
       6       -18.4434       0.250000
       7       -18.4434       0.250000
       8       -18.4434       0.250000
       9       -18.3081       0.250000
      10       -18.3081       0.250000
      11       -18.3081       0.250000
      12       -18.3081       0.250000
      13       -18.1931       0.250000
      14       -18.1931       0.250000
      15       -18.1931       0.250000
      16       -18.1931       0.250000
      17       -5.62255       0.250000
      18       -5.62254       0.250000
      19       -5.62253       0.250000
      20       -5.62253       0.250000
      21       -4.79464       0.250000
      22       -4.79464       0.250000
      23       -4.79464       0.250000
      24       -4.79463       0.250000
      25        6.88444       0.250000
      26        6.88445       0.250000
      27        6.88446       0.250000
      28        6.88446       0.250000
      29        7.60816       0.250000
      30        7.60816       0.250000
      31        7.60821       0.250000
      32        7.60822       0.250000
      33        7.95108       0.250000
      34        7.95109       0.250000
      35        7.95112       0.250000
      36        7.95112       0.250000
      37        8.96849       0.250000
      38        8.96849       0.250000
      39        8.96852       0.250000
      40        8.96852       0.250000
      41        9.83577       0.250000
      42        9.83577       0.250000
      43        9.83582       0.250000
      44        9.83583       0.250000
      45        10.5941       0.250000
      46        10.5941       0.250000
      47        10.5941       0.250000
      48        10.5941       0.250000
      49        16.4185        0.00000
      50        16.4186        0.00000
      51        16.4186        0.00000
      52        16.4186        0.00000
      53        17.4578        0.00000
      54        17.4578        0.00000
      55        17.4578        0.00000
      56        17.4578        0.00000
      57        18.3289        0.00000
      58        18.3289        0.00000

 5/8 kpoint (Cartesian) = 0.0000 0.0000 0.098524 (488 pws)
       1       -48.7571       0.250000
       2       -48.7497       0.250000
       3       -48.7436       0.250000
       4       -48.7428       0.250000
       5       -18.4731       0.250000
       6       -18.4614       0.250000
       7       -18.3898       0.250000
       8       -18.3731       0.250000
       9       -18.3614       0.250000
      10       -18.3303       0.250000
      11       -18.2919       0.250000
      12       -18.2671       0.250000
      13       -18.2438       0.250000
      14       -18.2045       0.250000
      15       -18.1994       0.250000
      16       -18.1790       0.250000
      17       -6.27262       0.250000
      18       -5.42361       0.250000
      19       -5.37553       0.250000
      20       -5.25980       0.250000
      21       -5.12586       0.250000
      22       -4.86049       0.250000
      23       -4.62293       0.250000
      24       -4.61849       0.250000
      25        6.02807       0.250000
      26        6.06286       0.250000
      27        6.77414       0.250000
      28        6.79189       0.250000
      29        6.86551       0.250000
      30        7.01661       0.250000
      31        7.25344       0.250000
      32        7.37147       0.250000
      33        8.00520       0.250000
      34        8.31334       0.250000
      35        8.58947       0.250000
      36        8.62915       0.250000
      37        8.85884       0.250000
      38        8.99065       0.250000
      39        9.58775       0.250000
      40        9.59093       0.250000
      41        10.0024       0.250000
      42        10.1373       0.250000
      43        10.1654       0.250000
      44        10.2835       0.250000
      45        10.5188       0.250000
      46        10.6534       0.250000
      47        11.2733       0.250000
      48        11.3628       0.250000
      49        15.8707    4.64906e-15
      50        16.1600        0.00000
      51        16.3344        0.00000
      52        16.7211        0.00000
      53        16.9817        0.00000
      54        17.3948        0.00000
      55        17.7446        0.00000
      56        17.8285        0.00000
      57        18.0251        0.00000
      58        18.2587        0.00000

 6/8 kpoint (Cartesian) = 0.095437 0.0000 0.098524 (474 pws)
       1       -48.7503       0.250000
       2       -48.7503       0.250000
       3       -48.7462       0.250000
       4       -48.7461       0.250000
       5       -18.4625       0.250000
       6       -18.4625       0.250000
       7       -18.4189       0.250000
       8       -18.4189       0.250000
       9       -18.3449       0.250000
      10       -18.3449       0.250000
      11       -18.2863       0.250000
      12       -18.2863       0.250000
      13       -18.1998       0.250000
      14       -18.1998       0.250000
      15       -18.1770       0.250000
      16       -18.1770       0.250000
      17       -5.84733       0.250000
      18       -5.84733       0.250000
      19       -5.22991       0.250000
      20       -5.22987       0.250000
      21       -5.11471       0.250000
      22       -5.11468       0.250000
      23       -4.61488       0.250000
      24       -4.61487       0.250000
      25        6.39926       0.250000
      26        6.39927       0.250000
      27        6.90686       0.250000
      28        6.90689       0.250000
      29        7.25346       0.250000
      30        7.25350       0.250000
      31        7.46878       0.250000
      32        7.46880       0.250000
      33        7.93805       0.250000
      34        7.93812       0.250000
      35        8.43219       0.250000
      36        8.43223       0.250000
      37        9.01741       0.250000
      38        9.01743       0.250000
      39        9.42302       0.250000
      40        9.42305       0.250000
      41        9.65880       0.250000
      42        9.65884       0.250000
      43        9.95617       0.250000
      44        9.95619       0.250000
      45        10.5226       0.250000
      46        10.5227       0.250000
      47        11.1764       0.250000
      48        11.1764       0.250000
      49        15.8454    1.76664e-14
      50        15.8454    1.76248e-14
      51        16.0308        0.00000
      52        16.0309        0.00000
      53        17.3031        0.00000
      54        17.3031        0.00000
      55        17.6778        0.00000
      56        17.6778        0.00000
      57        18.0938        0.00000
      58        18.0938        0.00000

 7/8 kpoint (Cartesian) = 0.0000 0.098506 0.098524 (474 pws)
       1       -48.7521       0.250000
       2       -48.7521       0.250000
       3       -48.7444       0.250000
       4       -48.7444       0.250000
       5       -18.4931       0.250000
       6       -18.4931       0.250000
       7       -18.4196       0.250000
       8       -18.4196       0.250000
       9       -18.3606       0.250000
      10       -18.3606       0.250000
      11       -18.2346       0.250000
      12       -18.2346       0.250000
      13       -18.2076       0.250000
      14       -18.2076       0.250000
      15       -18.1727       0.250000
      16       -18.1727       0.250000
      17       -5.84860       0.250000
      18       -5.84859       0.250000
      19       -5.30094       0.250000
      20       -5.30093       0.250000
      21       -4.97026       0.250000
      22       -4.97025       0.250000
      23       -4.71144       0.250000
      24       -4.71144       0.250000
      25        6.43699       0.250000
      26        6.43700       0.250000
      27        6.87016       0.250000
      28        6.87017       0.250000
      29        7.16130       0.250000
      30        7.16130       0.250000
      31        8.07215       0.250000
      32        8.07216       0.250000
      33        8.23475       0.250000
      34        8.23476       0.250000
      35        8.47694       0.250000
      36        8.47694       0.250000
      37        8.72206       0.250000
      38        8.72207       0.250000
      39        9.02607       0.250000
      40        9.02608       0.250000
      41        9.80263       0.250000
      42        9.80263       0.250000
      43        10.1984       0.250000
      44        10.1984       0.250000
      45        10.2675       0.250000
      46        10.2675       0.250000
      47        10.7695       0.250000
      48        10.7695       0.250000
      49        15.9744    1.38778e-17
      50        15.9744    1.38778e-17
      51        16.5683        0.00000
      52        16.5683        0.00000
      53        16.7955        0.00000
      54        16.7955        0.00000
      55        17.5934        0.00000
      56        17.5934        0.00000
      57        18.0206        0.00000
      58        18.0206        0.00000

 8/8 kpoint (Cartesian) = 0.095437 0.098506 0.098524 (468 pws)
       1       -48.7481       0.250000
       2       -48.7481       0.250000
       3       -48.7481       0.250000
       4       -48.7481       0.250000
       5       -18.5456       0.250000
       6       -18.5456       0.250000
       7       -18.5456       0.250000
       8       -18.5456       0.250000
       9       -18.2123       0.250000
      10       -18.2123       0.250000
      11       -18.2122       0.250000
      12       -18.2122       0.250000
      13       -18.1822       0.250000
      14       -18.1822       0.250000
      15       -18.1822       0.250000
      16       -18.1822       0.250000
      17       -5.74976       0.250000
      18       -5.74976       0.250000
      19       -5.74974       0.250000
      20       -5.74974       0.250000
      21       -4.65885       0.250000
      22       -4.65884       0.250000
      23       -4.65884       0.250000
      24       -4.65883       0.250000
      25        6.97872       0.250000
      26        6.97872       0.250000
      27        6.97873       0.250000
      28        6.97873       0.250000
      29        7.40440       0.250000
      30        7.40440       0.250000
      31        7.40447       0.250000
      32        7.40447       0.250000
      33        8.33445       0.250000
      34        8.33445       0.250000
      35        8.33454       0.250000
      36        8.33454       0.250000
      37        9.04944       0.250000
      38        9.04945       0.250000
      39        9.04947       0.250000
      40        9.04947       0.250000
      41        9.68906       0.250000
      42        9.68906       0.250000
      43        9.68909       0.250000
      44        9.68909       0.250000
      45        10.4720       0.250000
      46        10.4720       0.250000
      47        10.4720       0.250000
      48        10.4720       0.250000
      49        15.9285    1.94289e-16
      50        15.9285    1.94289e-16
      51        15.9286    1.94289e-16
      52        15.9286    1.94289e-16
      53        17.2764        0.00000
      54        17.2764        0.00000
      55        17.2765        0.00000
      56        17.2765        0.00000
      57        18.1639        0.00000
      58        18.1639        0.00000

 correction force for each atom along direction 1 is 1.20036e-06
 correction force for each atom along direction 2 is 3.07656e-06
 correction force for each atom along direction 3 is 1.08575e-07
------------------------------------------------------------------------------------------
 TOTAL-FORCE (eV/Angstrom)                                                                
------------------------------------------------------------------------------------------
                       Hf1         0.0073783238         0.0219062220         0.0086057824 
                       Hf2         0.0073676989        -0.0220747536        -0.0085446603 
                       Hf3         0.0073904625        -0.0220575994         0.0086009905 
                       Hf4         0.0073606492         0.0219257903        -0.0085245108 
                        O1        -0.0071884378        -0.0260406505         0.0226173090 
                        O2        -0.0071976800         0.0261364240         0.0226175790 
                        O3        -0.0001225349         0.0167756179        -0.0105717360 
                        O4        -0.0001818698        -0.0167348743        -0.0106937616 
                        O5        -0.0072291686        -0.0260366502        -0.0226638763 
                        O6        -0.0072235124         0.0261562458        -0.0227007525 
                        O7        -0.0001435224         0.0168168128         0.0105679668 
                        O8        -0.0002104084        -0.0167725846         0.0106896697 
------------------------------------------------------------------------------------------

----------------------------------------------------------------
 TOTAL-STRESS (KBAR)                                            
----------------------------------------------------------------
       -96.0021704642         0.0016822867        -0.0005207782 
         0.0016822867       100.4895915103         0.0002275069 
        -0.0005207782         0.0002275069        -5.6076117246 
----------------------------------------------------------------
 TOTAL-PRESSURE: -0.373397 KBAR



 --------------------------------------------
 !FINAL_ETOT_IS -9782.9728696079164365 eV
 --------------------------------------------


TIME STATISTICS
------------------------------------------------------------------------------------
    CLASS_NAME                    NAME                TIME/s  CALLS   AVG/s  PER/%  
------------------------------------------------------------------------------------
                   total                              104.70 13       8.05   100.00 
 Driver            reading                            11.28  1        11.28  10.78  
 Input_Conv        Convert                            0.00   1        0.00   0.00   
 Driver            driver_line                        93.41  1        93.41  89.22  
 UnitCell          check_tau                          0.00   1        0.00   0.00   
 ESolver_KS_LCAO   before_all_runners                 1.10   1        1.10   1.05   
 PW_Basis_Sup      setuptransform                     0.15   1        0.15   0.14   
 PW_Basis_Sup      distributeg                        0.00   1        0.00   0.00   
 mymath            heapsort                           0.00   403      0.00   0.00   
 Charge_Mixing     init_mixing                        0.00   1        0.00   0.00   
 Symmetry          analy_sys                          0.03   1        0.03   0.03   
 PW_Basis_K        setuptransform                     0.00   1        0.00   0.00   
 PW_Basis_K        distributeg                        0.00   1        0.00   0.00   
 PW_Basis          setup_struc_factor                 0.00   1        0.00   0.00   
 NOrbital_Lm       extra_uniform                      0.19   14       0.01   0.19   
 Mathzone_Add1     SplineD2                           0.00   14       0.00   0.00   
 Mathzone_Add1     Cubic_Spline_Interpolation         0.00   14       0.00   0.00   
 Mathzone_Add1     Uni_Deriv_Phi                      0.18   14       0.01   0.18   
 ppcell_vl         init_vloc                          0.12   1        0.12   0.11   
 Ions              opt_ions                           90.79  1        90.79  86.71  
 ESolver_KS_LCAO   runner                             82.14  1        82.14  78.46  
 ESolver_KS_LCAO   before_scf                         0.62   1        0.62   0.60   
 atom_arrange      search                             0.00   1        0.00   0.00   
 atom_arrange      grid_d.init                        0.00   1        0.00   0.00   
 Grid              Construct_Adjacent_expand          0.00   1        0.00   0.00   
 Grid              Construct_Adjacent_expand_periodic 0.00   12       0.00   0.00   
 Grid_Technique    init                               0.21   1        0.21   0.21   
 Grid_BigCell      grid_expansion_index               0.05   2        0.02   0.05   
 Grid_Driver       Find_atom                          0.00   120      0.00   0.00   
 Record_adj        for_2d                             0.04   1        0.04   0.04   
 LCAO_domain       grid_prepare                       0.00   1        0.00   0.00   
 Veff              initialize_HR                      0.00   1        0.00   0.00   
 OverlapNew        initialize_SR                      0.00   1        0.00   0.00   
 EkineticNew       initialize_HR                      0.00   1        0.00   0.00   
 NonlocalNew       initialize_HR                      0.02   1        0.02   0.02   
 Charge            set_rho_core                       0.13   1        0.13   0.12   
 PW_Basis_Sup      recip2real                         0.14   125      0.00   0.14   
 PW_Basis_Sup      gathers_scatterp                   0.09   125      0.00   0.08   
 Charge            atomic_rho                         0.26   2        0.13   0.25   
 Potential         init_pot                           0.02   1        0.02   0.02   
 Potential         update_from_charge                 0.14   16       0.01   0.13   
 Potential         cal_fixed_v                        0.00   1        0.00   0.00   
 PotLocal          cal_fixed_v                        0.00   1        0.00   0.00   
 Potential         cal_v_eff                          0.14   16       0.01   0.13   
 H_Hartree_pw      v_hartree                          0.02   16       0.00   0.02   
 PW_Basis_Sup      real2recip                         0.28   145      0.00   0.27   
 PW_Basis_Sup      gatherp_scatters                   0.07   145      0.00   0.07   
 PotXC             cal_v_eff                          0.11   16       0.01   0.10   
 XC_Functional     v_xc                               0.12   18       0.01   0.12   
 Potential         interpolate_vrs                    0.00   16       0.00   0.00   
 Symmetry          rhog_symmetry                      0.60   16       0.04   0.57   
 Symmetry          group fft grids                    0.25   16       0.02   0.24   
 H_Ewald_pw        compute_ewald                      0.00   1        0.00   0.00   
 HSolverLCAO       solve                              79.65  15       5.31   76.08  
 HamiltLCAO        updateHk                           40.35  120      0.34   38.54  
 OperatorLCAO      init                               40.23  360      0.11   38.42  
 Veff              contributeHR                       39.80  15       2.65   38.01  
 Gint_interface    cal_gint                           71.74  31       2.31   68.52  
 Gint_interface    cal_gint_vlocal                    35.72  15       2.38   34.11  
 Gint_Tools        cal_psir_ylm                       1.99   30720    0.00   1.90   
 Gint_k            transfer_pvpR                      4.08   15       0.27   3.90   
 OverlapNew        calculate_SR                       0.10   1        0.10   0.09   
 OverlapNew        contributeHk                       0.03   120      0.00   0.03   
 EkineticNew       contributeHR                       0.10   15       0.01   0.10   
 EkineticNew       calculate_HR                       0.10   1        0.10   0.10   
 NonlocalNew       contributeHR                       0.29   15       0.02   0.28   
 NonlocalNew       calculate_HR                       0.28   1        0.28   0.27   
 OperatorLCAO      contributeHk                       0.03   120      0.00   0.03   
 HSolverLCAO       hamiltSolvePsiK                    5.21   120      0.04   4.98   
 DiagoElpa         elpa_solve                         4.29   120      0.04   4.10   
 elecstate         cal_dm                             0.41   16       0.03   0.40   
 psiMulPsiMpi      pdgemm                             0.41   128      0.00   0.39   
 DensityMatrix     cal_DMR                            0.04   16       0.00   0.04   
 ElecStateLCAO     psiToRho                           33.89  15       2.26   32.37  
 Gint              transfer_DMR                       1.21   15       0.08   1.15   
 Gint_interface    cal_gint_rho                       31.37  15       2.09   29.96  
 Charge_Mixing     get_drho                           0.00   15       0.00   0.00   
 Charge            mix_rho                            0.41   14       0.03   0.39   
 Charge            Broyden_mixing                     0.38   14       0.03   0.36   
 ModuleIO          write_rhog                         0.27   1        0.27   0.26   
 ESolver_KS_LCAO   after_scf                          0.14   1        0.14   0.14   
 ESolver_KS_LCAO   cal_force                          8.25   1        8.25   7.88   
 Force_Stress_LCAO getForceStress                     8.25   1        8.25   7.88   
 Forces            cal_force_loc                      0.00   1        0.00   0.00   
 Forces            cal_force_ew                       0.00   1        0.00   0.00   
 Forces            cal_force_cc                       0.14   1        0.14   0.13   
 Forces            cal_force_scc                      0.12   1        0.12   0.12   
 Stress_Func       stress_loc                         0.38   1        0.38   0.36   
 Stress_Func       stress_har                         0.00   1        0.00   0.00   
 Stress_Func       stress_ewa                         0.00   1        0.00   0.00   
 Stress_Func       stress_cc                          0.98   1        0.98   0.94   
 Stress_Func       stress_gga                         0.18   1        0.18   0.17   
 Force_LCAO        ftable                             5.47   1        5.47   5.22   
 Force_LCAO        allocate                           0.28   1        0.28   0.26   
 LCAO_domain       build_ST_new                       0.28   2        0.14   0.26   
 Force_LCAO        cal_pulay_fs_center2               0.01   2        0.00   0.01   
 Gint_interface    cal_gint_force                     4.65   1        4.65   4.44   
 Gint_Tools        cal_dpsir_ylm                      0.27   1024     0.00   0.25   
 Gint_Tools        cal_dpsirr_ylm                     0.06   1024     0.00   0.06   
 NonlocalNew       cal_force_stress                   0.96   1        0.96   0.92   
 ESolver_KS_LCAO   cal_stress                         0.00   1        0.00   0.00   
 ESolver_KS_LCAO   after_all_runners                  0.02   1        0.02   0.02   
 ModuleIO          write_istate_info                  0.02   1        0.02   0.02   
------------------------------------------------------------------------------------


 NAME-------------------------|MEMORY(MB)--------
                         total      2314.4063
                  Gint::hRGint       407.8425
                 Gint::DMRGint       407.5300
       TwoCenterTable: Kinetic       137.3855
       TwoCenterTable: Overlap       137.3855
      TwoCenterTable: Nonlocal       136.0217
                  meshball_pos       126.0667
               GT::ind_bigcell       123.2787
         GT::in_this_processor       123.2787
              GT::index2normal       123.2787
               GT::index2ucell       123.2787
                   Stress::dSR       116.4077
                   Force::dS_K        58.2038
                   Stress::dHr        58.2038
                  Force::dTVNL        58.2038
      GT::bigcell_on_processor        30.8197
                HamiltLCAO::hR        26.2912
            DensityMatrix::DMR        26.2912
                    index_ball        21.0111
                HamiltLCAO::sR        17.6203
                GT::which_atom         7.1371
             GT::which_bigcell         7.1371
            GT::which_unitcell         7.1371
            DensityMatrix::DMK         5.4863
                RealGauntTable         3.7773
                  SF::strucFac         3.7539
                  PW_B_K::gcar         2.8601
                  SF::eigts123         2.2515
                      Chg::rho         2.0000
                 Chg::rho_save         2.0000
                 Chg::rho_core         2.0000
                 Pot::veff_fix         2.0000
                     Pot::veff         2.0000
              Pot::veff_smooth         2.0000
 -------------   < 1.0 MB has been ignored ----------------
 ----------------------------------------------------------

 Start  Time  : Fri Oct  9 22:43:35 2026
 Finish Time  : Fri Oct  9 22:45:20 2026
 Total  Time  : 0 h 1 mins 45 secs 
