                                                                                     
                              ABACUS v3.10.0

               Atomic-orbital Based Ab-initio Computation at UStc                    

                     Website: http://abacus.ustc.edu.cn/                             
               Documentation: https://abacus.deepmodeling.com/                       
                  Repository: https://github.com/abacusmodeling/abacus-develop       
                              https://github.com/deepmodeling/abacus-develop         
                      Commit: f7cb1d3 (Mon May 12 16:53:30 2025 +0800)

    Start Time is Fri Oct  9 23:00:25 2026
                                                                                     
 ------------------------------------------------------------------------------------

 READING GENERAL INFORMATION
                           global_out_dir = OUT.ABACUS/
                           global_in_card = INPUT
                               pseudo_dir = 
                              orbital_dir = 
                                    DRANK = 1
                                    DSIZE = 32
                                   DCOLOR = 1
                                    GRANK = 1
                                    GSIZE = 1




 >>>>>>>>>>>>>>>>>>>>>>>>>>>>>>>>>>>>>>>>>>>>>>>>>>>>>>>>>>>>>>>>>>>>>>
 |                                                                    |
 | Reading atom information in unitcell:                              |
 | From the input file and the structure file we know the number of   |
 | different elments in this unitcell, then we list the detail        |
 | information for each element, especially the zeta and polar atomic |
 | orbital number for each element. The total atom number is counted. |
 | We calculate the nearest atom distance for each atom and show the  |
 | Cartesian and Direct coordinates for each atom. We list the file   |
 | address for atomic orbitals. The volume and the lattice vectors    |
 | in real and reciprocal space is also shown.                        |
 |                                                                    |
 <<<<<<<<<<<<<<<<<<<<<<<<<<<<<<<<<<<<<<<<<<<<<<<<<<<<<<<<<<<<<<<<<<<<<<




 READING UNITCELL INFORMATION
                                    ntype = 2
                  lattice constant (Bohr) = 1.88973
              lattice constant (Angstrom) = 1

 READING ATOM TYPE 1
                               atom label = Hf
                      L=0, number of zeta = 4
                      L=1, number of zeta = 2
                      L=2, number of zeta = 2
                      L=3, number of zeta = 1
             number of atom for this type = 4

 READING ATOM TYPE 2
                               atom label = O
                      L=0, number of zeta = 2
                      L=1, number of zeta = 2
                      L=2, number of zeta = 1
             number of atom for this type = 8

                        TOTAL ATOM NUMBER = 12
DIRECT COORDINATES
    atom                   x                   y                   z     mag                  vx                  vy                  vz
taud_Hf1            0.9997022200        0.0004442761        0.9973296818  0.0000        0.0000000000        0.0000000000        0.0000000000
taud_Hf2            0.4996927247        0.0842418018        0.4473710511  0.0000        0.0000000000        0.0000000000        0.0000000000
taud_Hf3            0.4171364422        0.5004464265        0.9973394415  0.0000        0.0000000000        0.0000000000        0.0000000000
taud_Hf4            0.9171261163        0.5842340660        0.4473731505  0.0000        0.0000000000        0.0000000000        0.0000000000
taud_O1            0.2012906893        0.3146828499        0.2730344633  0.0000        0.0000000000        0.0000000000        0.0000000000
taud_O2            0.7155395302        0.2700029136        0.1716763491  0.0000        0.0000000000        0.0000000000        0.0000000000
taud_O3            0.2883491065        0.1404423293        0.7910996732  0.0000        0.0000000000        0.0000000000        0.0000000000
taud_O4            0.6284669053        0.4442415814        0.6536051230  0.0000        0.0000000000        0.0000000000        0.0000000000
taud_O5            0.2155369548        0.8146793712        0.2730379580  0.0000        0.0000000000        0.0000000000        0.0000000000
taud_O6            0.7012889062        0.7700054763        0.1716691960  0.0000        0.0000000000        0.0000000000        0.0000000000
taud_O7            0.1284675331        0.6404397489        0.7911075536  0.0000        0.0000000000        0.0000000000        0.0000000000
taud_O8            0.7883418715        0.9442321590        0.6536073588  0.0000        0.0000000000        0.0000000000        0.0000000000



                          Volume (Bohr^3) = 910.321
                             Volume (A^3) = 134.895

 Lattice vectors: (Cartesian coordinate: in unit of a_0)
             +5.23906                  +0              -5e-15
                   +0            +5.07585                  +0
         -9.74436e-05           -0.854706            +5.07266
 Reciprocal vectors: (Cartesian coordinate: in unit of 2 pi/a_0)
            +0.190874                  -0        +3.66661e-06
         +3.16803e-17           +0.197011           +0.033195
          +1.8814e-16                  -0           +0.197135
 The esolver type has been set to : ksdft_lcao

 RUNNING WITH DEVICE  : CPU / AMD EPYC 7702 64-Core Processor




 >>>>>>>>>>>>>>>>>>>>>>>>>>>>>>>>>>>>>>>>>>>>>>>>>>>>>>>>>>>>>>>>>>>>>>
 |                                                                    |
 | Reading pseudopotentials files:                                    |
 | The pseudopotential file is in UPF format. The 'NC' indicates that |
 | the type of pseudopotential is 'norm conserving'. Functional of    |
 | exchange and correlation is decided by 4 given parameters in UPF   |
 | file.  We also read in the 'core correction' if there exists.      |
 | Also we can read the valence electrons number and the maximal      |
 | angular momentum used in this pseudopotential. We also read in the |
 | trail wave function, trail atomic density and local-pseudopotential|
 | on logrithmic grid. The non-local pseudopotential projector is also|
 | read in if there is any.                                           |
 |                                                                    |
 <<<<<<<<<<<<<<<<<<<<<<<<<<<<<<<<<<<<<<<<<<<<<<<<<<<<<<<<<<<<<<<<<<<<<<




                PAO radial cut off (Bohr) = 15

 Read in pseudopotential file is Hf.upf
                     pseudopotential type = NC
          exchange-correlation functional = PBE
                 nonlocal core correction = 1
                        valence electrons = 12
                                     lmax = 3
                           number of zeta = 4
                     number of projectors = 8
                           L of projector = 0
                           L of projector = 0
                           L of projector = 1
                           L of projector = 1
                           L of projector = 2
                           L of projector = 2
                           L of projector = 3
                           L of projector = 3
                PAO radial cut off (Bohr) = 15

 Read in pseudopotential file is O.upf
                     pseudopotential type = NC
          exchange-correlation functional = PBE
                 nonlocal core correction = 1
                        valence electrons = 6
                                     lmax = 2
                           number of zeta = 2
                     number of projectors = 5
                           L of projector = 0
                           L of projector = 0
                           L of projector = 1
                           L of projector = 1
                           L of projector = 2
     initial pseudo atomic orbital number = 72

 SETUP THE ELECTRONS NUMBER
            electron number of element Hf = 12
      total electron number of element Hf = 48
             electron number of element O = 6
       total electron number of element O = 48
            AUTOSET number of electrons:  = 96
                           occupied bands = 48
                                   NLOCAL = 212
                                   NBANDS = 58
                                   NBANDS = 58
                                   NLOCAL = 212

%%%%%%%%%%%%%%%%%%%%%%%%%%%%%%%%%%%%%%%%%%%%%%%%%%%%%%%%%%%%%%%%%%%%%%%%%%%%%%%%%%%%%%%%%%%%%%%%%%%%%%%%%%
 Warning: the number of valence electrons in pseudopotential > 4 for Hf: [Xe] 4f14 5d2 6s2
 Pseudopotentials with additional electrons can yield (more) accurate outcomes, but may be less efficient.
 If you're confident that your chosen pseudopotential is appropriate, you can safely ignore this warning.
%%%%%%%%%%%%%%%%%%%%%%%%%%%%%%%%%%%%%%%%%%%%%%%%%%%%%%%%%%%%%%%%%%%%%%%%%%%%%%%%%%%%%%%%%%%%%%%%%%%%%%%%%%
                  




 >>>>>>>>>>>>>>>>>>>>>>>>>>>>>>>>>>>>>>>>>>>>>>>>>>>>>>>>>>>>>>>>>>>>>>
 |                                                                    |
 | Setup plane waves of charge/potential:                             |
 | Use the energy cutoff and the lattice vectors to generate the      |
 | dimensions of FFT grid. The number of FFT grid on each processor   |
 | is 'nrxx'. The number of plane wave basis in reciprocal space is   |
 | different for charege/potential and wave functions. We also set    |
 | the 'sticks' for the parallel of FFT. The number of plane waves    |
 | is 'npw' in each processor.                                        |
 <<<<<<<<<<<<<<<<<<<<<<<<<<<<<<<<<<<<<<<<<<<<<<<<<<<<<<<<<<<<<<<<<<<<<<





 SETUP THE PLANE WAVE BASIS
 energy cutoff for charge/potential (unit:Ry) = 400
            fft grid for charge/potential = [ 64, 64, 64 ]
                        fft grid division = [ 2, 2, 2 ]
        big fft grid for charge/potential = [ 32, 32, 32 ]
                                     nbxx = 1024
                                     nrxx = 8192

 SETUP PLANE WAVES FOR CHARGE/POTENTIAL
                    number of plane waves = 123009
                         number of sticks = 3019

 PARALLEL PW FOR CHARGE/POTENTIAL
     PROC   COLUMNS(POT)             PW
        1             94           3843
        2             95           3847
        3             94           3844
        4             94           3844
        5             94           3844
        6             94           3844
        7             94           3844
        8             94           3844
        9             94           3844
       10             94           3844
       11             94           3844
       12             94           3844
       13             94           3844
       14             94           3844
       15             94           3844
       16             94           3844
       17             94           3843
       18             94           3843
       19             94           3843
       20             94           3843
       21             95           3847
       22             95           3847
       23             95           3845
       24             95           3845
       25             94           3843
       26             95           3845
       27             95           3845
       28             95           3843
       29             95           3843
       30             95           3843
       31             95           3843
       32             94           3842
 --------------- sum -------------------
       32           3019         123009
                            number of |g| = 3843
                                  max |g| = 36.1795
                                  min |g| = 0.327896
 DONE : SETUP UNITCELL Time : 16.8694 (SEC)


----------- Double Check Mixing Parameters Begin ------------
mixing_type: broyden
mixing_beta: 0.3
mixing_gg0: 1
mixing_gg0_min: 0.1
mixing_ndim: 8
----------- Double Check Mixing Parameters End ------------




 >>>>>>>>>>>>>>>>>>>>>>>>>>>>>>>>>>>>>>>>>>>>>>>>>>>>>>>>>>>>>>>>>>>>>>
 |                                                                    |
 | Doing symmetry analysis:                                           |
 | We calculate the norm of 3 vectors and the angles between them,    |
 | the type of Bravais lattice is given. We can judge if the unticell |
 | is a primitive cell. Finally we give the point group operation for |
 | this unitcell. We use the point group operations to do symmetry |
 | analysis on given k-point mesh and the charge density.             |
 |                                                                    |
 <<<<<<<<<<<<<<<<<<<<<<<<<<<<<<<<<<<<<<<<<<<<<<<<<<<<<<<<<<<<<<<<<<<<<<




 LATTICE VECTORS: (CARTESIAN COORDINATE: IN UNIT OF A0)
             +5.23906                  +0              -5e-15
                   +0            +5.07585                  +0
         -9.74436e-05           -0.854706            +5.07266
                       right hand lattice = 1
                                   NORM_A = 5.23906
                                   NORM_B = 5.07585
                                   NORM_C = 5.14416
                           ALPHA (DEGREE) = 99.5641
                           BETA  (DEGREE) = 90.0011
                           GAMMA (DEGREE) = 90

 The lattice vectors have been changed (STRU_SIMPLE.cif)

(for optimal symmetric configuration:)
                             BRAVAIS TYPE = 14
                     BRAVAIS LATTICE NAME = 14. Triclinic cell
                                    ibrav = 14
                                    IBRAV = 14
                                  BRAVAIS = TRICLINIC CELL
                       LATTICE CONSTANT A = 7.34242
                                B/A RATIO = 0.713533
                                C/A RATIO = 0.898782
                               COS(ALPHA) = 1.47659e-05
                                COS(BETA) = 0.456606
                               COS(GAMMA) = 0.713546
Original cell was already a primitive cell.
                        ROTATION MATRICES = 2
              PURE POINT GROUP OPERATIONS = 1
                   SPACE GROUP OPERATIONS = 1
                              POINT GROUP = C_1
               POINT GROUP IN SPACE GROUP = C_1
 DONE : SYMMETRY Time : 16.9041 (SEC)





 >>>>>>>>>>>>>>>>>>>>>>>>>>>>>>>>>>>>>>>>>>>>>>>>>>>>>>>>>>>>>>>>>>>>>>
 |                                                                    |
 | Setup K-points                                                     |
 | We setup the k-points according to input parameters.               |
 | The reduced k-points are set according to symmetry operations.     |
 | We treat the spin as another set of k-points.                      |
 |                                                                    |
 <<<<<<<<<<<<<<<<<<<<<<<<<<<<<<<<<<<<<<<<<<<<<<<<<<<<<<<<<<<<<<<<<<<<<<





 SETUP K-POINTS
                                    nspin = 1
                   Input type of k points = Monkhorst-Pack(Gamma)
                                   nkstot = 8
                       right hand lattice = 1
(for reciprocal lattice: )
                             BRAVAIS TYPE = 14
                     BRAVAIS LATTICE NAME = 14. Triclinic cell
                                    ibrav = 14
                       right hand lattice = 1
(for k-lattice: )
                             BRAVAIS TYPE = 14
                     BRAVAIS LATTICE NAME = 14. Triclinic cell
                                    ibrav = 14
                       right hand lattice = 1
                        ROTATION MATRICES = 2
                               nkstot_ibz = 8
K-POINTS REDUCTION ACCORDING TO SYMMETRY
     IBZ    DIRECT_X    DIRECT_Y    DIRECT_Z  WEIGHT  ibz2bz
       1  0.00000000  0.00000000  0.00000000  0.1250       0
       2  0.50000000  0.00000000  0.00000000  0.1250       1
       3  0.00000000  0.50000000  0.00000000  0.1250       2
       4  0.50000000  0.50000000  0.00000000  0.1250       3
       5  0.00000000  0.00000000  0.50000000  0.1250       4
       6  0.50000000  0.00000000  0.50000000  0.1250       5
       7  0.00000000  0.50000000  0.50000000  0.1250       6
       8  0.50000000  0.50000000  0.50000000  0.1250       7

                               nkstot now = 8
K-POINTS DIRECT COORDINATES
 KPOINTS    DIRECT_X    DIRECT_Y    DIRECT_Z  WEIGHT
       1  0.00000000  0.00000000  0.00000000  0.1250
       2  0.50000000  0.00000000  0.00000000  0.1250
       3  0.00000000  0.50000000  0.00000000  0.1250
       4  0.50000000  0.50000000  0.00000000  0.1250
       5  0.00000000  0.00000000  0.50000000  0.1250
       6  0.50000000  0.00000000  0.50000000  0.1250
       7  0.00000000  0.50000000  0.50000000  0.1250
       8  0.50000000  0.50000000  0.50000000  0.1250


           k-point number in this process = 8
       minimum distributed K point number = 8
starsize: 1
isym: 0 ks_vec: 0 0 0
starsize: 1
isym: 0 ks_vec: 0.5 0 0
starsize: 1
isym: 0 ks_vec: 0 0.5 0
starsize: 1
isym: 0 ks_vec: 0.5 0.5 0
starsize: 1
isym: 0 ks_vec: 0 0 0.5
starsize: 1
isym: 0 ks_vec: 0.5 0 0.5
starsize: 1
isym: 0 ks_vec: 0 0.5 0.5
starsize: 1
isym: 0 ks_vec: 0.5 0.5 0.5

K-POINTS CARTESIAN COORDINATES
 KPOINTS CARTESIAN_X CARTESIAN_Y CARTESIAN_Z  WEIGHT
       1  0.00000000  0.00000000  0.00000000  0.2500
       2  0.09543697  0.00000000  0.00000183  0.2500
       3  0.00000000  0.09850566  0.01659749  0.2500
       4  0.09543697  0.09850566  0.01659932  0.2500
       5  0.00000000  0.00000000  0.09856765  0.2500
       6  0.09543697  0.00000000  0.09856948  0.2500
       7  0.00000000  0.09850566  0.11516513  0.2500
       8  0.09543697  0.09850566  0.11516697  0.2500


K-POINTS DIRECT COORDINATES
 KPOINTS    DIRECT_X    DIRECT_Y    DIRECT_Z  WEIGHT
       1  0.00000000  0.00000000  0.00000000  0.2500
       2  0.50000000  0.00000000  0.00000000  0.2500
       3  0.00000000  0.50000000  0.00000000  0.2500
       4  0.50000000  0.50000000  0.00000000  0.2500
       5  0.00000000  0.00000000  0.50000000  0.2500
       6  0.50000000  0.00000000  0.50000000  0.2500
       7  0.00000000  0.50000000  0.50000000  0.2500
       8  0.50000000  0.50000000  0.50000000  0.2500

 DONE : INIT K-POINTS Time : 17.7072 (SEC)





 >>>>>>>>>>>>>>>>>>>>>>>>>>>>>>>>>>>>>>>>>>>>>>>>>>>>>>>>>>>>>>>>>>>>>>
 |                                                                    |
 | Setup plane waves of wave functions:                               |
 | Use the energy cutoff and the lattice vectors to generate the      |
 | dimensions of FFT grid. The number of FFT grid on each processor   |
 | is 'nrxx'. The number of plane wave basis in reciprocal space is   |
 | different for charege/potential and wave functions. We also set    |
 | the 'sticks' for the parallel of FFT. The number of plane wave of  |
 | each k-point is 'npwk[ik]' in each processor                       |
 <<<<<<<<<<<<<<<<<<<<<<<<<<<<<<<<<<<<<<<<<<<<<<<<<<<<<<<<<<<<<<<<<<<<<<





 SETUP PLANE WAVES FOR WAVE FUNCTIONS
     energy cutoff for wavefunc (unit:Ry) = 100
              fft grid for wave functions = [ 64, 64, 64 ]
                    number of plane waves = 18281
                         number of sticks = 853

 PARALLEL PW FOR WAVE FUNCTIONS
     PROC   COLUMNS(POT)             PW
        1             27            572
        2             27            572
        3             27            572
        4             26            571
        5             26            571
        6             26            571
        7             26            571
        8             26            571
        9             26            571
       10             26            571
       11             27            573
       12             27            573
       13             27            573
       14             27            573
       15             27            572
       16             27            572
       17             27            571
       18             27            571
       19             27            571
       20             27            571
       21             27            571
       22             26            570
       23             26            570
       24             26            570
       25             26            570
       26             27            571
       27             27            571
       28             27            571
       29             27            571
       30             27            571
       31             27            571
       32             27            571
 --------------- sum -------------------
       32            853          18281
 DONE : INIT PLANEWAVE Time : 17.882 (SEC)

 SET NONLOCAL PSEUDOPOTENTIAL PROJECTORS
 SET NONLOCAL PSEUDOPOTENTIAL PROJECTORS
 max number of nonlocal projetors among all species is 8
 DONE : LOCAL POTENTIAL Time : 19.87 (SEC)


 -------------------------------------------
 SELF-CONSISTENT
 -------------------------------------------




 >>>>>>>>>>>>>>>>>>>>>>>>>>>>>>>>>>>>>>>>>>>>>>>>>>>>>>>>>>>>>>>>>>>>>>
 |                                                                    |
 | Search adjacent atoms:                                             |
 | Set the adjacent atoms for each atom and set the periodic boundary |
 | condition for the atoms on real space FFT grid. For k-dependent    |
 | algorithm, we also need to set the sparse H and S matrix element   |
 | for each atom.                                                     |
 |                                                                    |
 <<<<<<<<<<<<<<<<<<<<<<<<<<<<<<<<<<<<<<<<<<<<<<<<<<<<<<<<<<<<<<<<<<<<<<





 SETUP SEARCHING RADIUS FOR PROGRAM TO SEARCH ADJACENT ATOMS
                  longest orb rcut (Bohr) = 10
   longest nonlocal projector rcut (Bohr) = 2.46
                     search radius (Bohr) = 24.9
              searching radius is (Bohr)) = 24.9
         searching radius unit is (Bohr)) = 1.89
                         PeriodicBoundary = 1
                        Radius(unit:lat0) = 13.2
                                   glayer = [ 4, 4, 4 ]
                             glayer_minus = [ 3, 3, 3 ]

Find the coordinate range of the input atom(unit:lat0).
                                  min_tau = [ -15, -18.6, -14.3 ]
                                  max_tau = [ 21, 22, 20.3 ]
                                BoxNumber = [ 7, 7, 7 ]

 SETUP EXTENDED REAL SPACE GRID FOR GRID INTEGRATION
                          real space grid = [ 64, 64, 64 ]
                 big cell numbers in grid = [ 32, 32, 32 ]
             meshcell numbers in big cell = [ 2, 2, 2 ]
                        extended fft grid = [ 33, 34, 34 ]
                dimension of extened grid = [ 99, 101, 101 ]
                            UnitCellTotal = 125
              Atom number in sub-FFT-grid = 12
    Local orbitals number in sub-FFT-grid = 212
                                ParaV.nnr = 75407

 Warning_Memory_Consuming allocated:  Gint::hRGint 12.7 MB

 Warning_Memory_Consuming allocated:  Gint::DMRGint 12.7 MB
                                 init_chg = atomic
 DONE : INIT SCF Time : 21.5457 (SEC)


 LCAO ALGORITHM --------------- ION=   1  ELEC=   1--------------------------------

 Density error is 0.156729733826
----------------------------------------------------------
     Energy           Rydberg                 eV          
----------------------------------------------------------
 E_KohnSham     -718.7207342971      -9778.6972571847     
 E_Harris       -704.9666086717      -9591.5627776710     
 E_Fermi        0.7888544393         10.7329152669        
----------------------------------------------------------


 LCAO ALGORITHM --------------- ION=   1  ELEC=   2--------------------------------

 Density error is 0.0640510728776
----------------------------------------------------------
     Energy           Rydberg                 eV          
----------------------------------------------------------
 E_KohnSham     -719.0170889408      -9782.7293689678     
 E_Harris       -714.9362005064      -9727.2060333571     
 E_Fermi        0.9359683664         12.7345029312        
----------------------------------------------------------


 LCAO ALGORITHM --------------- ION=   1  ELEC=   3--------------------------------

 Density error is 0.0373385684651
----------------------------------------------------------
     Energy           Rydberg                 eV          
----------------------------------------------------------
 E_KohnSham     -719.0492729237      -9783.1672545188     
 E_Harris       -718.2247710873      -9771.9493315326     
 E_Fermi        0.9325236989         12.6876358247        
----------------------------------------------------------


 LCAO ALGORITHM --------------- ION=   1  ELEC=   4--------------------------------

 Density error is 0.00754099552323
----------------------------------------------------------
     Energy           Rydberg                 eV          
----------------------------------------------------------
 E_KohnSham     -719.0476875214      -9783.1456840146     
 E_Harris       -718.2790558287      -9772.6879133299     
 E_Fermi        0.9383693269         12.7671696738        
----------------------------------------------------------


 LCAO ALGORITHM --------------- ION=   1  ELEC=   5--------------------------------

 Density error is 0.00133321917258
----------------------------------------------------------
     Energy           Rydberg                 eV          
----------------------------------------------------------
 E_KohnSham     -719.0488327497      -9783.1612656453     
 E_Harris       -718.9001519702      -9781.1383598606     
 E_Fermi        0.9382260765         12.7652206531        
----------------------------------------------------------


 LCAO ALGORITHM --------------- ION=   1  ELEC=   6--------------------------------

 Density error is 0.000796776744832
----------------------------------------------------------
     Energy           Rydberg                 eV          
----------------------------------------------------------
 E_KohnSham     -719.0488537054      -9783.1615507620     
 E_Harris       -719.0244811390      -9782.8299449845     
 E_Fermi        0.9387579382         12.7724570025        
----------------------------------------------------------


 LCAO ALGORITHM --------------- ION=   1  ELEC=   7--------------------------------

 Density error is 0.000212146385275
----------------------------------------------------------
     Energy           Rydberg                 eV          
----------------------------------------------------------
 E_KohnSham     -719.0488647860      -9783.1617015216     
 E_Harris       -719.0257950930      -9782.8478222457     
 E_Fermi        0.9394402303         12.7817400622        
----------------------------------------------------------


 LCAO ALGORITHM --------------- ION=   1  ELEC=   8--------------------------------

 Density error is 2.78658855092e-05
----------------------------------------------------------
     Energy           Rydberg                 eV          
----------------------------------------------------------
 E_KohnSham     -719.0488656873      -9783.1617137835     
 E_Harris       -719.0495475059      -9783.1709904022     
 E_Fermi        0.9395198339         12.7828231252        
----------------------------------------------------------


 LCAO ALGORITHM --------------- ION=   1  ELEC=   9--------------------------------

 Density error is 2.91640386474e-05
----------------------------------------------------------
     Energy           Rydberg                 eV          
----------------------------------------------------------
 E_KohnSham     -719.0488656796      -9783.1617136797     
 E_Harris       -719.0457251345      -9783.1189843706     
 E_Fermi        0.9395068531         12.7826465123        
----------------------------------------------------------


 LCAO ALGORITHM --------------- ION=   1  ELEC=  10--------------------------------

 Density error is 2.85359039706e-06
----------------------------------------------------------
     Energy           Rydberg                 eV          
----------------------------------------------------------
 E_KohnSham     -719.0488657025      -9783.1617139908     
 E_Harris       -719.0487039840      -9783.1595136978     
 E_Fermi        0.9395085785         12.7826699870        
----------------------------------------------------------


 LCAO ALGORITHM --------------- ION=   1  ELEC=  11--------------------------------

 Density error is 6.53434693201e-07
----------------------------------------------------------
     Energy           Rydberg                 eV          
----------------------------------------------------------
 E_KohnSham     -719.0488657027      -9783.1617139929     
 E_Harris       -719.0487875462      -9783.1606506195     
 E_Fermi        0.9395110393         12.7827034687        
----------------------------------------------------------


 LCAO ALGORITHM --------------- ION=   1  ELEC=  12--------------------------------

 Density error is 3.91302101148e-07
----------------------------------------------------------
     Energy           Rydberg                 eV          
----------------------------------------------------------
 E_KohnSham     -719.0488657027      -9783.1617139931     
 E_Harris       -719.0488766648      -9783.1618631399     
 E_Fermi        0.9395112212         12.7827059433        
----------------------------------------------------------


 LCAO ALGORITHM --------------- ION=   1  ELEC=  13--------------------------------

 Density error is 4.76454839402e-08
----------------------------------------------------------
     Energy           Rydberg                 eV          
----------------------------------------------------------
 E_KohnSham     -719.0488657027      -9783.1617139932     
 E_Harris       -719.0488702780      -9783.1617762433     
 E_Fermi        0.9395114438         12.7827089714        
----------------------------------------------------------


 LCAO ALGORITHM --------------- ION=   1  ELEC=  14--------------------------------

 Density error is 3.07368568241e-08
----------------------------------------------------------
     Energy           Rydberg                 eV          
----------------------------------------------------------
 E_KohnSham     -719.0488657027      -9783.1617139932     
 E_Harris       -719.0488684294      -9783.1617510921     
 E_Fermi        0.9395114330         12.7827088245        
----------------------------------------------------------


 LCAO ALGORITHM --------------- ION=   1  ELEC=  15--------------------------------

 Density error is 5.39403662295e-09
----------------------------------------------------------
     Energy           Rydberg                 eV          
----------------------------------------------------------
 E_KohnSham     -719.0488657027      -9783.1617139932     
 E_KS(sigma->0) -719.0488657027      -9783.1617139932     
 E_Harris       -719.0488657786      -9783.1617150262     
 E_band         -37.2696777456       -507.0799799637      
 E_one_elec     -136.6327733067      -1858.9842505133     
 E_Hartree      124.5201994804       1694.1842290296      
 E_xc           -182.7635062438      -2486.6250713746     
 E_Ewald        -524.1727856325      -7131.7366211349     
 E_entropy(-TS) -0.0000000000        -0.0000000000        
 E_descf        0.0000000000         0.0000000000         
 E_exx          0.0000000000         0.0000000000         
 E_Fermi        0.9395114041         12.7827084314        
----------------------------------------------------------


 charge density convergence is achieved
 final etot is -9783.161714 eV
 EFERMI = 12.782708431 eV

 STATE ENERGY(eV) AND OCCUPATIONS    NSPIN == 1
 1/8 kpoint (Cartesian) = 0.0000 0.0000 0.0000 (483 pws)
       1       -48.6200       0.250000
       2       -48.5965       0.250000
       3       -48.5929       0.250000
       4       -48.5880       0.250000
       5       -18.5702       0.250000
       6       -18.5491       0.250000
       7       -18.4976       0.250000
       8       -18.3060       0.250000
       9       -18.2483       0.250000
      10       -18.1838       0.250000
      11       -18.1590       0.250000
      12       -18.1482       0.250000
      13       -18.0960       0.250000
      14       -18.0911       0.250000
      15       -18.0335       0.250000
      16       -17.9968       0.250000
      17       -7.07229       0.250000
      18       -5.79212       0.250000
      19       -5.47534       0.250000
      20       -5.43665       0.250000
      21       -4.89643       0.250000
      22       -4.87603       0.250000
      23       -4.84115       0.250000
      24       -4.77178       0.250000
      25        5.47656       0.250000
      26        5.55523       0.250000
      27        6.02769       0.250000
      28        6.31697       0.250000
      29        6.34123       0.250000
      30        6.78020       0.250000
      31        7.51254       0.250000
      32        7.87120       0.250000
      33        7.92890       0.250000
      34        8.23830       0.250000
      35        8.27639       0.250000
      36        8.33697       0.250000
      37        8.92904       0.250000
      38        9.14119       0.250000
      39        9.17290       0.250000
      40        9.18637       0.250000
      41        9.47709       0.250000
      42        9.96281       0.250000
      43        10.1964       0.250000
      44        10.2367       0.250000
      45        10.3725       0.250000
      46        10.6812       0.250000
      47        10.9135       0.250000
      48        11.2623       0.250000
      49        15.7999        0.00000
      50        16.2446        0.00000
      51        16.5553        0.00000
      52        16.9866        0.00000
      53        17.0182        0.00000
      54        17.0436        0.00000
      55        17.8197        0.00000
      56        17.8587        0.00000
      57        17.9458        0.00000
      58        18.1405        0.00000

 2/8 kpoint (Cartesian) = 0.095437 0.0000 1.8333e-06 (481 pws)
       1       -48.6100       0.250000
       2       -48.6100       0.250000
       3       -48.5886       0.250000
       4       -48.5886       0.250000
       5       -18.4793       0.250000
       6       -18.4793       0.250000
       7       -18.3614       0.250000
       8       -18.3613       0.250000
       9       -18.2969       0.250000
      10       -18.2968       0.250000
      11       -18.1615       0.250000
      12       -18.1615       0.250000
      13       -18.1341       0.250000
      14       -18.1341       0.250000
      15       -18.0231       0.250000
      16       -18.0231       0.250000
      17       -6.23621       0.250000
      18       -6.23619       0.250000
      19       -5.36835       0.250000
      20       -5.36829       0.250000
      21       -5.15541       0.250000
      22       -5.15539       0.250000
      23       -4.87020       0.250000
      24       -4.87018       0.250000
      25        5.84158       0.250000
      26        5.84161       0.250000
      27        6.53156       0.250000
      28        6.53159       0.250000
      29        6.97724       0.250000
      30        6.97732       0.250000
      31        7.25199       0.250000
      32        7.25207       0.250000
      33        7.41102       0.250000
      34        7.41106       0.250000
      35        8.43167       0.250000
      36        8.43169       0.250000
      37        8.86766       0.250000
      38        8.86775       0.250000
      39        9.40205       0.250000
      40        9.40208       0.250000
      41        9.69250       0.250000
      42        9.69253       0.250000
      43        10.0565       0.250000
      44        10.0567       0.250000
      45        10.5265       0.250000
      46        10.5266       0.250000
      47        10.7001       0.250000
      48        10.7002       0.250000
      49        16.2373        0.00000
      50        16.2376        0.00000
      51        16.9741        0.00000
      52        16.9743        0.00000
      53        17.1948        0.00000
      54        17.1948        0.00000
      55        17.6442        0.00000
      56        17.6444        0.00000
      57        18.3439        0.00000
      58        18.3440        0.00000

 3/8 kpoint (Cartesian) = 0.0000 0.098506 0.016597 (478 pws)
       1       -48.6061       0.250000
       2       -48.6061       0.250000
       3       -48.5926       0.250000
       4       -48.5925       0.250000
       5       -18.4205       0.250000
       6       -18.4205       0.250000
       7       -18.3943       0.250000
       8       -18.3942       0.250000
       9       -18.3179       0.250000
      10       -18.3178       0.250000
      11       -18.1381       0.250000
      12       -18.1381       0.250000
      13       -18.1220       0.250000
      14       -18.1220       0.250000
      15       -18.0669       0.250000
      16       -18.0668       0.250000
      17       -6.16523       0.250000
      18       -6.16514       0.250000
      19       -5.51258       0.250000
      20       -5.51243       0.250000
      21       -5.06617       0.250000
      22       -5.06614       0.250000
      23       -4.90886       0.250000
      24       -4.90879       0.250000
      25        6.20755       0.250000
      26        6.20769       0.250000
      27        6.70469       0.250000
      28        6.70473       0.250000
      29        6.83407       0.250000
      30        6.83416       0.250000
      31        7.44045       0.250000
      32        7.44056       0.250000
      33        7.96287       0.250000
      34        7.96298       0.250000
      35        8.21273       0.250000
      36        8.21284       0.250000
      37        8.63341       0.250000
      38        8.63351       0.250000
      39        9.21063       0.250000
      40        9.21077       0.250000
      41        9.44781       0.250000
      42        9.44799       0.250000
      43        10.0426       0.250000
      44        10.0426       0.250000
      45        10.0793       0.250000
      46        10.0793       0.250000
      47        10.5418       0.250000
      48        10.5418       0.250000
      49        16.0776        0.00000
      50        16.0778        0.00000
      51        16.4364        0.00000
      52        16.4366        0.00000
      53        17.4955        0.00000
      54        17.4957        0.00000
      55        18.0814        0.00000
      56        18.0815        0.00000
      57        18.3345        0.00000
      58        18.3346        0.00000

 4/8 kpoint (Cartesian) = 0.095437 0.098506 0.016599 (476 pws)
       1       -48.6042       0.250000
       2       -48.6042       0.250000
       3       -48.5944       0.250000
       4       -48.5944       0.250000
       5       -18.4129       0.250000
       6       -18.4129       0.250000
       7       -18.4095       0.250000
       8       -18.4095       0.250000
       9       -18.3273       0.250000
      10       -18.3273       0.250000
      11       -18.1592       0.250000
      12       -18.1592       0.250000
      13       -18.0895       0.250000
      14       -18.0895       0.250000
      15       -18.0631       0.250000
      16       -18.0631       0.250000
      17       -5.88748       0.250000
      18       -5.88743       0.250000
      19       -5.82371       0.250000
      20       -5.82356       0.250000
      21       -5.00585       0.250000
      22       -5.00578       0.250000
      23       -4.95052       0.250000
      24       -4.95049       0.250000
      25        6.60128       0.250000
      26        6.60134       0.250000
      27        6.67053       0.250000
      28        6.67069       0.250000
      29        7.18134       0.250000
      30        7.18141       0.250000
      31        7.25370       0.250000
      32        7.25371       0.250000
      33        7.85186       0.250000
      34        7.85195       0.250000
      35        8.19543       0.250000
      36        8.19550       0.250000
      37        8.43306       0.250000
      38        8.43320       0.250000
      39        8.89082       0.250000
      40        8.89090       0.250000
      41        9.40116       0.250000
      42        9.40131       0.250000
      43        10.1764       0.250000
      44        10.1765       0.250000
      45        10.2079       0.250000
      46        10.2080       0.250000
      47        10.3535       0.250000
      48        10.3535       0.250000
      49        16.2814        0.00000
      50        16.2815        0.00000
      51        16.3677        0.00000
      52        16.3678        0.00000
      53        17.2655        0.00000
      54        17.2657        0.00000
      55        17.8674        0.00000
      56        17.8676        0.00000
      57        18.3389        0.00000
      58        18.3390        0.00000

 5/8 kpoint (Cartesian) = 0.0000 0.0000 0.098568 (478 pws)
       1       -48.6093       0.250000
       2       -48.6036       0.250000
       3       -48.5955       0.250000
       4       -48.5890       0.250000
       5       -18.5168       0.250000
       6       -18.3946       0.250000
       7       -18.3706       0.250000
       8       -18.3475       0.250000
       9       -18.3365       0.250000
      10       -18.2467       0.250000
      11       -18.2009       0.250000
      12       -18.1575       0.250000
      13       -18.1218       0.250000
      14       -18.0948       0.250000
      15       -18.0782       0.250000
      16       -18.0526       0.250000
      17       -6.49669       0.250000
      18       -5.62440       0.250000
      19       -5.54938       0.250000
      20       -5.49436       0.250000
      21       -5.48401       0.250000
      22       -4.95696       0.250000
      23       -4.81289       0.250000
      24       -4.78292       0.250000
      25        5.39902       0.250000
      26        5.93932       0.250000
      27        6.42803       0.250000
      28        6.57674       0.250000
      29        6.64089       0.250000
      30        6.68844       0.250000
      31        7.35155       0.250000
      32        7.58662       0.250000
      33        7.68328       0.250000
      34        8.07271       0.250000
      35        8.20127       0.250000
      36        8.48948       0.250000
      37        8.80230       0.250000
      38        8.95781       0.250000
      39        9.25799       0.250000
      40        9.37255       0.250000
      41        9.47289       0.250000
      42        9.75363       0.250000
      43        9.96595       0.250000
      44        10.0117       0.250000
      45        10.5939       0.250000
      46        10.6388       0.250000
      47        10.7705       0.250000
      48        11.1507       0.250000
      49        15.4250        0.00000
      50        16.4977        0.00000
      51        16.6095        0.00000
      52        16.6582        0.00000
      53        17.0915        0.00000
      54        17.1196        0.00000
      55        17.3300        0.00000
      56        17.8562        0.00000
      57        18.6699        0.00000
      58        18.7688        0.00000

 6/8 kpoint (Cartesian) = 0.095437 0.0000 0.098569 (474 pws)
       1       -48.6052       0.250000
       2       -48.6052       0.250000
       3       -48.5934       0.250000
       4       -48.5934       0.250000
       5       -18.4554       0.250000
       6       -18.4554       0.250000
       7       -18.3825       0.250000
       8       -18.3825       0.250000
       9       -18.2965       0.250000
      10       -18.2965       0.250000
      11       -18.1785       0.250000
      12       -18.1785       0.250000
      13       -18.1009       0.250000
      14       -18.1009       0.250000
      15       -18.0475       0.250000
      16       -18.0475       0.250000
      17       -6.10810       0.250000
      18       -6.10807       0.250000
      19       -5.41156       0.250000
      20       -5.41154       0.250000
      21       -5.25553       0.250000
      22       -5.25547       0.250000
      23       -4.86744       0.250000
      24       -4.86742       0.250000
      25        6.32686       0.250000
      26        6.32689       0.250000
      27        6.64475       0.250000
      28        6.64478       0.250000
      29        6.85870       0.250000
      30        6.85873       0.250000
      31        7.17757       0.250000
      32        7.17760       0.250000
      33        7.92298       0.250000
      34        7.92316       0.250000
      35        8.16931       0.250000
      36        8.16933       0.250000
      37        8.85392       0.250000
      38        8.85394       0.250000
      39        9.15160       0.250000
      40        9.15163       0.250000
      41        9.47945       0.250000
      42        9.47953       0.250000
      43        9.59812       0.250000
      44        9.59820       0.250000
      45        10.4828       0.250000
      46        10.4829       0.250000
      47        10.6876       0.250000
      48        10.6876       0.250000
      49        15.9686        0.00000
      50        15.9687        0.00000
      51        16.7415        0.00000
      52        16.7415        0.00000
      53        17.2600        0.00000
      54        17.2603        0.00000
      55        17.7405        0.00000
      56        17.7408        0.00000
      57        18.0189        0.00000
      58        18.0190        0.00000

 7/8 kpoint (Cartesian) = 0.0000 0.098506 0.11517 (478 pws)
       1       -48.6045       0.250000
       2       -48.6044       0.250000
       3       -48.5942       0.250000
       4       -48.5942       0.250000
       5       -18.4893       0.250000
       6       -18.4893       0.250000
       7       -18.3907       0.250000
       8       -18.3907       0.250000
       9       -18.2807       0.250000
      10       -18.2807       0.250000
      11       -18.1945       0.250000
      12       -18.1945       0.250000
      13       -18.0947       0.250000
      14       -18.0947       0.250000
      15       -18.0102       0.250000
      16       -18.0102       0.250000
      17       -6.02025       0.250000
      18       -6.02015       0.250000
      19       -5.50267       0.250000
      20       -5.50260       0.250000
      21       -5.18100       0.250000
      22       -5.18096       0.250000
      23       -4.96161       0.250000
      24       -4.96155       0.250000
      25        6.25460       0.250000
      26        6.25471       0.250000
      27        6.62971       0.250000
      28        6.62974       0.250000
      29        7.08122       0.250000
      30        7.08131       0.250000
      31        7.23436       0.250000
      32        7.23439       0.250000
      33        7.54101       0.250000
      34        7.54115       0.250000
      35        8.57629       0.250000
      36        8.57632       0.250000
      37        9.06647       0.250000
      38        9.06649       0.250000
      39        9.23285       0.250000
      40        9.23289       0.250000
      41        9.60908       0.250000
      42        9.60921       0.250000
      43        9.69066       0.250000
      44        9.69082       0.250000
      45        9.93205       0.250000
      46        9.93211       0.250000
      47        10.5662       0.250000
      48        10.5663       0.250000
      49        15.8165        0.00000
      50        15.8168        0.00000
      51        16.7757        0.00000
      52        16.7758        0.00000
      53        17.1573        0.00000
      54        17.1575        0.00000
      55        17.5104        0.00000
      56        17.5106        0.00000
      57        18.1956        0.00000
      58        18.1958        0.00000

 8/8 kpoint (Cartesian) = 0.095437 0.098506 0.11517 (474 pws)
       1       -48.6034       0.250000
       2       -48.6034       0.250000
       3       -48.5952       0.250000
       4       -48.5952       0.250000
       5       -18.5549       0.250000
       6       -18.5549       0.250000
       7       -18.5007       0.250000
       8       -18.5007       0.250000
       9       -18.1684       0.250000
      10       -18.1684       0.250000
      11       -18.0956       0.250000
      12       -18.0956       0.250000
      13       -18.0945       0.250000
      14       -18.0945       0.250000
      15       -18.0345       0.250000
      16       -18.0345       0.250000
      17       -6.16355       0.250000
      18       -6.16343       0.250000
      19       -5.83155       0.250000
      20       -5.83146       0.250000
      21       -4.84294       0.250000
      22       -4.84292       0.250000
      23       -4.79787       0.250000
      24       -4.79781       0.250000
      25        6.40715       0.250000
      26        6.40724       0.250000
      27        6.73835       0.250000
      28        6.73844       0.250000
      29        7.13320       0.250000
      30        7.13329       0.250000
      31        7.43548       0.250000
      32        7.43564       0.250000
      33        8.16083       0.250000
      34        8.16104       0.250000
      35        8.17191       0.250000
      36        8.17203       0.250000
      37        8.63324       0.250000
      38        8.63329       0.250000
      39        8.77000       0.250000
      40        8.77011       0.250000
      41        9.44561       0.250000
      42        9.44563       0.250000
      43        9.92666       0.250000
      44        9.92670       0.250000
      45        9.95507       0.250000
      46        9.95516       0.250000
      47        10.3770       0.250000
      48        10.3771       0.250000
      49        15.8151        0.00000
      50        15.8152        0.00000
      51        16.6944        0.00000
      52        16.6945        0.00000
      53        16.9806        0.00000
      54        16.9808        0.00000
      55        17.5119        0.00000
      56        17.5121        0.00000
      57        18.3150        0.00000
      58        18.3152        0.00000

 correction force for each atom along direction 1 is -5.72710e-06
 correction force for each atom along direction 2 is 3.02739e-06
 correction force for each atom along direction 3 is -7.82752e-07
------------------------------------------------------------------------------------------
 TOTAL-FORCE (eV/Angstrom)                                                                
------------------------------------------------------------------------------------------
                       Hf1        -0.0923540177         0.2374582435         0.0671836877 
                       Hf2        -0.0914676457        -0.2377659980        -0.0664128213 
                       Hf3         0.0899647686         0.2377176836         0.0661555221 
                       Hf4         0.0916198342        -0.2369645948        -0.0670747059 
                        O1         0.0886687955        -0.1559855386        -0.0629124307 
                        O2        -0.0878778044         0.1558120636         0.0627161926 
                        O3         0.0493531227        -0.4069882493        -0.1654044540 
                        O4        -0.0490573305         0.4069249793         0.1655530004 
                        O5        -0.0879285538        -0.1558943638        -0.0628527901 
                        O6         0.0887235539         0.1557333656         0.0630502326 
                        O7        -0.0490343885        -0.4071907201        -0.1655556283 
                        O8         0.0493896658         0.4071431290         0.1655541949 
------------------------------------------------------------------------------------------

----------------------------------------------------------------
 TOTAL-STRESS (KBAR)                                            
----------------------------------------------------------------
        28.2436678818         0.0280612737         0.0779796507 
         0.0280612737       192.8692401871        21.3987523516 
         0.0779796507        21.3987523516        53.8974061549 
----------------------------------------------------------------
 TOTAL-PRESSURE: 91.670105 KBAR



 --------------------------------------------
 !FINAL_ETOT_IS -9783.1617139931549900 eV
 --------------------------------------------


TIME STATISTICS
------------------------------------------------------------------------------------
    CLASS_NAME                    NAME                TIME/s  CALLS   AVG/s  PER/%  
------------------------------------------------------------------------------------
                   total                              128.67 13       9.90   100.00 
 Driver            reading                            10.13  1        10.13  7.88   
 Input_Conv        Convert                            0.00   1        0.00   0.00   
 Driver            driver_line                        118.53 1        118.53 92.12  
 UnitCell          check_tau                          0.00   1        0.00   0.00   
 ESolver_KS_LCAO   before_all_runners                 4.56   1        4.56   3.54   
 PW_Basis_Sup      setuptransform                     0.16   1        0.16   0.13   
 PW_Basis_Sup      distributeg                        0.14   1        0.14   0.11   
 mymath            heapsort                           0.00   31       0.00   0.00   
 Charge_Mixing     init_mixing                        0.00   1        0.00   0.00   
 Symmetry          analy_sys                          0.03   1        0.03   0.03   
 PW_Basis_K        setuptransform                     0.16   1        0.16   0.12   
 PW_Basis_K        distributeg                        0.16   1        0.16   0.12   
 PW_Basis          setup_struc_factor                 0.05   1        0.05   0.04   
 NOrbital_Lm       extra_uniform                      0.16   14       0.01   0.13   
 Mathzone_Add1     SplineD2                           0.00   14       0.00   0.00   
 Mathzone_Add1     Cubic_Spline_Interpolation         0.00   14       0.00   0.00   
 Mathzone_Add1     Uni_Deriv_Phi                      0.16   14       0.01   0.12   
 ppcell_vl         init_vloc                          0.12   1        0.12   0.09   
 Ions              opt_ions                           108.78 1        108.78 84.54  
 ESolver_KS_LCAO   runner                             101.63 1        101.63 78.99  
 ESolver_KS_LCAO   before_scf                         1.68   1        1.68   1.30   
 atom_arrange      search                             0.00   1        0.00   0.00   
 atom_arrange      grid_d.init                        0.00   1        0.00   0.00   
 Grid              Construct_Adjacent_expand          0.00   1        0.00   0.00   
 Grid              Construct_Adjacent_expand_periodic 0.00   12       0.00   0.00   
 Grid_Technique    init                               0.52   1        0.52   0.40   
 Grid_BigCell      grid_expansion_index               0.05   2        0.03   0.04   
 Grid_Driver       Find_atom                          0.00   120      0.00   0.00   
 Record_adj        for_2d                             0.04   1        0.04   0.03   
 LCAO_domain       grid_prepare                       0.00   1        0.00   0.00   
 Veff              initialize_HR                      0.00   1        0.00   0.00   
 OverlapNew        initialize_SR                      0.00   1        0.00   0.00   
 EkineticNew       initialize_HR                      0.00   1        0.00   0.00   
 NonlocalNew       initialize_HR                      0.02   1        0.02   0.02   
 Charge            set_rho_core                       0.38   1        0.38   0.29   
 PW_Basis_Sup      recip2real                         0.66   125      0.01   0.51   
 PW_Basis_Sup      gathers_scatterp                   0.64   125      0.01   0.50   
 Charge            atomic_rho                         0.40   2        0.20   0.31   
 Potential         init_pot                           0.19   1        0.19   0.15   
 Potential         update_from_charge                 0.83   16       0.05   0.64   
 Potential         cal_fixed_v                        0.01   1        0.01   0.01   
 PotLocal          cal_fixed_v                        0.01   1        0.01   0.01   
 Potential         cal_v_eff                          0.81   16       0.05   0.63   
 H_Hartree_pw      v_hartree                          0.18   16       0.01   0.14   
 PW_Basis_Sup      real2recip                         0.48   145      0.00   0.37   
 PW_Basis_Sup      gatherp_scatters                   0.46   145      0.00   0.36   
 PotXC             cal_v_eff                          0.63   16       0.04   0.49   
 XC_Functional     v_xc                               0.65   18       0.04   0.50   
 Potential         interpolate_vrs                    0.00   16       0.00   0.00   
 Symmetry          rhog_symmetry                      0.69   16       0.04   0.54   
 Symmetry          group fft grids                    0.30   16       0.02   0.23   
 H_Ewald_pw        compute_ewald                      0.01   1        0.01   0.01   
 HSolverLCAO       solve                              97.19  15       6.48   75.54  
 HamiltLCAO        updateHk                           48.37  120      0.40   37.59  
 OperatorLCAO      init                               48.23  360      0.13   37.48  
 Veff              contributeHR                       47.73  15       3.18   37.10  
 Gint_interface    cal_gint                           75.64  31       2.44   58.79  
 Gint_interface    cal_gint_vlocal                    37.84  15       2.52   29.41  
 Gint_Tools        cal_psir_ylm                       2.29   30720    0.00   1.78   
 Gint_k            transfer_pvpR                      9.89   15       0.66   7.69   
 OverlapNew        calculate_SR                       0.12   1        0.12   0.09   
 OverlapNew        contributeHk                       0.03   120      0.00   0.02   
 EkineticNew       contributeHR                       0.12   15       0.01   0.10   
 EkineticNew       calculate_HR                       0.12   1        0.12   0.10   
 NonlocalNew       contributeHR                       0.33   15       0.02   0.26   
 NonlocalNew       calculate_HR                       0.32   1        0.32   0.25   
 OperatorLCAO      contributeHk                       0.03   120      0.00   0.03   
 HSolverLCAO       hamiltSolvePsiK                    11.01  120      0.09   8.56   
 DiagoElpa         elpa_solve                         10.45  120      0.09   8.12   
 elecstate         cal_dm                             0.15   16       0.01   0.11   
 psiMulPsiMpi      pdgemm                             0.14   128      0.00   0.11   
 DensityMatrix     cal_DMR                            0.04   16       0.00   0.03   
 ElecStateLCAO     psiToRho                           37.63  15       2.51   29.25  
 Gint              transfer_DMR                       1.23   15       0.08   0.96   
 Gint_interface    cal_gint_rho                       33.54  15       2.24   26.07  
 Charge_Mixing     get_drho                           0.06   15       0.00   0.05   
 Charge            mix_rho                            0.65   14       0.05   0.50   
 Charge            Broyden_mixing                     0.56   14       0.04   0.43   
 ModuleIO          write_rhog                         0.03   1        0.03   0.03   
 ESolver_KS_LCAO   after_scf                          0.13   1        0.13   0.10   
 ESolver_KS_LCAO   cal_force                          7.14   1        7.14   5.55   
 Force_Stress_LCAO getForceStress                     7.14   1        7.14   5.55   
 Forces            cal_force_loc                      0.00   1        0.00   0.00   
 Forces            cal_force_ew                       0.00   1        0.00   0.00   
 Forces            cal_force_cc                       0.14   1        0.14   0.11   
 Forces            cal_force_scc                      0.14   1        0.14   0.11   
 Stress_Func       stress_loc                         0.38   1        0.38   0.30   
 Stress_Func       stress_har                         0.00   1        0.00   0.00   
 Stress_Func       stress_ewa                         0.00   1        0.00   0.00   
 Stress_Func       stress_cc                          0.53   1        0.53   0.41   
 Stress_Func       stress_gga                         0.00   1        0.00   0.00   
 Force_LCAO        ftable                             5.09   1        5.09   3.96   
 Force_LCAO        allocate                           0.32   1        0.32   0.25   
 LCAO_domain       build_ST_new                       0.32   2        0.16   0.25   
 Force_LCAO        cal_pulay_fs_center2               0.01   2        0.01   0.01   
 Gint_interface    cal_gint_force                     4.26   1        4.26   3.31   
 Gint_Tools        cal_dpsir_ylm                      0.20   1024     0.00   0.16   
 Gint_Tools        cal_dpsirr_ylm                     0.04   1024     0.00   0.03   
 NonlocalNew       cal_force_stress                   0.85   1        0.85   0.66   
 ESolver_KS_LCAO   cal_stress                         0.00   1        0.00   0.00   
 ESolver_KS_LCAO   after_all_runners                  0.01   1        0.01   0.01   
 ModuleIO          write_istate_info                  0.01   1        0.01   0.01   
------------------------------------------------------------------------------------


 NAME-------------------------|MEMORY(MB)--------
                         total      2287.3871
                  Gint::hRGint       406.2878
                 Gint::DMRGint       405.9753
       TwoCenterTable: Kinetic       137.3855
       TwoCenterTable: Overlap       137.3855
      TwoCenterTable: Nonlocal       136.0217
                  meshball_pos       126.1853
               GT::ind_bigcell       123.2787
         GT::in_this_processor       123.2787
              GT::index2normal       123.2787
               GT::index2ucell       123.2787
                   Stress::dSR       108.1077
                   Force::dS_K        54.0538
                   Stress::dHr        54.0538
                  Force::dTVNL        54.0538
      GT::bigcell_on_processor        30.8197
                HamiltLCAO::hR        24.6705
            DensityMatrix::DMR        24.6705
                    index_ball        21.0309
                HamiltLCAO::sR        17.5547
                GT::which_atom         7.1410
             GT::which_bigcell         7.1410
            GT::which_unitcell         7.1410
            DensityMatrix::DMK         5.4863
                RealGauntTable         3.7773
                  SF::strucFac         3.7539
                  PW_B_K::gcar         2.8577
                  SF::eigts123         2.2515
                      Chg::rho         2.0000
                 Chg::rho_save         2.0000
                 Chg::rho_core         2.0000
                 Pot::veff_fix         2.0000
                     Pot::veff         2.0000
              Pot::veff_smooth         2.0000
 -------------   < 1.0 MB has been ignored ----------------
 ----------------------------------------------------------

 Start  Time  : Fri Oct  9 23:00:16 2026
 Finish Time  : Fri Oct  9 23:02:25 2026
 Total  Time  : 0 h 2 mins 9 secs 
