                                                                                     
                              ABACUS v3.10.0

               Atomic-orbital Based Ab-initio Computation at UStc                    

                     Website: http://abacus.ustc.edu.cn/                             
               Documentation: https://abacus.deepmodeling.com/                       
                  Repository: https://github.com/abacusmodeling/abacus-develop       
                              https://github.com/deepmodeling/abacus-develop         
                      Commit: f7cb1d3 (Mon May 12 16:53:30 2025 +0800)

    Start Time is Sun Oct 11 00:38:41 2026
                                                                                     
 ------------------------------------------------------------------------------------

 READING GENERAL INFORMATION
                           global_out_dir = OUT.ABACUS/
                           global_in_card = INPUT
                               pseudo_dir = 
                              orbital_dir = 
                                    DRANK = 1
                                    DSIZE = 32
                                   DCOLOR = 1
                                    GRANK = 1
                                    GSIZE = 1




 >>>>>>>>>>>>>>>>>>>>>>>>>>>>>>>>>>>>>>>>>>>>>>>>>>>>>>>>>>>>>>>>>>>>>>
 |                                                                    |
 | Reading atom information in unitcell:                              |
 | From the input file and the structure file we know the number of   |
 | different elments in this unitcell, then we list the detail        |
 | information for each element, especially the zeta and polar atomic |
 | orbital number for each element. The total atom number is counted. |
 | We calculate the nearest atom distance for each atom and show the  |
 | Cartesian and Direct coordinates for each atom. We list the file   |
 | address for atomic orbitals. The volume and the lattice vectors    |
 | in real and reciprocal space is also shown.                        |
 |                                                                    |
 <<<<<<<<<<<<<<<<<<<<<<<<<<<<<<<<<<<<<<<<<<<<<<<<<<<<<<<<<<<<<<<<<<<<<<




 READING UNITCELL INFORMATION
                                    ntype = 2
                  lattice constant (Bohr) = 1.88973
              lattice constant (Angstrom) = 1

 READING ATOM TYPE 1
                               atom label = Hf
                      L=0, number of zeta = 4
                      L=1, number of zeta = 2
                      L=2, number of zeta = 2
                      L=3, number of zeta = 1
             number of atom for this type = 4

 READING ATOM TYPE 2
                               atom label = O
                      L=0, number of zeta = 2
                      L=1, number of zeta = 2
                      L=2, number of zeta = 1
             number of atom for this type = 8

                        TOTAL ATOM NUMBER = 12
DIRECT COORDINATES
    atom                   x                   y                   z     mag                  vx                  vy                  vz
taud_Hf1            0.9983140714        0.0014909476        0.9881761772  0.0000        0.0000000000        0.0000000000        0.0000000000
taud_Hf2            0.4981599322        0.0090987669        0.4702862345  0.0000        0.0000000000        0.0000000000        0.0000000000
taud_Hf3            0.4672617875        0.4818381042        0.9912155916  0.0000        0.0000000000        0.0000000000        0.0000000000
taud_Hf4            0.9672672161        0.5292193236        0.4675369963  0.0000        0.0000000000        0.0000000000        0.0000000000
taud_O1            0.2381856376        0.2891096433        0.2649961767  0.0000        0.0000000000        0.0000000000        0.0000000000
taud_O2            0.7381623474        0.2211263302        0.2286389769  0.0000        0.0000000000        0.0000000000        0.0000000000
taud_O3            0.2895562069        0.1610516026        0.7804954301  0.0000        0.0000000000        0.0000000000        0.0000000000
taud_O4            0.7556137299        0.3433614804        0.7361379791  0.0000        0.0000000000        0.0000000000        0.0000000000
taud_O5            0.2381507751        0.7896872554        0.2299395502  0.0000        0.0000000000        0.0000000000        0.0000000000
taud_O6            0.7380286353        0.7215766427        0.1942344278  0.0000        0.0000000000        0.0000000000        0.0000000000
taud_O7            0.2553046547        0.6680166026        0.7227643258  0.0000        0.0000000000        0.0000000000        0.0000000000
taud_O8            0.7893158620        0.8503688961        0.6784798952  0.0000        0.0000000000        0.0000000000        0.0000000000



                          Volume (Bohr^3) = 914.438
                             Volume (A^3) = 135.506

 Lattice vectors: (Cartesian coordinate: in unit of a_0)
             +5.23906        +2.51201e-32              -5e-15
                   +0            +5.07585                  +0
          +0.00678216           -0.246426             +5.0956
 Reciprocal vectors: (Cartesian coordinate: in unit of 2 pi/a_0)
            +0.190874                  -0         -0.00025405
         +9.09282e-18           +0.197011         +0.00952756
         +1.87293e-16                  -0           +0.196248
 The esolver type has been set to : ksdft_lcao

 RUNNING WITH DEVICE  : CPU / AMD EPYC 7702 64-Core Processor




 >>>>>>>>>>>>>>>>>>>>>>>>>>>>>>>>>>>>>>>>>>>>>>>>>>>>>>>>>>>>>>>>>>>>>>
 |                                                                    |
 | Reading pseudopotentials files:                                    |
 | The pseudopotential file is in UPF format. The 'NC' indicates that |
 | the type of pseudopotential is 'norm conserving'. Functional of    |
 | exchange and correlation is decided by 4 given parameters in UPF   |
 | file.  We also read in the 'core correction' if there exists.      |
 | Also we can read the valence electrons number and the maximal      |
 | angular momentum used in this pseudopotential. We also read in the |
 | trail wave function, trail atomic density and local-pseudopotential|
 | on logrithmic grid. The non-local pseudopotential projector is also|
 | read in if there is any.                                           |
 |                                                                    |
 <<<<<<<<<<<<<<<<<<<<<<<<<<<<<<<<<<<<<<<<<<<<<<<<<<<<<<<<<<<<<<<<<<<<<<




                PAO radial cut off (Bohr) = 15

 Read in pseudopotential file is Hf.upf
                     pseudopotential type = NC
          exchange-correlation functional = PBE
                 nonlocal core correction = 1
                        valence electrons = 12
                                     lmax = 3
                           number of zeta = 4
                     number of projectors = 8
                           L of projector = 0
                           L of projector = 0
                           L of projector = 1
                           L of projector = 1
                           L of projector = 2
                           L of projector = 2
                           L of projector = 3
                           L of projector = 3
                PAO radial cut off (Bohr) = 15

 Read in pseudopotential file is O.upf
                     pseudopotential type = NC
          exchange-correlation functional = PBE
                 nonlocal core correction = 1
                        valence electrons = 6
                                     lmax = 2
                           number of zeta = 2
                     number of projectors = 5
                           L of projector = 0
                           L of projector = 0
                           L of projector = 1
                           L of projector = 1
                           L of projector = 2
     initial pseudo atomic orbital number = 72

 SETUP THE ELECTRONS NUMBER
            electron number of element Hf = 12
      total electron number of element Hf = 48
             electron number of element O = 6
       total electron number of element O = 48
            AUTOSET number of electrons:  = 96
                           occupied bands = 48
                                   NLOCAL = 212
                                   NBANDS = 58
                                   NBANDS = 58
                                   NLOCAL = 212

%%%%%%%%%%%%%%%%%%%%%%%%%%%%%%%%%%%%%%%%%%%%%%%%%%%%%%%%%%%%%%%%%%%%%%%%%%%%%%%%%%%%%%%%%%%%%%%%%%%%%%%%%%
 Warning: the number of valence electrons in pseudopotential > 4 for Hf: [Xe] 4f14 5d2 6s2
 Pseudopotentials with additional electrons can yield (more) accurate outcomes, but may be less efficient.
 If you're confident that your chosen pseudopotential is appropriate, you can safely ignore this warning.
%%%%%%%%%%%%%%%%%%%%%%%%%%%%%%%%%%%%%%%%%%%%%%%%%%%%%%%%%%%%%%%%%%%%%%%%%%%%%%%%%%%%%%%%%%%%%%%%%%%%%%%%%%
                  




 >>>>>>>>>>>>>>>>>>>>>>>>>>>>>>>>>>>>>>>>>>>>>>>>>>>>>>>>>>>>>>>>>>>>>>
 |                                                                    |
 | Setup plane waves of charge/potential:                             |
 | Use the energy cutoff and the lattice vectors to generate the      |
 | dimensions of FFT grid. The number of FFT grid on each processor   |
 | is 'nrxx'. The number of plane wave basis in reciprocal space is   |
 | different for charege/potential and wave functions. We also set    |
 | the 'sticks' for the parallel of FFT. The number of plane waves    |
 | is 'npw' in each processor.                                        |
 <<<<<<<<<<<<<<<<<<<<<<<<<<<<<<<<<<<<<<<<<<<<<<<<<<<<<<<<<<<<<<<<<<<<<<





 SETUP THE PLANE WAVE BASIS
 energy cutoff for charge/potential (unit:Ry) = 400
            fft grid for charge/potential = [ 64, 64, 64 ]
                        fft grid division = [ 2, 2, 2 ]
        big fft grid for charge/potential = [ 32, 32, 32 ]
                                     nbxx = 1024
                                     nrxx = 8192

 SETUP PLANE WAVES FOR CHARGE/POTENTIAL
                    number of plane waves = 123495
                         number of sticks = 3019

 PARALLEL PW FOR CHARGE/POTENTIAL
     PROC   COLUMNS(POT)             PW
        1             95           3862
        2             95           3861
        3             95           3861
        4             95           3859
        5             95           3859
        6             95           3859
        7             95           3859
        8             94           3858
        9             94           3858
       10             95           3861
       11             95           3861
       12             95           3862
       13             94           3859
       14             94           3859
       15             94           3859
       16             94           3859
       17             94           3859
       18             94           3859
       19             94           3859
       20             94           3859
       21             94           3859
       22             94           3859
       23             94           3859
       24             94           3859
       25             94           3858
       26             94           3858
       27             94           3858
       28             94           3858
       29             94           3858
       30             94           3858
       31             94           3858
       32             95           3861
 --------------- sum -------------------
       32           3019         123495
                            number of |g| = 3862
                                  max |g| = 36.1789
                                  min |g| = 0.184626
 DONE : SETUP UNITCELL Time : 0.47704 (SEC)


----------- Double Check Mixing Parameters Begin ------------
mixing_type: broyden
mixing_beta: 0.3
mixing_gg0: 1
mixing_gg0_min: 0.1
mixing_ndim: 8
----------- Double Check Mixing Parameters End ------------




 >>>>>>>>>>>>>>>>>>>>>>>>>>>>>>>>>>>>>>>>>>>>>>>>>>>>>>>>>>>>>>>>>>>>>>
 |                                                                    |
 | Doing symmetry analysis:                                           |
 | We calculate the norm of 3 vectors and the angles between them,    |
 | the type of Bravais lattice is given. We can judge if the unticell |
 | is a primitive cell. Finally we give the point group operation for |
 | this unitcell. We use the point group operations to do symmetry |
 | analysis on given k-point mesh and the charge density.             |
 |                                                                    |
 <<<<<<<<<<<<<<<<<<<<<<<<<<<<<<<<<<<<<<<<<<<<<<<<<<<<<<<<<<<<<<<<<<<<<<




 LATTICE VECTORS: (CARTESIAN COORDINATE: IN UNIT OF A0)
             +5.23906        +2.51201e-32              -5e-15
                   +0            +5.07585                  +0
          +0.00678216           -0.246426             +5.0956
                       right hand lattice = 1
                                   NORM_A = 5.23906
                                   NORM_B = 5.07585
                                   NORM_C = 5.10156
                           ALPHA (DEGREE) = 92.7687
                           BETA  (DEGREE) = 89.9238
                           GAMMA (DEGREE) = 90

 The lattice vectors have been changed (STRU_SIMPLE.cif)

(for optimal symmetric configuration:)
                             BRAVAIS TYPE = 14
                     BRAVAIS LATTICE NAME = 14. Triclinic cell
                                    ibrav = 14
                                    IBRAV = 14
                                  BRAVAIS = TRICLINIC CELL
                       LATTICE CONSTANT A = 7.29466
                                B/A RATIO = 0.718205
                                C/A RATIO = 0.962428
                               COS(ALPHA) = 0.00096604
                                COS(BETA) = 0.479353
                               COS(GAMMA) = 0.718205
Original cell was already a primitive cell.
                        ROTATION MATRICES = 2
              PURE POINT GROUP OPERATIONS = 1
                   SPACE GROUP OPERATIONS = 1
                              POINT GROUP = C_1
               POINT GROUP IN SPACE GROUP = C_1
 DONE : SYMMETRY Time : 0.516815 (SEC)





 >>>>>>>>>>>>>>>>>>>>>>>>>>>>>>>>>>>>>>>>>>>>>>>>>>>>>>>>>>>>>>>>>>>>>>
 |                                                                    |
 | Setup K-points                                                     |
 | We setup the k-points according to input parameters.               |
 | The reduced k-points are set according to symmetry operations.     |
 | We treat the spin as another set of k-points.                      |
 |                                                                    |
 <<<<<<<<<<<<<<<<<<<<<<<<<<<<<<<<<<<<<<<<<<<<<<<<<<<<<<<<<<<<<<<<<<<<<<





 SETUP K-POINTS
                                    nspin = 1
                   Input type of k points = Monkhorst-Pack(Gamma)
                                   nkstot = 8
                       right hand lattice = 1
(for reciprocal lattice: )
                             BRAVAIS TYPE = 14
                     BRAVAIS LATTICE NAME = 14. Triclinic cell
                                    ibrav = 14
                       right hand lattice = 1
(for k-lattice: )
                             BRAVAIS TYPE = 14
                     BRAVAIS LATTICE NAME = 14. Triclinic cell
                                    ibrav = 14
                       right hand lattice = 1
                        ROTATION MATRICES = 2
                               nkstot_ibz = 8
K-POINTS REDUCTION ACCORDING TO SYMMETRY
     IBZ    DIRECT_X    DIRECT_Y    DIRECT_Z  WEIGHT  ibz2bz
       1  0.00000000  0.00000000  0.00000000  0.1250       0
       2  0.50000000  0.00000000  0.00000000  0.1250       1
       3  0.00000000  0.50000000  0.00000000  0.1250       2
       4  0.50000000  0.50000000  0.00000000  0.1250       3
       5  0.00000000  0.00000000  0.50000000  0.1250       4
       6  0.50000000  0.00000000  0.50000000  0.1250       5
       7  0.00000000  0.50000000  0.50000000  0.1250       6
       8  0.50000000  0.50000000  0.50000000  0.1250       7

                               nkstot now = 8
K-POINTS DIRECT COORDINATES
 KPOINTS    DIRECT_X    DIRECT_Y    DIRECT_Z  WEIGHT
       1  0.00000000  0.00000000  0.00000000  0.1250
       2  0.50000000  0.00000000  0.00000000  0.1250
       3  0.00000000  0.50000000  0.00000000  0.1250
       4  0.50000000  0.50000000  0.00000000  0.1250
       5  0.00000000  0.00000000  0.50000000  0.1250
       6  0.50000000  0.00000000  0.50000000  0.1250
       7  0.00000000  0.50000000  0.50000000  0.1250
       8  0.50000000  0.50000000  0.50000000  0.1250


           k-point number in this process = 8
       minimum distributed K point number = 8
starsize: 1
isym: 0 ks_vec: 0 0 0
starsize: 1
isym: 0 ks_vec: 0.5 0 0
starsize: 1
isym: 0 ks_vec: 0 0.5 0
starsize: 1
isym: 0 ks_vec: 0.5 0.5 0
starsize: 1
isym: 0 ks_vec: 0 0 0.5
starsize: 1
isym: 0 ks_vec: 0.5 0 0.5
starsize: 1
isym: 0 ks_vec: 0 0.5 0.5
starsize: 1
isym: 0 ks_vec: 0.5 0.5 0.5

K-POINTS CARTESIAN COORDINATES
 KPOINTS CARTESIAN_X CARTESIAN_Y CARTESIAN_Z  WEIGHT
       1  0.00000000  0.00000000  0.00000000  0.2500
       2  0.09543697  0.00000000 -0.00012703  0.2500
       3  0.00000000  0.09850566  0.00476378  0.2500
       4  0.09543697  0.09850566  0.00463676  0.2500
       5  0.00000000  0.00000000  0.09812388  0.2500
       6  0.09543697  0.00000000  0.09799685  0.2500
       7  0.00000000  0.09850566  0.10288766  0.2500
       8  0.09543697  0.09850566  0.10276063  0.2500


K-POINTS DIRECT COORDINATES
 KPOINTS    DIRECT_X    DIRECT_Y    DIRECT_Z  WEIGHT
       1  0.00000000  0.00000000  0.00000000  0.2500
       2  0.50000000  0.00000000  0.00000000  0.2500
       3  0.00000000  0.50000000  0.00000000  0.2500
       4  0.50000000  0.50000000  0.00000000  0.2500
       5  0.00000000  0.00000000  0.50000000  0.2500
       6  0.50000000  0.00000000  0.50000000  0.2500
       7  0.00000000  0.50000000  0.50000000  0.2500
       8  0.50000000  0.50000000  0.50000000  0.2500

 DONE : INIT K-POINTS Time : 0.682233 (SEC)





 >>>>>>>>>>>>>>>>>>>>>>>>>>>>>>>>>>>>>>>>>>>>>>>>>>>>>>>>>>>>>>>>>>>>>>
 |                                                                    |
 | Setup plane waves of wave functions:                               |
 | Use the energy cutoff and the lattice vectors to generate the      |
 | dimensions of FFT grid. The number of FFT grid on each processor   |
 | is 'nrxx'. The number of plane wave basis in reciprocal space is   |
 | different for charege/potential and wave functions. We also set    |
 | the 'sticks' for the parallel of FFT. The number of plane wave of  |
 | each k-point is 'npwk[ik]' in each processor                       |
 <<<<<<<<<<<<<<<<<<<<<<<<<<<<<<<<<<<<<<<<<<<<<<<<<<<<<<<<<<<<<<<<<<<<<<





 SETUP PLANE WAVES FOR WAVE FUNCTIONS
     energy cutoff for wavefunc (unit:Ry) = 100
              fft grid for wave functions = [ 64, 64, 64 ]
                    number of plane waves = 18253
                         number of sticks = 853

 PARALLEL PW FOR WAVE FUNCTIONS
     PROC   COLUMNS(POT)             PW
        1             27            572
        2             27            572
        3             27            572
        4             27            572
        5             27            570
        6             27            570
        7             27            570
        8             27            570
        9             27            570
       10             27            570
       11             27            571
       12             27            571
       13             27            571
       14             26            570
       15             26            570
       16             26            570
       17             26            570
       18             26            570
       19             26            570
       20             26            570
       21             26            570
       22             26            570
       23             27            570
       24             27            570
       25             27            570
       26             27            570
       27             27            570
       28             27            570
       29             27            570
       30             27            572
       31             26            570
       32             26            570
 --------------- sum -------------------
       32            853          18253
 DONE : INIT PLANEWAVE Time : 0.689543 (SEC)

 SET NONLOCAL PSEUDOPOTENTIAL PROJECTORS
 SET NONLOCAL PSEUDOPOTENTIAL PROJECTORS
 max number of nonlocal projetors among all species is 8
 DONE : LOCAL POTENTIAL Time : 1.4576 (SEC)


 -------------------------------------------
 SELF-CONSISTENT
 -------------------------------------------




 >>>>>>>>>>>>>>>>>>>>>>>>>>>>>>>>>>>>>>>>>>>>>>>>>>>>>>>>>>>>>>>>>>>>>>
 |                                                                    |
 | Search adjacent atoms:                                             |
 | Set the adjacent atoms for each atom and set the periodic boundary |
 | condition for the atoms on real space FFT grid. For k-dependent    |
 | algorithm, we also need to set the sparse H and S matrix element   |
 | for each atom.                                                     |
 |                                                                    |
 <<<<<<<<<<<<<<<<<<<<<<<<<<<<<<<<<<<<<<<<<<<<<<<<<<<<<<<<<<<<<<<<<<<<<<





 SETUP SEARCHING RADIUS FOR PROGRAM TO SEARCH ADJACENT ATOMS
                  longest orb rcut (Bohr) = 10
   longest nonlocal projector rcut (Bohr) = 2.46
                     search radius (Bohr) = 24.9
              searching radius is (Bohr)) = 24.9
         searching radius unit is (Bohr)) = 1.89
                         PeriodicBoundary = 1
                        Radius(unit:lat0) = 13.2
                                   glayer = [ 4, 4, 4 ]
                             glayer_minus = [ 3, 3, 3 ]

Find the coordinate range of the input atom(unit:lat0).
                                  min_tau = [ -14.5, -16.2, -14.3 ]
                                  max_tau = [ 21, 20.1, 20.3 ]
                                BoxNumber = [ 7, 7, 7 ]

 SETUP EXTENDED REAL SPACE GRID FOR GRID INTEGRATION
                          real space grid = [ 64, 64, 64 ]
                 big cell numbers in grid = [ 32, 32, 32 ]
             meshcell numbers in big cell = [ 2, 2, 2 ]
                        extended fft grid = [ 33, 34, 34 ]
                dimension of extened grid = [ 99, 101, 101 ]
                            UnitCellTotal = 125
              Atom number in sub-FFT-grid = 12
    Local orbitals number in sub-FFT-grid = 212
                                ParaV.nnr = 80127

 Warning_Memory_Consuming allocated:  Gint::hRGint 12.6 MB

 Warning_Memory_Consuming allocated:  Gint::DMRGint 12.6 MB
                                 init_chg = atomic
 DONE : INIT SCF Time : 2.16097 (SEC)


 LCAO ALGORITHM --------------- ION=   1  ELEC=   1--------------------------------

 Density error is 0.158939598994
----------------------------------------------------------
     Energy           Rydberg                 eV          
----------------------------------------------------------
 E_KohnSham     -718.6663394232      -9777.9571769571     
 E_Harris       -705.0044840058      -9592.0780980282     
 E_Fermi        0.7789425909         10.5980576515        
----------------------------------------------------------


 LCAO ALGORITHM --------------- ION=   1  ELEC=   2--------------------------------

 Density error is 0.0647098603261
----------------------------------------------------------
     Energy           Rydberg                 eV          
----------------------------------------------------------
 E_KohnSham     -718.9740720959      -9782.1440947667     
 E_Harris       -715.2026958077      -9730.8318879451     
 E_Fermi        1.0660471246         14.5043152313        
----------------------------------------------------------


 LCAO ALGORITHM --------------- ION=   1  ELEC=   3--------------------------------

 Density error is 0.0383222858524
----------------------------------------------------------
     Energy           Rydberg                 eV          
----------------------------------------------------------
 E_KohnSham     -719.0048789621      -9782.5632436850     
 E_Harris       -718.4116895103      -9774.4924871471     
 E_Fermi        1.0609743486         14.4352965732        
----------------------------------------------------------


 LCAO ALGORITHM --------------- ION=   1  ELEC=   4--------------------------------

 Density error is 0.00820270314409
----------------------------------------------------------
     Energy           Rydberg                 eV          
----------------------------------------------------------
 E_KohnSham     -719.0026724449      -9782.5332224787     
 E_Harris       -718.1825697344      -9771.3751526706     
 E_Fermi        1.0620937448         14.4505267389        
----------------------------------------------------------


 LCAO ALGORITHM --------------- ION=   1  ELEC=   5--------------------------------

 Density error is 0.00159173320123
----------------------------------------------------------
     Energy           Rydberg                 eV          
----------------------------------------------------------
 E_KohnSham     -719.0043997031      -9782.5567230311     
 E_Harris       -718.9805356585      -9782.2320360472     
 E_Fermi        1.0618056790         14.4466074036        
----------------------------------------------------------


 LCAO ALGORITHM --------------- ION=   1  ELEC=   6--------------------------------

 Density error is 0.000724103072978
----------------------------------------------------------
     Energy           Rydberg                 eV          
----------------------------------------------------------
 E_KohnSham     -719.0044418379      -9782.5572963047     
 E_Harris       -718.9441709390      -9781.7372686571     
 E_Fermi        1.0629696031         14.4624434027        
----------------------------------------------------------


 LCAO ALGORITHM --------------- ION=   1  ELEC=   7--------------------------------

 Density error is 0.000220992788291
----------------------------------------------------------
     Energy           Rydberg                 eV          
----------------------------------------------------------
 E_KohnSham     -719.0044479515      -9782.5573794843     
 E_Harris       -718.9845164524      -9782.2861975271     
 E_Fermi        1.0639835365         14.4762386748        
----------------------------------------------------------


 LCAO ALGORITHM --------------- ION=   1  ELEC=   8--------------------------------

 Density error is 4.72689512413e-05
----------------------------------------------------------
     Energy           Rydberg                 eV          
----------------------------------------------------------
 E_KohnSham     -719.0044488062      -9782.5573911142     
 E_Harris       -719.0068708862      -9782.5903452026     
 E_Fermi        1.0639585551         14.4758987852        
----------------------------------------------------------


 LCAO ALGORITHM --------------- ION=   1  ELEC=   9--------------------------------

 Density error is 4.62542939833e-05
----------------------------------------------------------
     Energy           Rydberg                 eV          
----------------------------------------------------------
 E_KohnSham     -719.0044488334      -9782.5573914833     
 E_Harris       -719.0001639770      -9782.4990930217     
 E_Fermi        1.0639727895         14.4760924541        
----------------------------------------------------------


 LCAO ALGORITHM --------------- ION=   1  ELEC=  10--------------------------------

 Density error is 5.92161233907e-06
----------------------------------------------------------
     Energy           Rydberg                 eV          
----------------------------------------------------------
 E_KohnSham     -719.0044488810      -9782.5573921315     
 E_Harris       -719.0038458915      -9782.5491880385     
 E_Fermi        1.0639824205         14.4762234901        
----------------------------------------------------------


 LCAO ALGORITHM --------------- ION=   1  ELEC=  11--------------------------------

 Density error is 2.24449803375e-06
----------------------------------------------------------
     Energy           Rydberg                 eV          
----------------------------------------------------------
 E_KohnSham     -719.0044488813      -9782.5573921352     
 E_Harris       -719.0042991693      -9782.5553551987     
 E_Fermi        1.0639851134         14.4762601292        
----------------------------------------------------------


 LCAO ALGORITHM --------------- ION=   1  ELEC=  12--------------------------------

 Density error is 4.37507818417e-07
----------------------------------------------------------
     Energy           Rydberg                 eV          
----------------------------------------------------------
 E_KohnSham     -719.0044488814      -9782.5573921368     
 E_Harris       -719.0044120065      -9782.5568904286     
 E_Fermi        1.0639832162         14.4762343165        
----------------------------------------------------------


 LCAO ALGORITHM --------------- ION=   1  ELEC=  13--------------------------------

 Density error is 2.58369935615e-07
----------------------------------------------------------
     Energy           Rydberg                 eV          
----------------------------------------------------------
 E_KohnSham     -719.0044488814      -9782.5573921368     
 E_Harris       -719.0044277223      -9782.5571042519     
 E_Fermi        1.0639834788         14.4762378899        
----------------------------------------------------------


 LCAO ALGORITHM --------------- ION=   1  ELEC=  14--------------------------------

 Density error is 4.76627087145e-08
----------------------------------------------------------
     Energy           Rydberg                 eV          
----------------------------------------------------------
 E_KohnSham     -719.0044488814      -9782.5573921368     
 E_Harris       -719.0044501275      -9782.5574090912     
 E_Fermi        1.0639838841         14.4762434034        
----------------------------------------------------------


 LCAO ALGORITHM --------------- ION=   1  ELEC=  15--------------------------------

 Density error is 1.58754155412e-08
----------------------------------------------------------
     Energy           Rydberg                 eV          
----------------------------------------------------------
 E_KohnSham     -719.0044488814      -9782.5573921368     
 E_Harris       -719.0044498053      -9782.5574047072     
 E_Fermi        1.0639838885         14.4762434641        
----------------------------------------------------------


 LCAO ALGORITHM --------------- ION=   1  ELEC=  16--------------------------------

 Density error is 5.73061798024e-09
----------------------------------------------------------
     Energy           Rydberg                 eV          
----------------------------------------------------------
 E_KohnSham     -719.0044488814      -9782.5573921368     
 E_KS(sigma->0) -719.0044488814      -9782.5573921368     
 E_Harris       -719.0044493718      -9782.5573988088     
 E_band         -36.7142083151       -499.5224306442      
 E_one_elec     -122.9261757819      -1672.4964239828     
 E_Hartree      117.7529479811       1602.1110488408      
 E_xc           -182.4650247510      -2482.5640223247     
 E_Ewald        -531.3661963297      -7229.6079946701     
 E_entropy(-TS) -0.0000000000        -0.0000000000        
 E_descf        0.0000000000         0.0000000000         
 E_exx          0.0000000000         0.0000000000         
 E_Fermi        1.0639838782         14.4762433241        
----------------------------------------------------------


 charge density convergence is achieved
 final etot is -9782.5573921 eV
 EFERMI = 14.476243324 eV

 STATE ENERGY(eV) AND OCCUPATIONS    NSPIN == 1
 1/8 kpoint (Cartesian) = 0.0000 0.0000 0.0000 (482 pws)
       1       -48.9475       0.250000
       2       -48.9390       0.250000
       3       -48.6144       0.250000
       4       -48.6054       0.250000
       5       -18.6720       0.250000
       6       -18.6573       0.250000
       7       -18.6108       0.250000
       8       -18.4858       0.250000
       9       -18.4022       0.250000
      10       -18.3631       0.250000
      11       -18.2565       0.250000
      12       -18.2307       0.250000
      13       -18.1785       0.250000
      14       -18.1751       0.250000
      15       -18.0858       0.250000
      16       -18.0579       0.250000
      17       -6.88087       0.250000
      18       -5.55536       0.250000
      19       -5.25309       0.250000
      20       -5.21920       0.250000
      21       -4.98771       0.250000
      22       -4.81799       0.250000
      23       -4.62487       0.250000
      24       -4.36120       0.250000
      25        5.48248       0.250000
      26        5.54612       0.250000
      27        5.89543       0.250000
      28        6.42173       0.250000
      29        6.61288       0.250000
      30        6.69515       0.250000
      31        7.87469       0.250000
      32        7.95547       0.250000
      33        8.06511       0.250000
      34        8.25310       0.250000
      35        8.40550       0.250000
      36        8.42990       0.250000
      37        9.26247       0.250000
      38        9.39209       0.250000
      39        9.69420       0.250000
      40        9.91538       0.250000
      41        9.93189       0.250000
      42        10.0959       0.250000
      43        10.4372       0.250000
      44        10.4593       0.250000
      45        10.5308       0.250000
      46        10.9264       0.250000
      47        11.1821       0.250000
      48        11.4434       0.250000
      49        15.8011        0.00000
      50        15.9359        0.00000
      51        16.4428        0.00000
      52        16.5330        0.00000
      53        17.1364        0.00000
      54        17.2522        0.00000
      55        17.3073        0.00000
      56        17.5025        0.00000
      57        17.9186        0.00000
      58        17.9360        0.00000

 2/8 kpoint (Cartesian) = 0.095437 0.0000 -0.00012703 (473 pws)
       1       -48.9433       0.250000
       2       -48.9431       0.250000
       3       -48.6121       0.250000
       4       -48.6077       0.250000
       5       -18.5789       0.250000
       6       -18.5775       0.250000
       7       -18.5191       0.250000
       8       -18.5185       0.250000
       9       -18.4717       0.250000
      10       -18.4711       0.250000
      11       -18.2188       0.250000
      12       -18.2163       0.250000
      13       -18.1751       0.250000
      14       -18.1734       0.250000
      15       -18.1433       0.250000
      16       -18.1402       0.250000
      17       -6.04755       0.250000
      18       -6.04476       0.250000
      19       -5.21870       0.250000
      20       -5.21480       0.250000
      21       -5.09224       0.250000
      22       -5.09124       0.250000
      23       -4.55426       0.250000
      24       -4.55144       0.250000
      25        6.15383       0.250000
      26        6.15690       0.250000
      27        6.74532       0.250000
      28        6.74805       0.250000
      29        7.03094       0.250000
      30        7.03278       0.250000
      31        7.24812       0.250000
      32        7.24915       0.250000
      33        7.43162       0.250000
      34        7.43269       0.250000
      35        8.62057       0.250000
      36        8.62681       0.250000
      37        8.77887       0.250000
      38        8.78248       0.250000
      39        9.21782       0.250000
      40        9.22004       0.250000
      41        9.98738       0.250000
      42        9.99162       0.250000
      43        10.5855       0.250000
      44        10.5909       0.250000
      45        10.8965       0.250000
      46        10.8983       0.250000
      47        11.2909       0.250000
      48        11.2970       0.250000
      49        16.0716        0.00000
      50        16.0749        0.00000
      51        16.7533        0.00000
      52        16.7606        0.00000
      53        17.0852        0.00000
      54        17.0930        0.00000
      55        17.5177        0.00000
      56        17.5206        0.00000
      57        18.2492        0.00000
      58        18.2601        0.00000

 3/8 kpoint (Cartesian) = 0.0000 0.098506 0.0047638 (472 pws)
       1       -48.9473       0.250000
       2       -48.9390       0.250000
       3       -48.6147       0.250000
       4       -48.6053       0.250000
       5       -18.6055       0.250000
       6       -18.6025       0.250000
       7       -18.5555       0.250000
       8       -18.4903       0.250000
       9       -18.3969       0.250000
      10       -18.3627       0.250000
      11       -18.2972       0.250000
      12       -18.2911       0.250000
      13       -18.2558       0.250000
      14       -18.1813       0.250000
      15       -18.1008       0.250000
      16       -18.0646       0.250000
      17       -6.05546       0.250000
      18       -6.01278       0.250000
      19       -5.24512       0.250000
      20       -5.22308       0.250000
      21       -5.05875       0.250000
      22       -5.04760       0.250000
      23       -4.63552       0.250000
      24       -4.62304       0.250000
      25        6.46049       0.250000
      26        6.52908       0.250000
      27        6.61238       0.250000
      28        6.68359       0.250000
      29        7.04611       0.250000
      30        7.06238       0.250000
      31        7.32691       0.250000
      32        7.48537       0.250000
      33        7.84870       0.250000
      34        8.02772       0.250000
      35        8.46550       0.250000
      36        8.55301       0.250000
      37        8.84805       0.250000
      38        9.12821       0.250000
      39        9.17766       0.250000
      40        9.57615       0.250000
      41        9.57821       0.250000
      42        9.66948       0.250000
      43        10.0541       0.250000
      44        10.1885       0.250000
      45        10.4381       0.250000
      46        10.5476       0.250000
      47        10.8925       0.250000
      48        11.0065       0.250000
      49        16.3117        0.00000
      50        16.3609        0.00000
      51        16.6002        0.00000
      52        16.7361        0.00000
      53        17.0395        0.00000
      54        17.1565        0.00000
      55        17.5428        0.00000
      56        17.5862        0.00000
      57        17.9036        0.00000
      58        18.0771        0.00000

 4/8 kpoint (Cartesian) = 0.095437 0.098506 0.0046368 (470 pws)
       1       -48.9432       0.250000
       2       -48.9430       0.250000
       3       -48.6121       0.250000
       4       -48.6078       0.250000
       5       -18.5711       0.250000
       6       -18.5703       0.250000
       7       -18.5189       0.250000
       8       -18.5187       0.250000
       9       -18.4805       0.250000
      10       -18.4803       0.250000
      11       -18.2210       0.250000
      12       -18.2195       0.250000
      13       -18.1751       0.250000
      14       -18.1734       0.250000
      15       -18.1425       0.250000
      16       -18.1398       0.250000
      17       -5.70890       0.250000
      18       -5.70730       0.250000
      19       -5.58198       0.250000
      20       -5.57610       0.250000
      21       -5.02633       0.250000
      22       -5.02291       0.250000
      23       -4.67154       0.250000
      24       -4.66944       0.250000
      25        6.75210       0.250000
      26        6.75296       0.250000
      27        6.88859       0.250000
      28        6.89284       0.250000
      29        7.17485       0.250000
      30        7.17933       0.250000
      31        7.64227       0.250000
      32        7.64990       0.250000
      33        8.02476       0.250000
      34        8.03084       0.250000
      35        8.41589       0.250000
      36        8.41898       0.250000
      37        8.70858       0.250000
      38        8.70900       0.250000
      39        8.96166       0.250000
      40        8.96572       0.250000
      41        9.65452       0.250000
      42        9.65679       0.250000
      43        9.95863       0.250000
      44        9.96052       0.250000
      45        10.4054       0.250000
      46        10.4061       0.250000
      47        10.6601       0.250000
      48        10.6620       0.250000
      49        16.3801        0.00000
      50        16.3844        0.00000
      51        16.4096        0.00000
      52        16.4164        0.00000
      53        17.1803        0.00000
      54        17.1828        0.00000
      55        17.5643        0.00000
      56        17.5731        0.00000
      57        18.2917        0.00000
      58        18.3019        0.00000

 5/8 kpoint (Cartesian) = 0.0000 0.0000 0.098124 (478 pws)
       1       -48.9441       0.250000
       2       -48.9423       0.250000
       3       -48.6125       0.250000
       4       -48.6075       0.250000
       5       -18.5791       0.250000
       6       -18.5577       0.250000
       7       -18.5209       0.250000
       8       -18.5110       0.250000
       9       -18.4981       0.250000
      10       -18.4532       0.250000
      11       -18.2240       0.250000
      12       -18.2068       0.250000
      13       -18.1954       0.250000
      14       -18.1884       0.250000
      15       -18.1401       0.250000
      16       -18.1334       0.250000
      17       -6.21558       0.250000
      18       -5.69200       0.250000
      19       -5.39152       0.250000
      20       -5.22210       0.250000
      21       -5.21277       0.250000
      22       -4.94126       0.250000
      23       -4.61712       0.250000
      24       -4.53129       0.250000
      25        6.00909       0.250000
      26        6.22936       0.250000
      27        6.65626       0.250000
      28        6.67221       0.250000
      29        6.91308       0.250000
      30        7.06107       0.250000
      31        7.18439       0.250000
      32        7.19888       0.250000
      33        7.61010       0.250000
      34        7.90083       0.250000
      35        8.65092       0.250000
      36        8.79491       0.250000
      37        8.82739       0.250000
      38        8.99608       0.250000
      39        9.35854       0.250000
      40        9.41542       0.250000
      41        9.86211       0.250000
      42        9.87858       0.250000
      43        10.2627       0.250000
      44        10.3996       0.250000
      45        10.6087       0.250000
      46        10.9027       0.250000
      47        11.1917       0.250000
      48        11.5248       0.250000
      49        16.1215        0.00000
      50        16.3093        0.00000
      51        16.4318        0.00000
      52        16.6547        0.00000
      53        17.0269        0.00000
      54        17.0523        0.00000
      55        17.4442        0.00000
      56        17.5175        0.00000
      57        18.2113        0.00000
      58        18.3235        0.00000

 6/8 kpoint (Cartesian) = 0.095437 0.0000 0.097997 (476 pws)
       1       -48.9432       0.250000
       2       -48.9430       0.250000
       3       -48.6122       0.250000
       4       -48.6078       0.250000
       5       -18.6159       0.250000
       6       -18.6142       0.250000
       7       -18.5266       0.250000
       8       -18.5263       0.250000
       9       -18.3628       0.250000
      10       -18.3622       0.250000
      11       -18.3141       0.250000
      12       -18.3116       0.250000
      13       -18.2176       0.250000
      14       -18.2139       0.250000
      15       -18.0715       0.250000
      16       -18.0709       0.250000
      17       -5.87141       0.250000
      18       -5.86921       0.250000
      19       -5.42731       0.250000
      20       -5.42443       0.250000
      21       -5.10111       0.250000
      22       -5.09950       0.250000
      23       -4.56013       0.250000
      24       -4.55575       0.250000
      25        6.51016       0.250000
      26        6.51049       0.250000
      27        6.74947       0.250000
      28        6.75020       0.250000
      29        7.29017       0.250000
      30        7.29207       0.250000
      31        7.71935       0.250000
      32        7.72535       0.250000
      33        7.92234       0.250000
      34        7.92711       0.250000
      35        8.14688       0.250000
      36        8.14845       0.250000
      37        8.89886       0.250000
      38        8.90193       0.250000
      39        8.94781       0.250000
      40        8.95242       0.250000
      41        9.52776       0.250000
      42        9.52988       0.250000
      43        9.85440       0.250000
      44        9.85801       0.250000
      45        10.7716       0.250000
      46        10.7755       0.250000
      47        11.3436       0.250000
      48        11.3517       0.250000
      49        15.6886        0.00000
      50        15.6919        0.00000
      51        16.2936        0.00000
      52        16.2993        0.00000
      53        17.1207        0.00000
      54        17.1244        0.00000
      55        17.5565        0.00000
      56        17.5590        0.00000
      57        18.0230        0.00000
      58        18.0325        0.00000

 7/8 kpoint (Cartesian) = 0.0000 0.098506 0.10289 (468 pws)
       1       -48.9440       0.250000
       2       -48.9423       0.250000
       3       -48.6125       0.250000
       4       -48.6075       0.250000
       5       -18.5884       0.250000
       6       -18.5758       0.250000
       7       -18.5408       0.250000
       8       -18.5336       0.250000
       9       -18.4781       0.250000
      10       -18.4418       0.250000
      11       -18.2407       0.250000
      12       -18.1961       0.250000
      13       -18.1689       0.250000
      14       -18.1631       0.250000
      15       -18.1455       0.250000
      16       -18.1382       0.250000
      17       -5.80485       0.250000
      18       -5.75446       0.250000
      19       -5.37721       0.250000
      20       -5.22614       0.250000
      21       -5.19557       0.250000
      22       -5.18442       0.250000
      23       -4.83501       0.250000
      24       -4.62268       0.250000
      25        6.55539       0.250000
      26        6.59518       0.250000
      27        6.94554       0.250000
      28        7.02543       0.250000
      29        7.06471       0.250000
      30        7.34798       0.250000
      31        7.54973       0.250000
      32        7.72444       0.250000
      33        8.12283       0.250000
      34        8.29343       0.250000
      35        8.56952       0.250000
      36        8.59472       0.250000
      37        8.70288       0.250000
      38        8.94358       0.250000
      39        8.97819       0.250000
      40        9.07687       0.250000
      41        9.65253       0.250000
      42        9.67421       0.250000
      43        9.90281       0.250000
      44        9.95781       0.250000
      45        10.2092       0.250000
      46        10.2228       0.250000
      47        10.3499       0.250000
      48        10.5813       0.250000
      49        15.9761        0.00000
      50        16.4681        0.00000
      51        16.6544        0.00000
      52        16.6795        0.00000
      53        17.0612        0.00000
      54        17.2556        0.00000
      55        17.3851        0.00000
      56        17.9684        0.00000
      57        18.0022        0.00000
      58        18.1300        0.00000

 8/8 kpoint (Cartesian) = 0.095437 0.098506 0.10276 (464 pws)
       1       -48.9431       0.250000
       2       -48.9429       0.250000
       3       -48.6121       0.250000
       4       -48.6078       0.250000
       5       -18.6684       0.250000
       6       -18.6667       0.250000
       7       -18.5927       0.250000
       8       -18.5924       0.250000
       9       -18.3610       0.250000
      10       -18.3603       0.250000
      11       -18.2394       0.250000
      12       -18.2369       0.250000
      13       -18.1659       0.250000
      14       -18.1628       0.250000
      15       -18.0721       0.250000
      16       -18.0716       0.250000
      17       -5.88517       0.250000
      18       -5.88103       0.250000
      19       -5.68863       0.250000
      20       -5.68488       0.250000
      21       -4.84921       0.250000
      22       -4.84778       0.250000
      23       -4.57450       0.250000
      24       -4.57168       0.250000
      25        6.93915       0.250000
      26        6.94269       0.250000
      27        7.09311       0.250000
      28        7.09604       0.250000
      29        7.39873       0.250000
      30        7.40128       0.250000
      31        7.55708       0.250000
      32        7.55910       0.250000
      33        8.20637       0.250000
      34        8.20890       0.250000
      35        8.34686       0.250000
      36        8.35309       0.250000
      37        8.91469       0.250000
      38        8.91747       0.250000
      39        9.02472       0.250000
      40        9.02723       0.250000
      41        9.49720       0.250000
      42        9.50068       0.250000
      43        9.78395       0.250000
      44        9.78494       0.250000
      45        10.1067       0.250000
      46        10.1100       0.250000
      47        10.4394       0.250000
      48        10.4412       0.250000
      49        15.8185        0.00000
      50        15.8217        0.00000
      51        16.3943        0.00000
      52        16.3986        0.00000
      53        16.8927        0.00000
      54        16.8946        0.00000
      55        17.1619        0.00000
      56        17.1633        0.00000
      57        18.1800        0.00000
      58        18.1885        0.00000

 correction force for each atom along direction 1 is 1.92990e-06
 correction force for each atom along direction 2 is -9.59253e-07
 correction force for each atom along direction 3 is 6.18771e-07
------------------------------------------------------------------------------------------
 TOTAL-FORCE (eV/Angstrom)                                                                
------------------------------------------------------------------------------------------
                       Hf1        -0.0384412419         0.0367377799        -0.0123628029 
                       Hf2        -0.0367339874        -0.0364837740         0.0133844363 
                       Hf3         0.0319334105         0.0294825008        -0.0079002620 
                       Hf4         0.0320220817        -0.0259268746         0.0068038745 
                        O1         0.0250191992         0.0365813660        -0.0354930333 
                        O2         0.0096723345        -0.0309181027         0.0379722466 
                        O3        -0.0657950471         0.0875640447        -0.0616534047 
                        O4         0.0386565465        -0.0773777120         0.0392837410 
                        O5         0.0066465113         0.0335982980        -0.0351493245 
                        O6         0.0235830270        -0.0339655824         0.0319218021 
                        O7         0.0395181067         0.0719172778        -0.0367323713 
                        O8        -0.0660809412        -0.0912092215         0.0599250981 
------------------------------------------------------------------------------------------

----------------------------------------------------------------
 TOTAL-STRESS (KBAR)                                            
----------------------------------------------------------------
       -90.7387663966         0.2287926058        -0.7804551077 
         0.2287926058       131.1431089097         3.4353742951 
        -0.7804551077         3.4353742951        -0.4716663583 
----------------------------------------------------------------
 TOTAL-PRESSURE: 13.310892 KBAR



 --------------------------------------------
 !FINAL_ETOT_IS -9782.5573921368104493 eV
 --------------------------------------------


TIME STATISTICS
------------------------------------------------------------------------------------
    CLASS_NAME                    NAME                TIME/s  CALLS   AVG/s  PER/%  
------------------------------------------------------------------------------------
                   total                              119.51 13       9.19   100.00 
 Driver            reading                            0.25   1        0.25   0.21   
 Input_Conv        Convert                            0.00   1        0.00   0.00   
 Driver            driver_line                        119.26 1        119.26 99.79  
 UnitCell          check_tau                          0.00   1        0.00   0.00   
 ESolver_KS_LCAO   before_all_runners                 1.18   1        1.18   0.99   
 PW_Basis_Sup      setuptransform                     0.02   1        0.02   0.01   
 PW_Basis_Sup      distributeg                        0.00   1        0.00   0.00   
 mymath            heapsort                           0.00   31       0.00   0.00   
 Charge_Mixing     init_mixing                        0.00   1        0.00   0.00   
 Symmetry          analy_sys                          0.04   1        0.04   0.03   
 PW_Basis_K        setuptransform                     0.00   1        0.00   0.00   
 PW_Basis_K        distributeg                        0.00   1        0.00   0.00   
 PW_Basis          setup_struc_factor                 0.00   1        0.00   0.00   
 NOrbital_Lm       extra_uniform                      0.23   14       0.02   0.19   
 Mathzone_Add1     SplineD2                           0.00   14       0.00   0.00   
 Mathzone_Add1     Cubic_Spline_Interpolation         0.01   14       0.00   0.00   
 Mathzone_Add1     Uni_Deriv_Phi                      0.21   14       0.02   0.18   
 ppcell_vl         init_vloc                          0.13   1        0.13   0.11   
 Ions              opt_ions                           118.04 1        118.04 98.77  
 ESolver_KS_LCAO   runner                             108.81 1        108.81 91.05  
 ESolver_KS_LCAO   before_scf                         0.70   1        0.70   0.59   
 atom_arrange      search                             0.00   1        0.00   0.00   
 atom_arrange      grid_d.init                        0.00   1        0.00   0.00   
 Grid              Construct_Adjacent_expand          0.00   1        0.00   0.00   
 Grid              Construct_Adjacent_expand_periodic 0.00   12       0.00   0.00   
 Grid_Technique    init                               0.25   1        0.25   0.21   
 Grid_BigCell      grid_expansion_index               0.05   2        0.03   0.05   
 Grid_Driver       Find_atom                          0.00   120      0.00   0.00   
 Record_adj        for_2d                             0.04   1        0.04   0.04   
 LCAO_domain       grid_prepare                       0.00   1        0.00   0.00   
 Veff              initialize_HR                      0.00   1        0.00   0.00   
 OverlapNew        initialize_SR                      0.00   1        0.00   0.00   
 EkineticNew       initialize_HR                      0.01   1        0.01   0.00   
 NonlocalNew       initialize_HR                      0.03   1        0.03   0.02   
 Charge            set_rho_core                       0.14   1        0.14   0.12   
 PW_Basis_Sup      recip2real                         0.06   132      0.00   0.05   
 PW_Basis_Sup      gathers_scatterp                   0.04   132      0.00   0.04   
 Charge            atomic_rho                         0.27   2        0.13   0.23   
 Potential         init_pot                           0.02   1        0.02   0.02   
 Potential         update_from_charge                 0.15   17       0.01   0.12   
 Potential         cal_fixed_v                        0.00   1        0.00   0.00   
 PotLocal          cal_fixed_v                        0.00   1        0.00   0.00   
 Potential         cal_v_eff                          0.14   17       0.01   0.12   
 H_Hartree_pw      v_hartree                          0.02   17       0.00   0.02   
 PW_Basis_Sup      real2recip                         0.07   153      0.00   0.06   
 PW_Basis_Sup      gatherp_scatters                   0.05   153      0.00   0.04   
 PotXC             cal_v_eff                          0.12   17       0.01   0.10   
 XC_Functional     v_xc                               0.13   19       0.01   0.11   
 Potential         interpolate_vrs                    0.00   17       0.00   0.00   
 Symmetry          rhog_symmetry                      0.64   17       0.04   0.53   
 Symmetry          group fft grids                    0.21   17       0.01   0.18   
 H_Ewald_pw        compute_ewald                      0.00   1        0.00   0.00   
 HSolverLCAO       solve                              107.05 16       6.69   89.58  
 HamiltLCAO        updateHk                           56.31  128      0.44   47.12  
 OperatorLCAO      init                               56.15  384      0.15   46.98  
 Veff              contributeHR                       55.60  16       3.48   46.53  
 Gint_interface    cal_gint                           101.32 33       3.07   84.78  
 Gint_interface    cal_gint_vlocal                    52.43  16       3.28   43.87  
 Gint_Tools        cal_psir_ylm                       4.98   32768    0.00   4.16   
 Gint_k            transfer_pvpR                      3.17   16       0.20   2.66   
 OverlapNew        calculate_SR                       0.12   1        0.12   0.10   
 OverlapNew        contributeHk                       0.04   128      0.00   0.03   
 EkineticNew       contributeHR                       0.13   16       0.01   0.11   
 EkineticNew       calculate_HR                       0.13   1        0.13   0.11   
 NonlocalNew       contributeHR                       0.36   16       0.02   0.30   
 NonlocalNew       calculate_HR                       0.35   1        0.35   0.29   
 OperatorLCAO      contributeHk                       0.05   128      0.00   0.04   
 HSolverLCAO       hamiltSolvePsiK                    4.31   128      0.03   3.61   
 DiagoElpa         elpa_solve                         3.99   128      0.03   3.34   
 elecstate         cal_dm                             0.19   17       0.01   0.16   
 psiMulPsiMpi      pdgemm                             0.19   136      0.00   0.16   
 DensityMatrix     cal_DMR                            0.05   17       0.00   0.04   
 ElecStateLCAO     psiToRho                           46.20  16       2.89   38.66  
 Gint              transfer_DMR                       2.31   16       0.14   1.94   
 Gint_interface    cal_gint_rho                       42.71  16       2.67   35.74  
 Charge_Mixing     get_drho                           0.00   16       0.00   0.00   
 Charge            mix_rho                            0.03   15       0.00   0.03   
 Charge            Broyden_mixing                     0.01   15       0.00   0.01   
 ModuleIO          write_rhog                         0.03   1        0.03   0.03   
 ESolver_KS_LCAO   after_scf                          0.14   1        0.14   0.12   
 ESolver_KS_LCAO   cal_force                          9.23   1        9.23   7.72   
 Force_Stress_LCAO getForceStress                     9.23   1        9.23   7.72   
 Forces            cal_force_loc                      0.00   1        0.00   0.00   
 Forces            cal_force_ew                       0.00   1        0.00   0.00   
 Forces            cal_force_cc                       0.15   1        0.15   0.13   
 Forces            cal_force_scc                      0.14   1        0.14   0.11   
 Stress_Func       stress_loc                         0.42   1        0.42   0.35   
 Stress_Func       stress_har                         0.00   1        0.00   0.00   
 Stress_Func       stress_ewa                         0.00   1        0.00   0.00   
 Stress_Func       stress_cc                          0.58   1        0.58   0.48   
 Stress_Func       stress_gga                         0.00   1        0.00   0.00   
 Force_LCAO        ftable                             6.91   1        6.91   5.78   
 Force_LCAO        allocate                           0.34   1        0.34   0.29   
 LCAO_domain       build_ST_new                       0.34   2        0.17   0.28   
 Force_LCAO        cal_pulay_fs_center2               0.01   2        0.01   0.01   
 Gint_interface    cal_gint_force                     6.18   1        6.18   5.17   
 Gint_Tools        cal_dpsir_ylm                      0.46   1024     0.00   0.39   
 Gint_Tools        cal_dpsirr_ylm                     0.12   1024     0.00   0.10   
 NonlocalNew       cal_force_stress                   1.02   1        1.02   0.85   
 ESolver_KS_LCAO   cal_stress                         0.00   1        0.00   0.00   
 ESolver_KS_LCAO   after_all_runners                  0.01   1        0.01   0.01   
 ModuleIO          write_istate_info                  0.01   1        0.01   0.01   
------------------------------------------------------------------------------------


 NAME-------------------------|MEMORY(MB)--------
                         total      2301.5552
                  Gint::hRGint       403.6990
                 Gint::DMRGint       403.3865
       TwoCenterTable: Kinetic       137.3855
       TwoCenterTable: Overlap       137.3855
      TwoCenterTable: Nonlocal       136.0217
                  meshball_pos       125.6067
               GT::ind_bigcell       123.2787
         GT::in_this_processor       123.2787
              GT::index2normal       123.2787
               GT::index2ucell       123.2787
                   Stress::dSR       115.0720
                   Force::dS_K        57.5360
                   Stress::dHr        57.5360
                  Force::dTVNL        57.5360
      GT::bigcell_on_processor        30.8197
                HamiltLCAO::hR        26.0671
            DensityMatrix::DMR        26.0671
                    index_ball        20.9344
                HamiltLCAO::sR        17.4256
                GT::which_atom         7.1087
             GT::which_bigcell         7.1087
            GT::which_unitcell         7.1087
            DensityMatrix::DMK         5.4863
                RealGauntTable         3.7773
                  SF::strucFac         3.7688
                  PW_B_K::gcar         2.8705
                  SF::eigts123         2.2515
                      Chg::rho         2.0000
                 Chg::rho_save         2.0000
                 Chg::rho_core         2.0000
                 Pot::veff_fix         2.0000
                     Pot::veff         2.0000
              Pot::veff_smooth         2.0000
 -------------   < 1.0 MB has been ignored ----------------
 ----------------------------------------------------------

 Start  Time  : Sun Oct 11 00:38:41 2026
 Finish Time  : Sun Oct 11 00:40:40 2026
 Total  Time  : 0 h 1 mins 59 secs 
