                                                                                     
                              ABACUS v3.10.0

               Atomic-orbital Based Ab-initio Computation at UStc                    

                     Website: http://abacus.ustc.edu.cn/                             
               Documentation: https://abacus.deepmodeling.com/                       
                  Repository: https://github.com/abacusmodeling/abacus-develop       
                              https://github.com/deepmodeling/abacus-develop         
                      Commit: f7cb1d3 (Mon May 12 16:53:30 2025 +0800)

    Start Time is Sat Oct 10 10:59:55 2026
                                                                                     
 ------------------------------------------------------------------------------------

 READING GENERAL INFORMATION
                           global_out_dir = OUT.ABACUS/
                           global_in_card = INPUT
                               pseudo_dir = 
                              orbital_dir = 
                                    DRANK = 1
                                    DSIZE = 32
                                   DCOLOR = 1
                                    GRANK = 1
                                    GSIZE = 1




 >>>>>>>>>>>>>>>>>>>>>>>>>>>>>>>>>>>>>>>>>>>>>>>>>>>>>>>>>>>>>>>>>>>>>>
 |                                                                    |
 | Reading atom information in unitcell:                              |
 | From the input file and the structure file we know the number of   |
 | different elments in this unitcell, then we list the detail        |
 | information for each element, especially the zeta and polar atomic |
 | orbital number for each element. The total atom number is counted. |
 | We calculate the nearest atom distance for each atom and show the  |
 | Cartesian and Direct coordinates for each atom. We list the file   |
 | address for atomic orbitals. The volume and the lattice vectors    |
 | in real and reciprocal space is also shown.                        |
 |                                                                    |
 <<<<<<<<<<<<<<<<<<<<<<<<<<<<<<<<<<<<<<<<<<<<<<<<<<<<<<<<<<<<<<<<<<<<<<




 READING UNITCELL INFORMATION
                                    ntype = 2
                  lattice constant (Bohr) = 1.88973
              lattice constant (Angstrom) = 1

 READING ATOM TYPE 1
                               atom label = Hf
                      L=0, number of zeta = 4
                      L=1, number of zeta = 2
                      L=2, number of zeta = 2
                      L=3, number of zeta = 1
             number of atom for this type = 4

 READING ATOM TYPE 2
                               atom label = O
                      L=0, number of zeta = 2
                      L=1, number of zeta = 2
                      L=2, number of zeta = 1
             number of atom for this type = 8

                        TOTAL ATOM NUMBER = 12
DIRECT COORDINATES
    atom                   x                   y                   z     mag                  vx                  vy                  vz
taud_Hf1            0.9997863094        0.0648612661        0.9995441873  0.0000        0.0000000000        0.0000000000        0.0000000000
taud_Hf2            0.4997863471        0.0001489634        0.5322394236  0.0000        0.0000000000        0.0000000000        0.0000000000
taud_Hf3            0.4997865690        0.5001487836        0.9995450821  0.0000        0.0000000000        0.0000000000        0.0000000000
taud_Hf4            0.9997862252        0.5648608635        0.5322386355  0.0000        0.0000000000        0.0000000000        0.0000000000
taud_O1            0.1442685876        0.3971758632        0.1976872591  0.0000        0.0000000000        0.0000000000        0.0000000000
taud_O2            0.6442673000        0.1678390345        0.1976849485  0.0000        0.0000000000        0.0000000000        0.0000000000
taud_O3            0.2508081740        0.2643998188        0.7285799593  0.0000        0.0000000000        0.0000000000        0.0000000000
taud_O4            0.7508080058        0.3006154588        0.7285803126  0.0000        0.0000000000        0.0000000000        0.0000000000
taud_O5            0.1442670100        0.8971766643        0.3340995805  0.0000        0.0000000000        0.0000000000        0.0000000000
taud_O6            0.6442657747        0.6678378420        0.3341016051  0.0000        0.0000000000        0.0000000000        0.0000000000
taud_O7            0.2508062598        0.7644006885        0.8032065643  0.0000        0.0000000000        0.0000000000        0.0000000000
taud_O8            0.7508059489        0.8006160270        0.8032058377  0.0000        0.0000000000        0.0000000000        0.0000000000



                          Volume (Bohr^3) = 920.287
                             Volume (A^3) = 136.372

 Lattice vectors: (Cartesian coordinate: in unit of a_0)
             +5.29145         +1.0802e-23        -5.09977e-15
                   +0            +5.12661                  +0
         -6.80402e-06        -7.36694e-07            +5.02715
 Reciprocal vectors: (Cartesian coordinate: in unit of 2 pi/a_0)
            +0.188984                  -0        +2.55782e-07
         +2.71511e-23           +0.195061        +2.85848e-08
         +1.91714e-16                  -0            +0.19892
 The esolver type has been set to : ksdft_lcao

 RUNNING WITH DEVICE  : CPU / AMD EPYC 7702 64-Core Processor




 >>>>>>>>>>>>>>>>>>>>>>>>>>>>>>>>>>>>>>>>>>>>>>>>>>>>>>>>>>>>>>>>>>>>>>
 |                                                                    |
 | Reading pseudopotentials files:                                    |
 | The pseudopotential file is in UPF format. The 'NC' indicates that |
 | the type of pseudopotential is 'norm conserving'. Functional of    |
 | exchange and correlation is decided by 4 given parameters in UPF   |
 | file.  We also read in the 'core correction' if there exists.      |
 | Also we can read the valence electrons number and the maximal      |
 | angular momentum used in this pseudopotential. We also read in the |
 | trail wave function, trail atomic density and local-pseudopotential|
 | on logrithmic grid. The non-local pseudopotential projector is also|
 | read in if there is any.                                           |
 |                                                                    |
 <<<<<<<<<<<<<<<<<<<<<<<<<<<<<<<<<<<<<<<<<<<<<<<<<<<<<<<<<<<<<<<<<<<<<<




                PAO radial cut off (Bohr) = 15

 Read in pseudopotential file is Hf.upf
                     pseudopotential type = NC
          exchange-correlation functional = PBE
                 nonlocal core correction = 1
                        valence electrons = 12
                                     lmax = 3
                           number of zeta = 4
                     number of projectors = 8
                           L of projector = 0
                           L of projector = 0
                           L of projector = 1
                           L of projector = 1
                           L of projector = 2
                           L of projector = 2
                           L of projector = 3
                           L of projector = 3
                PAO radial cut off (Bohr) = 15

 Read in pseudopotential file is O.upf
                     pseudopotential type = NC
          exchange-correlation functional = PBE
                 nonlocal core correction = 1
                        valence electrons = 6
                                     lmax = 2
                           number of zeta = 2
                     number of projectors = 5
                           L of projector = 0
                           L of projector = 0
                           L of projector = 1
                           L of projector = 1
                           L of projector = 2
     initial pseudo atomic orbital number = 72

 SETUP THE ELECTRONS NUMBER
            electron number of element Hf = 12
      total electron number of element Hf = 48
             electron number of element O = 6
       total electron number of element O = 48
            AUTOSET number of electrons:  = 96
                           occupied bands = 48
                                   NLOCAL = 212
                                   NBANDS = 58
                                   NBANDS = 58
                                   NLOCAL = 212

%%%%%%%%%%%%%%%%%%%%%%%%%%%%%%%%%%%%%%%%%%%%%%%%%%%%%%%%%%%%%%%%%%%%%%%%%%%%%%%%%%%%%%%%%%%%%%%%%%%%%%%%%%
 Warning: the number of valence electrons in pseudopotential > 4 for Hf: [Xe] 4f14 5d2 6s2
 Pseudopotentials with additional electrons can yield (more) accurate outcomes, but may be less efficient.
 If you're confident that your chosen pseudopotential is appropriate, you can safely ignore this warning.
%%%%%%%%%%%%%%%%%%%%%%%%%%%%%%%%%%%%%%%%%%%%%%%%%%%%%%%%%%%%%%%%%%%%%%%%%%%%%%%%%%%%%%%%%%%%%%%%%%%%%%%%%%
                  




 >>>>>>>>>>>>>>>>>>>>>>>>>>>>>>>>>>>>>>>>>>>>>>>>>>>>>>>>>>>>>>>>>>>>>>
 |                                                                    |
 | Setup plane waves of charge/potential:                             |
 | Use the energy cutoff and the lattice vectors to generate the      |
 | dimensions of FFT grid. The number of FFT grid on each processor   |
 | is 'nrxx'. The number of plane wave basis in reciprocal space is   |
 | different for charege/potential and wave functions. We also set    |
 | the 'sticks' for the parallel of FFT. The number of plane waves    |
 | is 'npw' in each processor.                                        |
 <<<<<<<<<<<<<<<<<<<<<<<<<<<<<<<<<<<<<<<<<<<<<<<<<<<<<<<<<<<<<<<<<<<<<<





 SETUP THE PLANE WAVE BASIS
 energy cutoff for charge/potential (unit:Ry) = 400
            fft grid for charge/potential = [ 64, 64, 64 ]
                        fft grid division = [ 2, 2, 2 ]
        big fft grid for charge/potential = [ 32, 32, 32 ]
                                     nbxx = 1024
                                     nrxx = 8192

 SETUP PLANE WAVES FOR CHARGE/POTENTIAL
                    number of plane waves = 124235
                         number of sticks = 3079

 PARALLEL PW FOR CHARGE/POTENTIAL
     PROC   COLUMNS(POT)             PW
        1             97           3885
        2             97           3885
        3             96           3882
        4             96           3882
        5             96           3882
        6             96           3882
        7             96           3882
        8             96           3882
        9             96           3882
       10             96           3882
       11             96           3882
       12             96           3882
       13             97           3883
       14             96           3882
       15             96           3882
       16             96           3882
       17             96           3882
       18             96           3882
       19             96           3882
       20             96           3882
       21             96           3882
       22             96           3882
       23             96           3882
       24             96           3882
       25             96           3882
       26             96           3882
       27             96           3882
       28             96           3882
       29             97           3883
       30             97           3883
       31             97           3883
       32             97           3883
 --------------- sum -------------------
       32           3079         124235
                            number of |g| = 3828
                                  max |g| = 36.1786
                                  min |g| = 0.47363
 DONE : SETUP UNITCELL Time : 1.09269 (SEC)


----------- Double Check Mixing Parameters Begin ------------
mixing_type: broyden
mixing_beta: 0.3
mixing_gg0: 1
mixing_gg0_min: 0.1
mixing_ndim: 8
----------- Double Check Mixing Parameters End ------------




 >>>>>>>>>>>>>>>>>>>>>>>>>>>>>>>>>>>>>>>>>>>>>>>>>>>>>>>>>>>>>>>>>>>>>>
 |                                                                    |
 | Doing symmetry analysis:                                           |
 | We calculate the norm of 3 vectors and the angles between them,    |
 | the type of Bravais lattice is given. We can judge if the unticell |
 | is a primitive cell. Finally we give the point group operation for |
 | this unitcell. We use the point group operations to do symmetry |
 | analysis on given k-point mesh and the charge density.             |
 |                                                                    |
 <<<<<<<<<<<<<<<<<<<<<<<<<<<<<<<<<<<<<<<<<<<<<<<<<<<<<<<<<<<<<<<<<<<<<<




 LATTICE VECTORS: (CARTESIAN COORDINATE: IN UNIT OF A0)
             +5.29145         +1.0802e-23        -5.09977e-15
                   +0            +5.12661                  +0
         -6.80402e-06        -7.36694e-07            +5.02715
                       right hand lattice = 1
                                   NORM_A = 5.29145
                                   NORM_B = 5.12661
                                   NORM_C = 5.02715
                           ALPHA (DEGREE) = 90
                           BETA  (DEGREE) = 90.0001
                           GAMMA (DEGREE) = 90

 The lattice vectors have been changed (STRU_SIMPLE.cif)

(for optimal symmetric configuration:)
                             BRAVAIS TYPE = 12
                     BRAVAIS LATTICE NAME = 12. Monoclinic P (simple)
                                    ibrav = 12
                                    IBRAV = 12
                                  BRAVAIS = SIMPLE MONOLINIC CELL
                       LATTICE CONSTANT A = 5.12661
                                B/A RATIO = 0.980599
                                C/A RATIO = 2.25063
                                COS(BETA) = -0.888639
Original cell was already a primitive cell.
                        ROTATION MATRICES = 4
              PURE POINT GROUP OPERATIONS = 1
                   SPACE GROUP OPERATIONS = 1
                              POINT GROUP = C_1
               POINT GROUP IN SPACE GROUP = C_1
 DONE : SYMMETRY Time : 1.13162 (SEC)





 >>>>>>>>>>>>>>>>>>>>>>>>>>>>>>>>>>>>>>>>>>>>>>>>>>>>>>>>>>>>>>>>>>>>>>
 |                                                                    |
 | Setup K-points                                                     |
 | We setup the k-points according to input parameters.               |
 | The reduced k-points are set according to symmetry operations.     |
 | We treat the spin as another set of k-points.                      |
 |                                                                    |
 <<<<<<<<<<<<<<<<<<<<<<<<<<<<<<<<<<<<<<<<<<<<<<<<<<<<<<<<<<<<<<<<<<<<<<





 SETUP K-POINTS
                                    nspin = 1
                   Input type of k points = Monkhorst-Pack(Gamma)
                                   nkstot = 8
                       right hand lattice = 1
(for reciprocal lattice: )
                             BRAVAIS TYPE = 12
                     BRAVAIS LATTICE NAME = 12. Monoclinic P (simple)
                                    ibrav = 12
                       right hand lattice = 1
(for k-lattice: )
                             BRAVAIS TYPE = 12
                     BRAVAIS LATTICE NAME = 12. Monoclinic P (simple)
                                    ibrav = 12
                       right hand lattice = 1
                        ROTATION MATRICES = 4
                               nkstot_ibz = 8
K-POINTS REDUCTION ACCORDING TO SYMMETRY
     IBZ    DIRECT_X    DIRECT_Y    DIRECT_Z  WEIGHT  ibz2bz
       1  0.00000000  0.00000000  0.00000000  0.1250       0
       2  0.50000000  0.00000000  0.00000000  0.1250       1
       3  0.00000000  0.50000000  0.00000000  0.1250       2
       4  0.50000000  0.50000000  0.00000000  0.1250       3
       5  0.00000000  0.00000000  0.50000000  0.1250       4
       6  0.50000000  0.00000000  0.50000000  0.1250       5
       7  0.00000000  0.50000000  0.50000000  0.1250       6
       8  0.50000000  0.50000000  0.50000000  0.1250       7

                               nkstot now = 8
K-POINTS DIRECT COORDINATES
 KPOINTS    DIRECT_X    DIRECT_Y    DIRECT_Z  WEIGHT
       1  0.00000000  0.00000000  0.00000000  0.1250
       2  0.50000000  0.00000000  0.00000000  0.1250
       3  0.00000000  0.50000000  0.00000000  0.1250
       4  0.50000000  0.50000000  0.00000000  0.1250
       5  0.00000000  0.00000000  0.50000000  0.1250
       6  0.50000000  0.00000000  0.50000000  0.1250
       7  0.00000000  0.50000000  0.50000000  0.1250
       8  0.50000000  0.50000000  0.50000000  0.1250


           k-point number in this process = 8
       minimum distributed K point number = 8
starsize: 1
isym: 0 ks_vec: 0 0 0
starsize: 1
isym: 0 ks_vec: 0.5 0 0
starsize: 1
isym: 0 ks_vec: 0 0.5 0
starsize: 1
isym: 0 ks_vec: 0.5 0.5 0
starsize: 1
isym: 0 ks_vec: 0 0 0.5
starsize: 1
isym: 0 ks_vec: 0.5 0 0.5
starsize: 1
isym: 0 ks_vec: 0 0.5 0.5
starsize: 1
isym: 0 ks_vec: 0.5 0.5 0.5

K-POINTS CARTESIAN COORDINATES
 KPOINTS CARTESIAN_X CARTESIAN_Y CARTESIAN_Z  WEIGHT
       1  0.00000000  0.00000000  0.00000000  0.2500
       2  0.09449204  0.00000000  0.00000013  0.2500
       3  0.00000000  0.09753036  0.00000001  0.2500
       4  0.09449204  0.09753036  0.00000014  0.2500
       5  0.00000000  0.00000000  0.09945996  0.2500
       6  0.09449204  0.00000000  0.09946008  0.2500
       7  0.00000000  0.09753036  0.09945997  0.2500
       8  0.09449204  0.09753036  0.09946010  0.2500


K-POINTS DIRECT COORDINATES
 KPOINTS    DIRECT_X    DIRECT_Y    DIRECT_Z  WEIGHT
       1  0.00000000  0.00000000  0.00000000  0.2500
       2  0.50000000  0.00000000  0.00000000  0.2500
       3  0.00000000  0.50000000  0.00000000  0.2500
       4  0.50000000  0.50000000  0.00000000  0.2500
       5  0.00000000  0.00000000  0.50000000  0.2500
       6  0.50000000  0.00000000  0.50000000  0.2500
       7  0.00000000  0.50000000  0.50000000  0.2500
       8  0.50000000  0.50000000  0.50000000  0.2500

 DONE : INIT K-POINTS Time : 1.30963 (SEC)





 >>>>>>>>>>>>>>>>>>>>>>>>>>>>>>>>>>>>>>>>>>>>>>>>>>>>>>>>>>>>>>>>>>>>>>
 |                                                                    |
 | Setup plane waves of wave functions:                               |
 | Use the energy cutoff and the lattice vectors to generate the      |
 | dimensions of FFT grid. The number of FFT grid on each processor   |
 | is 'nrxx'. The number of plane wave basis in reciprocal space is   |
 | different for charege/potential and wave functions. We also set    |
 | the 'sticks' for the parallel of FFT. The number of plane wave of  |
 | each k-point is 'npwk[ik]' in each processor                       |
 <<<<<<<<<<<<<<<<<<<<<<<<<<<<<<<<<<<<<<<<<<<<<<<<<<<<<<<<<<<<<<<<<<<<<<





 SETUP PLANE WAVES FOR WAVE FUNCTIONS
     energy cutoff for wavefunc (unit:Ry) = 100
              fft grid for wave functions = [ 64, 64, 64 ]
                    number of plane waves = 18283
                         number of sticks = 865

 PARALLEL PW FOR WAVE FUNCTIONS
     PROC   COLUMNS(POT)             PW
        1             27            573
        2             27            571
        3             27            571
        4             27            571
        5             27            571
        6             27            571
        7             27            571
        8             27            573
        9             27            573
       10             27            573
       11             27            573
       12             27            571
       13             27            571
       14             27            571
       15             27            571
       16             27            571
       17             27            571
       18             27            571
       19             27            571
       20             27            571
       21             27            571
       22             27            571
       23             27            571
       24             27            571
       25             27            571
       26             27            571
       27             27            571
       28             28            572
       29             27            571
       30             27            571
       31             27            571
       32             27            571
 --------------- sum -------------------
       32            865          18283
 DONE : INIT PLANEWAVE Time : 1.32455 (SEC)

 SET NONLOCAL PSEUDOPOTENTIAL PROJECTORS
 SET NONLOCAL PSEUDOPOTENTIAL PROJECTORS
 max number of nonlocal projetors among all species is 8
 DONE : LOCAL POTENTIAL Time : 2.16227 (SEC)


 -------------------------------------------
 SELF-CONSISTENT
 -------------------------------------------




 >>>>>>>>>>>>>>>>>>>>>>>>>>>>>>>>>>>>>>>>>>>>>>>>>>>>>>>>>>>>>>>>>>>>>>
 |                                                                    |
 | Search adjacent atoms:                                             |
 | Set the adjacent atoms for each atom and set the periodic boundary |
 | condition for the atoms on real space FFT grid. For k-dependent    |
 | algorithm, we also need to set the sparse H and S matrix element   |
 | for each atom.                                                     |
 |                                                                    |
 <<<<<<<<<<<<<<<<<<<<<<<<<<<<<<<<<<<<<<<<<<<<<<<<<<<<<<<<<<<<<<<<<<<<<<





 SETUP SEARCHING RADIUS FOR PROGRAM TO SEARCH ADJACENT ATOMS
                  longest orb rcut (Bohr) = 10
   longest nonlocal projector rcut (Bohr) = 2.46
                     search radius (Bohr) = 24.9
              searching radius is (Bohr)) = 24.9
         searching radius unit is (Bohr)) = 1.89
                         PeriodicBoundary = 1
                        Radius(unit:lat0) = 13.2
                                   glayer = [ 4, 4, 4 ]
                             glayer_minus = [ 3, 3, 3 ]

Find the coordinate range of the input atom(unit:lat0).
                                  min_tau = [ -15.1, -15.4, -14.1 ]
                                  max_tau = [ 21.2, 20, 20.1 ]
                                BoxNumber = [ 7, 7, 7 ]

 SETUP EXTENDED REAL SPACE GRID FOR GRID INTEGRATION
                          real space grid = [ 64, 64, 64 ]
                 big cell numbers in grid = [ 32, 32, 32 ]
             meshcell numbers in big cell = [ 2, 2, 2 ]
                        extended fft grid = [ 33, 34, 34 ]
                dimension of extened grid = [ 99, 101, 101 ]
                            UnitCellTotal = 125
              Atom number in sub-FFT-grid = 12
    Local orbitals number in sub-FFT-grid = 212
                                ParaV.nnr = 78723

 Warning_Memory_Consuming allocated:  Gint::hRGint 12.6 MB

 Warning_Memory_Consuming allocated:  Gint::DMRGint 12.6 MB
                                 init_chg = atomic
 DONE : INIT SCF Time : 3.33458 (SEC)


 LCAO ALGORITHM --------------- ION=   1  ELEC=   1--------------------------------

 Density error is 0.158374778984
----------------------------------------------------------
     Energy           Rydberg                 eV          
----------------------------------------------------------
 E_KohnSham     -718.6885027319      -9778.2587242417     
 E_Harris       -705.5723474625      -9599.8042767265     
 E_Fermi        0.7803445604         10.6171324244        
----------------------------------------------------------


 LCAO ALGORITHM --------------- ION=   1  ELEC=   2--------------------------------

 Density error is 0.0642085930279
----------------------------------------------------------
     Energy           Rydberg                 eV          
----------------------------------------------------------
 E_KohnSham     -719.0038483592      -9782.5492216127     
 E_Harris       -715.6161322921      -9736.4569798943     
 E_Fermi        1.0758814248         14.6381177498        
----------------------------------------------------------


 LCAO ALGORITHM --------------- ION=   1  ELEC=   3--------------------------------

 Density error is 0.0384988472056
----------------------------------------------------------
     Energy           Rydberg                 eV          
----------------------------------------------------------
 E_KohnSham     -719.0332907106      -9782.9498053540     
 E_Harris       -718.6082586860      -9777.1669479880     
 E_Fermi        1.0682900415         14.5348316816        
----------------------------------------------------------


 LCAO ALGORITHM --------------- ION=   1  ELEC=   4--------------------------------

 Density error is 0.00790092693004
----------------------------------------------------------
     Energy           Rydberg                 eV          
----------------------------------------------------------
 E_KohnSham     -719.0310747194      -9782.9196552482     
 E_Harris       -718.2364291547      -9772.1079476779     
 E_Fermi        1.0691065381         14.5459406871        
----------------------------------------------------------


 LCAO ALGORITHM --------------- ION=   1  ELEC=   5--------------------------------

 Density error is 0.00172275063786
----------------------------------------------------------
     Energy           Rydberg                 eV          
----------------------------------------------------------
 E_KohnSham     -719.0328765940      -9782.9441710095     
 E_Harris       -719.0241847408      -9782.8259122790     
 E_Fermi        1.0684685949         14.5372610253        
----------------------------------------------------------


 LCAO ALGORITHM --------------- ION=   1  ELEC=   6--------------------------------

 Density error is 0.000841636610672
----------------------------------------------------------
     Energy           Rydberg                 eV          
----------------------------------------------------------
 E_KohnSham     -719.0328727780      -9782.9441190895     
 E_Harris       -719.0154421179      -9782.7069627929     
 E_Fermi        1.0693923794         14.5498297577        
----------------------------------------------------------


 LCAO ALGORITHM --------------- ION=   1  ELEC=   7--------------------------------

 Density error is 0.000226003282804
----------------------------------------------------------
     Energy           Rydberg                 eV          
----------------------------------------------------------
 E_KohnSham     -719.0328905184      -9782.9443604606     
 E_Harris       -719.0156997721      -9782.7104683580     
 E_Fermi        1.0703114083         14.5623337869        
----------------------------------------------------------


 LCAO ALGORITHM --------------- ION=   1  ELEC=   8--------------------------------

 Density error is 2.67324992878e-05
----------------------------------------------------------
     Energy           Rydberg                 eV          
----------------------------------------------------------
 E_KohnSham     -719.0328914938      -9782.9443737312     
 E_Harris       -719.0356248824      -9782.9815633907     
 E_Fermi        1.0703299935         14.5625866514        
----------------------------------------------------------


 LCAO ALGORITHM --------------- ION=   1  ELEC=   9--------------------------------

 Density error is 2.84772546113e-05
----------------------------------------------------------
     Energy           Rydberg                 eV          
----------------------------------------------------------
 E_KohnSham     -719.0328914874      -9782.9443736437     
 E_Harris       -719.0304639012      -9782.9113446399     
 E_Fermi        1.0703081983         14.5622901130        
----------------------------------------------------------


 LCAO ALGORITHM --------------- ION=   1  ELEC=  10--------------------------------

 Density error is 3.0776497631e-06
----------------------------------------------------------
     Energy           Rydberg                 eV          
----------------------------------------------------------
 E_KohnSham     -719.0328915095      -9782.9443739456     
 E_Harris       -719.0327534928      -9782.9424961316     
 E_Fermi        1.0703002827         14.5621824152        
----------------------------------------------------------


 LCAO ALGORITHM --------------- ION=   1  ELEC=  11--------------------------------

 Density error is 2.7514584066e-07
----------------------------------------------------------
     Energy           Rydberg                 eV          
----------------------------------------------------------
 E_KohnSham     -719.0328915098      -9782.9443739488     
 E_Harris       -719.0328680284      -9782.9440544679     
 E_Fermi        1.0703041445         14.5622349584        
----------------------------------------------------------


 LCAO ALGORITHM --------------- ION=   1  ELEC=  12--------------------------------

 Density error is 2.12176081941e-07
----------------------------------------------------------
     Energy           Rydberg                 eV          
----------------------------------------------------------
 E_KohnSham     -719.0328915098      -9782.9443739488     
 E_Harris       -719.0328966769      -9782.9444442515     
 E_Fermi        1.0703040797         14.5622340772        
----------------------------------------------------------


 LCAO ALGORITHM --------------- ION=   1  ELEC=  13--------------------------------

 Density error is 2.27743485202e-08
----------------------------------------------------------
     Energy           Rydberg                 eV          
----------------------------------------------------------
 E_KohnSham     -719.0328915098      -9782.9443739488     
 E_Harris       -719.0328927034      -9782.9443901893     
 E_Fermi        1.0703042076         14.5622358172        
----------------------------------------------------------


 LCAO ALGORITHM --------------- ION=   1  ELEC=  14--------------------------------

 Density error is 1.43983693885e-08
----------------------------------------------------------
     Energy           Rydberg                 eV          
----------------------------------------------------------
 E_KohnSham     -719.0328915098      -9782.9443739488     
 E_Harris       -719.0328920195      -9782.9443808834     
 E_Fermi        1.0703041965         14.5622356660        
----------------------------------------------------------


 LCAO ALGORITHM --------------- ION=   1  ELEC=  15--------------------------------

 Density error is 6.46370072484e-09
----------------------------------------------------------
     Energy           Rydberg                 eV          
----------------------------------------------------------
 E_KohnSham     -719.0328915098      -9782.9443739488     
 E_KS(sigma->0) -719.0328915098      -9782.9443739488     
 E_Harris       -719.0328913601      -9782.9443719117     
 E_band         -37.6356883254       -512.0598093773      
 E_one_elec     -122.6705109867      -1669.0179259905     
 E_Hartree      117.0802114634       1592.9579989474      
 E_xc           -182.3383637415      -2480.8407108807     
 E_Ewald        -531.1042282450      -7226.0437360250     
 E_entropy(-TS) -0.0000000000        -0.0000000000        
 E_descf        0.0000000000         0.0000000000         
 E_exx          0.0000000000         0.0000000000         
 E_Fermi        1.0703041882         14.5622355521        
----------------------------------------------------------


 charge density convergence is achieved
 final etot is -9782.9443739 eV
 EFERMI = 14.562235552 eV

 STATE ENERGY(eV) AND OCCUPATIONS    NSPIN == 1
 1/8 kpoint (Cartesian) = 0.0000 0.0000 0.0000 (491 pws)
       1       -48.9769       0.250000
       2       -48.9600       0.250000
       3       -48.9586       0.250000
       4       -48.9575       0.250000
       5       -18.7475       0.250000
       6       -18.7455       0.250000
       7       -18.7441       0.250000
       8       -18.5457       0.250000
       9       -18.5012       0.250000
      10       -18.4589       0.250000
      11       -18.4582       0.250000
      12       -18.4568       0.250000
      13       -18.4527       0.250000
      14       -18.3691       0.250000
      15       -18.3650       0.250000
      16       -18.3459       0.250000
      17       -6.95855       0.250000
      18       -5.55708       0.250000
      19       -5.49660       0.250000
      20       -5.41082       0.250000
      21       -5.04857       0.250000
      22       -4.80172       0.250000
      23       -4.75640       0.250000
      24       -4.64676       0.250000
      25        5.65386       0.250000
      26        5.66795       0.250000
      27        5.78803       0.250000
      28        6.44814       0.250000
      29        6.67140       0.250000
      30        6.68463       0.250000
      31        7.89780       0.250000
      32        7.90813       0.250000
      33        7.94095       0.250000
      34        8.06292       0.250000
      35        8.33843       0.250000
      36        8.89672       0.250000
      37        8.99496       0.250000
      38        9.10971       0.250000
      39        9.39473       0.250000
      40        9.48117       0.250000
      41        9.70734       0.250000
      42        9.86224       0.250000
      43        9.91914       0.250000
      44        10.0464       0.250000
      45        10.1190       0.250000
      46        10.9144       0.250000
      47        11.2098       0.250000
      48        11.2398       0.250000
      49        15.8507        0.00000
      50        16.4461        0.00000
      51        16.5433        0.00000
      52        16.5715        0.00000
      53        16.8756        0.00000
      54        16.8843        0.00000
      55        17.0724        0.00000
      56        17.0841        0.00000
      57        17.3602        0.00000
      58        17.8017        0.00000

 2/8 kpoint (Cartesian) = 0.094492 0.0000 1.2789e-07 (490 pws)
       1       -48.9685       0.250000
       2       -48.9685       0.250000
       3       -48.9582       0.250000
       4       -48.9582       0.250000
       5       -18.6631       0.250000
       6       -18.6631       0.250000
       7       -18.6440       0.250000
       8       -18.6440       0.250000
       9       -18.5445       0.250000
      10       -18.5445       0.250000
      11       -18.4523       0.250000
      12       -18.4523       0.250000
      13       -18.4017       0.250000
      14       -18.4017       0.250000
      15       -18.4007       0.250000
      16       -18.4007       0.250000
      17       -6.20948       0.250000
      18       -6.20946       0.250000
      19       -5.43606       0.250000
      20       -5.43605       0.250000
      21       -4.99047       0.250000
      22       -4.99046       0.250000
      23       -4.73243       0.250000
      24       -4.73241       0.250000
      25        5.99182       0.250000
      26        5.99185       0.250000
      27        6.79304       0.250000
      28        6.79306       0.250000
      29        7.06503       0.250000
      30        7.06506       0.250000
      31        7.39858       0.250000
      32        7.39860       0.250000
      33        7.45232       0.250000
      34        7.45234       0.250000
      35        8.41592       0.250000
      36        8.41594       0.250000
      37        8.54715       0.250000
      38        8.54717       0.250000
      39        9.30479       0.250000
      40        9.30480       0.250000
      41        9.42390       0.250000
      42        9.42396       0.250000
      43        10.3122       0.250000
      44        10.3122       0.250000
      45        10.7338       0.250000
      46        10.7338       0.250000
      47        11.0838       0.250000
      48        11.0838       0.250000
      49        15.8012        0.00000
      50        15.8013        0.00000
      51        16.5905        0.00000
      52        16.5905        0.00000
      53        17.1271        0.00000
      54        17.1271        0.00000
      55        17.1549        0.00000
      56        17.1550        0.00000
      57        18.4172        0.00000
      58        18.4172        0.00000

 3/8 kpoint (Cartesian) = 0.0000 0.097530 1.4292e-08 (479 pws)
       1       -48.9684       0.250000
       2       -48.9684       0.250000
       3       -48.9582       0.250000
       4       -48.9582       0.250000
       5       -18.6308       0.250000
       6       -18.6308       0.250000
       7       -18.6248       0.250000
       8       -18.6248       0.250000
       9       -18.5542       0.250000
      10       -18.5542       0.250000
      11       -18.4859       0.250000
      12       -18.4859       0.250000
      13       -18.4263       0.250000
      14       -18.4263       0.250000
      15       -18.3883       0.250000
      16       -18.3883       0.250000
      17       -6.12156       0.250000
      18       -6.12154       0.250000
      19       -5.40825       0.250000
      20       -5.40823       0.250000
      21       -4.98610       0.250000
      22       -4.98609       0.250000
      23       -4.88471       0.250000
      24       -4.88470       0.250000
      25        6.23768       0.250000
      26        6.23769       0.250000
      27        6.63097       0.250000
      28        6.63099       0.250000
      29        7.09012       0.250000
      30        7.09013       0.250000
      31        7.25942       0.250000
      32        7.25943       0.250000
      33        7.74517       0.250000
      34        7.74519       0.250000
      35        8.50976       0.250000
      36        8.50976       0.250000
      37        8.99030       0.250000
      38        8.99033       0.250000
      39        9.28480       0.250000
      40        9.28483       0.250000
      41        9.46957       0.250000
      42        9.46959       0.250000
      43        10.0322       0.250000
      44        10.0322       0.250000
      45        10.3926       0.250000
      46        10.3926       0.250000
      47        10.7049       0.250000
      48        10.7050       0.250000
      49        16.2333        0.00000
      50        16.2334        0.00000
      51        16.6500        0.00000
      52        16.6500        0.00000
      53        16.7379        0.00000
      54        16.7379        0.00000
      55        17.1126        0.00000
      56        17.1126        0.00000
      57        17.9106        0.00000
      58        17.9106        0.00000

 4/8 kpoint (Cartesian) = 0.094492 0.097530 1.4218e-07 (489 pws)
       1       -48.9633       0.250000
       2       -48.9633       0.250000
       3       -48.9633       0.250000
       4       -48.9633       0.250000
       5       -18.6364       0.250000
       6       -18.6364       0.250000
       7       -18.6364       0.250000
       8       -18.6364       0.250000
       9       -18.5167       0.250000
      10       -18.5167       0.250000
      11       -18.5167       0.250000
      12       -18.5167       0.250000
      13       -18.4034       0.250000
      14       -18.4034       0.250000
      15       -18.4034       0.250000
      16       -18.4034       0.250000
      17       -5.77210       0.250000
      18       -5.77208       0.250000
      19       -5.77208       0.250000
      20       -5.77206       0.250000
      21       -4.93900       0.250000
      22       -4.93898       0.250000
      23       -4.93898       0.250000
      24       -4.93896       0.250000
      25        6.75522       0.250000
      26        6.75523       0.250000
      27        6.75524       0.250000
      28        6.75525       0.250000
      29        7.46078       0.250000
      30        7.46079       0.250000
      31        7.46082       0.250000
      32        7.46084       0.250000
      33        7.81209       0.250000
      34        7.81210       0.250000
      35        7.81213       0.250000
      36        7.81214       0.250000
      37        8.77854       0.250000
      38        8.77855       0.250000
      39        8.77857       0.250000
      40        8.77859       0.250000
      41        9.66898       0.250000
      42        9.66899       0.250000
      43        9.66902       0.250000
      44        9.66903       0.250000
      45        10.4571       0.250000
      46        10.4571       0.250000
      47        10.4572       0.250000
      48        10.4572       0.250000
      49        16.2401        0.00000
      50        16.2401        0.00000
      51        16.2401        0.00000
      52        16.2402        0.00000
      53        17.2495        0.00000
      54        17.2495        0.00000
      55        17.2495        0.00000
      56        17.2496        0.00000
      57        18.1403        0.00000
      58        18.1403        0.00000

 5/8 kpoint (Cartesian) = 0.0000 0.0000 0.099460 (486 pws)
       1       -48.9715       0.250000
       2       -48.9642       0.250000
       3       -48.9592       0.250000
       4       -48.9584       0.250000
       5       -18.6666       0.250000
       6       -18.6549       0.250000
       7       -18.5933       0.250000
       8       -18.5690       0.250000
       9       -18.5569       0.250000
      10       -18.5390       0.250000
      11       -18.5021       0.250000
      12       -18.4786       0.250000
      13       -18.4536       0.250000
      14       -18.4138       0.250000
      15       -18.4104       0.250000
      16       -18.3870       0.250000
      17       -6.38393       0.250000
      18       -5.54044       0.250000
      19       -5.52028       0.250000
      20       -5.41288       0.250000
      21       -5.29148       0.250000
      22       -5.02308       0.250000
      23       -4.79259       0.250000
      24       -4.78693       0.250000
      25        5.90932       0.250000
      26        5.95111       0.250000
      27        6.66934       0.250000
      28        6.68382       0.250000
      29        6.75898       0.250000
      30        6.90867       0.250000
      31        7.11513       0.250000
      32        7.23063       0.250000
      33        7.87878       0.250000
      34        8.16977       0.250000
      35        8.47652       0.250000
      36        8.51091       0.250000
      37        8.71839       0.250000
      38        8.86937       0.250000
      39        9.38836       0.250000
      40        9.48216       0.250000
      41        9.87607       0.250000
      42        9.88770       0.250000
      43        10.0019       0.250000
      44        10.0972       0.250000
      45        10.2779       0.250000
      46        10.4792       0.250000
      47        11.0725       0.250000
      48        11.1835       0.250000
      49        15.5882    1.45703e-13
      50        15.9557        0.00000
      51        16.0779        0.00000
      52        16.5127        0.00000
      53        16.7622        0.00000
      54        17.2335        0.00000
      55        17.5661        0.00000
      56        17.6245        0.00000
      57        17.8308        0.00000
      58        17.9214        0.00000

 6/8 kpoint (Cartesian) = 0.094492 0.0000 0.099460 (498 pws)
       1       -48.9653       0.250000
       2       -48.9653       0.250000
       3       -48.9613       0.250000
       4       -48.9613       0.250000
       5       -18.6621       0.250000
       6       -18.6621       0.250000
       7       -18.6204       0.250000
       8       -18.6204       0.250000
       9       -18.5482       0.250000
      10       -18.5482       0.250000
      11       -18.4893       0.250000
      12       -18.4893       0.250000
      13       -18.4075       0.250000
      14       -18.4075       0.250000
      15       -18.3861       0.250000
      16       -18.3861       0.250000
      17       -5.97634       0.250000
      18       -5.97631       0.250000
      19       -5.38852       0.250000
      20       -5.38850       0.250000
      21       -5.25410       0.250000
      22       -5.25408       0.250000
      23       -4.78249       0.250000
      24       -4.78246       0.250000
      25        6.28061       0.250000
      26        6.28063       0.250000
      27        6.77631       0.250000
      28        6.77633       0.250000
      29        7.11764       0.250000
      30        7.11766       0.250000
      31        7.30298       0.250000
      32        7.30301       0.250000
      33        7.78497       0.250000
      34        7.78501       0.250000
      35        8.33270       0.250000
      36        8.33272       0.250000
      37        8.90989       0.250000
      38        8.90990       0.250000
      39        9.29851       0.250000
      40        9.29853       0.250000
      41        9.48950       0.250000
      42        9.48953       0.250000
      43        9.78610       0.250000
      44        9.78611       0.250000
      45        10.3388       0.250000
      46        10.3388       0.250000
      47        10.9988       0.250000
      48        10.9988       0.250000
      49        15.6616    3.21965e-15
      50        15.6616    3.21965e-15
      51        15.8708        0.00000
      52        15.8709        0.00000
      53        17.0506        0.00000
      54        17.0506        0.00000
      55        17.4553        0.00000
      56        17.4553        0.00000
      57        17.8579        0.00000
      58        17.8580        0.00000

 7/8 kpoint (Cartesian) = 0.0000 0.097530 0.099460 (486 pws)
       1       -48.9669       0.250000
       2       -48.9669       0.250000
       3       -48.9597       0.250000
       4       -48.9597       0.250000
       5       -18.6944       0.250000
       6       -18.6944       0.250000
       7       -18.6231       0.250000
       8       -18.6231       0.250000
       9       -18.5613       0.250000
      10       -18.5613       0.250000
      11       -18.4371       0.250000
      12       -18.4371       0.250000
      13       -18.4163       0.250000
      14       -18.4163       0.250000
      15       -18.3801       0.250000
      16       -18.3801       0.250000
      17       -5.98684       0.250000
      18       -5.98682       0.250000
      19       -5.47026       0.250000
      20       -5.47024       0.250000
      21       -5.09936       0.250000
      22       -5.09935       0.250000
      23       -4.86563       0.250000
      24       -4.86563       0.250000
      25        6.32191       0.250000
      26        6.32193       0.250000
      27        6.71758       0.250000
      28        6.71759       0.250000
      29        7.03392       0.250000
      30        7.03393       0.250000
      31        7.92495       0.250000
      32        7.92496       0.250000
      33        8.09104       0.250000
      34        8.09106       0.250000
      35        8.39170       0.250000
      36        8.39173       0.250000
      37        8.57757       0.250000
      38        8.57759       0.250000
      39        8.86898       0.250000
      40        8.86899       0.250000
      41        9.67494       0.250000
      42        9.67496       0.250000
      43        10.0186       0.250000
      44        10.0186       0.250000
      45        10.0342       0.250000
      46        10.0342       0.250000
      47        10.6108       0.250000
      48        10.6108       0.250000
      49        15.8255        0.00000
      50        15.8256        0.00000
      51        16.3652        0.00000
      52        16.3652        0.00000
      53        16.5673        0.00000
      54        16.5673        0.00000
      55        17.3616        0.00000
      56        17.3616        0.00000
      57        17.7746        0.00000
      58        17.7746        0.00000

 8/8 kpoint (Cartesian) = 0.094492 0.097530 0.099460 (494 pws)
       1       -48.9633       0.250000
       2       -48.9633       0.250000
       3       -48.9633       0.250000
       4       -48.9633       0.250000
       5       -18.7401       0.250000
       6       -18.7401       0.250000
       7       -18.7401       0.250000
       8       -18.7401       0.250000
       9       -18.4203       0.250000
      10       -18.4203       0.250000
      11       -18.4203       0.250000
      12       -18.4203       0.250000
      13       -18.3922       0.250000
      14       -18.3922       0.250000
      15       -18.3922       0.250000
      16       -18.3921       0.250000
      17       -5.88338       0.250000
      18       -5.88337       0.250000
      19       -5.88337       0.250000
      20       -5.88335       0.250000
      21       -4.82090       0.250000
      22       -4.82089       0.250000
      23       -4.82088       0.250000
      24       -4.82087       0.250000
      25        6.84621       0.250000
      26        6.84621       0.250000
      27        6.84622       0.250000
      28        6.84622       0.250000
      29        7.25918       0.250000
      30        7.25919       0.250000
      31        7.25923       0.250000
      32        7.25923       0.250000
      33        8.17369       0.250000
      34        8.17370       0.250000
      35        8.17374       0.250000
      36        8.17377       0.250000
      37        8.91194       0.250000
      38        8.91195       0.250000
      39        8.91197       0.250000
      40        8.91199       0.250000
      41        9.54648       0.250000
      42        9.54650       0.250000
      43        9.54651       0.250000
      44        9.54652       0.250000
      45        10.3139       0.250000
      46        10.3139       0.250000
      47        10.3139       0.250000
      48        10.3139       0.250000
      49        15.7446    2.77556e-17
      50        15.7446    2.77556e-17
      51        15.7446    2.77556e-17
      52        15.7446    2.77556e-17
      53        17.0729        0.00000
      54        17.0729        0.00000
      55        17.0729        0.00000
      56        17.0729        0.00000
      57        17.9153        0.00000
      58        17.9153        0.00000

 correction force for each atom along direction 1 is -1.00736e-05
 correction force for each atom along direction 2 is -1.50059e-06
 correction force for each atom along direction 3 is 4.29676e-07
------------------------------------------------------------------------------------------
 TOTAL-FORCE (eV/Angstrom)                                                                
------------------------------------------------------------------------------------------
                       Hf1        -0.0055587835         0.0066582906         0.0110224888 
                       Hf2        -0.0057058319        -0.0065326877        -0.0109823321 
                       Hf3        -0.0057075537        -0.0065013333         0.0110441441 
                       Hf4        -0.0055592487         0.0067393432        -0.0108381504 
                        O1         0.0145268226        -0.0141072849         0.0072472813 
                        O2         0.0145774175         0.0140936542         0.0075003243 
                        O3        -0.0089669648         0.0479347363        -0.0524883776 
                        O4        -0.0089122466        -0.0480262500        -0.0525662885 
                        O5         0.0145119982        -0.0141039853        -0.0073559936 
                        O6         0.0146075742         0.0141310699        -0.0075522083 
                        O7        -0.0089271056         0.0478047567         0.0524296947 
                        O8        -0.0088860777        -0.0480903097         0.0525394174 
------------------------------------------------------------------------------------------

----------------------------------------------------------------
 TOTAL-STRESS (KBAR)                                            
----------------------------------------------------------------
      -133.6397781578        -0.0035866177        -0.0024097410 
        -0.0035866177        67.3349777977         0.0010511248 
        -0.0024097410         0.0010511248         4.5899671398 
----------------------------------------------------------------
 TOTAL-PRESSURE: -20.571611 KBAR



 --------------------------------------------
 !FINAL_ETOT_IS -9782.9443739488360734 eV
 --------------------------------------------


TIME STATISTICS
------------------------------------------------------------------------------------
    CLASS_NAME                    NAME                TIME/s  CALLS   AVG/s  PER/%  
------------------------------------------------------------------------------------
                   total                              112.46 13       8.65   100.00 
 Driver            reading                            0.77   1        0.77   0.68   
 Input_Conv        Convert                            0.00   1        0.00   0.00   
 Driver            driver_line                        111.69 1        111.69 99.32  
 UnitCell          check_tau                          0.00   1        0.00   0.00   
 ESolver_KS_LCAO   before_all_runners                 1.32   1        1.32   1.17   
 PW_Basis_Sup      setuptransform                     0.02   1        0.02   0.02   
 PW_Basis_Sup      distributeg                        0.01   1        0.01   0.01   
 mymath            heapsort                           0.00   55       0.00   0.00   
 Charge_Mixing     init_mixing                        0.00   1        0.00   0.00   
 Symmetry          analy_sys                          0.04   1        0.04   0.03   
 PW_Basis_K        setuptransform                     0.01   1        0.01   0.01   
 PW_Basis_K        distributeg                        0.01   1        0.01   0.01   
 PW_Basis          setup_struc_factor                 0.00   1        0.00   0.00   
 NOrbital_Lm       extra_uniform                      0.24   14       0.02   0.21   
 Mathzone_Add1     SplineD2                           0.00   14       0.00   0.00   
 Mathzone_Add1     Cubic_Spline_Interpolation         0.01   14       0.00   0.01   
 Mathzone_Add1     Uni_Deriv_Phi                      0.22   14       0.02   0.20   
 ppcell_vl         init_vloc                          0.13   1        0.13   0.12   
 Ions              opt_ions                           110.27 1        110.27 98.05  
 ESolver_KS_LCAO   runner                             100.88 1        100.88 89.70  
 ESolver_KS_LCAO   before_scf                         1.17   1        1.17   1.04   
 atom_arrange      search                             0.00   1        0.00   0.00   
 atom_arrange      grid_d.init                        0.00   1        0.00   0.00   
 Grid              Construct_Adjacent_expand          0.00   1        0.00   0.00   
 Grid              Construct_Adjacent_expand_periodic 0.00   12       0.00   0.00   
 Grid_Technique    init                               0.26   1        0.26   0.23   
 Grid_BigCell      grid_expansion_index               0.06   2        0.03   0.05   
 Grid_Driver       Find_atom                          0.00   120      0.00   0.00   
 Record_adj        for_2d                             0.05   1        0.05   0.04   
 LCAO_domain       grid_prepare                       0.00   1        0.00   0.00   
 Veff              initialize_HR                      0.00   1        0.00   0.00   
 OverlapNew        initialize_SR                      0.00   1        0.00   0.00   
 EkineticNew       initialize_HR                      0.01   1        0.01   0.00   
 NonlocalNew       initialize_HR                      0.03   1        0.03   0.02   
 Charge            set_rho_core                       0.19   1        0.19   0.17   
 PW_Basis_Sup      recip2real                         0.29   125      0.00   0.26   
 PW_Basis_Sup      gathers_scatterp                   0.27   125      0.00   0.24   
 Charge            atomic_rho                         0.49   2        0.24   0.43   
 Potential         init_pot                           0.16   1        0.16   0.15   
 Potential         update_from_charge                 0.31   16       0.02   0.28   
 Potential         cal_fixed_v                        0.03   1        0.03   0.02   
 PotLocal          cal_fixed_v                        0.03   1        0.03   0.02   
 Potential         cal_v_eff                          0.28   16       0.02   0.25   
 H_Hartree_pw      v_hartree                          0.07   16       0.00   0.06   
 PW_Basis_Sup      real2recip                         0.21   145      0.00   0.19   
 PW_Basis_Sup      gatherp_scatters                   0.19   145      0.00   0.17   
 PotXC             cal_v_eff                          0.22   16       0.01   0.19   
 XC_Functional     v_xc                               0.25   18       0.01   0.22   
 Potential         interpolate_vrs                    0.00   16       0.00   0.00   
 Symmetry          rhog_symmetry                      0.58   16       0.04   0.51   
 Symmetry          group fft grids                    0.18   16       0.01   0.16   
 H_Ewald_pw        compute_ewald                      0.01   1        0.01   0.01   
 HSolverLCAO       solve                              98.58  15       6.57   87.66  
 HamiltLCAO        updateHk                           51.94  120      0.43   46.19  
 OperatorLCAO      init                               51.79  360      0.14   46.05  
 Veff              contributeHR                       51.25  15       3.42   45.58  
 Gint_interface    cal_gint                           89.00  31       2.87   79.14  
 Gint_interface    cal_gint_vlocal                    45.99  15       3.07   40.90  
 Gint_Tools        cal_psir_ylm                       4.21   30720    0.00   3.75   
 Gint_k            transfer_pvpR                      5.26   15       0.35   4.68   
 OverlapNew        calculate_SR                       0.12   1        0.12   0.11   
 OverlapNew        contributeHk                       0.03   120      0.00   0.03   
 EkineticNew       contributeHR                       0.13   15       0.01   0.12   
 EkineticNew       calculate_HR                       0.13   1        0.13   0.12   
 NonlocalNew       contributeHR                       0.35   15       0.02   0.31   
 NonlocalNew       calculate_HR                       0.34   1        0.34   0.30   
 OperatorLCAO      contributeHk                       0.04   120      0.00   0.04   
 HSolverLCAO       hamiltSolvePsiK                    4.34   120      0.04   3.86   
 DiagoElpa         elpa_solve                         3.92   120      0.03   3.49   
 elecstate         cal_dm                             0.23   16       0.01   0.20   
 psiMulPsiMpi      pdgemm                             0.23   128      0.00   0.20   
 DensityMatrix     cal_DMR                            0.05   16       0.00   0.04   
 ElecStateLCAO     psiToRho                           42.07  15       2.80   37.41  
 Gint              transfer_DMR                       2.00   15       0.13   1.78   
 Gint_interface    cal_gint_rho                       37.35  15       2.49   33.21  
 Charge_Mixing     get_drho                           0.01   15       0.00   0.01   
 Charge            mix_rho                            0.05   14       0.00   0.04   
 Charge            Broyden_mixing                     0.01   14       0.00   0.01   
 ModuleIO          write_rhog                         0.05   1        0.05   0.05   
 ESolver_KS_LCAO   after_scf                          0.15   1        0.15   0.14   
 ESolver_KS_LCAO   cal_force                          9.39   1        9.39   8.35   
 Force_Stress_LCAO getForceStress                     9.39   1        9.39   8.35   
 Forces            cal_force_loc                      0.00   1        0.00   0.00   
 Forces            cal_force_ew                       0.01   1        0.01   0.01   
 Forces            cal_force_cc                       0.17   1        0.17   0.15   
 Forces            cal_force_scc                      0.14   1        0.14   0.13   
 Stress_Func       stress_loc                         0.45   1        0.45   0.40   
 Stress_Func       stress_har                         0.00   1        0.00   0.00   
 Stress_Func       stress_ewa                         0.00   1        0.00   0.00   
 Stress_Func       stress_cc                          0.63   1        0.63   0.56   
 Stress_Func       stress_gga                         0.00   1        0.00   0.00   
 Force_LCAO        ftable                             6.97   1        6.97   6.20   
 Force_LCAO        allocate                           0.34   1        0.34   0.30   
 LCAO_domain       build_ST_new                       0.34   2        0.17   0.30   
 Force_LCAO        cal_pulay_fs_center2               0.01   2        0.01   0.01   
 Gint_interface    cal_gint_force                     5.65   1        5.65   5.03   
 Gint_Tools        cal_dpsir_ylm                      0.40   1024     0.00   0.36   
 Gint_Tools        cal_dpsirr_ylm                     0.10   1024     0.00   0.09   
 NonlocalNew       cal_force_stress                   1.00   1        1.00   0.89   
 ESolver_KS_LCAO   cal_stress                         0.00   1        0.00   0.00   
 ESolver_KS_LCAO   after_all_runners                  0.01   1        0.01   0.01   
 ModuleIO          write_istate_info                  0.01   1        0.01   0.01   
------------------------------------------------------------------------------------


 NAME-------------------------|MEMORY(MB)--------
                         total      2293.2966
                  Gint::hRGint       403.3503
                 Gint::DMRGint       403.0378
       TwoCenterTable: Kinetic       137.3855
       TwoCenterTable: Overlap       137.3855
      TwoCenterTable: Nonlocal       136.0217
                  meshball_pos       124.6838
               GT::ind_bigcell       123.2787
         GT::in_this_processor       123.2787
              GT::index2normal       123.2787
               GT::index2ucell       123.2787
                   Stress::dSR       112.9213
                   Force::dS_K        56.4607
                   Stress::dHr        56.4607
                  Force::dTVNL        56.4607
      GT::bigcell_on_processor        30.8197
                HamiltLCAO::hR        25.5461
            DensityMatrix::DMR        25.5461
                    index_ball        20.7806
                HamiltLCAO::sR        17.4345
                GT::which_atom         7.0627
             GT::which_bigcell         7.0627
            GT::which_unitcell         7.0627
            DensityMatrix::DMK         5.4863
                  SF::strucFac         3.7914
                RealGauntTable         3.7773
                  PW_B_K::gcar         2.8883
                  SF::eigts123         2.2515
                      Chg::rho         2.0000
                 Chg::rho_save         2.0000
                 Chg::rho_core         2.0000
                 Pot::veff_fix         2.0000
                     Pot::veff         2.0000
              Pot::veff_smooth         2.0000
 -------------   < 1.0 MB has been ignored ----------------
 ----------------------------------------------------------

 Start  Time  : Sat Oct 10 10:59:54 2026
 Finish Time  : Sat Oct 10 11:01:47 2026
 Total  Time  : 0 h 1 mins 53 secs 
