                                                                                     
                              ABACUS v3.10.0

               Atomic-orbital Based Ab-initio Computation at UStc                    

                     Website: http://abacus.ustc.edu.cn/                             
               Documentation: https://abacus.deepmodeling.com/                       
                  Repository: https://github.com/abacusmodeling/abacus-develop       
                              https://github.com/deepmodeling/abacus-develop         
                      Commit: f7cb1d3 (Mon May 12 16:53:30 2025 +0800)

    Start Time is Sun Oct 11 01:03:11 2026
                                                                                     
 ------------------------------------------------------------------------------------

 READING GENERAL INFORMATION
                           global_out_dir = OUT.ABACUS/
                           global_in_card = INPUT
                               pseudo_dir = 
                              orbital_dir = 
                                    DRANK = 1
                                    DSIZE = 32
                                   DCOLOR = 1
                                    GRANK = 1
                                    GSIZE = 1




 >>>>>>>>>>>>>>>>>>>>>>>>>>>>>>>>>>>>>>>>>>>>>>>>>>>>>>>>>>>>>>>>>>>>>>
 |                                                                    |
 | Reading atom information in unitcell:                              |
 | From the input file and the structure file we know the number of   |
 | different elments in this unitcell, then we list the detail        |
 | information for each element, especially the zeta and polar atomic |
 | orbital number for each element. The total atom number is counted. |
 | We calculate the nearest atom distance for each atom and show the  |
 | Cartesian and Direct coordinates for each atom. We list the file   |
 | address for atomic orbitals. The volume and the lattice vectors    |
 | in real and reciprocal space is also shown.                        |
 |                                                                    |
 <<<<<<<<<<<<<<<<<<<<<<<<<<<<<<<<<<<<<<<<<<<<<<<<<<<<<<<<<<<<<<<<<<<<<<




 READING UNITCELL INFORMATION
                                    ntype = 2
                  lattice constant (Bohr) = 1.88973
              lattice constant (Angstrom) = 1

 READING ATOM TYPE 1
                               atom label = Hf
                      L=0, number of zeta = 4
                      L=1, number of zeta = 2
                      L=2, number of zeta = 2
                      L=3, number of zeta = 1
             number of atom for this type = 4

 READING ATOM TYPE 2
                               atom label = O
                      L=0, number of zeta = 2
                      L=1, number of zeta = 2
                      L=2, number of zeta = 1
             number of atom for this type = 8

                        TOTAL ATOM NUMBER = 12
DIRECT COORDINATES
    atom                   x                   y                   z     mag                  vx                  vy                  vz
taud_Hf1            0.0074208618        0.0439385481        0.9966620592  0.0000        0.0000000000        0.0000000000        0.0000000000
taud_Hf2            0.5074209386        0.9653790406        0.5078910042  0.0000        0.0000000000        0.0000000000        0.0000000000
taud_Hf3            0.5074186402        0.4653771411        0.9966656550  0.0000        0.0000000000        0.0000000000        0.0000000000
taud_Hf4            0.0074233416        0.5439364230        0.5078948791  0.0000        0.0000000000        0.0000000000        0.0000000000
taud_O1            0.1850278333        0.3549626281        0.2114834406  0.0000        0.0000000000        0.0000000000        0.0000000000
taud_O2            0.6850279870        0.1543512462        0.2114822384  0.0000        0.0000000000        0.0000000000        0.0000000000
taud_O3            0.2924709762        0.1885380583        0.7565913220  0.0000        0.0000000000        0.0000000000        0.0000000000
taud_O4            0.7924732385        0.3207874772        0.7565990243  0.0000        0.0000000000        0.0000000000        0.0000000000
taud_O5            0.1850305688        0.8549613230        0.2930722952  0.0000        0.0000000000        0.0000000000        0.0000000000
taud_O6            0.6850306366        0.6543526298        0.2930735941  0.0000        0.0000000000        0.0000000000        0.0000000000
taud_O7            0.2924876782        0.6885357679        0.7479579677  0.0000        0.0000000000        0.0000000000        0.0000000000
taud_O8            0.7924898569        0.8207895844        0.7479505032  0.0000        0.0000000000        0.0000000000        0.0000000000



                          Volume (Bohr^3) = 926.413
                             Volume (A^3) = 137.28

 Lattice vectors: (Cartesian coordinate: in unit of a_0)
             +5.23906        +2.57012e-37              -5e-15
                   +0            +5.07585                  +0
         -3.91984e-05        +2.59728e-06            +5.16233
 Reciprocal vectors: (Cartesian coordinate: in unit of 2 pi/a_0)
            +0.190874                  -0        +1.44934e-06
         -9.45979e-23           +0.197011        -9.91208e-08
         +1.84872e-16                  -0           +0.193711
 The esolver type has been set to : ksdft_lcao

 RUNNING WITH DEVICE  : CPU / AMD EPYC 7702 64-Core Processor




 >>>>>>>>>>>>>>>>>>>>>>>>>>>>>>>>>>>>>>>>>>>>>>>>>>>>>>>>>>>>>>>>>>>>>>
 |                                                                    |
 | Reading pseudopotentials files:                                    |
 | The pseudopotential file is in UPF format. The 'NC' indicates that |
 | the type of pseudopotential is 'norm conserving'. Functional of    |
 | exchange and correlation is decided by 4 given parameters in UPF   |
 | file.  We also read in the 'core correction' if there exists.      |
 | Also we can read the valence electrons number and the maximal      |
 | angular momentum used in this pseudopotential. We also read in the |
 | trail wave function, trail atomic density and local-pseudopotential|
 | on logrithmic grid. The non-local pseudopotential projector is also|
 | read in if there is any.                                           |
 |                                                                    |
 <<<<<<<<<<<<<<<<<<<<<<<<<<<<<<<<<<<<<<<<<<<<<<<<<<<<<<<<<<<<<<<<<<<<<<




                PAO radial cut off (Bohr) = 15

 Read in pseudopotential file is Hf.upf
                     pseudopotential type = NC
          exchange-correlation functional = PBE
                 nonlocal core correction = 1
                        valence electrons = 12
                                     lmax = 3
                           number of zeta = 4
                     number of projectors = 8
                           L of projector = 0
                           L of projector = 0
                           L of projector = 1
                           L of projector = 1
                           L of projector = 2
                           L of projector = 2
                           L of projector = 3
                           L of projector = 3
                PAO radial cut off (Bohr) = 15

 Read in pseudopotential file is O.upf
                     pseudopotential type = NC
          exchange-correlation functional = PBE
                 nonlocal core correction = 1
                        valence electrons = 6
                                     lmax = 2
                           number of zeta = 2
                     number of projectors = 5
                           L of projector = 0
                           L of projector = 0
                           L of projector = 1
                           L of projector = 1
                           L of projector = 2
     initial pseudo atomic orbital number = 72

 SETUP THE ELECTRONS NUMBER
            electron number of element Hf = 12
      total electron number of element Hf = 48
             electron number of element O = 6
       total electron number of element O = 48
            AUTOSET number of electrons:  = 96
                           occupied bands = 48
                                   NLOCAL = 212
                                   NBANDS = 58
                                   NBANDS = 58
                                   NLOCAL = 212

%%%%%%%%%%%%%%%%%%%%%%%%%%%%%%%%%%%%%%%%%%%%%%%%%%%%%%%%%%%%%%%%%%%%%%%%%%%%%%%%%%%%%%%%%%%%%%%%%%%%%%%%%%
 Warning: the number of valence electrons in pseudopotential > 4 for Hf: [Xe] 4f14 5d2 6s2
 Pseudopotentials with additional electrons can yield (more) accurate outcomes, but may be less efficient.
 If you're confident that your chosen pseudopotential is appropriate, you can safely ignore this warning.
%%%%%%%%%%%%%%%%%%%%%%%%%%%%%%%%%%%%%%%%%%%%%%%%%%%%%%%%%%%%%%%%%%%%%%%%%%%%%%%%%%%%%%%%%%%%%%%%%%%%%%%%%%
                  




 >>>>>>>>>>>>>>>>>>>>>>>>>>>>>>>>>>>>>>>>>>>>>>>>>>>>>>>>>>>>>>>>>>>>>>
 |                                                                    |
 | Setup plane waves of charge/potential:                             |
 | Use the energy cutoff and the lattice vectors to generate the      |
 | dimensions of FFT grid. The number of FFT grid on each processor   |
 | is 'nrxx'. The number of plane wave basis in reciprocal space is   |
 | different for charege/potential and wave functions. We also set    |
 | the 'sticks' for the parallel of FFT. The number of plane waves    |
 | is 'npw' in each processor.                                        |
 <<<<<<<<<<<<<<<<<<<<<<<<<<<<<<<<<<<<<<<<<<<<<<<<<<<<<<<<<<<<<<<<<<<<<<





 SETUP THE PLANE WAVE BASIS
 energy cutoff for charge/potential (unit:Ry) = 400
            fft grid for charge/potential = [ 64, 64, 64 ]
                        fft grid division = [ 2, 2, 2 ]
        big fft grid for charge/potential = [ 32, 32, 32 ]
                                     nbxx = 1024
                                     nrxx = 8192

 SETUP PLANE WAVES FOR CHARGE/POTENTIAL
                    number of plane waves = 125145
                         number of sticks = 3019

 PARALLEL PW FOR CHARGE/POTENTIAL
     PROC   COLUMNS(POT)             PW
        1             94           3912
        2             94           3912
        3             94           3912
        4             94           3912
        5             95           3911
        6             94           3910
        7             94           3910
        8             94           3910
        9             94           3910
       10             94           3910
       11             94           3910
       12             94           3910
       13             94           3910
       14             94           3910
       15             94           3910
       16             94           3910
       17             94           3910
       18             95           3910
       19             94           3911
       20             94           3911
       21             94           3911
       22             94           3910
       23             94           3910
       24             94           3910
       25             95           3913
       26             95           3913
       27             95           3913
       28             95           3911
       29             95           3911
       30             95           3911
       31             95           3911
       32             96           3910
 --------------- sum -------------------
       32           3019         125145
                            number of |g| = 3910
                                  max |g| = 36.1587
                                  min |g| = 0.0752463
 DONE : SETUP UNITCELL Time : 21.7705 (SEC)


----------- Double Check Mixing Parameters Begin ------------
mixing_type: broyden
mixing_beta: 0.3
mixing_gg0: 1
mixing_gg0_min: 0.1
mixing_ndim: 8
----------- Double Check Mixing Parameters End ------------




 >>>>>>>>>>>>>>>>>>>>>>>>>>>>>>>>>>>>>>>>>>>>>>>>>>>>>>>>>>>>>>>>>>>>>>
 |                                                                    |
 | Doing symmetry analysis:                                           |
 | We calculate the norm of 3 vectors and the angles between them,    |
 | the type of Bravais lattice is given. We can judge if the unticell |
 | is a primitive cell. Finally we give the point group operation for |
 | this unitcell. We use the point group operations to do symmetry |
 | analysis on given k-point mesh and the charge density.             |
 |                                                                    |
 <<<<<<<<<<<<<<<<<<<<<<<<<<<<<<<<<<<<<<<<<<<<<<<<<<<<<<<<<<<<<<<<<<<<<<




 LATTICE VECTORS: (CARTESIAN COORDINATE: IN UNIT OF A0)
             +5.23906        +2.57012e-37              -5e-15
                   +0            +5.07585                  +0
         -3.91984e-05        +2.59728e-06            +5.16233
                       right hand lattice = 1
                                   NORM_A = 5.23906
                                   NORM_B = 5.07585
                                   NORM_C = 5.16233
                           ALPHA (DEGREE) = 90
                           BETA  (DEGREE) = 90.0004
                           GAMMA (DEGREE) = 90

 The lattice vectors have been changed (STRU_SIMPLE.cif)

(for optimal symmetric configuration:)
                             BRAVAIS TYPE = 12
                     BRAVAIS LATTICE NAME = 12. Monoclinic P (simple)
                                    ibrav = 12
                                    IBRAV = 12
                                  BRAVAIS = SIMPLE MONOLINIC CELL
                       LATTICE CONSTANT A = 7.35507
                                B/A RATIO = 0.690116
                                C/A RATIO = 1.57413
                                COS(BETA) = -0.948223
Original cell was already a primitive cell.
                        ROTATION MATRICES = 4
              PURE POINT GROUP OPERATIONS = 1
                   SPACE GROUP OPERATIONS = 1
                              POINT GROUP = C_1
               POINT GROUP IN SPACE GROUP = C_1
 DONE : SYMMETRY Time : 21.8027 (SEC)





 >>>>>>>>>>>>>>>>>>>>>>>>>>>>>>>>>>>>>>>>>>>>>>>>>>>>>>>>>>>>>>>>>>>>>>
 |                                                                    |
 | Setup K-points                                                     |
 | We setup the k-points according to input parameters.               |
 | The reduced k-points are set according to symmetry operations.     |
 | We treat the spin as another set of k-points.                      |
 |                                                                    |
 <<<<<<<<<<<<<<<<<<<<<<<<<<<<<<<<<<<<<<<<<<<<<<<<<<<<<<<<<<<<<<<<<<<<<<





 SETUP K-POINTS
                                    nspin = 1
                   Input type of k points = Monkhorst-Pack(Gamma)
                                   nkstot = 8
                       right hand lattice = 1
(for reciprocal lattice: )
                             BRAVAIS TYPE = 12
                     BRAVAIS LATTICE NAME = 12. Monoclinic P (simple)
                                    ibrav = 12
                       right hand lattice = 1
(for k-lattice: )
                             BRAVAIS TYPE = 12
                     BRAVAIS LATTICE NAME = 12. Monoclinic P (simple)
                                    ibrav = 12
                       right hand lattice = 1
                        ROTATION MATRICES = 4
                               nkstot_ibz = 8
K-POINTS REDUCTION ACCORDING TO SYMMETRY
     IBZ    DIRECT_X    DIRECT_Y    DIRECT_Z  WEIGHT  ibz2bz
       1  0.00000000  0.00000000  0.00000000  0.1250       0
       2  0.50000000  0.00000000  0.00000000  0.1250       1
       3  0.00000000  0.50000000  0.00000000  0.1250       2
       4  0.50000000  0.50000000  0.00000000  0.1250       3
       5  0.00000000  0.00000000  0.50000000  0.1250       4
       6  0.50000000  0.00000000  0.50000000  0.1250       5
       7  0.00000000  0.50000000  0.50000000  0.1250       6
       8  0.50000000  0.50000000  0.50000000  0.1250       7

                               nkstot now = 8
K-POINTS DIRECT COORDINATES
 KPOINTS    DIRECT_X    DIRECT_Y    DIRECT_Z  WEIGHT
       1  0.00000000  0.00000000  0.00000000  0.1250
       2  0.50000000  0.00000000  0.00000000  0.1250
       3  0.00000000  0.50000000  0.00000000  0.1250
       4  0.50000000  0.50000000  0.00000000  0.1250
       5  0.00000000  0.00000000  0.50000000  0.1250
       6  0.50000000  0.00000000  0.50000000  0.1250
       7  0.00000000  0.50000000  0.50000000  0.1250
       8  0.50000000  0.50000000  0.50000000  0.1250


           k-point number in this process = 8
       minimum distributed K point number = 8
starsize: 1
isym: 0 ks_vec: 0 0 0
starsize: 1
isym: 0 ks_vec: 0.5 0 0
starsize: 1
isym: 0 ks_vec: 0 0.5 0
starsize: 1
isym: 0 ks_vec: 0.5 0.5 0
starsize: 1
isym: 0 ks_vec: 0 0 0.5
starsize: 1
isym: 0 ks_vec: 0.5 0 0.5
starsize: 1
isym: 0 ks_vec: 0 0.5 0.5
starsize: 1
isym: 0 ks_vec: 0.5 0.5 0.5

K-POINTS CARTESIAN COORDINATES
 KPOINTS CARTESIAN_X CARTESIAN_Y CARTESIAN_Z  WEIGHT
       1  0.00000000  0.00000000  0.00000000  0.2500
       2  0.09543697  0.00000000  0.00000072  0.2500
       3  0.00000000  0.09850566 -0.00000005  0.2500
       4  0.09543697  0.09850566  0.00000068  0.2500
       5  0.00000000  0.00000000  0.09685545  0.2500
       6  0.09543697  0.00000000  0.09685618  0.2500
       7  0.00000000  0.09850566  0.09685540  0.2500
       8  0.09543697  0.09850566  0.09685613  0.2500


K-POINTS DIRECT COORDINATES
 KPOINTS    DIRECT_X    DIRECT_Y    DIRECT_Z  WEIGHT
       1  0.00000000  0.00000000  0.00000000  0.2500
       2  0.50000000  0.00000000  0.00000000  0.2500
       3  0.00000000  0.50000000  0.00000000  0.2500
       4  0.50000000  0.50000000  0.00000000  0.2500
       5  0.00000000  0.00000000  0.50000000  0.2500
       6  0.50000000  0.00000000  0.50000000  0.2500
       7  0.00000000  0.50000000  0.50000000  0.2500
       8  0.50000000  0.50000000  0.50000000  0.2500

 DONE : INIT K-POINTS Time : 21.9055 (SEC)





 >>>>>>>>>>>>>>>>>>>>>>>>>>>>>>>>>>>>>>>>>>>>>>>>>>>>>>>>>>>>>>>>>>>>>>
 |                                                                    |
 | Setup plane waves of wave functions:                               |
 | Use the energy cutoff and the lattice vectors to generate the      |
 | dimensions of FFT grid. The number of FFT grid on each processor   |
 | is 'nrxx'. The number of plane wave basis in reciprocal space is   |
 | different for charege/potential and wave functions. We also set    |
 | the 'sticks' for the parallel of FFT. The number of plane wave of  |
 | each k-point is 'npwk[ik]' in each processor                       |
 <<<<<<<<<<<<<<<<<<<<<<<<<<<<<<<<<<<<<<<<<<<<<<<<<<<<<<<<<<<<<<<<<<<<<<





 SETUP PLANE WAVES FOR WAVE FUNCTIONS
     energy cutoff for wavefunc (unit:Ry) = 100
              fft grid for wave functions = [ 64, 64, 64 ]
                    number of plane waves = 18413
                         number of sticks = 849

 PARALLEL PW FOR WAVE FUNCTIONS
     PROC   COLUMNS(POT)             PW
        1             27            575
        2             27            575
        3             26            574
        4             26            576
        5             26            576
        6             26            576
        7             26            576
        8             26            576
        9             26            576
       10             26            576
       11             26            576
       12             26            576
       13             26            576
       14             26            576
       15             26            576
       16             26            576
       17             26            576
       18             26            576
       19             27            575
       20             27            575
       21             27            575
       22             27            575
       23             27            575
       24             27            575
       25             27            575
       26             27            575
       27             27            575
       28             27            575
       29             27            575
       30             27            575
       31             27            575
       32             28            574
 --------------- sum -------------------
       32            849          18413
 DONE : INIT PLANEWAVE Time : 21.9143 (SEC)

 SET NONLOCAL PSEUDOPOTENTIAL PROJECTORS
 SET NONLOCAL PSEUDOPOTENTIAL PROJECTORS
 max number of nonlocal projetors among all species is 8
 DONE : LOCAL POTENTIAL Time : 22.5907 (SEC)


 -------------------------------------------
 SELF-CONSISTENT
 -------------------------------------------




 >>>>>>>>>>>>>>>>>>>>>>>>>>>>>>>>>>>>>>>>>>>>>>>>>>>>>>>>>>>>>>>>>>>>>>
 |                                                                    |
 | Search adjacent atoms:                                             |
 | Set the adjacent atoms for each atom and set the periodic boundary |
 | condition for the atoms on real space FFT grid. For k-dependent    |
 | algorithm, we also need to set the sparse H and S matrix element   |
 | for each atom.                                                     |
 |                                                                    |
 <<<<<<<<<<<<<<<<<<<<<<<<<<<<<<<<<<<<<<<<<<<<<<<<<<<<<<<<<<<<<<<<<<<<<<





 SETUP SEARCHING RADIUS FOR PROGRAM TO SEARCH ADJACENT ATOMS
                  longest orb rcut (Bohr) = 10
   longest nonlocal projector rcut (Bohr) = 2.46
                     search radius (Bohr) = 24.9
              searching radius is (Bohr)) = 24.9
         searching radius unit is (Bohr)) = 1.89
                         PeriodicBoundary = 1
                        Radius(unit:lat0) = 13.2
                                   glayer = [ 4, 4, 4 ]
                             glayer_minus = [ 3, 3, 3 ]

Find the coordinate range of the input atom(unit:lat0).
                                  min_tau = [ -15.7, -15, -14.4 ]
                                  max_tau = [ 19.9, 20.1, 20.6 ]
                                BoxNumber = [ 7, 7, 7 ]

 SETUP EXTENDED REAL SPACE GRID FOR GRID INTEGRATION
                          real space grid = [ 64, 64, 64 ]
                 big cell numbers in grid = [ 32, 32, 32 ]
             meshcell numbers in big cell = [ 2, 2, 2 ]
                        extended fft grid = [ 33, 34, 33 ]
                dimension of extened grid = [ 99, 101, 99 ]
                            UnitCellTotal = 125
              Atom number in sub-FFT-grid = 12
    Local orbitals number in sub-FFT-grid = 212
                                ParaV.nnr = 79203

 Warning_Memory_Consuming allocated:  Gint::hRGint 12.5 MB

 Warning_Memory_Consuming allocated:  Gint::DMRGint 12.5 MB
                                 init_chg = atomic
 DONE : INIT SCF Time : 23.2138 (SEC)


 LCAO ALGORITHM --------------- ION=   1  ELEC=   1--------------------------------

 Density error is 0.159918460366
----------------------------------------------------------
     Energy           Rydberg                 eV          
----------------------------------------------------------
 E_KohnSham     -718.6491411124      -9777.7231819344     
 E_Harris       -704.3052417410      -9582.5644189454     
 E_Fermi        0.7352994146         10.0042617742        
----------------------------------------------------------


 LCAO ALGORITHM --------------- ION=   1  ELEC=   2--------------------------------

 Density error is 0.0655762536252
----------------------------------------------------------
     Energy           Rydberg                 eV          
----------------------------------------------------------
 E_KohnSham     -718.9547422795      -9781.8810991224     
 E_Harris       -714.8602022419      -9726.1720239219     
 E_Fermi        1.0344059248         14.0738146226        
----------------------------------------------------------


 LCAO ALGORITHM --------------- ION=   1  ELEC=   3--------------------------------

 Density error is 0.0385514699734
----------------------------------------------------------
     Energy           Rydberg                 eV          
----------------------------------------------------------
 E_KohnSham     -718.9869083312      -9782.3187407079     
 E_Harris       -718.2884881535      -9772.8162466931     
 E_Fermi        1.0328225705         14.0522719818        
----------------------------------------------------------


 LCAO ALGORITHM --------------- ION=   1  ELEC=   4--------------------------------

 Density error is 0.00778157220447
----------------------------------------------------------
     Energy           Rydberg                 eV          
----------------------------------------------------------
 E_KohnSham     -718.9850523300      -9782.2934885168     
 E_Harris       -718.1818828236      -9771.3658067693     
 E_Fermi        1.0358626443         14.0936343072        
----------------------------------------------------------


 LCAO ALGORITHM --------------- ION=   1  ELEC=   5--------------------------------

 Density error is 0.00130200320467
----------------------------------------------------------
     Energy           Rydberg                 eV          
----------------------------------------------------------
 E_KohnSham     -718.9865320129      -9782.3136206347     
 E_Harris       -718.9353377265      -9781.6170866345     
 E_Fermi        1.0364124751         14.1011151401        
----------------------------------------------------------


 LCAO ALGORITHM --------------- ION=   1  ELEC=   6--------------------------------

 Density error is 0.000320870578605
----------------------------------------------------------
     Energy           Rydberg                 eV          
----------------------------------------------------------
 E_KohnSham     -718.9865476624      -9782.3138335571     
 E_Harris       -718.9827179491      -9782.2617276344     
 E_Fermi        1.0376236722         14.1175943212        
----------------------------------------------------------


 LCAO ALGORITHM --------------- ION=   1  ELEC=   7--------------------------------

 Density error is 0.000234007190145
----------------------------------------------------------
     Energy           Rydberg                 eV          
----------------------------------------------------------
 E_KohnSham     -718.9865498054      -9782.3138627146     
 E_Harris       -718.9593520088      -9781.9438177081     
 E_Fermi        1.0376959727         14.1185780207        
----------------------------------------------------------


 LCAO ALGORITHM --------------- ION=   1  ELEC=   8--------------------------------

 Density error is 2.69915109423e-05
----------------------------------------------------------
     Energy           Rydberg                 eV          
----------------------------------------------------------
 E_KohnSham     -718.9865507896      -9782.3138761051     
 E_Harris       -718.9861582819      -9782.3085357632     
 E_Fermi        1.0378145105         14.1201908095        
----------------------------------------------------------


 LCAO ALGORITHM --------------- ION=   1  ELEC=   9--------------------------------

 Density error is 2.33986166409e-05
----------------------------------------------------------
     Energy           Rydberg                 eV          
----------------------------------------------------------
 E_KohnSham     -718.9865507760      -9782.3138759196     
 E_Harris       -718.9836951928      -9782.2750237176     
 E_Fermi        1.0378026043         14.1200288172        
----------------------------------------------------------


 LCAO ALGORITHM --------------- ION=   1  ELEC=  10--------------------------------

 Density error is 2.64639502618e-06
----------------------------------------------------------
     Energy           Rydberg                 eV          
----------------------------------------------------------
 E_KohnSham     -718.9865507913      -9782.3138761274     
 E_Harris       -718.9865052393      -9782.3132563620     
 E_Fermi        1.0378092896         14.1201197756        
----------------------------------------------------------


 LCAO ALGORITHM --------------- ION=   1  ELEC=  11--------------------------------

 Density error is 5.45657583441e-07
----------------------------------------------------------
     Energy           Rydberg                 eV          
----------------------------------------------------------
 E_KohnSham     -718.9865507914      -9782.3138761294     
 E_Harris       -718.9864827898      -9782.3129509205     
 E_Fermi        1.0378107491         14.1201396337        
----------------------------------------------------------


 LCAO ALGORITHM --------------- ION=   1  ELEC=  12--------------------------------

 Density error is 3.75212670896e-07
----------------------------------------------------------
     Energy           Rydberg                 eV          
----------------------------------------------------------
 E_KohnSham     -718.9865507914      -9782.3138761295     
 E_Harris       -718.9865739446      -9782.3141911450     
 E_Fermi        1.0378110153         14.1201432557        
----------------------------------------------------------


 LCAO ALGORITHM --------------- ION=   1  ELEC=  13--------------------------------

 Density error is 3.14989118296e-08
----------------------------------------------------------
     Energy           Rydberg                 eV          
----------------------------------------------------------
 E_KohnSham     -718.9865507914      -9782.3138761295     
 E_Harris       -718.9865535705      -9782.3139139414     
 E_Fermi        1.0378111216         14.1201447010        
----------------------------------------------------------


 LCAO ALGORITHM --------------- ION=   1  ELEC=  14--------------------------------

 Density error is 2.17006407304e-08
----------------------------------------------------------
     Energy           Rydberg                 eV          
----------------------------------------------------------
 E_KohnSham     -718.9865507914      -9782.3138761295     
 E_Harris       -718.9865524980      -9782.3138993495     
 E_Fermi        1.0378111096         14.1201445376        
----------------------------------------------------------


 LCAO ALGORITHM --------------- ION=   1  ELEC=  15--------------------------------

 Density error is 3.14624924283e-09
----------------------------------------------------------
     Energy           Rydberg                 eV          
----------------------------------------------------------
 E_KohnSham     -718.9865507914      -9782.3138761295     
 E_KS(sigma->0) -718.9865507914      -9782.3138761295     
 E_Harris       -718.9865506945      -9782.3138748116     
 E_band         -38.5398339661       -524.3613419129      
 E_one_elec     -132.8784833245      -1807.9045148107     
 E_Hartree      121.8832523525       1658.3067227666      
 E_xc           -182.5760693489      -2484.0748615884     
 E_Ewald        -525.4152504706      -7148.6412224969     
 E_entropy(-TS) -0.0000000000        -0.0000000000        
 E_descf        0.0000000000         0.0000000000         
 E_exx          0.0000000000         0.0000000000         
 E_Fermi        1.0378110890         14.1201442578        
----------------------------------------------------------


 charge density convergence is achieved
 final etot is -9782.3138761 eV
 EFERMI = 14.120144258 eV

 STATE ENERGY(eV) AND OCCUPATIONS    NSPIN == 1
 1/8 kpoint (Cartesian) = 0.0000 0.0000 0.0000 (492 pws)
       1       -48.9713       0.250000
       2       -48.9555       0.250000
       3       -48.9522       0.250000
       4       -48.9504       0.250000
       5       -18.8308       0.250000
       6       -18.8026       0.250000
       7       -18.7888       0.250000
       8       -18.5926       0.250000
       9       -18.5626       0.250000
      10       -18.5538       0.250000
      11       -18.5106       0.250000
      12       -18.4970       0.250000
      13       -18.4679       0.250000
      14       -18.4400       0.250000
      15       -18.3796       0.250000
      16       -18.3783       0.250000
      17       -7.04838       0.250000
      18       -5.93720       0.250000
      19       -5.39083       0.250000
      20       -5.36423       0.250000
      21       -5.13185       0.250000
      22       -5.09668       0.250000
      23       -5.03152       0.250000
      24       -4.88239       0.250000
      25        5.38813       0.250000
      26        5.45636       0.250000
      27        5.96336       0.250000
      28        6.24063       0.250000
      29        6.42167       0.250000
      30        6.60937       0.250000
      31        7.46975       0.250000
      32        7.65442       0.250000
      33        7.68511       0.250000
      34        8.07295       0.250000
      35        8.07398       0.250000
      36        8.47327       0.250000
      37        8.55134       0.250000
      38        9.01001       0.250000
      39        9.02641       0.250000
      40        9.11133       0.250000
      41        9.23858       0.250000
      42        9.55925       0.250000
      43        9.95567       0.250000
      44        10.3561       0.250000
      45        10.5386       0.250000
      46        10.7848       0.250000
      47        11.0151       0.250000
      48        11.0956       0.250000
      49        15.6065        0.00000
      50        15.9901        0.00000
      51        16.2102        0.00000
      52        16.5036        0.00000
      53        16.5246        0.00000
      54        16.8138        0.00000
      55        16.8458        0.00000
      56        17.0329        0.00000
      57        17.3902        0.00000
      58        17.4378        0.00000

 2/8 kpoint (Cartesian) = 0.095437 0.0000 7.2467e-07 (486 pws)
       1       -48.9618       0.250000
       2       -48.9618       0.250000
       3       -48.9531       0.250000
       4       -48.9531       0.250000
       5       -18.7522       0.250000
       6       -18.7522       0.250000
       7       -18.6704       0.250000
       8       -18.6704       0.250000
       9       -18.6196       0.250000
      10       -18.6196       0.250000
      11       -18.4815       0.250000
      12       -18.4815       0.250000
      13       -18.4661       0.250000
      14       -18.4661       0.250000
      15       -18.4244       0.250000
      16       -18.4244       0.250000
      17       -6.24713       0.250000
      18       -6.24709       0.250000
      19       -5.55582       0.250000
      20       -5.55580       0.250000
      21       -5.36419       0.250000
      22       -5.36417       0.250000
      23       -4.79900       0.250000
      24       -4.79896       0.250000
      25        5.76821       0.250000
      26        5.76825       0.250000
      27        6.63224       0.250000
      28        6.63228       0.250000
      29        6.78212       0.250000
      30        6.78213       0.250000
      31        6.88889       0.250000
      32        6.88896       0.250000
      33        7.39717       0.250000
      34        7.39722       0.250000
      35        8.28027       0.250000
      36        8.28032       0.250000
      37        8.61974       0.250000
      38        8.61978       0.250000
      39        9.02761       0.250000
      40        9.02763       0.250000
      41        9.31557       0.250000
      42        9.31558       0.250000
      43        10.1297       0.250000
      44        10.1298       0.250000
      45        10.6559       0.250000
      46        10.6560       0.250000
      47        11.0412       0.250000
      48        11.0412       0.250000
      49        16.0481        0.00000
      50        16.0482        0.00000
      51        16.4329        0.00000
      52        16.4329        0.00000
      53        16.8343        0.00000
      54        16.8343        0.00000
      55        16.8491        0.00000
      56        16.8492        0.00000
      57        17.5019        0.00000
      58        17.5020        0.00000

 3/8 kpoint (Cartesian) = 0.0000 0.098506 -4.9560e-08 (472 pws)
       1       -48.9635       0.250000
       2       -48.9635       0.250000
       3       -48.9512       0.250000
       4       -48.9512       0.250000
       5       -18.7083       0.250000
       6       -18.7083       0.250000
       7       -18.6676       0.250000
       8       -18.6675       0.250000
       9       -18.6402       0.250000
      10       -18.6402       0.250000
      11       -18.5396       0.250000
      12       -18.5396       0.250000
      13       -18.4375       0.250000
      14       -18.4374       0.250000
      15       -18.4230       0.250000
      16       -18.4230       0.250000
      17       -6.21188       0.250000
      18       -6.21186       0.250000
      19       -5.43126       0.250000
      20       -5.43126       0.250000
      21       -5.20777       0.250000
      22       -5.20773       0.250000
      23       -5.18909       0.250000
      24       -5.18905       0.250000
      25        6.36294       0.250000
      26        6.36295       0.250000
      27        6.47319       0.250000
      28        6.47320       0.250000
      29        6.83788       0.250000
      30        6.83789       0.250000
      31        7.28336       0.250000
      32        7.28347       0.250000
      33        7.70193       0.250000
      34        7.70196       0.250000
      35        8.29779       0.250000
      36        8.29784       0.250000
      37        8.75502       0.250000
      38        8.75505       0.250000
      39        8.99027       0.250000
      40        8.99031       0.250000
      41        9.24572       0.250000
      42        9.24574       0.250000
      43        9.79285       0.250000
      44        9.79286       0.250000
      45        9.87286       0.250000
      46        9.87287       0.250000
      47        10.3207       0.250000
      48        10.3207       0.250000
      49        16.0232        0.00000
      50        16.0232        0.00000
      51        16.4331        0.00000
      52        16.4332        0.00000
      53        16.6747        0.00000
      54        16.6747        0.00000
      55        17.1869        0.00000
      56        17.1870        0.00000
      57        17.6613        0.00000
      58        17.6613        0.00000

 4/8 kpoint (Cartesian) = 0.095437 0.098506 6.7511e-07 (466 pws)
       1       -48.9574       0.250000
       2       -48.9574       0.250000
       3       -48.9574       0.250000
       4       -48.9574       0.250000
       5       -18.7128       0.250000
       6       -18.7128       0.250000
       7       -18.7128       0.250000
       8       -18.7128       0.250000
       9       -18.5434       0.250000
      10       -18.5434       0.250000
      11       -18.5433       0.250000
      12       -18.5433       0.250000
      13       -18.4542       0.250000
      14       -18.4542       0.250000
      15       -18.4542       0.250000
      16       -18.4542       0.250000
      17       -5.75695       0.250000
      18       -5.75692       0.250000
      19       -5.75692       0.250000
      20       -5.75689       0.250000
      21       -5.27638       0.250000
      22       -5.27636       0.250000
      23       -5.27633       0.250000
      24       -5.27631       0.250000
      25        6.60266       0.250000
      26        6.60268       0.250000
      27        6.60269       0.250000
      28        6.60270       0.250000
      29        7.09768       0.250000
      30        7.09769       0.250000
      31        7.09774       0.250000
      32        7.09774       0.250000
      33        8.03493       0.250000
      34        8.03500       0.250000
      35        8.03504       0.250000
      36        8.03511       0.250000
      37        8.71014       0.250000
      38        8.71022       0.250000
      39        8.71024       0.250000
      40        8.71032       0.250000
      41        9.40309       0.250000
      42        9.40310       0.250000
      43        9.40314       0.250000
      44        9.40315       0.250000
      45        9.99559       0.250000
      46        9.99560       0.250000
      47        9.99563       0.250000
      48        9.99565       0.250000
      49        16.2723        0.00000
      50        16.2724        0.00000
      51        16.2724        0.00000
      52        16.2725        0.00000
      53        17.0523        0.00000
      54        17.0524        0.00000
      55        17.0524        0.00000
      56        17.0525        0.00000
      57        17.9452        0.00000
      58        17.9453        0.00000

 5/8 kpoint (Cartesian) = 0.0000 0.0000 0.096855 (496 pws)
       1       -48.9646       0.250000
       2       -48.9623       0.250000
       3       -48.9514       0.250000
       4       -48.9512       0.250000
       5       -18.7182       0.250000
       6       -18.7022       0.250000
       7       -18.6727       0.250000
       8       -18.6694       0.250000
       9       -18.6074       0.250000
      10       -18.5871       0.250000
      11       -18.5303       0.250000
      12       -18.5225       0.250000
      13       -18.4905       0.250000
      14       -18.4675       0.250000
      15       -18.4390       0.250000
      16       -18.4303       0.250000
      17       -6.29080       0.250000
      18       -5.99661       0.250000
      19       -5.59961       0.250000
      20       -5.43806       0.250000
      21       -5.31102       0.250000
      22       -5.17452       0.250000
      23       -5.11936       0.250000
      24       -5.05751       0.250000
      25        5.89838       0.250000
      26        5.97975       0.250000
      27        6.42583       0.250000
      28        6.48858       0.250000
      29        6.65780       0.250000
      30        6.67261       0.250000
      31        6.90503       0.250000
      32        7.03314       0.250000
      33        7.41332       0.250000
      34        7.48512       0.250000
      35        8.30992       0.250000
      36        8.43461       0.250000
      37        8.50628       0.250000
      38        8.77397       0.250000
      39        9.06761       0.250000
      40        9.18647       0.250000
      41        9.33640       0.250000
      42        9.66268       0.250000
      43        9.67938       0.250000
      44        9.80693       0.250000
      45        10.7356       0.250000
      46        10.8972       0.250000
      47        10.9383       0.250000
      48        10.9759       0.250000
      49        16.1229        0.00000
      50        16.2077        0.00000
      51        16.3434        0.00000
      52        16.6559        0.00000
      53        16.7090        0.00000
      54        16.8716        0.00000
      55        17.0134        0.00000
      56        17.0673        0.00000
      57        17.2721        0.00000
      58        17.4300        0.00000

 6/8 kpoint (Cartesian) = 0.095437 0.0000 0.096856 (490 pws)
       1       -48.9580       0.250000
       2       -48.9580       0.250000
       3       -48.9568       0.250000
       4       -48.9568       0.250000
       5       -18.7251       0.250000
       6       -18.7251       0.250000
       7       -18.7109       0.250000
       8       -18.7109       0.250000
       9       -18.5750       0.250000
      10       -18.5750       0.250000
      11       -18.5569       0.250000
      12       -18.5569       0.250000
      13       -18.4293       0.250000
      14       -18.4293       0.250000
      15       -18.4206       0.250000
      16       -18.4206       0.250000
      17       -5.98807       0.250000
      18       -5.98802       0.250000
      19       -5.79454       0.250000
      20       -5.79451       0.250000
      21       -5.17469       0.250000
      22       -5.17463       0.250000
      23       -5.05841       0.250000
      24       -5.05839       0.250000
      25        6.34883       0.250000
      26        6.34884       0.250000
      27        6.57450       0.250000
      28        6.57453       0.250000
      29        6.93905       0.250000
      30        6.93910       0.250000
      31        6.96485       0.250000
      32        6.96488       0.250000
      33        7.62956       0.250000
      34        7.62961       0.250000
      35        7.91503       0.250000
      36        7.91507       0.250000
      37        8.78530       0.250000
      38        8.78535       0.250000
      39        8.85684       0.250000
      40        8.85687       0.250000
      41        9.17870       0.250000
      42        9.17874       0.250000
      43        9.34351       0.250000
      44        9.34356       0.250000
      45        10.8993       0.250000
      46        10.8993       0.250000
      47        10.9394       0.250000
      48        10.9395       0.250000
      49        15.7780        0.00000
      50        15.7780        0.00000
      51        16.0003        0.00000
      52        16.0004        0.00000
      53        16.7914        0.00000
      54        16.7915        0.00000
      55        17.1500        0.00000
      56        17.1501        0.00000
      57        17.4177        0.00000
      58        17.4177        0.00000

 7/8 kpoint (Cartesian) = 0.0000 0.098506 0.096855 (468 pws)
       1       -48.9625       0.250000
       2       -48.9624       0.250000
       3       -48.9523       0.250000
       4       -48.9522       0.250000
       5       -18.7405       0.250000
       6       -18.7405       0.250000
       7       -18.6853       0.250000
       8       -18.6853       0.250000
       9       -18.6371       0.250000
      10       -18.6371       0.250000
      11       -18.4700       0.250000
      12       -18.4700       0.250000
      13       -18.4547       0.250000
      14       -18.4546       0.250000
      15       -18.4300       0.250000
      16       -18.4299       0.250000
      17       -6.07987       0.250000
      18       -6.07986       0.250000
      19       -5.67763       0.250000
      20       -5.67759       0.250000
      21       -5.18948       0.250000
      22       -5.18944       0.250000
      23       -5.09434       0.250000
      24       -5.09433       0.250000
      25        6.36214       0.250000
      26        6.36215       0.250000
      27        6.41184       0.250000
      28        6.41186       0.250000
      29        6.82075       0.250000
      30        6.82081       0.250000
      31        7.73270       0.250000
      32        7.73270       0.250000
      33        7.97183       0.250000
      34        7.97191       0.250000
      35        8.14632       0.250000
      36        8.14639       0.250000
      37        8.46639       0.250000
      38        8.46640       0.250000
      39        8.56178       0.250000
      40        8.56183       0.250000
      41        9.69784       0.250000
      42        9.69785       0.250000
      43        9.74193       0.250000
      44        9.74194       0.250000
      45        9.85269       0.250000
      46        9.85269       0.250000
      47        10.2237       0.250000
      48        10.2237       0.250000
      49        16.2341        0.00000
      50        16.2341        0.00000
      51        16.5154        0.00000
      52        16.5155        0.00000
      53        16.7700        0.00000
      54        16.7702        0.00000
      55        16.9581        0.00000
      56        16.9582        0.00000
      57        17.4638        0.00000
      58        17.4638        0.00000

 8/8 kpoint (Cartesian) = 0.095437 0.098506 0.096856 (472 pws)
       1       -48.9574       0.250000
       2       -48.9574       0.250000
       3       -48.9573       0.250000
       4       -48.9573       0.250000
       5       -18.8018       0.250000
       6       -18.8018       0.250000
       7       -18.8018       0.250000
       8       -18.8017       0.250000
       9       -18.4696       0.250000
      10       -18.4696       0.250000
      11       -18.4696       0.250000
      12       -18.4696       0.250000
      13       -18.4336       0.250000
      14       -18.4336       0.250000
      15       -18.4336       0.250000
      16       -18.4336       0.250000
      17       -6.01871       0.250000
      18       -6.01870       0.250000
      19       -6.01865       0.250000
      20       -6.01864       0.250000
      21       -4.99617       0.250000
      22       -4.99615       0.250000
      23       -4.99615       0.250000
      24       -4.99613       0.250000
      25        6.58443       0.250000
      26        6.58447       0.250000
      27        6.58449       0.250000
      28        6.58453       0.250000
      29        7.06195       0.250000
      30        7.06196       0.250000
      31        7.06200       0.250000
      32        7.06202       0.250000
      33        8.11870       0.250000
      34        8.11874       0.250000
      35        8.11882       0.250000
      36        8.11886       0.250000
      37        8.78653       0.250000
      38        8.78658       0.250000
      39        8.78661       0.250000
      40        8.78667       0.250000
      41        9.53520       0.250000
      42        9.53525       0.250000
      43        9.53527       0.250000
      44        9.53532       0.250000
      45        9.89693       0.250000
      46        9.89694       0.250000
      47        9.89700       0.250000
      48        9.89701       0.250000
      49        15.9150        0.00000
      50        15.9150        0.00000
      51        15.9151        0.00000
      52        15.9152        0.00000
      53        16.9241        0.00000
      54        16.9241        0.00000
      55        16.9242        0.00000
      56        16.9242        0.00000
      57        17.4115        0.00000
      58        17.4115        0.00000

 correction force for each atom along direction 1 is 1.21646e-05
 correction force for each atom along direction 2 is 4.59107e-06
 correction force for each atom along direction 3 is 3.83856e-06
------------------------------------------------------------------------------------------
 TOTAL-FORCE (eV/Angstrom)                                                                
------------------------------------------------------------------------------------------
                       Hf1         0.0933372852        -0.1924840606        -0.0380024534 
                       Hf2         0.0934563978         0.1931724357         0.0385105652 
                       Hf3         0.0933470410         0.1930821951        -0.0379997185 
                       Hf4         0.0934883073        -0.1926298290         0.0385132200 
                        O1         0.1042876626        -0.0545876819        -0.0678319378 
                        O2         0.1042861548         0.0542801698        -0.0677972711 
                        O3        -0.1975594632         0.2844868656        -0.1917636972 
                        O4        -0.1975448793        -0.2847435958        -0.1917380523 
                        O5         0.1041860757        -0.0545632140         0.0675315352 
                        O6         0.1041781908         0.0542522659         0.0675165790 
                        O7        -0.1977489105         0.2845826071         0.1915275578 
                        O8        -0.1977138622        -0.2848481579         0.1915336732 
------------------------------------------------------------------------------------------

----------------------------------------------------------------
 TOTAL-STRESS (KBAR)                                            
----------------------------------------------------------------
       -35.4286089321         0.0053086893        -0.0159965951 
         0.0053086893       223.6991448038         0.0013343259 
        -0.0159965951         0.0013343259        -8.8626760793 
----------------------------------------------------------------
 TOTAL-PRESSURE: 59.802620 KBAR



 --------------------------------------------
 !FINAL_ETOT_IS -9782.3138761294994765 eV
 --------------------------------------------


TIME STATISTICS
------------------------------------------------------------------------------------
    CLASS_NAME                    NAME                TIME/s  CALLS   AVG/s  PER/%  
------------------------------------------------------------------------------------
                   total                              121.64 13       9.36   100.00 
 Driver            reading                            15.28  1        15.28  12.56  
 Input_Conv        Convert                            0.00   1        0.00   0.00   
 Driver            driver_line                        106.36 1        106.36 87.44  
 UnitCell          check_tau                          0.00   1        0.00   0.00   
 ESolver_KS_LCAO   before_all_runners                 2.25   1        2.25   1.85   
 PW_Basis_Sup      setuptransform                     0.05   1        0.05   0.04   
 PW_Basis_Sup      distributeg                        0.04   1        0.04   0.03   
 mymath            heapsort                           0.00   81       0.00   0.00   
 Charge_Mixing     init_mixing                        0.00   1        0.00   0.00   
 Symmetry          analy_sys                          0.03   1        0.03   0.03   
 PW_Basis_K        setuptransform                     0.00   1        0.00   0.00   
 PW_Basis_K        distributeg                        0.00   1        0.00   0.00   
 PW_Basis          setup_struc_factor                 0.00   1        0.00   0.00   
 NOrbital_Lm       extra_uniform                      0.18   14       0.01   0.15   
 Mathzone_Add1     SplineD2                           0.00   14       0.00   0.00   
 Mathzone_Add1     Cubic_Spline_Interpolation         0.00   14       0.00   0.00   
 Mathzone_Add1     Uni_Deriv_Phi                      0.18   14       0.01   0.14   
 ppcell_vl         init_vloc                          0.11   1        0.11   0.09   
 Ions              opt_ions                           99.00  1        99.00  81.39  
 ESolver_KS_LCAO   runner                             91.24  1        91.24  75.01  
 ESolver_KS_LCAO   before_scf                         0.62   1        0.62   0.51   
 atom_arrange      search                             0.00   1        0.00   0.00   
 atom_arrange      grid_d.init                        0.00   1        0.00   0.00   
 Grid              Construct_Adjacent_expand          0.00   1        0.00   0.00   
 Grid              Construct_Adjacent_expand_periodic 0.00   12       0.00   0.00   
 Grid_Technique    init                               0.22   1        0.22   0.18   
 Grid_BigCell      grid_expansion_index               0.05   2        0.02   0.04   
 Grid_Driver       Find_atom                          0.00   120      0.00   0.00   
 Record_adj        for_2d                             0.04   1        0.04   0.03   
 LCAO_domain       grid_prepare                       0.00   1        0.00   0.00   
 Veff              initialize_HR                      0.00   1        0.00   0.00   
 OverlapNew        initialize_SR                      0.00   1        0.00   0.00   
 EkineticNew       initialize_HR                      0.00   1        0.00   0.00   
 NonlocalNew       initialize_HR                      0.02   1        0.02   0.02   
 Charge            set_rho_core                       0.14   1        0.14   0.12   
 PW_Basis_Sup      recip2real                         0.08   125      0.00   0.07   
 PW_Basis_Sup      gathers_scatterp                   0.06   125      0.00   0.05   
 Charge            atomic_rho                         0.24   2        0.12   0.19   
 Potential         init_pot                           0.02   1        0.02   0.02   
 Potential         update_from_charge                 0.11   16       0.01   0.09   
 Potential         cal_fixed_v                        0.00   1        0.00   0.00   
 PotLocal          cal_fixed_v                        0.00   1        0.00   0.00   
 Potential         cal_v_eff                          0.11   16       0.01   0.09   
 H_Hartree_pw      v_hartree                          0.02   16       0.00   0.02   
 PW_Basis_Sup      real2recip                         0.06   145      0.00   0.05   
 PW_Basis_Sup      gatherp_scatters                   0.04   145      0.00   0.04   
 PotXC             cal_v_eff                          0.09   16       0.01   0.08   
 XC_Functional     v_xc                               0.10   18       0.01   0.09   
 Potential         interpolate_vrs                    0.00   16       0.00   0.00   
 Symmetry          rhog_symmetry                      0.44   16       0.03   0.36   
 Symmetry          group fft grids                    0.13   16       0.01   0.11   
 H_Ewald_pw        compute_ewald                      0.00   1        0.00   0.00   
 HSolverLCAO       solve                              89.83  15       5.99   73.85  
 HamiltLCAO        updateHk                           40.96  120      0.34   33.68  
 OperatorLCAO      init                               40.84  360      0.11   33.58  
 Veff              contributeHR                       40.44  15       2.70   33.24  
 Gint_interface    cal_gint                           64.67  31       2.09   53.17  
 Gint_interface    cal_gint_vlocal                    33.87  15       2.26   27.84  
 Gint_Tools        cal_psir_ylm                       1.87   30720    0.00   1.54   
 Gint_k            transfer_pvpR                      6.57   15       0.44   5.40   
 OverlapNew        calculate_SR                       0.09   1        0.09   0.08   
 OverlapNew        contributeHk                       0.02   120      0.00   0.02   
 EkineticNew       contributeHR                       0.10   15       0.01   0.08   
 EkineticNew       calculate_HR                       0.10   1        0.10   0.08   
 NonlocalNew       contributeHR                       0.28   15       0.02   0.23   
 NonlocalNew       calculate_HR                       0.27   1        0.27   0.22   
 OperatorLCAO      contributeHk                       0.03   120      0.00   0.03   
 HSolverLCAO       hamiltSolvePsiK                    15.69  120      0.13   12.90  
 DiagoElpa         elpa_solve                         15.03  120      0.13   12.36  
 elecstate         cal_dm                             0.15   16       0.01   0.13   
 psiMulPsiMpi      pdgemm                             0.15   128      0.00   0.12   
 DensityMatrix     cal_DMR                            0.04   16       0.00   0.03   
 ElecStateLCAO     psiToRho                           33.00  15       2.20   27.13  
 Gint              transfer_DMR                       1.80   15       0.12   1.48   
 Gint_interface    cal_gint_rho                       27.22  15       1.81   22.38  
 Charge_Mixing     get_drho                           0.00   15       0.00   0.00   
 Charge            mix_rho                            0.03   14       0.00   0.02   
 Charge            Broyden_mixing                     0.01   14       0.00   0.01   
 ModuleIO          write_rhog                         0.03   1        0.03   0.03   
 ESolver_KS_LCAO   after_scf                          0.12   1        0.12   0.10   
 ESolver_KS_LCAO   cal_force                          7.76   1        7.76   6.38   
 Force_Stress_LCAO getForceStress                     7.76   1        7.76   6.38   
 Forces            cal_force_loc                      0.00   1        0.00   0.00   
 Forces            cal_force_ew                       0.00   1        0.00   0.00   
 Forces            cal_force_cc                       0.13   1        0.13   0.11   
 Forces            cal_force_scc                      0.12   1        0.12   0.09   
 Stress_Func       stress_loc                         0.36   1        0.36   0.30   
 Stress_Func       stress_har                         0.00   1        0.00   0.00   
 Stress_Func       stress_ewa                         0.00   1        0.00   0.00   
 Stress_Func       stress_cc                          0.47   1        0.47   0.38   
 Stress_Func       stress_gga                         0.00   1        0.00   0.00   
 Force_LCAO        ftable                             5.61   1        5.61   4.61   
 Force_LCAO        allocate                           0.26   1        0.26   0.21   
 LCAO_domain       build_ST_new                       0.26   2        0.13   0.21   
 Force_LCAO        cal_pulay_fs_center2               0.01   2        0.00   0.01   
 Gint_interface    cal_gint_force                     3.59   1        3.59   2.95   
 Gint_Tools        cal_dpsir_ylm                      0.12   1024     0.00   0.10   
 Gint_Tools        cal_dpsirr_ylm                     0.02   1024     0.00   0.02   
 NonlocalNew       cal_force_stress                   1.05   1        1.05   0.87   
 ESolver_KS_LCAO   cal_stress                         0.00   1        0.00   0.00   
 ESolver_KS_LCAO   after_all_runners                  0.02   1        0.02   0.01   
 ModuleIO          write_istate_info                  0.02   1        0.02   0.01   
------------------------------------------------------------------------------------


 NAME-------------------------|MEMORY(MB)--------
                         total      2276.7895
                  Gint::hRGint       399.6824
                 Gint::DMRGint       399.3699
       TwoCenterTable: Kinetic       137.3855
       TwoCenterTable: Overlap       137.3855
      TwoCenterTable: Nonlocal       136.0217
                  meshball_pos       123.9792
               GT::ind_bigcell       120.8375
         GT::in_this_processor       120.8375
              GT::index2normal       120.8375
               GT::index2ucell       120.8375
                   Stress::dSR       113.6830
                   Force::dS_K        56.8415
                   Stress::dHr        56.8415
                  Force::dTVNL        56.8415
      GT::bigcell_on_processor        30.2094
                HamiltLCAO::hR        25.7199
            DensityMatrix::DMR        25.7199
                    index_ball        20.6632
                HamiltLCAO::sR        17.2575
                GT::which_atom         7.0177
             GT::which_bigcell         7.0177
            GT::which_unitcell         7.0177
            DensityMatrix::DMK         5.4863
                  SF::strucFac         3.8191
                RealGauntTable         3.7773
                  PW_B_K::gcar         2.9161
                  SF::eigts123         2.2515
                      Chg::rho         2.0000
                 Chg::rho_save         2.0000
                 Chg::rho_core         2.0000
                 Pot::veff_fix         2.0000
                     Pot::veff         2.0000
              Pot::veff_smooth         2.0000
 -------------   < 1.0 MB has been ignored ----------------
 ----------------------------------------------------------

 Start  Time  : Sun Oct 11 01:02:57 2026
 Finish Time  : Sun Oct 11 01:05:00 2026
 Total  Time  : 0 h 2 mins 3 secs 
