                                                                                     
                              ABACUS v3.10.0

               Atomic-orbital Based Ab-initio Computation at UStc                    

                     Website: http://abacus.ustc.edu.cn/                             
               Documentation: https://abacus.deepmodeling.com/                       
                  Repository: https://github.com/abacusmodeling/abacus-develop       
                              https://github.com/deepmodeling/abacus-develop         
                      Commit: f7cb1d3 (Mon May 12 16:53:30 2025 +0800)

    Start Time is Sat Oct 10 00:56:57 2026
                                                                                     
 ------------------------------------------------------------------------------------

 READING GENERAL INFORMATION
                           global_out_dir = OUT.ABACUS/
                           global_in_card = INPUT
                               pseudo_dir = 
                              orbital_dir = 
                                    DRANK = 1
                                    DSIZE = 32
                                   DCOLOR = 1
                                    GRANK = 1
                                    GSIZE = 1




 >>>>>>>>>>>>>>>>>>>>>>>>>>>>>>>>>>>>>>>>>>>>>>>>>>>>>>>>>>>>>>>>>>>>>>
 |                                                                    |
 | Reading atom information in unitcell:                              |
 | From the input file and the structure file we know the number of   |
 | different elments in this unitcell, then we list the detail        |
 | information for each element, especially the zeta and polar atomic |
 | orbital number for each element. The total atom number is counted. |
 | We calculate the nearest atom distance for each atom and show the  |
 | Cartesian and Direct coordinates for each atom. We list the file   |
 | address for atomic orbitals. The volume and the lattice vectors    |
 | in real and reciprocal space is also shown.                        |
 |                                                                    |
 <<<<<<<<<<<<<<<<<<<<<<<<<<<<<<<<<<<<<<<<<<<<<<<<<<<<<<<<<<<<<<<<<<<<<<




 READING UNITCELL INFORMATION
                                    ntype = 2
                  lattice constant (Bohr) = 1.88973
              lattice constant (Angstrom) = 1

 READING ATOM TYPE 1
                               atom label = Hf
                      L=0, number of zeta = 4
                      L=1, number of zeta = 2
                      L=2, number of zeta = 2
                      L=3, number of zeta = 1
             number of atom for this type = 4

 READING ATOM TYPE 2
                               atom label = O
                      L=0, number of zeta = 2
                      L=1, number of zeta = 2
                      L=2, number of zeta = 1
             number of atom for this type = 8

                        TOTAL ATOM NUMBER = 12
DIRECT COORDINATES
    atom                   x                   y                   z     mag                  vx                  vy                  vz
taud_Hf1            0.9981455399        0.0007573975        0.9962782682  0.0000        0.0000000000        0.0000000000        0.0000000000
taud_Hf2            0.4981488103        0.0839300786        0.4484556968  0.0000        0.0000000000        0.0000000000        0.0000000000
taud_Hf3            0.4186701927        0.5007564274        0.9962593452  0.0000        0.0000000000        0.0000000000        0.0000000000
taud_Hf4            0.9186656346        0.5839273866        0.4484534505  0.0000        0.0000000000        0.0000000000        0.0000000000
taud_O1            0.1997428543        0.3084289258        0.2667172356  0.0000        0.0000000000        0.0000000000        0.0000000000
taud_O2            0.7170928945        0.2762538241        0.1779835330  0.0000        0.0000000000        0.0000000000        0.0000000000
taud_O3            0.3008491579        0.1260821721        0.7939996744  0.0000        0.0000000000        0.0000000000        0.0000000000
taud_O4            0.6159671564        0.4585988143        0.6506958714  0.0000        0.0000000000        0.0000000000        0.0000000000
taud_O5            0.2170933552        0.8084223347        0.2667183236  0.0000        0.0000000000        0.0000000000        0.0000000000
taud_O6            0.6997411370        0.7762554594        0.1779795270  0.0000        0.0000000000        0.0000000000        0.0000000000
taud_O7            0.1159691543        0.6260840590        0.7940065524  0.0000        0.0000000000        0.0000000000        0.0000000000
taud_O8            0.8008531130        0.9585961206        0.6507035219  0.0000        0.0000000000        0.0000000000        0.0000000000



                          Volume (Bohr^3) = 932.591
                             Volume (A^3) = 138.195

 Lattice vectors: (Cartesian coordinate: in unit of a_0)
             +5.29145        -7.65667e-19        -5.10021e-15
                   +0            +5.12661                  +0
         -8.77758e-05           -0.777027            +5.09436
 Reciprocal vectors: (Cartesian coordinate: in unit of 2 pi/a_0)
            +0.188984                  -0         +3.2562e-06
          +2.8705e-17           +0.195061           +0.029752
         +1.89201e-16                  -0           +0.196296
 The esolver type has been set to : ksdft_lcao

 RUNNING WITH DEVICE  : CPU / AMD EPYC 7702 64-Core Processor




 >>>>>>>>>>>>>>>>>>>>>>>>>>>>>>>>>>>>>>>>>>>>>>>>>>>>>>>>>>>>>>>>>>>>>>
 |                                                                    |
 | Reading pseudopotentials files:                                    |
 | The pseudopotential file is in UPF format. The 'NC' indicates that |
 | the type of pseudopotential is 'norm conserving'. Functional of    |
 | exchange and correlation is decided by 4 given parameters in UPF   |
 | file.  We also read in the 'core correction' if there exists.      |
 | Also we can read the valence electrons number and the maximal      |
 | angular momentum used in this pseudopotential. We also read in the |
 | trail wave function, trail atomic density and local-pseudopotential|
 | on logrithmic grid. The non-local pseudopotential projector is also|
 | read in if there is any.                                           |
 |                                                                    |
 <<<<<<<<<<<<<<<<<<<<<<<<<<<<<<<<<<<<<<<<<<<<<<<<<<<<<<<<<<<<<<<<<<<<<<




                PAO radial cut off (Bohr) = 15

 Read in pseudopotential file is Hf.upf
                     pseudopotential type = NC
          exchange-correlation functional = PBE
                 nonlocal core correction = 1
                        valence electrons = 12
                                     lmax = 3
                           number of zeta = 4
                     number of projectors = 8
                           L of projector = 0
                           L of projector = 0
                           L of projector = 1
                           L of projector = 1
                           L of projector = 2
                           L of projector = 2
                           L of projector = 3
                           L of projector = 3
                PAO radial cut off (Bohr) = 15

 Read in pseudopotential file is O.upf
                     pseudopotential type = NC
          exchange-correlation functional = PBE
                 nonlocal core correction = 1
                        valence electrons = 6
                                     lmax = 2
                           number of zeta = 2
                     number of projectors = 5
                           L of projector = 0
                           L of projector = 0
                           L of projector = 1
                           L of projector = 1
                           L of projector = 2
     initial pseudo atomic orbital number = 72

 SETUP THE ELECTRONS NUMBER
            electron number of element Hf = 12
      total electron number of element Hf = 48
             electron number of element O = 6
       total electron number of element O = 48
            AUTOSET number of electrons:  = 96
                           occupied bands = 48
                                   NLOCAL = 212
                                   NBANDS = 58
                                   NBANDS = 58
                                   NLOCAL = 212

%%%%%%%%%%%%%%%%%%%%%%%%%%%%%%%%%%%%%%%%%%%%%%%%%%%%%%%%%%%%%%%%%%%%%%%%%%%%%%%%%%%%%%%%%%%%%%%%%%%%%%%%%%
 Warning: the number of valence electrons in pseudopotential > 4 for Hf: [Xe] 4f14 5d2 6s2
 Pseudopotentials with additional electrons can yield (more) accurate outcomes, but may be less efficient.
 If you're confident that your chosen pseudopotential is appropriate, you can safely ignore this warning.
%%%%%%%%%%%%%%%%%%%%%%%%%%%%%%%%%%%%%%%%%%%%%%%%%%%%%%%%%%%%%%%%%%%%%%%%%%%%%%%%%%%%%%%%%%%%%%%%%%%%%%%%%%
                  




 >>>>>>>>>>>>>>>>>>>>>>>>>>>>>>>>>>>>>>>>>>>>>>>>>>>>>>>>>>>>>>>>>>>>>>
 |                                                                    |
 | Setup plane waves of charge/potential:                             |
 | Use the energy cutoff and the lattice vectors to generate the      |
 | dimensions of FFT grid. The number of FFT grid on each processor   |
 | is 'nrxx'. The number of plane wave basis in reciprocal space is   |
 | different for charege/potential and wave functions. We also set    |
 | the 'sticks' for the parallel of FFT. The number of plane waves    |
 | is 'npw' in each processor.                                        |
 <<<<<<<<<<<<<<<<<<<<<<<<<<<<<<<<<<<<<<<<<<<<<<<<<<<<<<<<<<<<<<<<<<<<<<





 SETUP THE PLANE WAVE BASIS
 energy cutoff for charge/potential (unit:Ry) = 400
            fft grid for charge/potential = [ 64, 64, 64 ]
                        fft grid division = [ 2, 2, 2 ]
        big fft grid for charge/potential = [ 32, 32, 32 ]
                                     nbxx = 1024
                                     nrxx = 8192

 SETUP PLANE WAVES FOR CHARGE/POTENTIAL
                    number of plane waves = 125973
                         number of sticks = 3079

 PARALLEL PW FOR CHARGE/POTENTIAL
     PROC   COLUMNS(POT)             PW
        1             97           3938
        2             97           3938
        3             97           3938
        4             96           3937
        5             96           3937
        6             97           3938
        7             97           3938
        8             96           3937
        9             96           3937
       10             96           3937
       11             96           3937
       12             96           3937
       13             96           3937
       14             96           3937
       15             96           3937
       16             96           3936
       17             96           3936
       18             96           3937
       19             96           3936
       20             96           3936
       21             96           3936
       22             96           3936
       23             96           3936
       24             96           3936
       25             96           3935
       26             96           3935
       27             97           3937
       28             96           3936
       29             96           3936
       30             96           3936
       31             96           3936
       32             97           3937
 --------------- sum -------------------
       32           3079         125973
                            number of |g| = 3828
                                  max |g| = 36.1781
                                  min |g| = 0.386119
 DONE : SETUP UNITCELL Time : 17.6801 (SEC)


----------- Double Check Mixing Parameters Begin ------------
mixing_type: broyden
mixing_beta: 0.3
mixing_gg0: 1
mixing_gg0_min: 0.1
mixing_ndim: 8
----------- Double Check Mixing Parameters End ------------




 >>>>>>>>>>>>>>>>>>>>>>>>>>>>>>>>>>>>>>>>>>>>>>>>>>>>>>>>>>>>>>>>>>>>>>
 |                                                                    |
 | Doing symmetry analysis:                                           |
 | We calculate the norm of 3 vectors and the angles between them,    |
 | the type of Bravais lattice is given. We can judge if the unticell |
 | is a primitive cell. Finally we give the point group operation for |
 | this unitcell. We use the point group operations to do symmetry |
 | analysis on given k-point mesh and the charge density.             |
 |                                                                    |
 <<<<<<<<<<<<<<<<<<<<<<<<<<<<<<<<<<<<<<<<<<<<<<<<<<<<<<<<<<<<<<<<<<<<<<




 LATTICE VECTORS: (CARTESIAN COORDINATE: IN UNIT OF A0)
             +5.29145        -7.65667e-19        -5.10021e-15
                   +0            +5.12661                  +0
         -8.77758e-05           -0.777027            +5.09436
                       right hand lattice = 1
                                   NORM_A = 5.29145
                                   NORM_B = 5.12661
                                   NORM_C = 5.15328
                           ALPHA (DEGREE) = 98.6723
                           BETA  (DEGREE) = 90.001
                           GAMMA (DEGREE) = 90

 The lattice vectors have been changed (STRU_SIMPLE.cif)

(for optimal symmetric configuration:)
                             BRAVAIS TYPE = 14
                     BRAVAIS LATTICE NAME = 14. Triclinic cell
                                    ibrav = 14
                                    IBRAV = 14
                                  BRAVAIS = TRICLINIC CELL
                       LATTICE CONSTANT A = 7.38625
                                B/A RATIO = 0.716392
                                C/A RATIO = 0.906903
                               COS(ALPHA) = 1.31036e-05
                                COS(BETA) = 0.456231
                               COS(GAMMA) = 0.716404
Original cell was already a primitive cell.
                        ROTATION MATRICES = 2
              PURE POINT GROUP OPERATIONS = 1
                   SPACE GROUP OPERATIONS = 1
                              POINT GROUP = C_1
               POINT GROUP IN SPACE GROUP = C_1
 DONE : SYMMETRY Time : 17.7146 (SEC)





 >>>>>>>>>>>>>>>>>>>>>>>>>>>>>>>>>>>>>>>>>>>>>>>>>>>>>>>>>>>>>>>>>>>>>>
 |                                                                    |
 | Setup K-points                                                     |
 | We setup the k-points according to input parameters.               |
 | The reduced k-points are set according to symmetry operations.     |
 | We treat the spin as another set of k-points.                      |
 |                                                                    |
 <<<<<<<<<<<<<<<<<<<<<<<<<<<<<<<<<<<<<<<<<<<<<<<<<<<<<<<<<<<<<<<<<<<<<<





 SETUP K-POINTS
                                    nspin = 1
                   Input type of k points = Monkhorst-Pack(Gamma)
                                   nkstot = 8
                       right hand lattice = 1
(for reciprocal lattice: )
                             BRAVAIS TYPE = 14
                     BRAVAIS LATTICE NAME = 14. Triclinic cell
                                    ibrav = 14
                       right hand lattice = 1
(for k-lattice: )
                             BRAVAIS TYPE = 14
                     BRAVAIS LATTICE NAME = 14. Triclinic cell
                                    ibrav = 14
                       right hand lattice = 1
                        ROTATION MATRICES = 2
                               nkstot_ibz = 8
K-POINTS REDUCTION ACCORDING TO SYMMETRY
     IBZ    DIRECT_X    DIRECT_Y    DIRECT_Z  WEIGHT  ibz2bz
       1  0.00000000  0.00000000  0.00000000  0.1250       0
       2  0.50000000  0.00000000  0.00000000  0.1250       1
       3  0.00000000  0.50000000  0.00000000  0.1250       2
       4  0.50000000  0.50000000  0.00000000  0.1250       3
       5  0.00000000  0.00000000  0.50000000  0.1250       4
       6  0.50000000  0.00000000  0.50000000  0.1250       5
       7  0.00000000  0.50000000  0.50000000  0.1250       6
       8  0.50000000  0.50000000  0.50000000  0.1250       7

                               nkstot now = 8
K-POINTS DIRECT COORDINATES
 KPOINTS    DIRECT_X    DIRECT_Y    DIRECT_Z  WEIGHT
       1  0.00000000  0.00000000  0.00000000  0.1250
       2  0.50000000  0.00000000  0.00000000  0.1250
       3  0.00000000  0.50000000  0.00000000  0.1250
       4  0.50000000  0.50000000  0.00000000  0.1250
       5  0.00000000  0.00000000  0.50000000  0.1250
       6  0.50000000  0.00000000  0.50000000  0.1250
       7  0.00000000  0.50000000  0.50000000  0.1250
       8  0.50000000  0.50000000  0.50000000  0.1250


           k-point number in this process = 8
       minimum distributed K point number = 8
starsize: 1
isym: 0 ks_vec: 0 0 0
starsize: 1
isym: 0 ks_vec: 0.5 0 0
starsize: 1
isym: 0 ks_vec: 0 0.5 0
starsize: 1
isym: 0 ks_vec: 0.5 0.5 0
starsize: 1
isym: 0 ks_vec: 0 0 0.5
starsize: 1
isym: 0 ks_vec: 0.5 0 0.5
starsize: 1
isym: 0 ks_vec: 0 0.5 0.5
starsize: 1
isym: 0 ks_vec: 0.5 0.5 0.5

K-POINTS CARTESIAN COORDINATES
 KPOINTS CARTESIAN_X CARTESIAN_Y CARTESIAN_Z  WEIGHT
       1  0.00000000  0.00000000  0.00000000  0.2500
       2  0.09449204  0.00000000  0.00000163  0.2500
       3  0.00000000  0.09753036  0.01487600  0.2500
       4  0.09449204  0.09753036  0.01487763  0.2500
       5  0.00000000  0.00000000  0.09814780  0.2500
       6  0.09449204  0.00000000  0.09814942  0.2500
       7  0.00000000  0.09753036  0.11302380  0.2500
       8  0.09449204  0.09753036  0.11302543  0.2500


K-POINTS DIRECT COORDINATES
 KPOINTS    DIRECT_X    DIRECT_Y    DIRECT_Z  WEIGHT
       1  0.00000000  0.00000000  0.00000000  0.2500
       2  0.50000000  0.00000000  0.00000000  0.2500
       3  0.00000000  0.50000000  0.00000000  0.2500
       4  0.50000000  0.50000000  0.00000000  0.2500
       5  0.00000000  0.00000000  0.50000000  0.2500
       6  0.50000000  0.00000000  0.50000000  0.2500
       7  0.00000000  0.50000000  0.50000000  0.2500
       8  0.50000000  0.50000000  0.50000000  0.2500

 DONE : INIT K-POINTS Time : 19.0351 (SEC)





 >>>>>>>>>>>>>>>>>>>>>>>>>>>>>>>>>>>>>>>>>>>>>>>>>>>>>>>>>>>>>>>>>>>>>>
 |                                                                    |
 | Setup plane waves of wave functions:                               |
 | Use the energy cutoff and the lattice vectors to generate the      |
 | dimensions of FFT grid. The number of FFT grid on each processor   |
 | is 'nrxx'. The number of plane wave basis in reciprocal space is   |
 | different for charege/potential and wave functions. We also set    |
 | the 'sticks' for the parallel of FFT. The number of plane wave of  |
 | each k-point is 'npwk[ik]' in each processor                       |
 <<<<<<<<<<<<<<<<<<<<<<<<<<<<<<<<<<<<<<<<<<<<<<<<<<<<<<<<<<<<<<<<<<<<<<





 SETUP PLANE WAVES FOR WAVE FUNCTIONS
     energy cutoff for wavefunc (unit:Ry) = 100
              fft grid for wave functions = [ 64, 64, 64 ]
                    number of plane waves = 18715
                         number of sticks = 869

 PARALLEL PW FOR WAVE FUNCTIONS
     PROC   COLUMNS(POT)             PW
        1             27            584
        2             27            584
        3             27            584
        4             27            586
        5             27            586
        6             27            586
        7             27            586
        8             27            585
        9             27            585
       10             27            585
       11             27            585
       12             27            585
       13             28            585
       14             28            585
       15             28            585
       16             28            585
       17             27            583
       18             27            583
       19             28            585
       20             27            585
       21             27            585
       22             27            585
       23             27            585
       24             27            585
       25             27            585
       26             27            585
       27             27            585
       28             27            585
       29             27            585
       30             27            585
       31             27            585
       32             27            583
 --------------- sum -------------------
       32            869          18715
 DONE : INIT PLANEWAVE Time : 19.341 (SEC)

 SET NONLOCAL PSEUDOPOTENTIAL PROJECTORS
 SET NONLOCAL PSEUDOPOTENTIAL PROJECTORS
 max number of nonlocal projetors among all species is 8
 DONE : LOCAL POTENTIAL Time : 21.6806 (SEC)


 -------------------------------------------
 SELF-CONSISTENT
 -------------------------------------------




 >>>>>>>>>>>>>>>>>>>>>>>>>>>>>>>>>>>>>>>>>>>>>>>>>>>>>>>>>>>>>>>>>>>>>>
 |                                                                    |
 | Search adjacent atoms:                                             |
 | Set the adjacent atoms for each atom and set the periodic boundary |
 | condition for the atoms on real space FFT grid. For k-dependent    |
 | algorithm, we also need to set the sparse H and S matrix element   |
 | for each atom.                                                     |
 |                                                                    |
 <<<<<<<<<<<<<<<<<<<<<<<<<<<<<<<<<<<<<<<<<<<<<<<<<<<<<<<<<<<<<<<<<<<<<<





 SETUP SEARCHING RADIUS FOR PROGRAM TO SEARCH ADJACENT ATOMS
                  longest orb rcut (Bohr) = 10
   longest nonlocal projector rcut (Bohr) = 2.46
                     search radius (Bohr) = 24.9
              searching radius is (Bohr)) = 24.9
         searching radius unit is (Bohr)) = 1.89
                         PeriodicBoundary = 1
                        Radius(unit:lat0) = 13.2
                                   glayer = [ 4, 4, 4 ]
                             glayer_minus = [ 3, 3, 3 ]

Find the coordinate range of the input atom(unit:lat0).
                                  min_tau = [ -15.3, -18.5, -14.4 ]
                                  max_tau = [ 21.2, 22.1, 20.4 ]
                                BoxNumber = [ 7, 7, 7 ]

 SETUP EXTENDED REAL SPACE GRID FOR GRID INTEGRATION
                          real space grid = [ 64, 64, 64 ]
                 big cell numbers in grid = [ 32, 32, 32 ]
             meshcell numbers in big cell = [ 2, 2, 2 ]
                        extended fft grid = [ 33, 34, 34 ]
                dimension of extened grid = [ 99, 101, 101 ]
                            UnitCellTotal = 125
              Atom number in sub-FFT-grid = 12
    Local orbitals number in sub-FFT-grid = 212
                                ParaV.nnr = 73211

 Warning_Memory_Consuming allocated:  Gint::hRGint 12.5 MB

 Warning_Memory_Consuming allocated:  Gint::DMRGint 12.5 MB
                                 init_chg = atomic
 DONE : INIT SCF Time : 23.111 (SEC)


 LCAO ALGORITHM --------------- ION=   1  ELEC=   1--------------------------------

 Density error is 0.157501597778
----------------------------------------------------------
     Energy           Rydberg                 eV          
----------------------------------------------------------
 E_KohnSham     -718.7230677723      -9778.7290057429     
 E_Harris       -705.1812014093      -9594.4824616524     
 E_Fermi        0.7490178204         10.1909102615        
----------------------------------------------------------


 LCAO ALGORITHM --------------- ION=   1  ELEC=   2--------------------------------

 Density error is 0.0638122088565
----------------------------------------------------------
     Energy           Rydberg                 eV          
----------------------------------------------------------
 E_KohnSham     -719.0348536607      -9782.9710703810     
 E_Harris       -715.2996823611      -9732.1514577004     
 E_Fermi        0.8930929032         12.1511523272        
----------------------------------------------------------


 LCAO ALGORITHM --------------- ION=   1  ELEC=   3--------------------------------

 Density error is 0.0380467199487
----------------------------------------------------------
     Energy           Rydberg                 eV          
----------------------------------------------------------
 E_KohnSham     -719.0646560298      -9783.3765524155     
 E_Harris       -718.4046679203      -9774.3969535134     
 E_Fermi        0.8874888637         12.0749054577        
----------------------------------------------------------


 LCAO ALGORITHM --------------- ION=   1  ELEC=   4--------------------------------

 Density error is 0.00769610956943
----------------------------------------------------------
     Energy           Rydberg                 eV          
----------------------------------------------------------
 E_KohnSham     -719.0628862704      -9783.3524736038     
 E_Harris       -718.2696090243      -9772.5593829627     
 E_Fermi        0.8911692601         12.1249798196        
----------------------------------------------------------


 LCAO ALGORITHM --------------- ION=   1  ELEC=   5--------------------------------

 Density error is 0.00121702003516
----------------------------------------------------------
     Energy           Rydberg                 eV          
----------------------------------------------------------
 E_KohnSham     -719.0642793299      -9783.3714271497     
 E_Harris       -718.9483622521      -9781.7942943973     
 E_Fermi        0.8907067702         12.1186873217        
----------------------------------------------------------


 LCAO ALGORITHM --------------- ION=   1  ELEC=   6--------------------------------

 Density error is 0.000872101525312
----------------------------------------------------------
     Energy           Rydberg                 eV          
----------------------------------------------------------
 E_KohnSham     -719.0642695155      -9783.3712936186     
 E_Harris       -719.0407378244      -9783.0511285363     
 E_Fermi        0.8913808149         12.1278581708        
----------------------------------------------------------


 LCAO ALGORITHM --------------- ION=   1  ELEC=   7--------------------------------

 Density error is 0.000244466490946
----------------------------------------------------------
     Energy           Rydberg                 eV          
----------------------------------------------------------
 E_KohnSham     -719.0642870088      -9783.3715316271     
 E_Harris       -719.0420249416      -9783.0686406639     
 E_Fermi        0.8922993644         12.1403556771        
----------------------------------------------------------


 LCAO ALGORITHM --------------- ION=   1  ELEC=   8--------------------------------

 Density error is 2.93544678188e-05
----------------------------------------------------------
     Energy           Rydberg                 eV          
----------------------------------------------------------
 E_KohnSham     -719.0642881467      -9783.3715471095     
 E_Harris       -719.0646093371      -9783.3759171288     
 E_Fermi        0.8923281886         12.1407478510        
----------------------------------------------------------


 LCAO ALGORITHM --------------- ION=   1  ELEC=   9--------------------------------

 Density error is 3.05456853959e-05
----------------------------------------------------------
     Energy           Rydberg                 eV          
----------------------------------------------------------
 E_KohnSham     -719.0642881209      -9783.3715467577     
 E_Harris       -719.0608675550      -9783.3250075707     
 E_Fermi        0.8923060599         12.1404467742        
----------------------------------------------------------


 LCAO ALGORITHM --------------- ION=   1  ELEC=  10--------------------------------

 Density error is 3.13249702877e-06
----------------------------------------------------------
     Energy           Rydberg                 eV          
----------------------------------------------------------
 E_KohnSham     -719.0642881462      -9783.3715471021     
 E_Harris       -719.0640394092      -9783.3681628623     
 E_Fermi        0.8923071674         12.1404618433        
----------------------------------------------------------


 LCAO ALGORITHM --------------- ION=   1  ELEC=  11--------------------------------

 Density error is 5.24666745833e-07
----------------------------------------------------------
     Energy           Rydberg                 eV          
----------------------------------------------------------
 E_KohnSham     -719.0642881464      -9783.3715471051     
 E_Harris       -719.0642360862      -9783.3708387890     
 E_Fermi        0.8923111618         12.1405161901        
----------------------------------------------------------


 LCAO ALGORITHM --------------- ION=   1  ELEC=  12--------------------------------

 Density error is 3.64473393507e-07
----------------------------------------------------------
     Energy           Rydberg                 eV          
----------------------------------------------------------
 E_KohnSham     -719.0642881464      -9783.3715471052     
 E_Harris       -719.0642973318      -9783.3716720793     
 E_Fermi        0.8923112335         12.1405171643        
----------------------------------------------------------


 LCAO ALGORITHM --------------- ION=   1  ELEC=  13--------------------------------

 Density error is 5.24001857189e-08
----------------------------------------------------------
     Energy           Rydberg                 eV          
----------------------------------------------------------
 E_KohnSham     -719.0642881464      -9783.3715471052     
 E_Harris       -719.0642924736      -9783.3716059799     
 E_Fermi        0.8923114784         12.1405204968        
----------------------------------------------------------


 LCAO ALGORITHM --------------- ION=   1  ELEC=  14--------------------------------

 Density error is 3.33382027204e-08
----------------------------------------------------------
     Energy           Rydberg                 eV          
----------------------------------------------------------
 E_KohnSham     -719.0642881464      -9783.3715471052     
 E_Harris       -719.0642909005      -9783.3715845768     
 E_Fermi        0.8923114674         12.1405203480        
----------------------------------------------------------


 LCAO ALGORITHM --------------- ION=   1  ELEC=  15--------------------------------

 Density error is 7.17523293961e-09
----------------------------------------------------------
     Energy           Rydberg                 eV          
----------------------------------------------------------
 E_KohnSham     -719.0642881464      -9783.3715471052     
 E_KS(sigma->0) -719.0642881464      -9783.3715471052     
 E_Harris       -719.0642884264      -9783.3715509140     
 E_band         -39.8546984510       -542.2509910059      
 E_one_elec     -141.0152903507      -1918.6114538935     
 E_Hartree      125.2314437604       1703.8612039082      
 E_xc           -182.4771543896      -2482.7290545237     
 E_Ewald        -520.8032871666      -7085.8922425962     
 E_entropy(-TS) -0.0000000000        -0.0000000000        
 E_descf        0.0000000000         0.0000000000         
 E_exx          0.0000000000         0.0000000000         
 E_Fermi        0.8923114391         12.1405199624        
----------------------------------------------------------


 charge density convergence is achieved
 final etot is -9783.3715471 eV
 EFERMI = 12.140519962 eV

 STATE ENERGY(eV) AND OCCUPATIONS    NSPIN == 1
 1/8 kpoint (Cartesian) = 0.0000 0.0000 0.0000 (492 pws)
       1       -49.1546       0.250000
       2       -49.1350       0.250000
       3       -49.1312       0.250000
       4       -49.1278       0.250000
       5       -19.0166       0.250000
       6       -18.9863       0.250000
       7       -18.9470       0.250000
       8       -18.7857       0.250000
       9       -18.7475       0.250000
      10       -18.6867       0.250000
      11       -18.6571       0.250000
      12       -18.6399       0.250000
      13       -18.6100       0.250000
      14       -18.5957       0.250000
      15       -18.5437       0.250000
      16       -18.5083       0.250000
      17       -7.30326       0.250000
      18       -6.05219       0.250000
      19       -5.75670       0.250000
      20       -5.70746       0.250000
      21       -5.27263       0.250000
      22       -5.21386       0.250000
      23       -5.20159       0.250000
      24       -5.12896       0.250000
      25        5.29141       0.250000
      26        5.36687       0.250000
      27        5.87019       0.250000
      28        6.11854       0.250000
      29        6.12982       0.250000
      30        6.59554       0.250000
      31        7.24434       0.250000
      32        7.50074       0.250000
      33        7.52742       0.250000
      34        7.90015       0.250000
      35        7.94509       0.250000
      36        8.09707       0.250000
      37        8.60282       0.250000
      38        8.78752       0.250000
      39        8.85852       0.250000
      40        8.98707       0.250000
      41        9.09411       0.250000
      42        9.72038       0.250000
      43        9.79778       0.250000
      44        9.88652       0.250000
      45        10.1136       0.250000
      46        10.2264       0.250000
      47        10.4935       0.250000
      48        10.8101       0.250000
      49        15.2716        0.00000
      50        15.8353        0.00000
      51        16.0894        0.00000
      52        16.4609        0.00000
      53        16.5958        0.00000
      54        16.6722        0.00000
      55        17.2978        0.00000
      56        17.3751        0.00000
      57        17.5155        0.00000
      58        17.5991        0.00000

 2/8 kpoint (Cartesian) = 0.094492 0.0000 1.6281e-06 (483 pws)
       1       -49.1462       0.250000
       2       -49.1462       0.250000
       3       -49.1282       0.250000
       4       -49.1281       0.250000
       5       -18.9247       0.250000
       6       -18.9247       0.250000
       7       -18.8453       0.250000
       8       -18.8452       0.250000
       9       -18.7654       0.250000
      10       -18.7654       0.250000
      11       -18.6666       0.250000
      12       -18.6666       0.250000
      13       -18.6368       0.250000
      14       -18.6368       0.250000
      15       -18.5363       0.250000
      16       -18.5362       0.250000
      17       -6.51712       0.250000
      18       -6.51709       0.250000
      19       -5.68555       0.250000
      20       -5.68551       0.250000
      21       -5.45513       0.250000
      22       -5.45495       0.250000
      23       -5.20330       0.250000
      24       -5.20307       0.250000
      25        5.59614       0.250000
      26        5.59617       0.250000
      27        6.34184       0.250000
      28        6.34188       0.250000
      29        6.71151       0.250000
      30        6.71157       0.250000
      31        7.05473       0.250000
      32        7.05483       0.250000
      33        7.16652       0.250000
      34        7.16654       0.250000
      35        8.08077       0.250000
      36        8.08087       0.250000
      37        8.60936       0.250000
      38        8.60940       0.250000
      39        8.98445       0.250000
      40        8.98457       0.250000
      41        9.44423       0.250000
      42        9.44440       0.250000
      43        9.72877       0.250000
      44        9.72893       0.250000
      45        10.0795       0.250000
      46        10.0797       0.250000
      47        10.2746       0.250000
      48        10.2747       0.250000
      49        15.9134        0.00000
      50        15.9136        0.00000
      51        16.3516        0.00000
      52        16.3517        0.00000
      53        16.6252        0.00000
      54        16.6253        0.00000
      55        17.1143        0.00000
      56        17.1143        0.00000
      57        17.7903        0.00000
      58        17.7904        0.00000

 3/8 kpoint (Cartesian) = 0.0000 0.097530 0.014876 (479 pws)
       1       -49.1432       0.250000
       2       -49.1432       0.250000
       3       -49.1311       0.250000
       4       -49.1311       0.250000
       5       -18.8815       0.250000
       6       -18.8815       0.250000
       7       -18.8761       0.250000
       8       -18.8761       0.250000
       9       -18.7837       0.250000
      10       -18.7837       0.250000
      11       -18.6377       0.250000
      12       -18.6377       0.250000
      13       -18.6231       0.250000
      14       -18.6230       0.250000
      15       -18.5751       0.250000
      16       -18.5751       0.250000
      17       -6.48348       0.250000
      18       -6.48347       0.250000
      19       -5.81397       0.250000
      20       -5.81389       0.250000
      21       -5.35393       0.250000
      22       -5.35383       0.250000
      23       -5.22023       0.250000
      24       -5.22010       0.250000
      25        5.91125       0.250000
      26        5.91126       0.250000
      27        6.49765       0.250000
      28        6.49769       0.250000
      29        6.57320       0.250000
      30        6.57320       0.250000
      31        7.17306       0.250000
      32        7.17318       0.250000
      33        7.65567       0.250000
      34        7.65574       0.250000
      35        7.98928       0.250000
      36        7.98942       0.250000
      37        8.29127       0.250000
      38        8.29133       0.250000
      39        8.74955       0.250000
      40        8.74961       0.250000
      41        9.11500       0.250000
      42        9.11507       0.250000
      43        9.76407       0.250000
      44        9.76416       0.250000
      45        9.81952       0.250000
      46        9.81955       0.250000
      47        10.2342       0.250000
      48        10.2343       0.250000
      49        15.5870        0.00000
      50        15.5871        0.00000
      51        15.9562        0.00000
      52        15.9563        0.00000
      53        17.0424        0.00000
      54        17.0425        0.00000
      55        17.5830        0.00000
      56        17.5831        0.00000
      57        17.7616        0.00000
      58        17.7618        0.00000

 4/8 kpoint (Cartesian) = 0.094492 0.097530 0.014878 (476 pws)
       1       -49.1417       0.250000
       2       -49.1416       0.250000
       3       -49.1327       0.250000
       4       -49.1326       0.250000
       5       -18.8769       0.250000
       6       -18.8769       0.250000
       7       -18.8650       0.250000
       8       -18.8650       0.250000
       9       -18.8040       0.250000
      10       -18.8040       0.250000
      11       -18.6662       0.250000
      12       -18.6662       0.250000
      13       -18.5969       0.250000
      14       -18.5969       0.250000
      15       -18.5709       0.250000
      16       -18.5709       0.250000
      17       -6.16881       0.250000
      18       -6.16879       0.250000
      19       -6.10263       0.250000
      20       -6.10259       0.250000
      21       -5.32330       0.250000
      22       -5.32329       0.250000
      23       -5.30006       0.250000
      24       -5.30000       0.250000
      25        6.35894       0.250000
      26        6.35895       0.250000
      27        6.43585       0.250000
      28        6.43589       0.250000
      29        6.95369       0.250000
      30        6.95373       0.250000
      31        7.00840       0.250000
      32        7.00846       0.250000
      33        7.55711       0.250000
      34        7.55720       0.250000
      35        7.90211       0.250000
      36        7.90220       0.250000
      37        8.05471       0.250000
      38        8.05474       0.250000
      39        8.59018       0.250000
      40        8.59031       0.250000
      41        9.07249       0.250000
      42        9.07260       0.250000
      43        9.75291       0.250000
      44        9.75295       0.250000
      45        9.89838       0.250000
      46        9.89841       0.250000
      47        10.0459       0.250000
      48        10.0460       0.250000
      49        15.8594        0.00000
      50        15.8595        0.00000
      51        15.8906        0.00000
      52        15.8907        0.00000
      53        16.8638        0.00000
      54        16.8638        0.00000
      55        17.1995        0.00000
      56        17.1996        0.00000
      57        17.8015        0.00000
      58        17.8018        0.00000

 5/8 kpoint (Cartesian) = 0.0000 0.0000 0.098148 (486 pws)
       1       -49.1454       0.250000
       2       -49.1404       0.250000
       3       -49.1339       0.250000
       4       -49.1288       0.250000
       5       -18.9719       0.250000
       6       -18.8561       0.250000
       7       -18.8321       0.250000
       8       -18.8167       0.250000
       9       -18.8089       0.250000
      10       -18.7401       0.250000
      11       -18.6970       0.250000
      12       -18.6487       0.250000
      13       -18.6230       0.250000
      14       -18.6071       0.250000
      15       -18.5905       0.250000
      16       -18.5648       0.250000
      17       -6.75283       0.250000
      18       -5.92620       0.250000
      19       -5.84462       0.250000
      20       -5.77384       0.250000
      21       -5.75917       0.250000
      22       -5.27885       0.250000
      23       -5.19961       0.250000
      24       -5.12481       0.250000
      25        5.14394       0.250000
      26        5.67511       0.250000
      27        6.15947       0.250000
      28        6.33922       0.250000
      29        6.36380       0.250000
      30        6.42863       0.250000
      31        7.01835       0.250000
      32        7.41317       0.250000
      33        7.48104       0.250000
      34        7.73234       0.250000
      35        7.82597       0.250000
      36        8.25087       0.250000
      37        8.53368       0.250000
      38        8.75230       0.250000
      39        8.98910       0.250000
      40        9.03284       0.250000
      41        9.22193       0.250000
      42        9.50455       0.250000
      43        9.62524       0.250000
      44        9.67075       0.250000
      45        10.2539       0.250000
      46        10.2914       0.250000
      47        10.3078       0.250000
      48        10.7056       0.250000
      49        15.0374        0.00000
      50        15.9692        0.00000
      51        16.2254        0.00000
      52        16.2300        0.00000
      53        16.5012        0.00000
      54        16.5799        0.00000
      55        16.7671        0.00000
      56        17.1715        0.00000
      57        18.0487        0.00000
      58        18.1154        0.00000

 6/8 kpoint (Cartesian) = 0.094492 0.0000 0.098149 (477 pws)
       1       -49.1419       0.250000
       2       -49.1419       0.250000
       3       -49.1324       0.250000
       4       -49.1324       0.250000
       5       -18.9285       0.250000
       6       -18.9285       0.250000
       7       -18.8456       0.250000
       8       -18.8456       0.250000
       9       -18.7687       0.250000
      10       -18.7687       0.250000
      11       -18.6737       0.250000
      12       -18.6737       0.250000
      13       -18.6053       0.250000
      14       -18.6053       0.250000
      15       -18.5575       0.250000
      16       -18.5575       0.250000
      17       -6.41747       0.250000
      18       -6.41745       0.250000
      19       -5.68285       0.250000
      20       -5.68282       0.250000
      21       -5.57917       0.250000
      22       -5.57902       0.250000
      23       -5.18378       0.250000
      24       -5.18356       0.250000
      25        6.03935       0.250000
      26        6.03939       0.250000
      27        6.35861       0.250000
      28        6.35867       0.250000
      29        6.64243       0.250000
      30        6.64245       0.250000
      31        6.90622       0.250000
      32        6.90626       0.250000
      33        7.63306       0.250000
      34        7.63310       0.250000
      35        7.89422       0.250000
      36        7.89430       0.250000
      37        8.54052       0.250000
      38        8.54067       0.250000
      39        8.90292       0.250000
      40        8.90298       0.250000
      41        9.17406       0.250000
      42        9.17416       0.250000
      43        9.35022       0.250000
      44        9.35032       0.250000
      45        10.0486       0.250000
      46        10.0486       0.250000
      47        10.2576       0.250000
      48        10.2577       0.250000
      49        15.6882        0.00000
      50        15.6885        0.00000
      51        16.2786        0.00000
      52        16.2786        0.00000
      53        16.6099        0.00000
      54        16.6100        0.00000
      55        17.2617        0.00000
      56        17.2618        0.00000
      57        17.4043        0.00000
      58        17.4044        0.00000

 7/8 kpoint (Cartesian) = 0.0000 0.097530 0.11302 (482 pws)
       1       -49.1412       0.250000
       2       -49.1411       0.250000
       3       -49.1332       0.250000
       4       -49.1331       0.250000
       5       -18.9368       0.250000
       6       -18.9367       0.250000
       7       -18.8712       0.250000
       8       -18.8712       0.250000
       9       -18.7569       0.250000
      10       -18.7569       0.250000
      11       -18.6851       0.250000
      12       -18.6850       0.250000
      13       -18.6043       0.250000
      14       -18.6043       0.250000
      15       -18.5250       0.250000
      16       -18.5250       0.250000
      17       -6.29874       0.250000
      18       -6.29870       0.250000
      19       -5.81995       0.250000
      20       -5.81984       0.250000
      21       -5.49387       0.250000
      22       -5.49382       0.250000
      23       -5.26865       0.250000
      24       -5.26854       0.250000
      25        5.95315       0.250000
      26        5.95317       0.250000
      27        6.36164       0.250000
      28        6.36170       0.250000
      29        6.75728       0.250000
      30        6.75733       0.250000
      31        6.99282       0.250000
      32        6.99287       0.250000
      33        7.21868       0.250000
      34        7.21880       0.250000
      35        8.26761       0.250000
      36        8.26766       0.250000
      37        8.80665       0.250000
      38        8.80669       0.250000
      39        8.98147       0.250000
      40        8.98152       0.250000
      41        9.29283       0.250000
      42        9.29288       0.250000
      43        9.32898       0.250000
      44        9.32905       0.250000
      45        9.68799       0.250000
      46        9.68805       0.250000
      47        10.3163       0.250000
      48        10.3165       0.250000
      49        15.3640        0.00000
      50        15.3640        0.00000
      51        16.1341        0.00000
      52        16.1342        0.00000
      53        16.5813        0.00000
      54        16.5814        0.00000
      55        17.0188        0.00000
      56        17.0188        0.00000
      57        17.5775        0.00000
      58        17.5779        0.00000

 8/8 kpoint (Cartesian) = 0.094492 0.097530 0.11303 (476 pws)
       1       -49.1402       0.250000
       2       -49.1402       0.250000
       3       -49.1340       0.250000
       4       -49.1340       0.250000
       5       -18.9946       0.250000
       6       -18.9946       0.250000
       7       -18.9636       0.250000
       8       -18.9635       0.250000
       9       -18.6686       0.250000
      10       -18.6686       0.250000
      11       -18.6022       0.250000
      12       -18.6022       0.250000
      13       -18.5981       0.250000
      14       -18.5981       0.250000
      15       -18.5436       0.250000
      16       -18.5435       0.250000
      17       -6.41828       0.250000
      18       -6.41826       0.250000
      19       -6.08251       0.250000
      20       -6.08248       0.250000
      21       -5.19234       0.250000
      22       -5.19229       0.250000
      23       -5.16686       0.250000
      24       -5.16681       0.250000
      25        6.14774       0.250000
      26        6.14780       0.250000
      27        6.44855       0.250000
      28        6.44860       0.250000
      29        6.84568       0.250000
      30        6.84573       0.250000
      31        7.27572       0.250000
      32        7.27576       0.250000
      33        7.83644       0.250000
      34        7.83657       0.250000
      35        7.88130       0.250000
      36        7.88134       0.250000
      37        8.36490       0.250000
      38        8.36500       0.250000
      39        8.46197       0.250000
      40        8.46202       0.250000
      41        9.12178       0.250000
      42        9.12182       0.250000
      43        9.54613       0.250000
      44        9.54624       0.250000
      45        9.63081       0.250000
      46        9.63088       0.250000
      47        9.97683       0.250000
      48        9.97685       0.250000
      49        15.6056        0.00000
      50        15.6057        0.00000
      51        16.2410        0.00000
      52        16.2410        0.00000
      53        16.4009        0.00000
      54        16.4010        0.00000
      55        16.8547        0.00000
      56        16.8548        0.00000
      57        17.9342        0.00000
      58        17.9344        0.00000

 correction force for each atom along direction 1 is 6.18613e-07
 correction force for each atom along direction 2 is 1.08459e-06
 correction force for each atom along direction 3 is 2.94228e-06
------------------------------------------------------------------------------------------
 TOTAL-FORCE (eV/Angstrom)                                                                
------------------------------------------------------------------------------------------
                       Hf1         0.0156086105         0.0526812990         0.0748132430 
                       Hf2         0.0150732856        -0.0532508830        -0.0767182644 
                       Hf3        -0.0148742584         0.0529336919         0.0762577897 
                       Hf4        -0.0142670797        -0.0525502972        -0.0760650361 
                        O1        -0.0308531954         0.0313812062         0.2085976982 
                        O2         0.0307608590        -0.0313783931        -0.2081959183 
                        O3         0.0386442990        -0.0536370255         0.0926859797 
                        O4        -0.0396956854         0.0535975876        -0.0918966228 
                        O5         0.0308910864         0.0317513513         0.2086934089 
                        O6        -0.0306471300        -0.0315089598        -0.2081942874 
                        O7        -0.0395141574        -0.0536835371         0.0922289144 
                        O8         0.0388733658         0.0536639597        -0.0922069050 
------------------------------------------------------------------------------------------

----------------------------------------------------------------
 TOTAL-STRESS (KBAR)                                            
----------------------------------------------------------------
       -33.5186737281         0.0327036530        -0.0179425459 
         0.0327036530        81.3733807172        -4.4710656061 
        -0.0179425459        -4.4710656061        -0.1352652912 
----------------------------------------------------------------
 TOTAL-PRESSURE: 15.906481 KBAR



 --------------------------------------------
 !FINAL_ETOT_IS -9783.3715471051928034 eV
 --------------------------------------------


TIME STATISTICS
------------------------------------------------------------------------------------
    CLASS_NAME                    NAME                TIME/s  CALLS   AVG/s  PER/%  
------------------------------------------------------------------------------------
                   total                              147.06 13       11.31  100.00 
 Driver            reading                            9.80   1        9.80   6.66   
 Input_Conv        Convert                            0.00   1        0.00   0.00   
 Driver            driver_line                        137.26 1        137.26 93.34  
 UnitCell          check_tau                          0.00   1        0.00   0.00   
 ESolver_KS_LCAO   before_all_runners                 5.75   1        5.75   3.91   
 PW_Basis_Sup      setuptransform                     0.19   1        0.19   0.13   
 PW_Basis_Sup      distributeg                        0.16   1        0.16   0.11   
 mymath            heapsort                           0.00   31       0.00   0.00   
 Charge_Mixing     init_mixing                        0.00   1        0.00   0.00   
 Symmetry          analy_sys                          0.03   1        0.03   0.02   
 PW_Basis_K        setuptransform                     0.28   1        0.28   0.19   
 PW_Basis_K        distributeg                        0.28   1        0.28   0.19   
 PW_Basis          setup_struc_factor                 0.00   1        0.00   0.00   
 NOrbital_Lm       extra_uniform                      0.32   14       0.02   0.22   
 Mathzone_Add1     SplineD2                           0.00   14       0.00   0.00   
 Mathzone_Add1     Cubic_Spline_Interpolation         0.02   14       0.00   0.01   
 Mathzone_Add1     Uni_Deriv_Phi                      0.30   14       0.02   0.20   
 ppcell_vl         init_vloc                          0.22   1        0.22   0.15   
 Ions              opt_ions                           125.37 1        125.37 85.25  
 ESolver_KS_LCAO   runner                             118.68 1        118.68 80.70  
 ESolver_KS_LCAO   before_scf                         1.43   1        1.43   0.97   
 atom_arrange      search                             0.00   1        0.00   0.00   
 atom_arrange      grid_d.init                        0.00   1        0.00   0.00   
 Grid              Construct_Adjacent_expand          0.00   1        0.00   0.00   
 Grid              Construct_Adjacent_expand_periodic 0.00   12       0.00   0.00   
 Grid_Technique    init                               0.41   1        0.41   0.28   
 Grid_BigCell      grid_expansion_index               0.08   2        0.04   0.05   
 Grid_Driver       Find_atom                          0.00   120      0.00   0.00   
 Record_adj        for_2d                             0.04   1        0.04   0.02   
 LCAO_domain       grid_prepare                       0.00   1        0.00   0.00   
 Veff              initialize_HR                      0.00   1        0.00   0.00   
 OverlapNew        initialize_SR                      0.00   1        0.00   0.00   
 EkineticNew       initialize_HR                      0.00   1        0.00   0.00   
 NonlocalNew       initialize_HR                      0.02   1        0.02   0.01   
 Charge            set_rho_core                       0.29   1        0.29   0.20   
 PW_Basis_Sup      recip2real                         0.43   125      0.00   0.30   
 PW_Basis_Sup      gathers_scatterp                   0.41   125      0.00   0.28   
 Charge            atomic_rho                         0.38   2        0.19   0.26   
 Potential         init_pot                           0.22   1        0.22   0.15   
 Potential         update_from_charge                 0.48   16       0.03   0.33   
 Potential         cal_fixed_v                        0.01   1        0.01   0.01   
 PotLocal          cal_fixed_v                        0.01   1        0.01   0.01   
 Potential         cal_v_eff                          0.47   16       0.03   0.32   
 H_Hartree_pw      v_hartree                          0.11   16       0.01   0.07   
 PW_Basis_Sup      real2recip                         0.24   145      0.00   0.16   
 PW_Basis_Sup      gatherp_scatters                   0.22   145      0.00   0.15   
 PotXC             cal_v_eff                          0.36   16       0.02   0.24   
 XC_Functional     v_xc                               0.37   18       0.02   0.25   
 Potential         interpolate_vrs                    0.00   16       0.00   0.00   
 Symmetry          rhog_symmetry                      0.62   16       0.04   0.42   
 Symmetry          group fft grids                    0.24   16       0.02   0.17   
 H_Ewald_pw        compute_ewald                      0.01   1        0.01   0.01   
 HSolverLCAO       solve                              115.80 15       7.72   78.74  
 HamiltLCAO        updateHk                           43.29  120      0.36   29.43  
 OperatorLCAO      init                               43.15  360      0.12   29.34  
 Veff              contributeHR                       42.74  15       2.85   29.06  
 Gint_interface    cal_gint                           71.58  31       2.31   48.67  
 Gint_interface    cal_gint_vlocal                    36.84  15       2.46   25.05  
 Gint_Tools        cal_psir_ylm                       2.59   30720    0.00   1.76   
 Gint_k            transfer_pvpR                      5.89   15       0.39   4.01   
 OverlapNew        calculate_SR                       0.10   1        0.10   0.07   
 OverlapNew        contributeHk                       0.03   120      0.00   0.02   
 EkineticNew       contributeHR                       0.10   15       0.01   0.07   
 EkineticNew       calculate_HR                       0.10   1        0.10   0.07   
 NonlocalNew       contributeHR                       0.27   15       0.02   0.19   
 NonlocalNew       calculate_HR                       0.26   1        0.26   0.18   
 OperatorLCAO      contributeHk                       0.04   120      0.00   0.02   
 HSolverLCAO       hamiltSolvePsiK                    38.88  120      0.32   26.44  
 DiagoElpa         elpa_solve                         37.53  120      0.31   25.52  
 elecstate         cal_dm                             0.15   16       0.01   0.10   
 psiMulPsiMpi      pdgemm                             0.15   128      0.00   0.10   
 DensityMatrix     cal_DMR                            0.04   16       0.00   0.03   
 ElecStateLCAO     psiToRho                           33.45  15       2.23   22.74  
 Gint              transfer_DMR                       1.48   15       0.10   1.01   
 Gint_interface    cal_gint_rho                       30.22  15       2.01   20.55  
 Charge_Mixing     get_drho                           0.01   15       0.00   0.01   
 Charge            mix_rho                            0.18   14       0.01   0.12   
 Charge            Broyden_mixing                     0.15   14       0.01   0.10   
 ModuleIO          write_rhog                         0.03   1        0.03   0.02   
 ESolver_KS_LCAO   after_scf                          0.13   1        0.13   0.09   
 ESolver_KS_LCAO   cal_force                          6.69   1        6.69   4.55   
 Force_Stress_LCAO getForceStress                     6.69   1        6.69   4.55   
 Forces            cal_force_loc                      0.00   1        0.00   0.00   
 Forces            cal_force_ew                       0.00   1        0.00   0.00   
 Forces            cal_force_cc                       0.14   1        0.14   0.09   
 Forces            cal_force_scc                      0.12   1        0.12   0.08   
 Stress_Func       stress_loc                         0.38   1        0.38   0.26   
 Stress_Func       stress_har                         0.00   1        0.00   0.00   
 Stress_Func       stress_ewa                         0.00   1        0.00   0.00   
 Stress_Func       stress_cc                          0.48   1        0.48   0.32   
 Stress_Func       stress_gga                         0.00   1        0.00   0.00   
 Force_LCAO        ftable                             4.81   1        4.81   3.27   
 Force_LCAO        allocate                           0.27   1        0.27   0.18   
 LCAO_domain       build_ST_new                       0.27   2        0.13   0.18   
 Force_LCAO        cal_pulay_fs_center2               0.01   2        0.00   0.00   
 Gint_interface    cal_gint_force                     4.51   1        4.51   3.07   
 Gint_Tools        cal_dpsir_ylm                      0.30   1024     0.00   0.20   
 Gint_Tools        cal_dpsirr_ylm                     0.09   1024     0.00   0.06   
 NonlocalNew       cal_force_stress                   0.74   1        0.74   0.50   
 ESolver_KS_LCAO   cal_stress                         0.00   1        0.00   0.00   
 ESolver_KS_LCAO   after_all_runners                  0.00   1        0.00   0.00   
 ModuleIO          write_istate_info                  0.00   1        0.00   0.00   
------------------------------------------------------------------------------------


 NAME-------------------------|MEMORY(MB)--------
                         total      2260.7853
                  Gint::hRGint       399.5964
                 Gint::DMRGint       399.2839
       TwoCenterTable: Kinetic       137.3855
       TwoCenterTable: Overlap       137.3855
      TwoCenterTable: Nonlocal       136.0217
               GT::ind_bigcell       123.2787
         GT::in_this_processor       123.2787
              GT::index2normal       123.2787
               GT::index2ucell       123.2787
                  meshball_pos       123.2747
                   Stress::dSR       104.9822
                   Force::dS_K        52.4911
                   Stress::dHr        52.4911
                  Force::dTVNL        52.4911
      GT::bigcell_on_processor        30.8197
                HamiltLCAO::hR        23.9358
            DensityMatrix::DMR        23.9358
                    index_ball        20.5458
                HamiltLCAO::sR        17.2718
                GT::which_atom         6.9710
             GT::which_bigcell         6.9710
            GT::which_unitcell         6.9710
            DensityMatrix::DMK         5.4863
                  SF::strucFac         3.8444
                RealGauntTable         3.7773
                  PW_B_K::gcar         2.9286
                  SF::eigts123         2.2515
                      Chg::rho         2.0000
                 Chg::rho_save         2.0000
                 Chg::rho_core         2.0000
                 Pot::veff_fix         2.0000
                     Pot::veff         2.0000
              Pot::veff_smooth         2.0000
 -------------   < 1.0 MB has been ignored ----------------
 ----------------------------------------------------------

 Start  Time  : Sat Oct 10 00:56:49 2026
 Finish Time  : Sat Oct 10 00:59:16 2026
 Total  Time  : 0 h 2 mins 27 secs 
