                                                                                     
                              ABACUS v3.10.0

               Atomic-orbital Based Ab-initio Computation at UStc                    

                     Website: http://abacus.ustc.edu.cn/                             
               Documentation: https://abacus.deepmodeling.com/                       
                  Repository: https://github.com/abacusmodeling/abacus-develop       
                              https://github.com/deepmodeling/abacus-develop         
                      Commit: f7cb1d3 (Mon May 12 16:53:30 2025 +0800)

    Start Time is Sat Oct 10 00:36:46 2026
                                                                                     
 ------------------------------------------------------------------------------------

 READING GENERAL INFORMATION
                           global_out_dir = OUT.ABACUS/
                           global_in_card = INPUT
                               pseudo_dir = 
                              orbital_dir = 
                                    DRANK = 1
                                    DSIZE = 32
                                   DCOLOR = 1
                                    GRANK = 1
                                    GSIZE = 1




 >>>>>>>>>>>>>>>>>>>>>>>>>>>>>>>>>>>>>>>>>>>>>>>>>>>>>>>>>>>>>>>>>>>>>>
 |                                                                    |
 | Reading atom information in unitcell:                              |
 | From the input file and the structure file we know the number of   |
 | different elments in this unitcell, then we list the detail        |
 | information for each element, especially the zeta and polar atomic |
 | orbital number for each element. The total atom number is counted. |
 | We calculate the nearest atom distance for each atom and show the  |
 | Cartesian and Direct coordinates for each atom. We list the file   |
 | address for atomic orbitals. The volume and the lattice vectors    |
 | in real and reciprocal space is also shown.                        |
 |                                                                    |
 <<<<<<<<<<<<<<<<<<<<<<<<<<<<<<<<<<<<<<<<<<<<<<<<<<<<<<<<<<<<<<<<<<<<<<




 READING UNITCELL INFORMATION
                                    ntype = 2
                  lattice constant (Bohr) = 1.88973
              lattice constant (Angstrom) = 1

 READING ATOM TYPE 1
                               atom label = Hf
                      L=0, number of zeta = 4
                      L=1, number of zeta = 2
                      L=2, number of zeta = 2
                      L=3, number of zeta = 1
             number of atom for this type = 4

 READING ATOM TYPE 2
                               atom label = O
                      L=0, number of zeta = 2
                      L=1, number of zeta = 2
                      L=2, number of zeta = 1
             number of atom for this type = 8

                        TOTAL ATOM NUMBER = 12
DIRECT COORDINATES
    atom                   x                   y                   z     mag                  vx                  vy                  vz
taud_Hf1            0.0000000000        0.0000000000        0.0000000000  0.0000        0.0000000000        0.0000000000        0.0000000000
taud_Hf2            0.5000000000        0.0000000000        0.5000000000  0.0000        0.0000000000        0.0000000000        0.0000000000
taud_Hf3            0.5000000000        0.5000000000        0.0000000000  0.0000        0.0000000000        0.0000000000        0.0000000000
taud_Hf4            0.0000000000        0.5000000000        0.5000000000  0.0000        0.0000000000        0.0000000000        0.0000000000
taud_O1            0.1904189453        0.2500000000        0.2500000000  0.0000        0.0000000000        0.0000000000        0.0000000000
taud_O2            0.6904189453        0.2500000000        0.2500000000  0.0000        0.0000000000        0.0000000000        0.0000000000
taud_O3            0.3095810547        0.2500000000        0.7500000000  0.0000        0.0000000000        0.0000000000        0.0000000000
taud_O4            0.8095810547        0.2500000000        0.7500000000  0.0000        0.0000000000        0.0000000000        0.0000000000
taud_O5            0.3095810547        0.7500000000        0.2500000000  0.0000        0.0000000000        0.0000000000        0.0000000000
taud_O6            0.8095810547        0.7500000000        0.2500000000  0.0000        0.0000000000        0.0000000000        0.0000000000
taud_O7            0.1904189453        0.7500000000        0.7500000000  0.0000        0.0000000000        0.0000000000        0.0000000000
taud_O8            0.6904189453        0.7500000000        0.7500000000  0.0000        0.0000000000        0.0000000000        0.0000000000



                          Volume (Bohr^3) = 924.34
                             Volume (A^3) = 136.973

 Lattice vectors: (Cartesian coordinate: in unit of a_0)
             +5.29145        +1.99155e-55        -5.09974e-15
                   +0            +5.12661                  +0
         +4.36376e-16              -6e-16            +5.04929
 Reciprocal vectors: (Cartesian coordinate: in unit of 2 pi/a_0)
            +0.188984                  -0        -1.63326e-17
          +2.2339e-32           +0.195061        +2.31788e-17
         +1.90872e-16                  -0           +0.198048
 The esolver type has been set to : ksdft_lcao

 RUNNING WITH DEVICE  : CPU / AMD EPYC 7702 64-Core Processor




 >>>>>>>>>>>>>>>>>>>>>>>>>>>>>>>>>>>>>>>>>>>>>>>>>>>>>>>>>>>>>>>>>>>>>>
 |                                                                    |
 | Reading pseudopotentials files:                                    |
 | The pseudopotential file is in UPF format. The 'NC' indicates that |
 | the type of pseudopotential is 'norm conserving'. Functional of    |
 | exchange and correlation is decided by 4 given parameters in UPF   |
 | file.  We also read in the 'core correction' if there exists.      |
 | Also we can read the valence electrons number and the maximal      |
 | angular momentum used in this pseudopotential. We also read in the |
 | trail wave function, trail atomic density and local-pseudopotential|
 | on logrithmic grid. The non-local pseudopotential projector is also|
 | read in if there is any.                                           |
 |                                                                    |
 <<<<<<<<<<<<<<<<<<<<<<<<<<<<<<<<<<<<<<<<<<<<<<<<<<<<<<<<<<<<<<<<<<<<<<




                PAO radial cut off (Bohr) = 15

 Read in pseudopotential file is Hf.upf
                     pseudopotential type = NC
          exchange-correlation functional = PBE
                 nonlocal core correction = 1
                        valence electrons = 12
                                     lmax = 3
                           number of zeta = 4
                     number of projectors = 8
                           L of projector = 0
                           L of projector = 0
                           L of projector = 1
                           L of projector = 1
                           L of projector = 2
                           L of projector = 2
                           L of projector = 3
                           L of projector = 3
                PAO radial cut off (Bohr) = 15

 Read in pseudopotential file is O.upf
                     pseudopotential type = NC
          exchange-correlation functional = PBE
                 nonlocal core correction = 1
                        valence electrons = 6
                                     lmax = 2
                           number of zeta = 2
                     number of projectors = 5
                           L of projector = 0
                           L of projector = 0
                           L of projector = 1
                           L of projector = 1
                           L of projector = 2
     initial pseudo atomic orbital number = 72

 SETUP THE ELECTRONS NUMBER
            electron number of element Hf = 12
      total electron number of element Hf = 48
             electron number of element O = 6
       total electron number of element O = 48
            AUTOSET number of electrons:  = 96
                           occupied bands = 48
                                   NLOCAL = 212
                                   NBANDS = 58
                                   NBANDS = 58
                                   NLOCAL = 212

%%%%%%%%%%%%%%%%%%%%%%%%%%%%%%%%%%%%%%%%%%%%%%%%%%%%%%%%%%%%%%%%%%%%%%%%%%%%%%%%%%%%%%%%%%%%%%%%%%%%%%%%%%
 Warning: the number of valence electrons in pseudopotential > 4 for Hf: [Xe] 4f14 5d2 6s2
 Pseudopotentials with additional electrons can yield (more) accurate outcomes, but may be less efficient.
 If you're confident that your chosen pseudopotential is appropriate, you can safely ignore this warning.
%%%%%%%%%%%%%%%%%%%%%%%%%%%%%%%%%%%%%%%%%%%%%%%%%%%%%%%%%%%%%%%%%%%%%%%%%%%%%%%%%%%%%%%%%%%%%%%%%%%%%%%%%%
                  




 >>>>>>>>>>>>>>>>>>>>>>>>>>>>>>>>>>>>>>>>>>>>>>>>>>>>>>>>>>>>>>>>>>>>>>
 |                                                                    |
 | Setup plane waves of charge/potential:                             |
 | Use the energy cutoff and the lattice vectors to generate the      |
 | dimensions of FFT grid. The number of FFT grid on each processor   |
 | is 'nrxx'. The number of plane wave basis in reciprocal space is   |
 | different for charege/potential and wave functions. We also set    |
 | the 'sticks' for the parallel of FFT. The number of plane waves    |
 | is 'npw' in each processor.                                        |
 <<<<<<<<<<<<<<<<<<<<<<<<<<<<<<<<<<<<<<<<<<<<<<<<<<<<<<<<<<<<<<<<<<<<<<





 SETUP THE PLANE WAVE BASIS
 energy cutoff for charge/potential (unit:Ry) = 400
            fft grid for charge/potential = [ 64, 64, 64 ]
                        fft grid division = [ 2, 2, 2 ]
        big fft grid for charge/potential = [ 32, 32, 32 ]
                                     nbxx = 1024
                                     nrxx = 8192

 SETUP PLANE WAVES FOR CHARGE/POTENTIAL
                    number of plane waves = 124879
                         number of sticks = 3079

 PARALLEL PW FOR CHARGE/POTENTIAL
     PROC   COLUMNS(POT)             PW
        1             97           3905
        2             97           3905
        3             97           3905
        4             97           3905
        5             96           3902
        6             96           3902
        7             96           3902
        8             96           3902
        9             96           3902
       10             96           3902
       11             96           3902
       12             96           3902
       13             96           3902
       14             96           3902
       15             97           3903
       16             96           3902
       17             96           3902
       18             96           3902
       19             96           3902
       20             96           3902
       21             96           3902
       22             96           3902
       23             96           3902
       24             96           3902
       25             96           3902
       26             96           3902
       27             96           3902
       28             96           3902
       29             96           3902
       30             96           3902
       31             97           3903
       32             97           3903
 --------------- sum -------------------
       32           3079         124879
                            number of |g| = 2001
                                  max |g| = 36.1571
                                  min |g| = 0.0380487
 DONE : SETUP UNITCELL Time : 10.6835 (SEC)


----------- Double Check Mixing Parameters Begin ------------
mixing_type: broyden
mixing_beta: 0.3
mixing_gg0: 1
mixing_gg0_min: 0.1
mixing_ndim: 8
----------- Double Check Mixing Parameters End ------------




 >>>>>>>>>>>>>>>>>>>>>>>>>>>>>>>>>>>>>>>>>>>>>>>>>>>>>>>>>>>>>>>>>>>>>>
 |                                                                    |
 | Doing symmetry analysis:                                           |
 | We calculate the norm of 3 vectors and the angles between them,    |
 | the type of Bravais lattice is given. We can judge if the unticell |
 | is a primitive cell. Finally we give the point group operation for |
 | this unitcell. We use the point group operations to do symmetry |
 | analysis on given k-point mesh and the charge density.             |
 |                                                                    |
 <<<<<<<<<<<<<<<<<<<<<<<<<<<<<<<<<<<<<<<<<<<<<<<<<<<<<<<<<<<<<<<<<<<<<<




 LATTICE VECTORS: (CARTESIAN COORDINATE: IN UNIT OF A0)
             +5.29145        +1.99155e-55        -5.09974e-15
                   +0            +5.12661                  +0
         +4.36376e-16              -6e-16            +5.04929
                       right hand lattice = 1
                                   NORM_A = 5.29145
                                   NORM_B = 5.12661
                                   NORM_C = 5.04929
                           ALPHA (DEGREE) = 90
                           BETA  (DEGREE) = 90
                           GAMMA (DEGREE) = 90

 The lattice vectors have been changed (STRU_SIMPLE.cif)

(for optimal symmetric configuration:)
                             BRAVAIS TYPE = 8
                     BRAVAIS LATTICE NAME = 08. Orthorhombic P(simple)
                                    ibrav = 8
                                    IBRAV = 8
                                  BRAVAIS = SIMPLE ORTHORHOMBIC CELL
                       LATTICE CONSTANT A = 5.04929
                                B/A RATIO = 1.01531
                                C/A RATIO = 1.04796
                       right hand lattice = 1
(for primitive cell:)
                                    IBRAV = 11
                                  BRAVAIS = BASE CENTERED ORTHORHOMBIC CELL
                       LATTICE CONSTANT A = 5.04929
                                B/A RATIO = 1.01531
                                C/A RATIO = 1.04796
optimized lattice volume: 136.973
optimized primitive cell volume: 68.4866
Original cell was built up by 2 primitive cells.
                        ROTATION MATRICES = 8
              PURE POINT GROUP OPERATIONS = 4
                   SPACE GROUP OPERATIONS = 8
                                       C2 = 3
                                       C3 = 0
                                       C4 = 0
                                       C6 = 0
                                       S1 = 0
                                       S3 = 0
                                       S4 = 0
                                       S6 = 0
                              POINT GROUP = D_2
                                       C2 = 3
                                       C3 = 0
                                       C4 = 0
                                       C6 = 0
                                       S1 = 3
                                       S3 = 0
                                       S4 = 0
                                       S6 = 0
               POINT GROUP IN SPACE GROUP = D_2h
 DONE : SYMMETRY Time : 10.7465 (SEC)





 >>>>>>>>>>>>>>>>>>>>>>>>>>>>>>>>>>>>>>>>>>>>>>>>>>>>>>>>>>>>>>>>>>>>>>
 |                                                                    |
 | Setup K-points                                                     |
 | We setup the k-points according to input parameters.               |
 | The reduced k-points are set according to symmetry operations.     |
 | We treat the spin as another set of k-points.                      |
 |                                                                    |
 <<<<<<<<<<<<<<<<<<<<<<<<<<<<<<<<<<<<<<<<<<<<<<<<<<<<<<<<<<<<<<<<<<<<<<





 SETUP K-POINTS
                                    nspin = 1
                   Input type of k points = Monkhorst-Pack(Gamma)
                                   nkstot = 8
                       right hand lattice = 1
(for reciprocal lattice: )
                             BRAVAIS TYPE = 8
                     BRAVAIS LATTICE NAME = 08. Orthorhombic P(simple)
                                    ibrav = 8
                       right hand lattice = 1
(for k-lattice: )
                             BRAVAIS TYPE = 8
                     BRAVAIS LATTICE NAME = 08. Orthorhombic P(simple)
                                    ibrav = 8
                       right hand lattice = 1
                        ROTATION MATRICES = 8
                               nkstot_ibz = 8
K-POINTS REDUCTION ACCORDING TO SYMMETRY
     IBZ    DIRECT_X    DIRECT_Y    DIRECT_Z  WEIGHT  ibz2bz
       1  0.00000000  0.00000000  0.00000000  0.1250       0
       2  0.50000000  0.00000000  0.00000000  0.1250       1
       3  0.00000000  0.50000000  0.00000000  0.1250       2
       4  0.50000000  0.50000000  0.00000000  0.1250       3
       5  0.00000000  0.00000000  0.50000000  0.1250       4
       6  0.50000000  0.00000000  0.50000000  0.1250       5
       7  0.00000000  0.50000000  0.50000000  0.1250       6
       8  0.50000000  0.50000000  0.50000000  0.1250       7

                               nkstot now = 8
K-POINTS DIRECT COORDINATES
 KPOINTS    DIRECT_X    DIRECT_Y    DIRECT_Z  WEIGHT
       1  0.00000000  0.00000000  0.00000000  0.1250
       2  0.50000000  0.00000000  0.00000000  0.1250
       3  0.00000000  0.50000000  0.00000000  0.1250
       4  0.50000000  0.50000000  0.00000000  0.1250
       5  0.00000000  0.00000000  0.50000000  0.1250
       6  0.50000000  0.00000000  0.50000000  0.1250
       7  0.00000000  0.50000000  0.50000000  0.1250
       8  0.50000000  0.50000000  0.50000000  0.1250


           k-point number in this process = 8
       minimum distributed K point number = 8
starsize: 1
isym: 0 ks_vec: 0 0 0
starsize: 1
isym: 0 ks_vec: 0.5 0 0
starsize: 1
isym: 0 ks_vec: 0 0.5 0
starsize: 1
isym: 0 ks_vec: 0.5 0.5 0
starsize: 1
isym: 0 ks_vec: 0 0 0.5
starsize: 1
isym: 0 ks_vec: 0.5 0 0.5
starsize: 1
isym: 0 ks_vec: 0 0.5 0.5
starsize: 1
isym: 0 ks_vec: 0.5 0.5 0.5

K-POINTS CARTESIAN COORDINATES
 KPOINTS CARTESIAN_X CARTESIAN_Y CARTESIAN_Z  WEIGHT
       1  0.00000000  0.00000000  0.00000000  0.2500
       2  0.09449204  0.00000000  0.00000000  0.2500
       3  0.00000000  0.09753036  0.00000000  0.2500
       4  0.09449204  0.09753036  0.00000000  0.2500
       5  0.00000000  0.00000000  0.09902381  0.2500
       6  0.09449204  0.00000000  0.09902381  0.2500
       7  0.00000000  0.09753036  0.09902381  0.2500
       8  0.09449204  0.09753036  0.09902381  0.2500


K-POINTS DIRECT COORDINATES
 KPOINTS    DIRECT_X    DIRECT_Y    DIRECT_Z  WEIGHT
       1  0.00000000  0.00000000  0.00000000  0.2500
       2  0.50000000  0.00000000  0.00000000  0.2500
       3  0.00000000  0.50000000  0.00000000  0.2500
       4  0.50000000  0.50000000  0.00000000  0.2500
       5  0.00000000  0.00000000  0.50000000  0.2500
       6  0.50000000  0.00000000  0.50000000  0.2500
       7  0.00000000  0.50000000  0.50000000  0.2500
       8  0.50000000  0.50000000  0.50000000  0.2500

 DONE : INIT K-POINTS Time : 10.864 (SEC)





 >>>>>>>>>>>>>>>>>>>>>>>>>>>>>>>>>>>>>>>>>>>>>>>>>>>>>>>>>>>>>>>>>>>>>>
 |                                                                    |
 | Setup plane waves of wave functions:                               |
 | Use the energy cutoff and the lattice vectors to generate the      |
 | dimensions of FFT grid. The number of FFT grid on each processor   |
 | is 'nrxx'. The number of plane wave basis in reciprocal space is   |
 | different for charege/potential and wave functions. We also set    |
 | the 'sticks' for the parallel of FFT. The number of plane wave of  |
 | each k-point is 'npwk[ik]' in each processor                       |
 <<<<<<<<<<<<<<<<<<<<<<<<<<<<<<<<<<<<<<<<<<<<<<<<<<<<<<<<<<<<<<<<<<<<<<





 SETUP PLANE WAVES FOR WAVE FUNCTIONS
     energy cutoff for wavefunc (unit:Ry) = 100
              fft grid for wave functions = [ 64, 64, 64 ]
                    number of plane waves = 18341
                         number of sticks = 865

 PARALLEL PW FOR WAVE FUNCTIONS
     PROC   COLUMNS(POT)             PW
        1             27            573
        2             27            573
        3             27            573
        4             27            573
        5             26            572
        6             27            575
        7             27            575
        8             27            575
        9             27            575
       10             27            573
       11             27            573
       12             27            573
       13             27            573
       14             27            573
       15             27            573
       16             27            573
       17             27            573
       18             27            573
       19             27            573
       20             27            573
       21             27            573
       22             27            573
       23             27            573
       24             27            573
       25             27            573
       26             27            573
       27             27            573
       28             27            573
       29             27            573
       30             28            572
       31             28            572
       32             27            573
 --------------- sum -------------------
       32            865          18341
 DONE : INIT PLANEWAVE Time : 10.8706 (SEC)

 SET NONLOCAL PSEUDOPOTENTIAL PROJECTORS
 SET NONLOCAL PSEUDOPOTENTIAL PROJECTORS
 max number of nonlocal projetors among all species is 8
 DONE : LOCAL POTENTIAL Time : 11.4023 (SEC)


 -------------------------------------------
 SELF-CONSISTENT
 -------------------------------------------




 >>>>>>>>>>>>>>>>>>>>>>>>>>>>>>>>>>>>>>>>>>>>>>>>>>>>>>>>>>>>>>>>>>>>>>
 |                                                                    |
 | Search adjacent atoms:                                             |
 | Set the adjacent atoms for each atom and set the periodic boundary |
 | condition for the atoms on real space FFT grid. For k-dependent    |
 | algorithm, we also need to set the sparse H and S matrix element   |
 | for each atom.                                                     |
 |                                                                    |
 <<<<<<<<<<<<<<<<<<<<<<<<<<<<<<<<<<<<<<<<<<<<<<<<<<<<<<<<<<<<<<<<<<<<<<





 SETUP SEARCHING RADIUS FOR PROGRAM TO SEARCH ADJACENT ATOMS
                  longest orb rcut (Bohr) = 10
   longest nonlocal projector rcut (Bohr) = 2.46
                     search radius (Bohr) = 24.9
              searching radius is (Bohr)) = 24.9
         searching radius unit is (Bohr)) = 1.89
                         PeriodicBoundary = 1
                        Radius(unit:lat0) = 13.2
                                   glayer = [ 4, 4, 4 ]
                             glayer_minus = [ 3, 3, 3 ]

Find the coordinate range of the input atom(unit:lat0).
                                  min_tau = [ -15.9, -15.4, -15.1 ]
                                  max_tau = [ 20.2, 19.2, 18.9 ]
                                BoxNumber = [ 7, 7, 7 ]

 SETUP EXTENDED REAL SPACE GRID FOR GRID INTEGRATION
                          real space grid = [ 64, 64, 64 ]
                 big cell numbers in grid = [ 32, 32, 32 ]
             meshcell numbers in big cell = [ 2, 2, 2 ]
                        extended fft grid = [ 33, 34, 34 ]
                dimension of extened grid = [ 99, 101, 101 ]
                            UnitCellTotal = 125
              Atom number in sub-FFT-grid = 12
    Local orbitals number in sub-FFT-grid = 212
                                ParaV.nnr = 82590

 Warning_Memory_Consuming allocated:  Gint::hRGint 12.6 MB

 Warning_Memory_Consuming allocated:  Gint::DMRGint 12.5 MB
                                 init_chg = atomic
 DONE : INIT SCF Time : 11.8437 (SEC)


 LCAO ALGORITHM --------------- ION=   1  ELEC=   1--------------------------------

 Density error is 0.159191556079
----------------------------------------------------------
     Energy           Rydberg                 eV          
----------------------------------------------------------
 E_KohnSham     -718.6851232001      -9778.2127433530     
 E_Harris       -705.1743309903      -9594.3889848060     
 E_Fermi        0.7937210175         10.7991284603        
----------------------------------------------------------


 LCAO ALGORITHM --------------- ION=   1  ELEC=   2--------------------------------

 Density error is 0.0644544645535
----------------------------------------------------------
     Energy           Rydberg                 eV          
----------------------------------------------------------
 E_KohnSham     -718.9995488665      -9782.4907240135     
 E_Harris       -715.4145161388      -9733.7138514011     
 E_Fermi        0.9361126928         12.7364665927        
----------------------------------------------------------


 LCAO ALGORITHM --------------- ION=   1  ELEC=   3--------------------------------

 Density error is 0.0385350465164
----------------------------------------------------------
     Energy           Rydberg                 eV          
----------------------------------------------------------
 E_KohnSham     -719.0293610107      -9782.8963390440     
 E_Harris       -718.5206553403      -9775.9750433217     
 E_Fermi        0.9304449883         12.6593535169        
----------------------------------------------------------


 LCAO ALGORITHM --------------- ION=   1  ELEC=   4--------------------------------

 Density error is 0.00789994980306
----------------------------------------------------------
     Energy           Rydberg                 eV          
----------------------------------------------------------
 E_KohnSham     -719.0271250872      -9782.8659177442     
 E_Harris       -718.2164763265      -9771.8364755231     
 E_Fermi        0.9333003709         12.6982029891        
----------------------------------------------------------


 LCAO ALGORITHM --------------- ION=   1  ELEC=   5--------------------------------

 Density error is 0.0016961667133
----------------------------------------------------------
     Energy           Rydberg                 eV          
----------------------------------------------------------
 E_KohnSham     -719.0288227899      -9782.8890161753     
 E_Harris       -719.0204002248      -9782.7744212976     
 E_Fermi        0.9328925889         12.6926548308        
----------------------------------------------------------


 LCAO ALGORITHM --------------- ION=   1  ELEC=   6--------------------------------

 Density error is 0.000353121218397
----------------------------------------------------------
     Energy           Rydberg                 eV          
----------------------------------------------------------
 E_KohnSham     -719.0288786694      -9782.8897764542     
 E_Harris       -719.0222987729      -9782.8002523697     
 E_Fermi        0.9344972075         12.7144867873        
----------------------------------------------------------


 LCAO ALGORITHM --------------- ION=   1  ELEC=   7--------------------------------

 Density error is 0.000328780563746
----------------------------------------------------------
     Energy           Rydberg                 eV          
----------------------------------------------------------
 E_KohnSham     -719.0288797624      -9782.8897913252     
 E_Harris       -718.9891634230      -9782.3494228064     
 E_Fermi        0.9346225989         12.7161928245        
----------------------------------------------------------


 LCAO ALGORITHM --------------- ION=   1  ELEC=   8--------------------------------

 Density error is 2.94663596813e-05
----------------------------------------------------------
     Energy           Rydberg                 eV          
----------------------------------------------------------
 E_KohnSham     -719.0288822413      -9782.8898250530     
 E_Harris       -719.0303045401      -9782.9091764213     
 E_Fermi        0.9347607270         12.7180721544        
----------------------------------------------------------


 LCAO ALGORITHM --------------- ION=   1  ELEC=   9--------------------------------

 Density error is 4.33492072925e-06
----------------------------------------------------------
     Energy           Rydberg                 eV          
----------------------------------------------------------
 E_KohnSham     -719.0288822471      -9782.8898251314     
 E_Harris       -719.0284411173      -9782.8838232527     
 E_Fermi        0.9347367589         12.7177460506        
----------------------------------------------------------


 LCAO ALGORITHM --------------- ION=   1  ELEC=  10--------------------------------

 Density error is 1.44402716667e-06
----------------------------------------------------------
     Energy           Rydberg                 eV          
----------------------------------------------------------
 E_KohnSham     -719.0288822473      -9782.8898251344     
 E_Harris       -719.0288473722      -9782.8893506343     
 E_Fermi        0.9347424522         12.7178235120        
----------------------------------------------------------


 LCAO ALGORITHM --------------- ION=   1  ELEC=  11--------------------------------

 Density error is 2.37295455232e-07
----------------------------------------------------------
     Energy           Rydberg                 eV          
----------------------------------------------------------
 E_KohnSham     -719.0288822473      -9782.8898251349     
 E_Harris       -719.0289133742      -9782.8902486374     
 E_Fermi        0.9347443679         12.7178495767        
----------------------------------------------------------


 LCAO ALGORITHM --------------- ION=   1  ELEC=  12--------------------------------

 Density error is 1.77769937501e-08
----------------------------------------------------------
     Energy           Rydberg                 eV          
----------------------------------------------------------
 E_KohnSham     -719.0288822473      -9782.8898251349     
 E_Harris       -719.0288826061      -9782.8898300160     
 E_Fermi        0.9347439950         12.7178445029        
----------------------------------------------------------


 LCAO ALGORITHM --------------- ION=   1  ELEC=  13--------------------------------

 Density error is 5.10725886331e-09
----------------------------------------------------------
     Energy           Rydberg                 eV          
----------------------------------------------------------
 E_KohnSham     -719.0288822473      -9782.8898251349     
 E_KS(sigma->0) -719.0288822473      -9782.8898251349     
 E_Harris       -719.0288820232      -9782.8898220853     
 E_band         -37.8368885216       -514.7972784848      
 E_one_elec     -122.9602984945      -1672.9606873059     
 E_Hartree      117.1174079280       1593.4640828107      
 E_xc           -182.3253390628      -2480.6635010355     
 E_Ewald        -530.8606526181      -7222.7297196042     
 E_entropy(-TS) -0.0000000000        -0.0000000000        
 E_descf        0.0000000000         0.0000000000         
 E_exx          0.0000000000         0.0000000000         
 E_Fermi        0.9347440100         12.7178447068        
----------------------------------------------------------


 charge density convergence is achieved
 final etot is -9782.8898251 eV
 EFERMI = 12.717844707 eV

 STATE ENERGY(eV) AND OCCUPATIONS    NSPIN == 1
 1/8 kpoint (Cartesian) = 0.0000 0.0000 0.0000 (485 pws)
       1       -49.0134       0.250000
       2       -49.0000       0.250000
       3       -48.9971       0.250000
       4       -48.9965       0.250000
       5       -18.7783       0.250000
       6       -18.7712       0.250000
       7       -18.7699       0.250000
       8       -18.5587       0.250000
       9       -18.5500       0.250000
      10       -18.5265       0.250000
      11       -18.5173       0.250000
      12       -18.4823       0.250000
      13       -18.4623       0.250000
      14       -18.4476       0.250000
      15       -18.3957       0.250000
      16       -18.3829       0.250000
      17       -6.92217       0.250000
      18       -5.41850       0.250000
      19       -5.29447       0.250000
      20       -5.24472       0.250000
      21       -5.22307       0.250000
      22       -5.03788       0.250000
      23       -4.98652       0.250000
      24       -4.59888       0.250000
      25        5.41284       0.250000
      26        5.42318       0.250000
      27        5.87601       0.250000
      28        6.30578       0.250000
      29        6.51071       0.250000
      30        6.52307       0.250000
      31        7.88689       0.250000
      32        7.88841       0.250000
      33        8.00848       0.250000
      34        8.05144       0.250000
      35        8.22552       0.250000
      36        8.29978       0.250000
      37        9.36845       0.250000
      38        9.48936       0.250000
      39        9.76898       0.250000
      40        9.94239       0.250000
      41        9.94848       0.250000
      42        10.0667       0.250000
      43        10.0996       0.250000
      44        10.1258       0.250000
      45        10.1402       0.250000
      46        10.6518       0.250000
      47        10.7700       0.250000
      48        10.8429       0.250000
      49        15.6570        0.00000
      50        15.7163        0.00000
      51        16.7349        0.00000
      52        16.8318        0.00000
      53        16.8707        0.00000
      54        16.9811        0.00000
      55        17.0150        0.00000
      56        17.0313        0.00000
      57        17.3580        0.00000
      58        17.8758        0.00000

 2/8 kpoint (Cartesian) = 0.094492 0.0000 0.0000 (489 pws)
       1       -49.0068       0.250000
       2       -49.0068       0.250000
       3       -48.9969       0.250000
       4       -48.9969       0.250000
       5       -18.6700       0.250000
       6       -18.6700       0.250000
       7       -18.6620       0.250000
       8       -18.6620       0.250000
       9       -18.6142       0.250000
      10       -18.6142       0.250000
      11       -18.5228       0.250000
      12       -18.5228       0.250000
      13       -18.4393       0.250000
      14       -18.4393       0.250000
      15       -18.4224       0.250000
      16       -18.4224       0.250000
      17       -6.15898       0.250000
      18       -6.15898       0.250000
      19       -5.16557       0.250000
      20       -5.16557       0.250000
      21       -5.10332       0.250000
      22       -5.10332       0.250000
      23       -5.01586       0.250000
      24       -5.01586       0.250000
      25        6.47411       0.250000
      26        6.47411       0.250000
      27        6.56207       0.250000
      28        6.56207       0.250000
      29        6.90982       0.250000
      30        6.90982       0.250000
      31        7.36285       0.250000
      32        7.36285       0.250000
      33        7.63433       0.250000
      34        7.63433       0.250000
      35        8.19486       0.250000
      36        8.19486       0.250000
      37        8.95323       0.250000
      38        8.95323       0.250000
      39        8.98965       0.250000
      40        8.98965       0.250000
      41        9.33725       0.250000
      42        9.33725       0.250000
      43        10.0106       0.250000
      44        10.0106       0.250000
      45        10.7341       0.250000
      46        10.7341       0.250000
      47        10.8742       0.250000
      48        10.8742       0.250000
      49        16.3049        0.00000
      50        16.3049        0.00000
      51        16.6069        0.00000
      52        16.6069        0.00000
      53        16.8204        0.00000
      54        16.8204        0.00000
      55        17.2776        0.00000
      56        17.2776        0.00000
      57        17.9837        0.00000
      58        17.9837        0.00000

 3/8 kpoint (Cartesian) = 0.0000 0.097530 0.0000 (478 pws)
       1       -49.0053       0.250000
       2       -49.0053       0.250000
       3       -48.9984       0.250000
       4       -48.9984       0.250000
       5       -18.6592       0.250000
       6       -18.6592       0.250000
       7       -18.6376       0.250000
       8       -18.6376       0.250000
       9       -18.5851       0.250000
      10       -18.5851       0.250000
      11       -18.5082       0.250000
      12       -18.5082       0.250000
      13       -18.4776       0.250000
      14       -18.4776       0.250000
      15       -18.4681       0.250000
      16       -18.4681       0.250000
      17       -6.04431       0.250000
      18       -6.04431       0.250000
      19       -5.26842       0.250000
      20       -5.26842       0.250000
      21       -5.19887       0.250000
      22       -5.19887       0.250000
      23       -4.91714       0.250000
      24       -4.91714       0.250000
      25        6.22856       0.250000
      26        6.22856       0.250000
      27        6.68352       0.250000
      28        6.68352       0.250000
      29        6.86728       0.250000
      30        6.86728       0.250000
      31        7.07607       0.250000
      32        7.07607       0.250000
      33        7.36847       0.250000
      34        7.36847       0.250000
      35        8.72187       0.250000
      36        8.72187       0.250000
      37        8.79180       0.250000
      38        8.79180       0.250000
      39        8.87006       0.250000
      40        8.87006       0.250000
      41        9.92697       0.250000
      42        9.92697       0.250000
      43        10.3629       0.250000
      44        10.3629       0.250000
      45        10.7092       0.250000
      46        10.7092       0.250000
      47        10.7743       0.250000
      48        10.7743       0.250000
      49        16.5045        0.00000
      50        16.5045        0.00000
      51        16.5754        0.00000
      52        16.5754        0.00000
      53        16.7510        0.00000
      54        16.7510        0.00000
      55        16.7821        0.00000
      56        16.7821        0.00000
      57        18.4830        0.00000
      58        18.4830        0.00000

 4/8 kpoint (Cartesian) = 0.094492 0.097530 0.0000 (488 pws)
       1       -49.0018       0.250000
       2       -49.0018       0.250000
       3       -49.0018       0.250000
       4       -49.0018       0.250000
       5       -18.6519       0.250000
       6       -18.6519       0.250000
       7       -18.6519       0.250000
       8       -18.6519       0.250000
       9       -18.5554       0.250000
      10       -18.5554       0.250000
      11       -18.5554       0.250000
      12       -18.5554       0.250000
      13       -18.4613       0.250000
      14       -18.4613       0.250000
      15       -18.4613       0.250000
      16       -18.4613       0.250000
      17       -5.68713       0.250000
      18       -5.68713       0.250000
      19       -5.68713       0.250000
      20       -5.68713       0.250000
      21       -5.05533       0.250000
      22       -5.05533       0.250000
      23       -5.05533       0.250000
      24       -5.05533       0.250000
      25        6.75554       0.250000
      26        6.75554       0.250000
      27        6.75554       0.250000
      28        6.75554       0.250000
      29        7.19126       0.250000
      30        7.19126       0.250000
      31        7.19126       0.250000
      32        7.19126       0.250000
      33        8.32226       0.250000
      34        8.32226       0.250000
      35        8.32226       0.250000
      36        8.32226       0.250000
      37        8.59411       0.250000
      38        8.59411       0.250000
      39        8.59411       0.250000
      40        8.59411       0.250000
      41        9.61525       0.250000
      42        9.61525       0.250000
      43        9.61525       0.250000
      44        9.61525       0.250000
      45        10.3288       0.250000
      46        10.3288       0.250000
      47        10.3288       0.250000
      48        10.3288       0.250000
      49        16.3918        0.00000
      50        16.3918        0.00000
      51        16.3918        0.00000
      52        16.3918        0.00000
      53        16.9301        0.00000
      54        16.9301        0.00000
      55        16.9301        0.00000
      56        16.9301        0.00000
      57        18.7379        0.00000
      58        18.7379        0.00000

 5/8 kpoint (Cartesian) = 0.0000 0.0000 0.099024 (480 pws)
       1       -49.0050       0.250000
       2       -49.0050       0.250000
       3       -48.9987       0.250000
       4       -48.9987       0.250000
       5       -18.6546       0.250000
       6       -18.6546       0.250000
       7       -18.6249       0.250000
       8       -18.6249       0.250000
       9       -18.5954       0.250000
      10       -18.5954       0.250000
      11       -18.5229       0.250000
      12       -18.5229       0.250000
      13       -18.4815       0.250000
      14       -18.4815       0.250000
      15       -18.4574       0.250000
      16       -18.4574       0.250000
      17       -6.02260       0.250000
      18       -6.02260       0.250000
      19       -5.23455       0.250000
      20       -5.23455       0.250000
      21       -5.22511       0.250000
      22       -5.22511       0.250000
      23       -4.95557       0.250000
      24       -4.95557       0.250000
      25        6.23587       0.250000
      26        6.23587       0.250000
      27        6.70155       0.250000
      28        6.70155       0.250000
      29        6.83482       0.250000
      30        6.83482       0.250000
      31        7.08361       0.250000
      32        7.08361       0.250000
      33        7.43827       0.250000
      34        7.43827       0.250000
      35        8.79873       0.250000
      36        8.79873       0.250000
      37        8.81961       0.250000
      38        8.81961       0.250000
      39        8.94846       0.250000
      40        8.94846       0.250000
      41        9.80347       0.250000
      42        9.80347       0.250000
      43        10.3495       0.250000
      44        10.3495       0.250000
      45        10.5889       0.250000
      46        10.5889       0.250000
      47        10.7995       0.250000
      48        10.7995       0.250000
      49        16.5476        0.00000
      50        16.5476        0.00000
      51        16.5650        0.00000
      52        16.5650        0.00000
      53        16.7116        0.00000
      54        16.7116        0.00000
      55        16.7904        0.00000
      56        16.7904        0.00000
      57        18.3383        0.00000
      58        18.3383        0.00000

 6/8 kpoint (Cartesian) = 0.094492 0.0000 0.099024 (494 pws)
       1       -49.0018       0.250000
       2       -49.0018       0.250000
       3       -49.0018       0.250000
       4       -49.0018       0.250000
       5       -18.6596       0.250000
       6       -18.6596       0.250000
       7       -18.6596       0.250000
       8       -18.6596       0.250000
       9       -18.5465       0.250000
      10       -18.5465       0.250000
      11       -18.5465       0.250000
      12       -18.5465       0.250000
      13       -18.4626       0.250000
      14       -18.4626       0.250000
      15       -18.4626       0.250000
      16       -18.4626       0.250000
      17       -5.66156       0.250000
      18       -5.66156       0.250000
      19       -5.66156       0.250000
      20       -5.66156       0.250000
      21       -5.08659       0.250000
      22       -5.08659       0.250000
      23       -5.08659       0.250000
      24       -5.08659       0.250000
      25        6.77104       0.250000
      26        6.77104       0.250000
      27        6.77104       0.250000
      28        6.77104       0.250000
      29        7.19774       0.250000
      30        7.19774       0.250000
      31        7.19774       0.250000
      32        7.19774       0.250000
      33        8.32764       0.250000
      34        8.32764       0.250000
      35        8.32764       0.250000
      36        8.32764       0.250000
      37        8.67258       0.250000
      38        8.67258       0.250000
      39        8.67258       0.250000
      40        8.67258       0.250000
      41        9.62900       0.250000
      42        9.62900       0.250000
      43        9.62900       0.250000
      44        9.62900       0.250000
      45        10.2211       0.250000
      46        10.2211       0.250000
      47        10.2211       0.250000
      48        10.2211       0.250000
      49        16.4864        0.00000
      50        16.4864        0.00000
      51        16.4864        0.00000
      52        16.4864        0.00000
      53        16.9060        0.00000
      54        16.9060        0.00000
      55        16.9060        0.00000
      56        16.9060        0.00000
      57        18.5967        0.00000
      58        18.5967        0.00000

 7/8 kpoint (Cartesian) = 0.0000 0.097530 0.099024 (486 pws)
       1       -49.0019       0.250000
       2       -49.0019       0.250000
       3       -49.0019       0.250000
       4       -49.0019       0.250000
       5       -18.6822       0.250000
       6       -18.6822       0.250000
       7       -18.6822       0.250000
       8       -18.6822       0.250000
       9       -18.5658       0.250000
      10       -18.5658       0.250000
      11       -18.5658       0.250000
      12       -18.5658       0.250000
      13       -18.4193       0.250000
      14       -18.4193       0.250000
      15       -18.4193       0.250000
      16       -18.4193       0.250000
      17       -5.69690       0.250000
      18       -5.69690       0.250000
      19       -5.69690       0.250000
      20       -5.69690       0.250000
      21       -5.05538       0.250000
      22       -5.05538       0.250000
      23       -5.05538       0.250000
      24       -5.05538       0.250000
      25        6.55941       0.250000
      26        6.55941       0.250000
      27        6.55941       0.250000
      28        6.55941       0.250000
      29        7.71322       0.250000
      30        7.71322       0.250000
      31        7.71322       0.250000
      32        7.71322       0.250000
      33        7.89196       0.250000
      34        7.89196       0.250000
      35        7.89196       0.250000
      36        7.89196       0.250000
      37        8.77380       0.250000
      38        8.77380       0.250000
      39        8.77380       0.250000
      40        8.77380       0.250000
      41        9.46462       0.250000
      42        9.46462       0.250000
      43        9.46462       0.250000
      44        9.46462       0.250000
      45        10.6595       0.250000
      46        10.6595       0.250000
      47        10.6595       0.250000
      48        10.6595       0.250000
      49        16.0696        0.00000
      50        16.0696        0.00000
      51        16.0696        0.00000
      52        16.0696        0.00000
      53        16.9942        0.00000
      54        16.9942        0.00000
      55        16.9942        0.00000
      56        16.9942        0.00000
      57        18.1089        0.00000
      58        18.1089        0.00000

 8/8 kpoint (Cartesian) = 0.094492 0.097530 0.099024 (486 pws)
       1       -49.0018       0.250000
       2       -49.0018       0.250000
       3       -49.0018       0.250000
       4       -49.0018       0.250000
       5       -18.7588       0.250000
       6       -18.7588       0.250000
       7       -18.7588       0.250000
       8       -18.7588       0.250000
       9       -18.4856       0.250000
      10       -18.4856       0.250000
      11       -18.4856       0.250000
      12       -18.4856       0.250000
      13       -18.4195       0.250000
      14       -18.4195       0.250000
      15       -18.4195       0.250000
      16       -18.4195       0.250000
      17       -5.80839       0.250000
      18       -5.80839       0.250000
      19       -5.80839       0.250000
      20       -5.80839       0.250000
      21       -4.95227       0.250000
      22       -4.95227       0.250000
      23       -4.95227       0.250000
      24       -4.95227       0.250000
      25        7.03907       0.250000
      26        7.03907       0.250000
      27        7.03907       0.250000
      28        7.03907       0.250000
      29        7.45553       0.250000
      30        7.45553       0.250000
      31        7.45553       0.250000
      32        7.45553       0.250000
      33        8.00326       0.250000
      34        8.00326       0.250000
      35        8.00326       0.250000
      36        8.00326       0.250000
      37        9.00833       0.250000
      38        9.00833       0.250000
      39        9.00833       0.250000
      40        9.00833       0.250000
      41        9.41554       0.250000
      42        9.41554       0.250000
      43        9.41554       0.250000
      44        9.41554       0.250000
      45        9.96110       0.250000
      46        9.96110       0.250000
      47        9.96110       0.250000
      48        9.96110       0.250000
      49        16.1512        0.00000
      50        16.1512        0.00000
      51        16.1512        0.00000
      52        16.1512        0.00000
      53        16.5813        0.00000
      54        16.5813        0.00000
      55        16.5813        0.00000
      56        16.5813        0.00000
      57        18.1537        0.00000
      58        18.1537        0.00000

 correction force for each atom along direction 1 is 2.76539e-15
 correction force for each atom along direction 2 is 8.48087e-16
 correction force for each atom along direction 3 is -6.37157e-15
------------------------------------------------------------------------------------------
 TOTAL-FORCE (eV/Angstrom)                                                                
------------------------------------------------------------------------------------------
                       Hf1         0.0000000000         0.0000000000         0.0000000000 
                       Hf2         0.0000000000         0.0000000000         0.0000000000 
                       Hf3         0.0000000000         0.0000000000         0.0000000000 
                       Hf4         0.0000000000         0.0000000000         0.0000000000 
                        O1        -0.0003125419         0.0000000000         0.0000000000 
                        O2        -0.0003125419         0.0000000000         0.0000000000 
                        O3         0.0003125419         0.0000000000         0.0000000000 
                        O4         0.0003125419         0.0000000000         0.0000000000 
                        O5         0.0003125419         0.0000000000         0.0000000000 
                        O6         0.0003125419         0.0000000000         0.0000000000 
                        O7        -0.0003125419         0.0000000000         0.0000000000 
                        O8        -0.0003125419         0.0000000000         0.0000000000 
------------------------------------------------------------------------------------------

----------------------------------------------------------------
 TOTAL-STRESS (KBAR)                                            
----------------------------------------------------------------
       -30.9116091829         0.0000000000         0.0000000000 
         0.0000000000       -46.3117513240        -0.0000000000 
         0.0000000000        -0.0000000000         5.0496029067 
----------------------------------------------------------------
 TOTAL-PRESSURE: -24.057919 KBAR



 --------------------------------------------
 !FINAL_ETOT_IS -9782.8898251349346538 eV
 --------------------------------------------


TIME STATISTICS
------------------------------------------------------------------------------------
    CLASS_NAME                    NAME                TIME/s  CALLS   AVG/s  PER/%  
------------------------------------------------------------------------------------
                   total                              116.04 13       8.93   100.00 
 Driver            reading                            9.41   1        9.41   8.11   
 Input_Conv        Convert                            0.00   1        0.00   0.00   
 Driver            driver_line                        106.63 1        106.63 91.89  
 UnitCell          check_tau                          0.00   1        0.00   0.00   
 ESolver_KS_LCAO   before_all_runners                 1.98   1        1.98   1.70   
 PW_Basis_Sup      setuptransform                     0.01   1        0.01   0.01   
 PW_Basis_Sup      distributeg                        0.00   1        0.00   0.00   
 mymath            heapsort                           0.00   202      0.00   0.00   
 Charge_Mixing     init_mixing                        0.00   1        0.00   0.00   
 Symmetry          analy_sys                          0.06   1        0.06   0.05   
 PW_Basis_K        setuptransform                     0.00   1        0.00   0.00   
 PW_Basis_K        distributeg                        0.00   1        0.00   0.00   
 PW_Basis          setup_struc_factor                 0.00   1        0.00   0.00   
 NOrbital_Lm       extra_uniform                      0.18   14       0.01   0.15   
 Mathzone_Add1     SplineD2                           0.00   14       0.00   0.00   
 Mathzone_Add1     Cubic_Spline_Interpolation         0.01   14       0.00   0.00   
 Mathzone_Add1     Uni_Deriv_Phi                      0.17   14       0.01   0.14   
 ppcell_vl         init_vloc                          0.06   1        0.06   0.05   
 Ions              opt_ions                           104.63 1        104.63 90.16  
 ESolver_KS_LCAO   runner                             98.19  1        98.19  84.62  
 ESolver_KS_LCAO   before_scf                         0.44   1        0.44   0.38   
 atom_arrange      search                             0.00   1        0.00   0.00   
 atom_arrange      grid_d.init                        0.00   1        0.00   0.00   
 Grid              Construct_Adjacent_expand          0.00   1        0.00   0.00   
 Grid              Construct_Adjacent_expand_periodic 0.00   12       0.00   0.00   
 Grid_Technique    init                               0.19   1        0.19   0.16   
 Grid_BigCell      grid_expansion_index               0.04   2        0.02   0.04   
 Grid_Driver       Find_atom                          0.00   120      0.00   0.00   
 Record_adj        for_2d                             0.04   1        0.04   0.03   
 LCAO_domain       grid_prepare                       0.00   1        0.00   0.00   
 Veff              initialize_HR                      0.00   1        0.00   0.00   
 OverlapNew        initialize_SR                      0.00   1        0.00   0.00   
 EkineticNew       initialize_HR                      0.00   1        0.00   0.00   
 NonlocalNew       initialize_HR                      0.02   1        0.02   0.02   
 Charge            set_rho_core                       0.07   1        0.07   0.06   
 PW_Basis_Sup      recip2real                         0.13   111      0.00   0.11   
 PW_Basis_Sup      gathers_scatterp                   0.11   111      0.00   0.10   
 Charge            atomic_rho                         0.12   2        0.06   0.11   
 Potential         init_pot                           0.02   1        0.02   0.01   
 Potential         update_from_charge                 0.28   14       0.02   0.24   
 Potential         cal_fixed_v                        0.00   1        0.00   0.00   
 PotLocal          cal_fixed_v                        0.00   1        0.00   0.00   
 Potential         cal_v_eff                          0.28   14       0.02   0.24   
 H_Hartree_pw      v_hartree                          0.05   14       0.00   0.05   
 PW_Basis_Sup      real2recip                         0.16   129      0.00   0.14   
 PW_Basis_Sup      gatherp_scatters                   0.15   129      0.00   0.13   
 PotXC             cal_v_eff                          0.22   14       0.02   0.19   
 XC_Functional     v_xc                               0.23   16       0.01   0.20   
 Potential         interpolate_vrs                    0.00   14       0.00   0.00   
 Symmetry          rhog_symmetry                      0.26   14       0.02   0.23   
 Symmetry          group fft grids                    0.06   14       0.00   0.05   
 H_Ewald_pw        compute_ewald                      0.00   1        0.00   0.00   
 HSolverLCAO       solve                              96.74  13       7.44   83.37  
 HamiltLCAO        updateHk                           36.95  104      0.36   31.85  
 OperatorLCAO      init                               36.83  312      0.12   31.74  
 Veff              contributeHR                       36.38  13       2.80   31.35  
 Gint_interface    cal_gint                           61.01  27       2.26   52.58  
 Gint_interface    cal_gint_vlocal                    30.78  13       2.37   26.52  
 Gint_Tools        cal_psir_ylm                       1.74   26624    0.00   1.50   
 Gint_k            transfer_pvpR                      5.60   13       0.43   4.83   
 OverlapNew        calculate_SR                       0.10   1        0.10   0.08   
 OverlapNew        contributeHk                       0.02   104      0.00   0.02   
 EkineticNew       contributeHR                       0.10   13       0.01   0.09   
 EkineticNew       calculate_HR                       0.10   1        0.10   0.09   
 NonlocalNew       contributeHR                       0.32   13       0.02   0.28   
 NonlocalNew       calculate_HR                       0.31   1        0.31   0.27   
 OperatorLCAO      contributeHk                       0.03   104      0.00   0.03   
 HSolverLCAO       hamiltSolvePsiK                    26.58  104      0.26   22.90  
 DiagoElpa         elpa_solve                         25.86  104      0.25   22.28  
 elecstate         cal_dm                             0.15   14       0.01   0.13   
 psiMulPsiMpi      pdgemm                             0.15   112      0.00   0.13   
 DensityMatrix     cal_DMR                            0.04   14       0.00   0.03   
 ElecStateLCAO     psiToRho                           33.05  13       2.54   28.48  
 Gint              transfer_DMR                       1.60   13       0.12   1.38   
 Gint_interface    cal_gint_rho                       25.98  13       2.00   22.39  
 Charge_Mixing     get_drho                           0.01   13       0.00   0.01   
 Charge            mix_rho                            0.09   12       0.01   0.08   
 Charge            Broyden_mixing                     0.05   12       0.00   0.05   
 ModuleIO          write_rhog                         0.03   1        0.03   0.03   
 ESolver_KS_LCAO   after_scf                          0.07   1        0.07   0.06   
 ESolver_KS_LCAO   cal_force                          6.43   1        6.43   5.54   
 Force_Stress_LCAO getForceStress                     6.43   1        6.43   5.54   
 Forces            cal_force_loc                      0.00   1        0.00   0.00   
 Forces            cal_force_ew                       0.00   1        0.00   0.00   
 Forces            cal_force_cc                       0.08   1        0.08   0.07   
 Forces            cal_force_scc                      0.07   1        0.07   0.06   
 Stress_Func       stress_loc                         0.21   1        0.21   0.18   
 Stress_Func       stress_har                         0.00   1        0.00   0.00   
 Stress_Func       stress_ewa                         0.00   1        0.00   0.00   
 Stress_Func       stress_cc                          0.27   1        0.27   0.23   
 Stress_Func       stress_gga                         0.00   1        0.00   0.00   
 Force_LCAO        ftable                             4.84   1        4.84   4.17   
 Force_LCAO        allocate                           0.29   1        0.29   0.25   
 LCAO_domain       build_ST_new                       0.28   2        0.14   0.24   
 Force_LCAO        cal_pulay_fs_center2               0.01   2        0.00   0.01   
 Gint_interface    cal_gint_force                     4.25   1        4.25   3.66   
 Gint_Tools        cal_dpsir_ylm                      0.25   1024     0.00   0.21   
 Gint_Tools        cal_dpsirr_ylm                     0.05   1024     0.00   0.04   
 NonlocalNew       cal_force_stress                   0.95   1        0.95   0.82   
 ESolver_KS_LCAO   cal_stress                         0.00   1        0.00   0.00   
 ESolver_KS_LCAO   after_all_runners                  0.01   1        0.01   0.01   
 ModuleIO          write_istate_info                  0.01   1        0.01   0.01   
------------------------------------------------------------------------------------


 NAME-------------------------|MEMORY(MB)--------
                         total      2306.1361
                  Gint::hRGint       401.6628
                 Gint::DMRGint       401.3503
       TwoCenterTable: Kinetic       137.3855
       TwoCenterTable: Overlap       137.3855
      TwoCenterTable: Nonlocal       136.0217
                  meshball_pos       124.1565
               GT::ind_bigcell       123.2787
         GT::in_this_processor       123.2787
              GT::index2normal       123.2787
               GT::index2ucell       123.2787
                   Stress::dSR       118.6500
                   Force::dS_K        59.3250
                   Stress::dHr        59.3250
                  Force::dTVNL        59.3250
      GT::bigcell_on_processor        30.8197
                HamiltLCAO::hR        26.8582
            DensityMatrix::DMR        26.8582
                    index_ball        20.6927
                HamiltLCAO::sR        17.3477
                GT::which_atom         7.0318
             GT::which_bigcell         7.0318
            GT::which_unitcell         7.0318
            DensityMatrix::DMK         5.4863
                  SF::strucFac         3.8110
                RealGauntTable         3.7773
                  PW_B_K::gcar         2.9099
                  SF::eigts123         2.2515
                      Chg::rho         2.0000
                 Chg::rho_save         2.0000
                 Chg::rho_core         2.0000
                 Pot::veff_fix         2.0000
                     Pot::veff         2.0000
              Pot::veff_smooth         2.0000
 -------------   < 1.0 MB has been ignored ----------------
 ----------------------------------------------------------

 Start  Time  : Sat Oct 10 00:36:36 2026
 Finish Time  : Sat Oct 10 00:38:33 2026
 Total  Time  : 0 h 1 mins 57 secs 
