                                                                                     
                              ABACUS v3.10.0

               Atomic-orbital Based Ab-initio Computation at UStc                    

                     Website: http://abacus.ustc.edu.cn/                             
               Documentation: https://abacus.deepmodeling.com/                       
                  Repository: https://github.com/abacusmodeling/abacus-develop       
                              https://github.com/deepmodeling/abacus-develop         
                      Commit: f7cb1d3 (Mon May 12 16:53:30 2025 +0800)

    Start Time is Fri Oct  9 22:51:38 2026
                                                                                     
 ------------------------------------------------------------------------------------

 READING GENERAL INFORMATION
                           global_out_dir = OUT.ABACUS/
                           global_in_card = INPUT
                               pseudo_dir = 
                              orbital_dir = 
                                    DRANK = 1
                                    DSIZE = 32
                                   DCOLOR = 1
                                    GRANK = 1
                                    GSIZE = 1




 >>>>>>>>>>>>>>>>>>>>>>>>>>>>>>>>>>>>>>>>>>>>>>>>>>>>>>>>>>>>>>>>>>>>>>
 |                                                                    |
 | Reading atom information in unitcell:                              |
 | From the input file and the structure file we know the number of   |
 | different elments in this unitcell, then we list the detail        |
 | information for each element, especially the zeta and polar atomic |
 | orbital number for each element. The total atom number is counted. |
 | We calculate the nearest atom distance for each atom and show the  |
 | Cartesian and Direct coordinates for each atom. We list the file   |
 | address for atomic orbitals. The volume and the lattice vectors    |
 | in real and reciprocal space is also shown.                        |
 |                                                                    |
 <<<<<<<<<<<<<<<<<<<<<<<<<<<<<<<<<<<<<<<<<<<<<<<<<<<<<<<<<<<<<<<<<<<<<<




 READING UNITCELL INFORMATION
                                    ntype = 2
                  lattice constant (Bohr) = 1.88973
              lattice constant (Angstrom) = 1

 READING ATOM TYPE 1
                               atom label = Hf
                      L=0, number of zeta = 4
                      L=1, number of zeta = 2
                      L=2, number of zeta = 2
                      L=3, number of zeta = 1
             number of atom for this type = 4

 READING ATOM TYPE 2
                               atom label = O
                      L=0, number of zeta = 2
                      L=1, number of zeta = 2
                      L=2, number of zeta = 1
             number of atom for this type = 8

                        TOTAL ATOM NUMBER = 12
DIRECT COORDINATES
    atom                   x                   y                   z     mag                  vx                  vy                  vz
taud_Hf1            0.0000000000        0.0000000000        0.0000000000  0.0000        0.0000000000        0.0000000000        0.0000000000
taud_Hf2            0.5000000000        0.0000000000        0.5000000000  0.0000        0.0000000000        0.0000000000        0.0000000000
taud_Hf3            0.5000000000        0.5000000000        0.0000000000  0.0000        0.0000000000        0.0000000000        0.0000000000
taud_Hf4            0.0000000000        0.5000000000        0.5000000000  0.0000        0.0000000000        0.0000000000        0.0000000000
taud_O1            0.1938818629        0.2500000000        0.2500000000  0.0000        0.0000000000        0.0000000000        0.0000000000
taud_O2            0.6938818629        0.2500000000        0.2500000000  0.0000        0.0000000000        0.0000000000        0.0000000000
taud_O3            0.3061181371        0.2500000000        0.7500000000  0.0000        0.0000000000        0.0000000000        0.0000000000
taud_O4            0.8061181371        0.2500000000        0.7500000000  0.0000        0.0000000000        0.0000000000        0.0000000000
taud_O5            0.3061181371        0.7500000000        0.2500000000  0.0000        0.0000000000        0.0000000000        0.0000000000
taud_O6            0.8061181371        0.7500000000        0.2500000000  0.0000        0.0000000000        0.0000000000        0.0000000000
taud_O7            0.1938818629        0.7500000000        0.7500000000  0.0000        0.0000000000        0.0000000000        0.0000000000
taud_O8            0.6938818629        0.7500000000        0.7500000000  0.0000        0.0000000000        0.0000000000        0.0000000000



                          Volume (Bohr^3) = 910.893
                             Volume (A^3) = 134.98

 Lattice vectors: (Cartesian coordinate: in unit of a_0)
             +5.23906                  +0              -5e-15
                   +0            +5.07585                  +0
               +6e-16              -6e-16            +5.07585
 Reciprocal vectors: (Cartesian coordinate: in unit of 2 pi/a_0)
            +0.190874                  -0        -2.25626e-17
         +2.22254e-32           +0.197011        +2.32881e-17
         +1.88022e-16                  -0           +0.197011
 The esolver type has been set to : ksdft_lcao

 RUNNING WITH DEVICE  : CPU / AMD EPYC 7702 64-Core Processor




 >>>>>>>>>>>>>>>>>>>>>>>>>>>>>>>>>>>>>>>>>>>>>>>>>>>>>>>>>>>>>>>>>>>>>>
 |                                                                    |
 | Reading pseudopotentials files:                                    |
 | The pseudopotential file is in UPF format. The 'NC' indicates that |
 | the type of pseudopotential is 'norm conserving'. Functional of    |
 | exchange and correlation is decided by 4 given parameters in UPF   |
 | file.  We also read in the 'core correction' if there exists.      |
 | Also we can read the valence electrons number and the maximal      |
 | angular momentum used in this pseudopotential. We also read in the |
 | trail wave function, trail atomic density and local-pseudopotential|
 | on logrithmic grid. The non-local pseudopotential projector is also|
 | read in if there is any.                                           |
 |                                                                    |
 <<<<<<<<<<<<<<<<<<<<<<<<<<<<<<<<<<<<<<<<<<<<<<<<<<<<<<<<<<<<<<<<<<<<<<




                PAO radial cut off (Bohr) = 15

 Read in pseudopotential file is Hf.upf
                     pseudopotential type = NC
          exchange-correlation functional = PBE
                 nonlocal core correction = 1
                        valence electrons = 12
                                     lmax = 3
                           number of zeta = 4
                     number of projectors = 8
                           L of projector = 0
                           L of projector = 0
                           L of projector = 1
                           L of projector = 1
                           L of projector = 2
                           L of projector = 2
                           L of projector = 3
                           L of projector = 3
                PAO radial cut off (Bohr) = 15

 Read in pseudopotential file is O.upf
                     pseudopotential type = NC
          exchange-correlation functional = PBE
                 nonlocal core correction = 1
                        valence electrons = 6
                                     lmax = 2
                           number of zeta = 2
                     number of projectors = 5
                           L of projector = 0
                           L of projector = 0
                           L of projector = 1
                           L of projector = 1
                           L of projector = 2
     initial pseudo atomic orbital number = 72

 SETUP THE ELECTRONS NUMBER
            electron number of element Hf = 12
      total electron number of element Hf = 48
             electron number of element O = 6
       total electron number of element O = 48
            AUTOSET number of electrons:  = 96
                           occupied bands = 48
                                   NLOCAL = 212
                                   NBANDS = 58
                                   NBANDS = 58
                                   NLOCAL = 212

%%%%%%%%%%%%%%%%%%%%%%%%%%%%%%%%%%%%%%%%%%%%%%%%%%%%%%%%%%%%%%%%%%%%%%%%%%%%%%%%%%%%%%%%%%%%%%%%%%%%%%%%%%
 Warning: the number of valence electrons in pseudopotential > 4 for Hf: [Xe] 4f14 5d2 6s2
 Pseudopotentials with additional electrons can yield (more) accurate outcomes, but may be less efficient.
 If you're confident that your chosen pseudopotential is appropriate, you can safely ignore this warning.
%%%%%%%%%%%%%%%%%%%%%%%%%%%%%%%%%%%%%%%%%%%%%%%%%%%%%%%%%%%%%%%%%%%%%%%%%%%%%%%%%%%%%%%%%%%%%%%%%%%%%%%%%%
                  




 >>>>>>>>>>>>>>>>>>>>>>>>>>>>>>>>>>>>>>>>>>>>>>>>>>>>>>>>>>>>>>>>>>>>>>
 |                                                                    |
 | Setup plane waves of charge/potential:                             |
 | Use the energy cutoff and the lattice vectors to generate the      |
 | dimensions of FFT grid. The number of FFT grid on each processor   |
 | is 'nrxx'. The number of plane wave basis in reciprocal space is   |
 | different for charege/potential and wave functions. We also set    |
 | the 'sticks' for the parallel of FFT. The number of plane waves    |
 | is 'npw' in each processor.                                        |
 <<<<<<<<<<<<<<<<<<<<<<<<<<<<<<<<<<<<<<<<<<<<<<<<<<<<<<<<<<<<<<<<<<<<<<





 SETUP THE PLANE WAVE BASIS
 energy cutoff for charge/potential (unit:Ry) = 400
            fft grid for charge/potential = [ 64, 64, 64 ]
                        fft grid division = [ 2, 2, 2 ]
        big fft grid for charge/potential = [ 32, 32, 32 ]
                                     nbxx = 1024
                                     nrxx = 8192

 SETUP PLANE WAVES FOR CHARGE/POTENTIAL
                    number of plane waves = 123035
                         number of sticks = 3019

 PARALLEL PW FOR CHARGE/POTENTIAL
     PROC   COLUMNS(POT)             PW
        1             95           3847
        2             95           3847
        3             95           3845
        4             95           3845
        5             95           3845
        6             95           3845
        7             94           3844
        8             94           3844
        9             94           3846
       10             94           3846
       11             94           3846
       12             94           3844
       13             94           3844
       14             94           3844
       15             94           3844
       16             94           3844
       17             94           3844
       18             94           3844
       19             94           3844
       20             94           3844
       21             94           3844
       22             94           3844
       23             94           3844
       24             94           3844
       25             94           3844
       26             94           3844
       27             94           3844
       28             95           3847
       29             95           3847
       30             95           3847
       31             95           3845
       32             95           3845
 --------------- sum -------------------
       32           3019         123035
                            number of |g| = 1763
                                  max |g| = 36.1791
                                  min |g| = 0.657448
 DONE : SETUP UNITCELL Time : 19.8087 (SEC)


----------- Double Check Mixing Parameters Begin ------------
mixing_type: broyden
mixing_beta: 0.3
mixing_gg0: 1
mixing_gg0_min: 0.1
mixing_ndim: 8
----------- Double Check Mixing Parameters End ------------




 >>>>>>>>>>>>>>>>>>>>>>>>>>>>>>>>>>>>>>>>>>>>>>>>>>>>>>>>>>>>>>>>>>>>>>
 |                                                                    |
 | Doing symmetry analysis:                                           |
 | We calculate the norm of 3 vectors and the angles between them,    |
 | the type of Bravais lattice is given. We can judge if the unticell |
 | is a primitive cell. Finally we give the point group operation for |
 | this unitcell. We use the point group operations to do symmetry |
 | analysis on given k-point mesh and the charge density.             |
 |                                                                    |
 <<<<<<<<<<<<<<<<<<<<<<<<<<<<<<<<<<<<<<<<<<<<<<<<<<<<<<<<<<<<<<<<<<<<<<




 LATTICE VECTORS: (CARTESIAN COORDINATE: IN UNIT OF A0)
             +5.23906                  +0              -5e-15
                   +0            +5.07585                  +0
               +6e-16              -6e-16            +5.07585
                       right hand lattice = 1
                                   NORM_A = 5.23906
                                   NORM_B = 5.07585
                                   NORM_C = 5.07585
                           ALPHA (DEGREE) = 90
                           BETA  (DEGREE) = 90
                           GAMMA (DEGREE) = 90

 The lattice vectors have been changed (STRU_SIMPLE.cif)

(for optimal symmetric configuration:)
                             BRAVAIS TYPE = 5
                     BRAVAIS LATTICE NAME = 05. Tetrogonal P (simple)
                                    ibrav = 5
                                    IBRAV = 5
                                  BRAVAIS = SIMPLE TETROGONAL CELL
                       LATTICE CONSTANT A = 5.07585
                                C/A RATIO = 1.03215
                       right hand lattice = 1
(for primitive cell:)
                                    IBRAV = 5
                                  BRAVAIS = SIMPLE TETROGONAL CELL
                       LATTICE CONSTANT A = 3.58917
                                C/A RATIO = 1.45969
optimized lattice volume: 134.98
optimized primitive cell volume: 67.4902
Original cell was built up by 2 primitive cells.
                        ROTATION MATRICES = 16
              PURE POINT GROUP OPERATIONS = 8
                   SPACE GROUP OPERATIONS = 16
                                       C2 = 3
                                       C3 = 0
                                       C4 = 0
                                       C6 = 0
                                       S1 = 2
                                       S3 = 0
                                       S4 = 2
                                       S6 = 0
                              POINT GROUP = D_2d
               POINT GROUP IN SPACE GROUP = D_4h
 DONE : SYMMETRY Time : 19.8818 (SEC)





 >>>>>>>>>>>>>>>>>>>>>>>>>>>>>>>>>>>>>>>>>>>>>>>>>>>>>>>>>>>>>>>>>>>>>>
 |                                                                    |
 | Setup K-points                                                     |
 | We setup the k-points according to input parameters.               |
 | The reduced k-points are set according to symmetry operations.     |
 | We treat the spin as another set of k-points.                      |
 |                                                                    |
 <<<<<<<<<<<<<<<<<<<<<<<<<<<<<<<<<<<<<<<<<<<<<<<<<<<<<<<<<<<<<<<<<<<<<<





 SETUP K-POINTS
                                    nspin = 1
                   Input type of k points = Monkhorst-Pack(Gamma)
                                   nkstot = 8
                       right hand lattice = 1
(for reciprocal lattice: )
                             BRAVAIS TYPE = 5
                     BRAVAIS LATTICE NAME = 05. Tetrogonal P (simple)
                                    ibrav = 5
                       right hand lattice = 1
(for k-lattice: )
                             BRAVAIS TYPE = 5
                     BRAVAIS LATTICE NAME = 05. Tetrogonal P (simple)
                                    ibrav = 5
                       right hand lattice = 1
                        ROTATION MATRICES = 16
                               nkstot_ibz = 6
K-POINTS REDUCTION ACCORDING TO SYMMETRY
     IBZ    DIRECT_X    DIRECT_Y    DIRECT_Z  WEIGHT  ibz2bz
       1  0.00000000  0.00000000  0.00000000  0.1250       0
       2  0.50000000  0.00000000  0.00000000  0.1250       1
       3  0.00000000  0.50000000  0.00000000  0.2500       2
       4  0.50000000  0.50000000  0.00000000  0.2500       3
       5  0.00000000  0.50000000  0.50000000  0.1250       6
       6  0.50000000  0.50000000  0.50000000  0.1250       7

                               nkstot now = 6
K-POINTS DIRECT COORDINATES
 KPOINTS    DIRECT_X    DIRECT_Y    DIRECT_Z  WEIGHT
       1  0.00000000  0.00000000  0.00000000  0.1250
       2  0.50000000  0.00000000  0.00000000  0.1250
       3  0.00000000  0.50000000  0.00000000  0.2500
       4  0.50000000  0.50000000  0.00000000  0.2500
       5  0.00000000  0.50000000  0.50000000  0.1250
       6  0.50000000  0.50000000  0.50000000  0.1250


           k-point number in this process = 6
       minimum distributed K point number = 6
starsize: 1
isym: 0 ks_vec: 0 0 0
starsize: 1
isym: 0 ks_vec: 0.5 0 0
starsize: 2
isym: 0 ks_vec: 0 0.5 0
isym: 1 ks_vec: 0 0 0.5
starsize: 2
isym: 0 ks_vec: 0.5 0.5 0
isym: 1 ks_vec: 0.5 0 0.5
starsize: 1
isym: 0 ks_vec: 0 0.5 0.5
starsize: 1
isym: 0 ks_vec: 0.5 0.5 0.5

K-POINTS CARTESIAN COORDINATES
 KPOINTS CARTESIAN_X CARTESIAN_Y CARTESIAN_Z  WEIGHT
       1  0.00000000  0.00000000  0.00000000  0.2500
       2  0.09543697  0.00000000  0.00000000  0.2500
       3  0.00000000  0.09850566  0.00000000  0.5000
       4  0.09543697  0.09850566  0.00000000  0.5000
       5  0.00000000  0.09850566  0.09850566  0.2500
       6  0.09543697  0.09850566  0.09850566  0.2500


K-POINTS DIRECT COORDINATES
 KPOINTS    DIRECT_X    DIRECT_Y    DIRECT_Z  WEIGHT
       1  0.00000000  0.00000000  0.00000000  0.2500
       2  0.50000000  0.00000000  0.00000000  0.2500
       3  0.00000000  0.50000000  0.00000000  0.5000
       4  0.50000000  0.50000000  0.00000000  0.5000
       5  0.00000000  0.50000000  0.50000000  0.2500
       6  0.50000000  0.50000000  0.50000000  0.2500

 DONE : INIT K-POINTS Time : 20.7202 (SEC)





 >>>>>>>>>>>>>>>>>>>>>>>>>>>>>>>>>>>>>>>>>>>>>>>>>>>>>>>>>>>>>>>>>>>>>>
 |                                                                    |
 | Setup plane waves of wave functions:                               |
 | Use the energy cutoff and the lattice vectors to generate the      |
 | dimensions of FFT grid. The number of FFT grid on each processor   |
 | is 'nrxx'. The number of plane wave basis in reciprocal space is   |
 | different for charege/potential and wave functions. We also set    |
 | the 'sticks' for the parallel of FFT. The number of plane wave of  |
 | each k-point is 'npwk[ik]' in each processor                       |
 <<<<<<<<<<<<<<<<<<<<<<<<<<<<<<<<<<<<<<<<<<<<<<<<<<<<<<<<<<<<<<<<<<<<<<





 SETUP PLANE WAVES FOR WAVE FUNCTIONS
     energy cutoff for wavefunc (unit:Ry) = 100
              fft grid for wave functions = [ 64, 64, 64 ]
                    number of plane waves = 18085
                         number of sticks = 849

 PARALLEL PW FOR WAVE FUNCTIONS
     PROC   COLUMNS(POT)             PW
        1             26            566
        2             26            566
        3             26            566
        4             26            566
        5             26            566
        6             26            566
        7             26            566
        8             26            566
        9             26            566
       10             26            566
       11             26            566
       12             26            566
       13             26            566
       14             26            566
       15             27            565
       16             27            565
       17             27            565
       18             27            565
       19             27            565
       20             27            565
       21             27            565
       22             27            565
       23             27            565
       24             27            565
       25             27            565
       26             27            565
       27             27            563
       28             27            563
       29             27            563
       30             27            563
       31             27            565
       32             26            564
 --------------- sum -------------------
       32            849          18085
 DONE : INIT PLANEWAVE Time : 20.8938 (SEC)

 SET NONLOCAL PSEUDOPOTENTIAL PROJECTORS
 SET NONLOCAL PSEUDOPOTENTIAL PROJECTORS
 max number of nonlocal projetors among all species is 8
 DONE : LOCAL POTENTIAL Time : 22.4912 (SEC)


 -------------------------------------------
 SELF-CONSISTENT
 -------------------------------------------




 >>>>>>>>>>>>>>>>>>>>>>>>>>>>>>>>>>>>>>>>>>>>>>>>>>>>>>>>>>>>>>>>>>>>>>
 |                                                                    |
 | Search adjacent atoms:                                             |
 | Set the adjacent atoms for each atom and set the periodic boundary |
 | condition for the atoms on real space FFT grid. For k-dependent    |
 | algorithm, we also need to set the sparse H and S matrix element   |
 | for each atom.                                                     |
 |                                                                    |
 <<<<<<<<<<<<<<<<<<<<<<<<<<<<<<<<<<<<<<<<<<<<<<<<<<<<<<<<<<<<<<<<<<<<<<





 SETUP SEARCHING RADIUS FOR PROGRAM TO SEARCH ADJACENT ATOMS
                  longest orb rcut (Bohr) = 10
   longest nonlocal projector rcut (Bohr) = 2.46
                     search radius (Bohr) = 24.9
              searching radius is (Bohr)) = 24.9
         searching radius unit is (Bohr)) = 1.89
                         PeriodicBoundary = 1
                        Radius(unit:lat0) = 13.2
                                   glayer = [ 4, 4, 4 ]
                             glayer_minus = [ 3, 3, 3 ]

Find the coordinate range of the input atom(unit:lat0).
                                  min_tau = [ -15.7, -15.2, -15.2 ]
                                  max_tau = [ 19.9, 19, 19 ]
                                BoxNumber = [ 7, 7, 7 ]

 SETUP EXTENDED REAL SPACE GRID FOR GRID INTEGRATION
                          real space grid = [ 64, 64, 64 ]
                 big cell numbers in grid = [ 32, 32, 32 ]
             meshcell numbers in big cell = [ 2, 2, 2 ]
                        extended fft grid = [ 33, 34, 34 ]
                dimension of extened grid = [ 99, 101, 101 ]
                            UnitCellTotal = 125
              Atom number in sub-FFT-grid = 12
    Local orbitals number in sub-FFT-grid = 212
                                ParaV.nnr = 84544

 Warning_Memory_Consuming allocated:  Gint::hRGint 12.7 MB

 Warning_Memory_Consuming allocated:  Gint::DMRGint 12.7 MB
                                 init_chg = atomic
 DONE : INIT SCF Time : 24.0723 (SEC)


 LCAO ALGORITHM --------------- ION=   1  ELEC=   1--------------------------------

 Density error is 0.158653414049
----------------------------------------------------------
     Energy           Rydberg                 eV          
----------------------------------------------------------
 E_KohnSham     -718.6953529016      -9778.3519255823     
 E_Harris       -705.2196198847      -9595.0051718263     
 E_Fermi        0.8123458576         11.0525324102        
----------------------------------------------------------


 LCAO ALGORITHM --------------- ION=   1  ELEC=   2--------------------------------

 Density error is 0.0645669284338
----------------------------------------------------------
     Energy           Rydberg                 eV          
----------------------------------------------------------
 E_KohnSham     -719.0007858874      -9782.5075545460     
 E_Harris       -715.3199465584      -9732.4271662492     
 E_Fermi        0.9550357941         12.9939285943        
----------------------------------------------------------


 LCAO ALGORITHM --------------- ION=   1  ELEC=   3--------------------------------

 Density error is 0.0382378219875
----------------------------------------------------------
     Energy           Rydberg                 eV          
----------------------------------------------------------
 E_KohnSham     -719.0319575095      -9782.9316662224     
 E_Harris       -718.4867533600      -9775.5137832162     
 E_Fermi        0.9501305739         12.9271896497        
----------------------------------------------------------


 LCAO ALGORITHM --------------- ION=   1  ELEC=   4--------------------------------

 Density error is 0.0078489315892
----------------------------------------------------------
     Energy           Rydberg                 eV          
----------------------------------------------------------
 E_KohnSham     -719.0297067172      -9782.9010426227     
 E_Harris       -718.2242352790      -9771.9420414864     
 E_Fermi        0.9535251063         12.9733746324        
----------------------------------------------------------


 LCAO ALGORITHM --------------- ION=   1  ELEC=   5--------------------------------

 Density error is 0.00161474349098
----------------------------------------------------------
     Energy           Rydberg                 eV          
----------------------------------------------------------
 E_KohnSham     -719.0313722990      -9782.9237040263     
 E_Harris       -719.0145298670      -9782.6945509819     
 E_Fermi        0.9533550932         12.9710614846        
----------------------------------------------------------


 LCAO ALGORITHM --------------- ION=   1  ELEC=   6--------------------------------

 Density error is 0.000348165650419
----------------------------------------------------------
     Energy           Rydberg                 eV          
----------------------------------------------------------
 E_KohnSham     -719.0314192704      -9782.9243431043     
 E_Harris       -719.0251520083      -9782.8390726292     
 E_Fermi        0.9548790931         12.9917965672        
----------------------------------------------------------


 LCAO ALGORITHM --------------- ION=   1  ELEC=   7--------------------------------

 Density error is 0.00033022086151
----------------------------------------------------------
     Energy           Rydberg                 eV          
----------------------------------------------------------
 E_KohnSham     -719.0314202180      -9782.9243559976     
 E_Harris       -718.9917615557      -9782.3847722155     
 E_Fermi        0.9549933107         12.9933505775        
----------------------------------------------------------


 LCAO ALGORITHM --------------- ION=   1  ELEC=   8--------------------------------

 Density error is 2.8560938289e-05
----------------------------------------------------------
     Energy           Rydberg                 eV          
----------------------------------------------------------
 E_KohnSham     -719.0314227882      -9782.9243909668     
 E_Harris       -719.0331400885      -9782.9477560356     
 E_Fermi        0.9551384358         12.9953251054        
----------------------------------------------------------


 LCAO ALGORITHM --------------- ION=   1  ELEC=   9--------------------------------

 Density error is 4.00890079405e-06
----------------------------------------------------------
     Energy           Rydberg                 eV          
----------------------------------------------------------
 E_KohnSham     -719.0314227934      -9782.9243910380     
 E_Harris       -719.0309892746      -9782.9184927116     
 E_Fermi        0.9551161023         12.9950212428        
----------------------------------------------------------


 LCAO ALGORITHM --------------- ION=   1  ELEC=  10--------------------------------

 Density error is 1.41152258596e-06
----------------------------------------------------------
     Energy           Rydberg                 eV          
----------------------------------------------------------
 E_KohnSham     -719.0314227936      -9782.9243910406     
 E_Harris       -719.0313702347      -9782.9236759395     
 E_Fermi        0.9551211249         12.9950895786        
----------------------------------------------------------


 LCAO ALGORITHM --------------- ION=   1  ELEC=  11--------------------------------

 Density error is 2.25685603486e-07
----------------------------------------------------------
     Energy           Rydberg                 eV          
----------------------------------------------------------
 E_KohnSham     -719.0314227937      -9782.9243910410     
 E_Harris       -719.0314528343      -9782.9247997644     
 E_Fermi        0.9551230913         12.9951163324        
----------------------------------------------------------


 LCAO ALGORITHM --------------- ION=   1  ELEC=  12--------------------------------

 Density error is 1.62160805595e-08
----------------------------------------------------------
     Energy           Rydberg                 eV          
----------------------------------------------------------
 E_KohnSham     -719.0314227937      -9782.9243910410     
 E_Harris       -719.0314230511      -9782.9243945439     
 E_Fermi        0.9551227517         12.9951117132        
----------------------------------------------------------


 LCAO ALGORITHM --------------- ION=   1  ELEC=  13--------------------------------

 Density error is 4.9558660344e-09
----------------------------------------------------------
     Energy           Rydberg                 eV          
----------------------------------------------------------
 E_KohnSham     -719.0314227937      -9782.9243910410     
 E_KS(sigma->0) -719.0314227937      -9782.9243910410     
 E_Harris       -719.0314225931      -9782.9243883124     
 E_band         -36.1544580913       -491.9066381432      
 E_one_elec     -118.6422773526      -1614.2109956922     
 E_Hartree      115.8726202502       1576.5278775928      
 E_xc           -182.4346973050      -2482.1513962538     
 E_Ewald        -533.8270683862      -7263.0898766878     
 E_entropy(-TS) -0.0000000000        -0.0000000000        
 E_descf        0.0000000000         0.0000000000         
 E_exx          0.0000000000         0.0000000000         
 E_Fermi        0.9551227658         12.9951119040        
----------------------------------------------------------


 charge density convergence is achieved
 final etot is -9782.924391 eV
 EFERMI = 12.995111904 eV

 STATE ENERGY(eV) AND OCCUPATIONS    NSPIN == 1
 1/6 kpoint (Cartesian) = 0.0000 0.0000 0.0000 (486 pws)
       1       -48.7248       0.250000
       2       -48.7099       0.250000
       3       -48.7071       0.250000
       4       -48.7071       0.250000
       5       -18.5095       0.250000
       6       -18.5095       0.250000
       7       -18.5029       0.250000
       8       -18.2681       0.250000
       9       -18.2681       0.250000
      10       -18.2377       0.250000
      11       -18.2377       0.250000
      12       -18.1941       0.250000
      13       -18.1941       0.250000
      14       -18.1549       0.250000
      15       -18.1032       0.250000
      16       -18.1032       0.250000
      17       -6.75964       0.250000
      18       -5.22236       0.250000
      19       -5.06138       0.250000
      20       -5.06138       0.250000
      21       -4.99354       0.250000
      22       -4.79005       0.250000
      23       -4.79005       0.250000
      24       -4.32304       0.250000
      25        5.56030       0.250000
      26        5.56030       0.250000
      27        5.97623       0.250000
      28        6.47569       0.250000
      29        6.67137       0.250000
      30        6.67137       0.250000
      31        8.11880       0.250000
      32        8.11880       0.250000
      33        8.22607       0.250000
      34        8.22607       0.250000
      35        8.43942       0.250000
      36        8.43942       0.250000
      37        9.71229       0.250000
      38        9.71229       0.250000
      39        10.0719       0.250000
      40        10.0719       0.250000
      41        10.3229       0.250000
      42        10.3506       0.250000
      43        10.3506       0.250000
      44        10.4501       0.250000
      45        10.4501       0.250000
      46        10.9351       0.250000
      47        11.0330       0.250000
      48        11.0330       0.250000
      49        15.9077        0.00000
      50        15.9717        0.00000
      51        16.9877        0.00000
      52        16.9877        0.00000
      53        17.1391        0.00000
      54        17.2834        0.00000
      55        17.2834        0.00000
      56        17.3165        0.00000
      57        17.5934        0.00000
      58        18.3233        0.00000

 2/6 kpoint (Cartesian) = 0.095437 0.0000 0.0000 (480 pws)
       1       -48.7174       0.250000
       2       -48.7174       0.250000
       3       -48.7070       0.250000
       4       -48.7070       0.250000
       5       -18.3906       0.250000
       6       -18.3906       0.250000
       7       -18.3906       0.250000
       8       -18.3906       0.250000
       9       -18.3353       0.250000
      10       -18.3353       0.250000
      11       -18.2388       0.250000
      12       -18.2388       0.250000
      13       -18.1510       0.250000
      14       -18.1510       0.250000
      15       -18.1465       0.250000
      16       -18.1465       0.250000
      17       -5.95504       0.250000
      18       -5.95504       0.250000
      19       -4.92421       0.250000
      20       -4.92421       0.250000
      21       -4.92421       0.250000
      22       -4.92421       0.250000
      23       -4.78734       0.250000
      24       -4.78734       0.250000
      25        6.65814       0.250000
      26        6.65814       0.250000
      27        6.73399       0.250000
      28        6.73399       0.250000
      29        7.09285       0.250000
      30        7.09285       0.250000
      31        7.50458       0.250000
      32        7.50458       0.250000
      33        7.84112       0.250000
      34        7.84112       0.250000
      35        8.42489       0.250000
      36        8.42489       0.250000
      37        9.18793       0.250000
      38        9.18793       0.250000
      39        9.18793       0.250000
      40        9.18793       0.250000
      41        9.62529       0.250000
      42        9.62529       0.250000
      43        10.3082       0.250000
      44        10.3082       0.250000
      45        11.0076       0.250000
      46        11.0076       0.250000
      47        11.1054       0.250000
      48        11.1054       0.250000
      49        16.5824        0.00000
      50        16.5824        0.00000
      51        16.8519        0.00000
      52        16.8519        0.00000
      53        17.1138        0.00000
      54        17.1138        0.00000
      55        17.4959        0.00000
      56        17.4959        0.00000
      57        18.4132        0.00000
      58        18.4132        0.00000

 3/6 kpoint (Cartesian) = 0.0000 0.098506 0.0000 (474 pws)
       1       -48.7160       0.500000
       2       -48.7160       0.500000
       3       -48.7085       0.500000
       4       -48.7085       0.500000
       5       -18.3810       0.500000
       6       -18.3810       0.500000
       7       -18.3591       0.500000
       8       -18.3591       0.500000
       9       -18.3154       0.500000
      10       -18.3154       0.500000
      11       -18.2332       0.500000
      12       -18.2332       0.500000
      13       -18.1919       0.500000
      14       -18.1919       0.500000
      15       -18.1772       0.500000
      16       -18.1772       0.500000
      17       -5.84450       0.500000
      18       -5.84450       0.500000
      19       -5.02607       0.500000
      20       -5.02607       0.500000
      21       -5.00249       0.500000
      22       -5.00249       0.500000
      23       -4.70492       0.500000
      24       -4.70492       0.500000
      25        6.42224       0.500000
      26        6.42224       0.500000
      27        6.84925       0.500000
      28        6.84925       0.500000
      29        7.03562       0.500000
      30        7.03562       0.500000
      31        7.25898       0.500000
      32        7.25898       0.500000
      33        7.60913       0.500000
      34        7.60913       0.500000
      35        9.00025       0.500000
      36        9.00025       0.500000
      37        9.02046       0.500000
      38        9.02046       0.500000
      39        9.07973       0.500000
      40        9.07973       0.500000
      41        10.1263       0.500000
      42        10.1263       0.500000
      43        10.6847       0.500000
      44        10.6847       0.500000
      45        10.8819       0.500000
      46        10.8819       0.500000
      47        11.0441       0.500000
      48        11.0441       0.500000
      49        16.8224        0.00000
      50        16.8224        0.00000
      51        16.8227        0.00000
      52        16.8227        0.00000
      53        17.0146        0.00000
      54        17.0146        0.00000
      55        17.0239        0.00000
      56        17.0239        0.00000
      57        18.7579        0.00000
      58        18.7579        0.00000

 4/6 kpoint (Cartesian) = 0.095437 0.098506 0.0000 (473 pws)
       1       -48.7122       0.500000
       2       -48.7122       0.500000
       3       -48.7122       0.500000
       4       -48.7122       0.500000
       5       -18.3826       0.500000
       6       -18.3826       0.500000
       7       -18.3826       0.500000
       8       -18.3826       0.500000
       9       -18.2722       0.500000
      10       -18.2722       0.500000
      11       -18.2722       0.500000
      12       -18.2722       0.500000
      13       -18.1748       0.500000
      14       -18.1748       0.500000
      15       -18.1748       0.500000
      16       -18.1748       0.500000
      17       -5.46864       0.500000
      18       -5.46864       0.500000
      19       -5.46864       0.500000
      20       -5.46864       0.500000
      21       -4.85222       0.500000
      22       -4.85222       0.500000
      23       -4.85222       0.500000
      24       -4.85222       0.500000
      25        6.93701       0.500000
      26        6.93701       0.500000
      27        6.93701       0.500000
      28        6.93701       0.500000
      29        7.42210       0.500000
      30        7.42210       0.500000
      31        7.42210       0.500000
      32        7.42210       0.500000
      33        8.55569       0.500000
      34        8.55569       0.500000
      35        8.55569       0.500000
      36        8.55569       0.500000
      37        8.83405       0.500000
      38        8.83405       0.500000
      39        8.83405       0.500000
      40        8.83405       0.500000
      41        9.82314       0.500000
      42        9.82314       0.500000
      43        9.82314       0.500000
      44        9.82314       0.500000
      45        10.5398       0.500000
      46        10.5398       0.500000
      47        10.5398       0.500000
      48        10.5398       0.500000
      49        16.6866        0.00000
      50        16.6866        0.00000
      51        16.6866        0.00000
      52        16.6866        0.00000
      53        17.2054        0.00000
      54        17.2054        0.00000
      55        17.2054        0.00000
      56        17.2054        0.00000
      57        19.0140        0.00000
      58        19.0140        0.00000

 5/6 kpoint (Cartesian) = 0.0000 0.098506 0.098506 (474 pws)
       1       -48.7122       0.250000
       2       -48.7122       0.250000
       3       -48.7122       0.250000
       4       -48.7122       0.250000
       5       -18.4073       0.250000
       6       -18.4073       0.250000
       7       -18.4073       0.250000
       8       -18.4073       0.250000
       9       -18.2841       0.250000
      10       -18.2841       0.250000
      11       -18.2841       0.250000
      12       -18.2841       0.250000
      13       -18.1369       0.250000
      14       -18.1369       0.250000
      15       -18.1369       0.250000
      16       -18.1369       0.250000
      17       -5.49415       0.250000
      18       -5.49415       0.250000
      19       -5.49415       0.250000
      20       -5.49415       0.250000
      21       -4.83207       0.250000
      22       -4.83207       0.250000
      23       -4.83207       0.250000
      24       -4.83207       0.250000
      25        6.74077       0.250000
      26        6.74077       0.250000
      27        6.74077       0.250000
      28        6.74077       0.250000
      29        7.94316       0.250000
      30        7.94316       0.250000
      31        7.94316       0.250000
      32        7.94316       0.250000
      33        8.09292       0.250000
      34        8.09292       0.250000
      35        8.09292       0.250000
      36        8.09292       0.250000
      37        8.96687       0.250000
      38        8.96687       0.250000
      39        8.96687       0.250000
      40        8.96687       0.250000
      41        9.67811       0.250000
      42        9.67811       0.250000
      43        9.67811       0.250000
      44        9.67811       0.250000
      45        10.9281       0.250000
      46        10.9281       0.250000
      47        10.9281       0.250000
      48        10.9281       0.250000
      49        16.3277        0.00000
      50        16.3277        0.00000
      51        16.3277        0.00000
      52        16.3277        0.00000
      53        17.2705        0.00000
      54        17.2705        0.00000
      55        17.2705        0.00000
      56        17.2705        0.00000
      57        18.5017        0.00000
      58        18.5017        0.00000

 6/6 kpoint (Cartesian) = 0.095437 0.098506 0.098506 (468 pws)
       1       -48.7121       0.250000
       2       -48.7121       0.250000
       3       -48.7121       0.250000
       4       -48.7121       0.250000
       5       -18.4913       0.250000
       6       -18.4913       0.250000
       7       -18.4913       0.250000
       8       -18.4913       0.250000
       9       -18.1958       0.250000
      10       -18.1958       0.250000
      11       -18.1958       0.250000
      12       -18.1958       0.250000
      13       -18.1370       0.250000
      14       -18.1370       0.250000
      15       -18.1370       0.250000
      16       -18.1370       0.250000
      17       -5.61953       0.250000
      18       -5.61953       0.250000
      19       -5.61953       0.250000
      20       -5.61953       0.250000
      21       -4.71650       0.250000
      22       -4.71650       0.250000
      23       -4.71650       0.250000
      24       -4.71650       0.250000
      25        7.24941       0.250000
      26        7.24941       0.250000
      27        7.24941       0.250000
      28        7.24941       0.250000
      29        7.62261       0.250000
      30        7.62261       0.250000
      31        7.62261       0.250000
      32        7.62261       0.250000
      33        8.26679       0.250000
      34        8.26679       0.250000
      35        8.26679       0.250000
      36        8.26679       0.250000
      37        9.21059       0.250000
      38        9.21059       0.250000
      39        9.21059       0.250000
      40        9.21059       0.250000
      41        9.65460       0.250000
      42        9.65460       0.250000
      43        9.65460       0.250000
      44        9.65460       0.250000
      45        10.1617       0.250000
      46        10.1617       0.250000
      47        10.1617       0.250000
      48        10.1617       0.250000
      49        16.4363        0.00000
      50        16.4363        0.00000
      51        16.4363        0.00000
      52        16.4363        0.00000
      53        16.8304        0.00000
      54        16.8304        0.00000
      55        16.8304        0.00000
      56        16.8304        0.00000
      57        18.5323        0.00000
      58        18.5323        0.00000

 correction force for each atom along direction 1 is 2.56391e-15
 correction force for each atom along direction 2 is -2.69285e-14
 correction force for each atom along direction 3 is -1.99299e-15
------------------------------------------------------------------------------------------
 TOTAL-FORCE (eV/Angstrom)                                                                
------------------------------------------------------------------------------------------
                       Hf1         0.0000000000         0.0000000000         0.0000000000 
                       Hf2         0.0000000000         0.0000000000         0.0000000000 
                       Hf3         0.0000000000         0.0000000000         0.0000000000 
                       Hf4         0.0000000000         0.0000000000         0.0000000000 
                        O1        -0.0004999153         0.0000000000         0.0000000000 
                        O2        -0.0004999153         0.0000000000         0.0000000000 
                        O3         0.0004999153         0.0000000000         0.0000000000 
                        O4         0.0004999153         0.0000000000         0.0000000000 
                        O5         0.0004999153         0.0000000000         0.0000000000 
                        O6         0.0004999153         0.0000000000         0.0000000000 
                        O7        -0.0004999153         0.0000000000         0.0000000000 
                        O8        -0.0004999153         0.0000000000         0.0000000000 
------------------------------------------------------------------------------------------

----------------------------------------------------------------
 TOTAL-STRESS (KBAR)                                            
----------------------------------------------------------------
        -0.0184073420         0.0000000000         0.0000000000 
         0.0000000000         0.0095946771         0.0000000000 
         0.0000000000         0.0000000000         0.0095946771 
----------------------------------------------------------------
 TOTAL-PRESSURE: 0.000261 KBAR



 --------------------------------------------
 !FINAL_ETOT_IS -9782.9243910409804812 eV
 --------------------------------------------


TIME STATISTICS
------------------------------------------------------------------------------------
    CLASS_NAME                    NAME                TIME/s  CALLS   AVG/s  PER/%  
------------------------------------------------------------------------------------
                   total                              121.65 13       9.36   100.00 
 Driver            reading                            11.67  1        11.67  9.60   
 Input_Conv        Convert                            0.00   1        0.00   0.00   
 Driver            driver_line                        109.98 1        109.98 90.40  
 UnitCell          check_tau                          0.00   1        0.00   0.00   
 ESolver_KS_LCAO   before_all_runners                 4.23   1        4.23   3.48   
 PW_Basis_Sup      setuptransform                     0.14   1        0.14   0.11   
 PW_Basis_Sup      distributeg                        0.13   1        0.13   0.11   
 mymath            heapsort                           0.00   370      0.00   0.00   
 Charge_Mixing     init_mixing                        0.00   1        0.00   0.00   
 Symmetry          analy_sys                          0.07   1        0.07   0.06   
 PW_Basis_K        setuptransform                     0.14   1        0.14   0.12   
 PW_Basis_K        distributeg                        0.14   1        0.14   0.12   
 PW_Basis          setup_struc_factor                 0.03   1        0.03   0.02   
 NOrbital_Lm       extra_uniform                      0.16   14       0.01   0.13   
 Mathzone_Add1     SplineD2                           0.00   14       0.00   0.00   
 Mathzone_Add1     Cubic_Spline_Interpolation         0.00   14       0.00   0.00   
 Mathzone_Add1     Uni_Deriv_Phi                      0.16   14       0.01   0.13   
 ppcell_vl         init_vloc                          0.05   1        0.05   0.04   
 Ions              opt_ions                           99.14  1        99.14  81.50  
 ESolver_KS_LCAO   runner                             87.41  1        87.41  71.85  
 ESolver_KS_LCAO   before_scf                         1.58   1        1.58   1.30   
 atom_arrange      search                             0.00   1        0.00   0.00   
 atom_arrange      grid_d.init                        0.00   1        0.00   0.00   
 Grid              Construct_Adjacent_expand          0.00   1        0.00   0.00   
 Grid              Construct_Adjacent_expand_periodic 0.00   12       0.00   0.00   
 Grid_Technique    init                               0.43   1        0.43   0.35   
 Grid_BigCell      grid_expansion_index               0.05   2        0.03   0.04   
 Grid_Driver       Find_atom                          0.00   120      0.00   0.00   
 Record_adj        for_2d                             0.04   1        0.04   0.03   
 LCAO_domain       grid_prepare                       0.00   1        0.00   0.00   
 Veff              initialize_HR                      0.00   1        0.00   0.00   
 OverlapNew        initialize_SR                      0.00   1        0.00   0.00   
 EkineticNew       initialize_HR                      0.00   1        0.00   0.00   
 NonlocalNew       initialize_HR                      0.03   1        0.03   0.02   
 Charge            set_rho_core                       0.29   1        0.29   0.24   
 PW_Basis_Sup      recip2real                         0.40   111      0.00   0.33   
 PW_Basis_Sup      gathers_scatterp                   0.36   111      0.00   0.30   
 Charge            atomic_rho                         0.22   2        0.11   0.18   
 Potential         init_pot                           0.32   1        0.32   0.27   
 Potential         update_from_charge                 0.40   14       0.03   0.33   
 Potential         cal_fixed_v                        0.00   1        0.00   0.00   
 PotLocal          cal_fixed_v                        0.00   1        0.00   0.00   
 Potential         cal_v_eff                          0.40   14       0.03   0.33   
 H_Hartree_pw      v_hartree                          0.08   14       0.01   0.07   
 PW_Basis_Sup      real2recip                         0.16   129      0.00   0.13   
 PW_Basis_Sup      gatherp_scatters                   0.15   129      0.00   0.12   
 PotXC             cal_v_eff                          0.32   14       0.02   0.26   
 XC_Functional     v_xc                               0.30   16       0.02   0.25   
 Potential         interpolate_vrs                    0.00   14       0.00   0.00   
 Symmetry          rhog_symmetry                      0.25   14       0.02   0.20   
 Symmetry          group fft grids                    0.07   14       0.00   0.05   
 H_Ewald_pw        compute_ewald                      0.02   1        0.02   0.02   
 HSolverLCAO       solve                              85.27  13       6.56   70.09  
 HamiltLCAO        updateHk                           41.19  78       0.53   33.86  
 OperatorLCAO      init                               41.06  234      0.18   33.75  
 Veff              contributeHR                       40.61  13       3.12   33.39  
 Gint_interface    cal_gint                           66.59  27       2.47   54.74  
 Gint_interface    cal_gint_vlocal                    33.60  13       2.58   27.62  
 Gint_Tools        cal_psir_ylm                       2.11   26624    0.00   1.73   
 Gint_k            transfer_pvpR                      7.01   13       0.54   5.76   
 OverlapNew        calculate_SR                       0.11   1        0.11   0.09   
 OverlapNew        contributeHk                       0.02   78       0.00   0.02   
 EkineticNew       contributeHR                       0.10   13       0.01   0.08   
 EkineticNew       calculate_HR                       0.10   1        0.10   0.08   
 NonlocalNew       contributeHR                       0.32   13       0.02   0.26   
 NonlocalNew       calculate_HR                       0.30   1        0.30   0.25   
 OperatorLCAO      contributeHk                       0.03   78       0.00   0.02   
 HSolverLCAO       hamiltSolvePsiK                    12.66  78       0.16   10.40  
 DiagoElpa         elpa_solve                         12.04  78       0.15   9.89   
 elecstate         cal_dm                             4.29   14       0.31   3.53   
 psiMulPsiMpi      pdgemm                             4.29   84       0.05   3.53   
 DensityMatrix     cal_DMR                            0.04   14       0.00   0.03   
 ElecStateLCAO     psiToRho                           31.29  13       2.41   25.72  
 Gint              transfer_DMR                       1.40   13       0.11   1.15   
 Gint_interface    cal_gint_rho                       28.28  13       2.18   23.25  
 Charge_Mixing     get_drho                           0.00   13       0.00   0.00   
 Charge            mix_rho                            0.02   12       0.00   0.02   
 Charge            Broyden_mixing                     0.01   12       0.00   0.01   
 ModuleIO          write_rhog                         0.04   1        0.04   0.03   
 ESolver_KS_LCAO   after_scf                          0.06   1        0.06   0.05   
 ESolver_KS_LCAO   cal_force                          11.73  1        11.73  9.64   
 Force_Stress_LCAO getForceStress                     11.73  1        11.73  9.64   
 Forces            cal_force_loc                      0.00   1        0.00   0.00   
 Forces            cal_force_ew                       0.00   1        0.00   0.00   
 Forces            cal_force_cc                       0.07   1        0.07   0.06   
 Forces            cal_force_scc                      0.06   1        0.06   0.05   
 Stress_Func       stress_loc                         0.19   1        0.19   0.15   
 Stress_Func       stress_har                         0.00   1        0.00   0.00   
 Stress_Func       stress_ewa                         0.00   1        0.00   0.00   
 Stress_Func       stress_cc                          0.24   1        0.24   0.20   
 Stress_Func       stress_gga                         0.00   1        0.00   0.00   
 Force_LCAO        ftable                             10.15  1        10.15  8.34   
 Force_LCAO        allocate                           0.30   1        0.30   0.25   
 LCAO_domain       build_ST_new                       0.30   2        0.15   0.25   
 Force_LCAO        cal_pulay_fs_center2               0.02   2        0.01   0.02   
 Gint_interface    cal_gint_force                     4.71   1        4.71   3.87   
 Gint_Tools        cal_dpsir_ylm                      0.28   1024     0.00   0.23   
 Gint_Tools        cal_dpsirr_ylm                     0.06   1024     0.00   0.05   
 NonlocalNew       cal_force_stress                   1.00   1        1.00   0.83   
 ESolver_KS_LCAO   cal_stress                         0.00   1        0.00   0.00   
 ESolver_KS_LCAO   after_all_runners                  0.00   1        0.00   0.00   
 ModuleIO          write_istate_info                  0.00   1        0.00   0.00   
------------------------------------------------------------------------------------


 NAME-------------------------|MEMORY(MB)--------
                         total      2324.1689
                  Gint::hRGint       406.4441
                 Gint::DMRGint       406.1316
       TwoCenterTable: Kinetic       137.3855
       TwoCenterTable: Overlap       137.3855
      TwoCenterTable: Nonlocal       136.0217
                  meshball_pos       126.0491
               GT::ind_bigcell       123.2787
         GT::in_this_processor       123.2787
              GT::index2normal       123.2787
               GT::index2ucell       123.2787
                   Stress::dSR       121.4683
                   Force::dS_K        60.7342
                   Stress::dHr        60.7342
                  Force::dTVNL        60.7342
      GT::bigcell_on_processor        30.8197
                HamiltLCAO::hR        27.4686
            DensityMatrix::DMR        27.4686
                    index_ball        21.0082
                HamiltLCAO::sR        17.5539
                GT::which_atom         7.1351
             GT::which_bigcell         7.1351
            GT::which_unitcell         7.1351
            DensityMatrix::DMK         4.1147
                RealGauntTable         3.7773
                  SF::strucFac         3.7547
                  SF::eigts123         2.2515
                  PW_B_K::gcar         2.1433
                      Chg::rho         2.0000
                 Chg::rho_save         2.0000
                 Chg::rho_core         2.0000
                 Pot::veff_fix         2.0000
                     Pot::veff         2.0000
              Pot::veff_smooth         2.0000
 -------------   < 1.0 MB has been ignored ----------------
 ----------------------------------------------------------

 Start  Time  : Fri Oct  9 22:51:28 2026
 Finish Time  : Fri Oct  9 22:53:30 2026
 Total  Time  : 0 h 2 mins 2 secs 
