{
  "calculator": "analytic ToyPhaseTransition",
  "workflow": "projected collective-mode VC-NEB -> unconstrained full-space refinement",
  "constrained": {
    "barrier_eV": 0.2859999999999999,
    "reaction_energy_eV": 0.0,
    "max_generalized_force_eV_per_A": 0.009890592348149955,
    "optimizer_steps": 12,
    "saddle_diagnostics": {
      "image_index": 3,
      "is_climbing": true,
      "relative_enthalpy_eV": 0.2859999999999999,
      "residual_generalized_force_eV_per_A": 0.0,
      "tangential_force_eV_per_A": 0.0,
      "perpendicular_force_eV_per_A": 0.0,
      "tangent_curvature_eV_per_A2": -0.5606602687325392
    },
    "path_diagnostics": {
      "n_images": 7,
      "n_atoms": 1,
      "pressure_eV_per_A3": 0.0,
      "cell_scale_A": 4.999999999999999,
      "highest_image_index": 3,
      "images": [
        {
          "image_index": 0,
          "interior": false,
          "enthalpy_eV": 0.0,
          "relative_enthalpy_eV": 0.0,
          "volume_A3": 124.99999999999994,
          "cell_lengths_A": [
            5.0,
            5.0,
            5.0
          ],
          "cell_angles_deg": [
            90.0,
            90.0,
            90.0
          ],
          "max_atom_force_eV_per_A": 0.0,
          "max_stress_eV_per_A3": 0.0,
          "stress_eV_per_A3": [
            [
              -0.0,
              -0.0,
              -0.0
            ],
            [
              -0.0,
              -0.0,
              -0.0
            ],
            [
              -0.0,
              -0.0,
              -0.0
            ]
          ],
          "cell_force_eV": [
            [
              -0.0,
              0.0,
              -0.0
            ],
            [
              -0.0,
              0.0,
              -0.0
            ],
            [
              -0.0,
              0.0,
              -0.0
            ]
          ],
          "max_cell_force_eV": 0.0,
          "max_true_generalized_force_eV_per_A": 0.0,
          "cell_generalized_force_norm_eV_per_A": 0.0,
          "is_climbing_image": false,
          "spacing_minus_A": null,
          "spacing_plus_A": null,
          "true_tangential_force_eV_per_A": null,
          "true_perpendicular_force_eV_per_A": null,
          "true_perpendicular_force_max_vector_eV_per_A": null,
          "spring_force_eV_per_A": null,
          "spring_force_max_vector_eV_per_A": null,
          "neb_residual_generalized_force_eV_per_A": null,
          "neb_residual_force_euclidean_eV_per_A": null
        },
        {
          "image_index": 1,
          "interior": true,
          "enthalpy_eV": 0.08219899506903344,
          "relative_enthalpy_eV": 0.08219899506903344,
          "volume_A3": 130.04035992722712,
          "cell_lengths_A": [
            5.2016143970890845,
            5.0,
            5.0
          ],
          "cell_angles_deg": [
            90.0,
            90.0,
            90.0
          ],
          "max_atom_force_eV_per_A": 0.2554430731888381,
          "max_stress_eV_per_A3": 0.004691898335907862,
          "stress_eV_per_A3": [
            [
              0.004691898335907862,
              -0.0,
              -0.0
            ],
            [
              -0.0,
              -0.0,
              -0.0
            ],
            [
              -0.0,
              -0.0,
              -0.0
            ]
          ],
          "cell_force_eV": [
            [
              -0.5864872919884827,
              0.0,
              -0.0
            ],
            [
              -0.0,
              0.0,
              -0.0
            ],
            [
              -0.0,
              0.0,
              -0.0
            ]
          ],
          "max_cell_force_eV": 0.5864872919884827,
          "max_true_generalized_force_eV_per_A": 0.26350479120167336,
          "cell_generalized_force_norm_eV_per_A": 0.11729745839769656,
          "is_climbing_image": false,
          "spacing_minus_A": 0.475122958367595,
          "spacing_plus_A": 0.4896954462676239,
          "true_tangential_force_eV_per_A": -0.2556059334517145,
          "true_perpendicular_force_eV_per_A": 0.058813905813798244,
          "true_perpendicular_force_max_vector_eV_per_A": 0.05851743028099337,
          "spring_force_eV_per_A": 0.002185873185004336,
          "spring_force_max_vector_eV_per_A": 0.0019673543642032333,
          "neb_residual_generalized_force_eV_per_A": 0.009890592348149955,
          "neb_residual_force_euclidean_eV_per_A": 0.011058018414101282
        },
        {
          "image_index": 2,
          "interior": true,
          "enthalpy_eV": 0.2237555472770499,
          "relative_enthalpy_eV": 0.2237555472770499,
          "volume_A3": 135.37590015802672,
          "cell_lengths_A": [
            5.415036006321069,
            5.0,
            5.0
          ],
          "cell_angles_deg": [
            90.0,
            90.0,
            90.0
          ],
          "max_atom_force_eV_per_A": 0.27242981525340076,
          "max_stress_eV_per_A3": 0.003814769182658537,
          "stress_eV_per_A3": [
            [
              0.003814769182658537,
              -0.0,
              -0.0
            ],
            [
              -0.0,
              -0.0,
              -0.0
            ],
            [
              -0.0,
              -0.0,
              -0.0
            ]
          ],
          "cell_force_eV": [
            [
              -0.4768461478323171,
              0.0,
              -0.0
            ],
            [
              -0.0,
              0.0,
              -0.0
            ],
            [
              -0.0,
              0.0,
              -0.0
            ]
          ],
          "max_cell_force_eV": 0.4768461478323171,
          "max_true_generalized_force_eV_per_A": 0.28210132894476647,
          "cell_generalized_force_norm_eV_per_A": 0.09536922956646343,
          "is_climbing_image": false,
          "spacing_minus_A": 0.4896954462676239,
          "spacing_plus_A": 0.47121101486153155,
          "true_tangential_force_eV_per_A": -0.21247491763049883,
          "true_perpendicular_force_eV_per_A": 0.018189533210519776,
          "true_perpendicular_force_max_vector_eV_per_A": 0.01817629478979838,
          "spring_force_eV_per_A": 0.0027726647109138523,
          "spring_force_max_vector_eV_per_A": 0.0024822010082480375,
          "neb_residual_generalized_force_eV_per_A": 0.003858606507223035,
          "neb_residual_force_euclidean_eV_per_A": 0.0043140532242868694
        },
        {
          "image_index": 3,
          "interior": true,
          "enthalpy_eV": 0.2859999999999999,
          "relative_enthalpy_eV": 0.2859999999999999,
          "volume_A3": 140.62499999999997,
          "cell_lengths_A": [
            5.625,
            5.0,
            5.0
          ],
          "cell_angles_deg": [
            90.0,
            90.0,
            90.0
          ],
          "max_atom_force_eV_per_A": 0.23999999999999977,
          "max_stress_eV_per_A3": 0.0,
          "stress_eV_per_A3": [
            [
              -0.0,
              -0.0,
              -0.0
            ],
            [
              -0.0,
              -0.0,
              -0.0
            ],
            [
              -0.0,
              -0.0,
              -0.0
            ]
          ],
          "cell_force_eV": [
            [
              -0.0,
              0.0,
              -0.0
            ],
            [
              -0.0,
              0.0,
              -0.0
            ],
            [
              -0.0,
              0.0,
              -0.0
            ]
          ],
          "max_cell_force_eV": 0.0,
          "max_true_generalized_force_eV_per_A": 0.23999999999999977,
          "cell_generalized_force_norm_eV_per_A": 0.0,
          "is_climbing_image": true,
          "spacing_minus_A": 0.47121101486153155,
          "spacing_plus_A": 0.47121101486153494,
          "true_tangential_force_eV_per_A": 0.0,
          "true_perpendicular_force_eV_per_A": 0.0,
          "true_perpendicular_force_max_vector_eV_per_A": 0.0,
          "spring_force_eV_per_A": 5.079270337660091e-16,
          "spring_force_max_vector_eV_per_A": 4.543037500442515e-16,
          "neb_residual_generalized_force_eV_per_A": 0.0,
          "neb_residual_force_euclidean_eV_per_A": 0.0
        },
        {
          "image_index": 4,
          "interior": true,
          "enthalpy_eV": 0.22375554727704922,
          "relative_enthalpy_eV": 0.22375554727704922,
          "volume_A3": 145.8740998419733,
          "cell_lengths_A": [
            5.834963993678933,
            5.0,
            5.0
          ],
          "cell_angles_deg": [
            90.0,
            90.0,
            90.0
          ],
          "max_atom_force_eV_per_A": 0.26441270368259306,
          "max_stress_eV_per_A3": 0.003814769182658555,
          "stress_eV_per_A3": [
            [
              -0.003814769182658555,
              -0.0,
              -0.0
            ],
            [
              -0.0,
              -0.0,
              -0.0
            ],
            [
              -0.0,
              -0.0,
              -0.0
            ]
          ],
          "cell_force_eV": [
            [
              0.47684614783231927,
              -0.0,
              -0.0
            ],
            [
              -0.0,
              0.0,
              -0.0
            ],
            [
              -0.0,
              0.0,
              -0.0
            ]
          ],
          "max_cell_force_eV": 0.47684614783231927,
          "max_true_generalized_force_eV_per_A": 0.2821013289447672,
          "cell_generalized_force_norm_eV_per_A": 0.09536922956646388,
          "is_climbing_image": false,
          "spacing_minus_A": 0.47121101486153494,
          "spacing_plus_A": 0.4896954462676279,
          "true_tangential_force_eV_per_A": 0.2124749176305,
          "true_perpendicular_force_eV_per_A": 0.018189533210519745,
          "true_perpendicular_force_max_vector_eV_per_A": 0.01817629478979836,
          "spring_force_eV_per_A": 0.002772664710913944,
          "spring_force_max_vector_eV_per_A": 0.0024822010082481173,
          "neb_residual_generalized_force_eV_per_A": 0.0038586065072231173,
          "neb_residual_force_euclidean_eV_per_A": 0.004314053224286961
        },
        {
          "image_index": 5,
          "interior": true,
          "enthalpy_eV": 0.08219899506903139,
          "relative_enthalpy_eV": 0.08219899506903139,
          "volume_A3": 151.209640072773,
          "cell_lengths_A": [
            6.048385602910921,
            5.0,
            5.0
          ],
          "cell_angles_deg": [
            90.0,
            90.0,
            90.0
          ],
          "max_atom_force_eV_per_A": 0.2280560475159929,
          "max_stress_eV_per_A3": 0.004691898335907821,
          "stress_eV_per_A3": [
            [
              -0.004691898335907821,
              -0.0,
              -0.0
            ],
            [
              -0.0,
              -0.0,
              -0.0
            ],
            [
              -0.0,
              -0.0,
              -0.0
            ]
          ],
          "cell_force_eV": [
            [
              0.5864872919884776,
              -0.0,
              -0.0
            ],
            [
              -0.0,
              0.0,
              -0.0
            ],
            [
              -0.0,
              0.0,
              -0.0
            ]
          ],
          "max_cell_force_eV": 0.5864872919884776,
          "max_true_generalized_force_eV_per_A": 0.26350479120167236,
          "cell_generalized_force_norm_eV_per_A": 0.11729745839769554,
          "is_climbing_image": false,
          "spacing_minus_A": 0.4896954462676279,
          "spacing_plus_A": 0.4751229583675878,
          "true_tangential_force_eV_per_A": 0.2556059334517133,
          "true_perpendicular_force_eV_per_A": 0.05881390581379744,
          "true_perpendicular_force_max_vector_eV_per_A": 0.058517430280992704,
          "spring_force_eV_per_A": 0.002185873185006018,
          "spring_force_max_vector_eV_per_A": 0.0019673543642047416,
          "neb_residual_generalized_force_eV_per_A": 0.009890592348148165,
          "neb_residual_force_euclidean_eV_per_A": 0.011058018414099282
        },
        {
          "image_index": 6,
          "interior": false,
          "enthalpy_eV": 0.0,
          "relative_enthalpy_eV": 0.0,
          "volume_A3": 156.25000000000006,
          "cell_lengths_A": [
            6.25,
            5.0,
            5.0
          ],
          "cell_angles_deg": [
            90.0,
            90.0,
            90.0
          ],
          "max_atom_force_eV_per_A": 0.0,
          "max_stress_eV_per_A3": 0.0,
          "stress_eV_per_A3": [
            [
              -0.0,
              -0.0,
              -0.0
            ],
            [
              -0.0,
              -0.0,
              -0.0
            ],
            [
              -0.0,
              -0.0,
              -0.0
            ]
          ],
          "cell_force_eV": [
            [
              -0.0,
              0.0,
              -0.0
            ],
            [
              -0.0,
              0.0,
              -0.0
            ],
            [
              -0.0,
              0.0,
              -0.0
            ]
          ],
          "max_cell_force_eV": 0.0,
          "max_true_generalized_force_eV_per_A": 0.0,
          "cell_generalized_force_norm_eV_per_A": 0.0,
          "is_climbing_image": false,
          "spacing_minus_A": null,
          "spacing_plus_A": null,
          "true_tangential_force_eV_per_A": null,
          "true_perpendicular_force_eV_per_A": null,
          "true_perpendicular_force_max_vector_eV_per_A": null,
          "spring_force_eV_per_A": null,
          "spring_force_max_vector_eV_per_A": null,
          "neb_residual_generalized_force_eV_per_A": null,
          "neb_residual_force_euclidean_eV_per_A": null
        }
      ]
    }
  },
  "refined": {
    "barrier_eV": 0.2500440949456738,
    "reaction_energy_eV": 0.0,
    "max_generalized_force_eV_per_A": 0.008654577505172664,
    "optimizer_steps": 37,
    "saddle_diagnostics": {
      "image_index": 3,
      "is_climbing": true,
      "relative_enthalpy_eV": 0.2500440949456738,
      "residual_generalized_force_eV_per_A": 0.00839951862181021,
      "tangential_force_eV_per_A": -1.8211919996843767e-18,
      "perpendicular_force_eV_per_A": 0.00839951862181021,
      "tangent_curvature_eV_per_A2": -0.4841822335308596
    },
    "path_diagnostics": {
      "n_images": 7,
      "n_atoms": 1,
      "pressure_eV_per_A3": 0.0,
      "cell_scale_A": 4.999999999999999,
      "highest_image_index": 3,
      "images": [
        {
          "image_index": 0,
          "interior": false,
          "enthalpy_eV": 0.0,
          "relative_enthalpy_eV": 0.0,
          "volume_A3": 124.99999999999994,
          "cell_lengths_A": [
            5.0,
            5.0,
            5.0
          ],
          "cell_angles_deg": [
            90.0,
            90.0,
            90.0
          ],
          "max_atom_force_eV_per_A": 0.0,
          "max_stress_eV_per_A3": 0.0,
          "stress_eV_per_A3": [
            [
              -0.0,
              -0.0,
              -0.0
            ],
            [
              -0.0,
              -0.0,
              -0.0
            ],
            [
              -0.0,
              -0.0,
              -0.0
            ]
          ],
          "cell_force_eV": [
            [
              -0.0,
              0.0,
              -0.0
            ],
            [
              -0.0,
              0.0,
              -0.0
            ],
            [
              -0.0,
              0.0,
              -0.0
            ]
          ],
          "max_cell_force_eV": 0.0,
          "max_true_generalized_force_eV_per_A": 0.0,
          "cell_generalized_force_norm_eV_per_A": 0.0,
          "is_climbing_image": false,
          "spacing_minus_A": null,
          "spacing_plus_A": null,
          "true_tangential_force_eV_per_A": null,
          "true_perpendicular_force_eV_per_A": null,
          "true_perpendicular_force_max_vector_eV_per_A": null,
          "spring_force_eV_per_A": null,
          "spring_force_max_vector_eV_per_A": null,
          "neb_residual_generalized_force_eV_per_A": null,
          "neb_residual_force_euclidean_eV_per_A": null
        },
        {
          "image_index": 1,
          "interior": true,
          "enthalpy_eV": 0.07770086331737329,
          "relative_enthalpy_eV": 0.07770086331737329,
          "volume_A3": 130.23090638910531,
          "cell_lengths_A": [
            5.209236255564211,
            5.0,
            5.0
          ],
          "cell_angles_deg": [
            90.0,
            90.0,
            90.0
          ],
          "max_atom_force_eV_per_A": 0.22782678165608064,
          "max_stress_eV_per_A3": 0.004746851298990949,
          "stress_eV_per_A3": [
            [
              0.004746851298990949,
              -0.0,
              -0.0
            ],
            [
              -0.0,
              -0.0,
              -0.0
            ],
            [
              -0.0,
              -0.0,
              -0.0
            ]
          ],
          "cell_force_eV": [
            [
              -0.5933564123738687,
              0.0,
              -0.0
            ],
            [
              -0.0,
              0.0,
              -0.0
            ],
            [
              -0.0,
              0.0,
              -0.0
            ]
          ],
          "max_cell_force_eV": 0.5933564123738687,
          "max_true_generalized_force_eV_per_A": 0.23735927817931896,
          "cell_generalized_force_norm_eV_per_A": 0.11867128247477376,
          "is_climbing_image": false,
          "spacing_minus_A": 0.4678797385832046,
          "spacing_plus_A": 0.4673689120560642,
          "true_tangential_force_eV_per_A": -0.2652308242224502,
          "true_perpendicular_force_eV_per_A": 0.00865506235070463,
          "true_perpendicular_force_max_vector_eV_per_A": 0.00865464326491734,
          "spring_force_eV_per_A": 7.6623979071061e-05,
          "spring_force_max_vector_eV_per_A": 6.853871826858801e-05,
          "neb_residual_generalized_force_eV_per_A": 0.008654577505172664,
          "neb_residual_force_euclidean_eV_per_A": 0.008655401523254334
        },
        {
          "image_index": 2,
          "interior": true,
          "enthalpy_eV": 0.1982737709368373,
          "relative_enthalpy_eV": 0.1982737709368373,
          "volume_A3": 135.4549844774422,
          "cell_lengths_A": [
            5.418199379097689,
            5.0,
            5.0
          ],
          "cell_angles_deg": [
            90.0,
            90.0,
            90.0
          ],
          "max_atom_force_eV_per_A": 0.17410819651448114,
          "max_stress_eV_per_A3": 0.003771589168818027,
          "stress_eV_per_A3": [
            [
              0.003771589168818027,
              -0.0,
              -0.0
            ],
            [
              -0.0,
              -0.0,
              -0.0
            ],
            [
              -0.0,
              -0.0,
              -0.0
            ]
          ],
          "cell_force_eV": [
            [
              -0.4714486461022533,
              0.0,
              -0.0
            ],
            [
              -0.0,
              0.0,
              -0.0
            ],
            [
              -0.0,
              0.0,
              -0.0
            ]
          ],
          "max_cell_force_eV": 0.4714486461022533,
          "max_true_generalized_force_eV_per_A": 0.1886570631296888,
          "cell_generalized_force_norm_eV_per_A": 0.09428972922045067,
          "is_climbing_image": false,
          "spacing_minus_A": 0.4673689120560642,
          "spacing_plus_A": 0.4624353384002356,
          "true_tangential_force_eV_per_A": -0.21087507644715908,
          "true_perpendicular_force_eV_per_A": 0.00370710649834866,
          "true_perpendicular_force_max_vector_eV_per_A": 0.003707082301264173,
          "spring_force_eV_per_A": 0.0007400360483742873,
          "spring_force_max_vector_eV_per_A": 0.0006619137644699368,
          "neb_residual_generalized_force_eV_per_A": 0.0037668892196892636,
          "neb_residual_force_euclidean_eV_per_A": 0.003780250248725907
        },
        {
          "image_index": 3,
          "interior": true,
          "enthalpy_eV": 0.2500440949456738,
          "relative_enthalpy_eV": 0.2500440949456738,
          "volume_A3": 140.62499999999997,
          "cell_lengths_A": [
            5.625,
            5.0,
            5.0
          ],
          "cell_angles_deg": [
            90.0,
            90.0,
            90.0
          ],
          "max_atom_force_eV_per_A": 0.00839951862181021,
          "max_stress_eV_per_A3": 0.0,
          "stress_eV_per_A3": [
            [
              -0.0,
              -0.0,
              -0.0
            ],
            [
              -0.0,
              -0.0,
              -0.0
            ],
            [
              -0.0,
              -0.0,
              -0.0
            ]
          ],
          "cell_force_eV": [
            [
              -0.0,
              0.0,
              -0.0
            ],
            [
              -0.0,
              0.0,
              -0.0
            ],
            [
              -0.0,
              0.0,
              -0.0
            ]
          ],
          "max_cell_force_eV": 0.0,
          "max_true_generalized_force_eV_per_A": 0.00839951862181021,
          "cell_generalized_force_norm_eV_per_A": 0.0,
          "is_climbing_image": true,
          "spacing_minus_A": 0.4624353384002356,
          "spacing_plus_A": 0.46243533840024875,
          "true_tangential_force_eV_per_A": 1.8211919996843767e-18,
          "true_perpendicular_force_eV_per_A": 0.00839951862181021,
          "true_perpendicular_force_max_vector_eV_per_A": 0.00839951862181021,
          "spring_force_eV_per_A": 1.9734214262712156e-15,
          "spring_force_max_vector_eV_per_A": 1.7650817829588121e-15,
          "neb_residual_generalized_force_eV_per_A": 0.00839951862181021,
          "neb_residual_force_euclidean_eV_per_A": 0.00839951862181021
        },
        {
          "image_index": 4,
          "interior": true,
          "enthalpy_eV": 0.19827377093683451,
          "relative_enthalpy_eV": 0.19827377093683451,
          "volume_A3": 145.79501552255795,
          "cell_lengths_A": [
            5.83180062090232,
            5.0,
            5.0
          ],
          "cell_angles_deg": [
            90.0,
            90.0,
            90.0
          ],
          "max_atom_force_eV_per_A": 0.1617725261762799,
          "max_stress_eV_per_A3": 0.003771589168818094,
          "stress_eV_per_A3": [
            [
              -0.003771589168818094,
              -0.0,
              -0.0
            ],
            [
              -0.0,
              -0.0,
              -0.0
            ],
            [
              -0.0,
              -0.0,
              -0.0
            ]
          ],
          "cell_force_eV": [
            [
              0.4714486461022616,
              -0.0,
              -0.0
            ],
            [
              -0.0,
              0.0,
              -0.0
            ],
            [
              -0.0,
              0.0,
              -0.0
            ]
          ],
          "max_cell_force_eV": 0.4714486461022616,
          "max_true_generalized_force_eV_per_A": 0.188657063129693,
          "cell_generalized_force_norm_eV_per_A": 0.09428972922045234,
          "is_climbing_image": false,
          "spacing_minus_A": 0.46243533840024875,
          "spacing_plus_A": 0.46736891205606396,
          "true_tangential_force_eV_per_A": 0.21087507644716358,
          "true_perpendicular_force_eV_per_A": 0.0037071064983486717,
          "true_perpendicular_force_max_vector_eV_per_A": 0.0037070823012641785,
          "spring_force_eV_per_A": 0.0007400360483722806,
          "spring_force_max_vector_eV_per_A": 0.0006619137644681394,
          "neb_residual_generalized_force_eV_per_A": 0.0037668892196891105,
          "neb_residual_force_euclidean_eV_per_A": 0.003780250248725534
        },
        {
          "image_index": 5,
          "interior": true,
          "enthalpy_eV": 0.07770086331736985,
          "relative_enthalpy_eV": 0.07770086331736985,
          "volume_A3": 151.01909361089483,
          "cell_lengths_A": [
            6.040763744435795,
            5.0,
            5.0
          ],
          "cell_angles_deg": [
            90.0,
            90.0,
            90.0
          ],
          "max_atom_force_eV_per_A": 0.19647098428259574,
          "max_stress_eV_per_A3": 0.004746851298990909,
          "stress_eV_per_A3": [
            [
              -0.004746851298990909,
              -0.0,
              -0.0
            ],
            [
              -0.0,
              -0.0,
              -0.0
            ],
            [
              -0.0,
              -0.0,
              -0.0
            ]
          ],
          "cell_force_eV": [
            [
              0.5933564123738634,
              -0.0,
              -0.0
            ],
            [
              -0.0,
              0.0,
              -0.0
            ],
            [
              -0.0,
              0.0,
              -0.0
            ]
          ],
          "max_cell_force_eV": 0.5933564123738634,
          "max_true_generalized_force_eV_per_A": 0.23735927817931707,
          "cell_generalized_force_norm_eV_per_A": 0.1186712824747727,
          "is_climbing_image": false,
          "spacing_minus_A": 0.46736891205606396,
          "spacing_plus_A": 0.4678797385831917,
          "true_tangential_force_eV_per_A": 0.26523082422244804,
          "true_perpendicular_force_eV_per_A": 0.008655062350704588,
          "true_perpendicular_force_max_vector_eV_per_A": 0.008654643264917286,
          "spring_force_eV_per_A": 7.662397906916251e-05,
          "spring_force_max_vector_eV_per_A": 6.853871826689003e-05,
          "neb_residual_generalized_force_eV_per_A": 0.008654577505172602,
          "neb_residual_force_euclidean_eV_per_A": 0.008655401523254275
        },
        {
          "image_index": 6,
          "interior": false,
          "enthalpy_eV": 0.0,
          "relative_enthalpy_eV": 0.0,
          "volume_A3": 156.25000000000006,
          "cell_lengths_A": [
            6.25,
            5.0,
            5.0
          ],
          "cell_angles_deg": [
            90.0,
            90.0,
            90.0
          ],
          "max_atom_force_eV_per_A": 0.0,
          "max_stress_eV_per_A3": 0.0,
          "stress_eV_per_A3": [
            [
              -0.0,
              -0.0,
              -0.0
            ],
            [
              -0.0,
              -0.0,
              -0.0
            ],
            [
              -0.0,
              -0.0,
              -0.0
            ]
          ],
          "cell_force_eV": [
            [
              -0.0,
              0.0,
              -0.0
            ],
            [
              -0.0,
              0.0,
              -0.0
            ],
            [
              -0.0,
              0.0,
              -0.0
            ]
          ],
          "max_cell_force_eV": 0.0,
          "max_true_generalized_force_eV_per_A": 0.0,
          "cell_generalized_force_norm_eV_per_A": 0.0,
          "is_climbing_image": false,
          "spacing_minus_A": null,
          "spacing_plus_A": null,
          "true_tangential_force_eV_per_A": null,
          "true_perpendicular_force_eV_per_A": null,
          "true_perpendicular_force_max_vector_eV_per_A": null,
          "spring_force_eV_per_A": null,
          "spring_force_max_vector_eV_per_A": null,
          "neb_residual_generalized_force_eV_per_A": null,
          "neb_residual_force_euclidean_eV_per_A": null
        }
      ]
    }
  }
}
