                                                                                     
                              ABACUS v3.10.0

               Atomic-orbital Based Ab-initio Computation at UStc                    

                     Website: http://abacus.ustc.edu.cn/                             
               Documentation: https://abacus.deepmodeling.com/                       
                  Repository: https://github.com/abacusmodeling/abacus-develop       
                              https://github.com/deepmodeling/abacus-develop         
                      Commit: f7cb1d3 (Mon May 12 16:53:30 2025 +0800)

    Start Time is Fri Oct  9 19:11:02 2026
                                                                                     
 ------------------------------------------------------------------------------------

 READING GENERAL INFORMATION
                           global_out_dir = OUT.ABACUS/
                           global_in_card = INPUT
                               pseudo_dir = 
                              orbital_dir = 
                                    DRANK = 1
                                    DSIZE = 32
                                   DCOLOR = 1
                                    GRANK = 1
                                    GSIZE = 1




 >>>>>>>>>>>>>>>>>>>>>>>>>>>>>>>>>>>>>>>>>>>>>>>>>>>>>>>>>>>>>>>>>>>>>>
 |                                                                    |
 | Reading atom information in unitcell:                              |
 | From the input file and the structure file we know the number of   |
 | different elments in this unitcell, then we list the detail        |
 | information for each element, especially the zeta and polar atomic |
 | orbital number for each element. The total atom number is counted. |
 | We calculate the nearest atom distance for each atom and show the  |
 | Cartesian and Direct coordinates for each atom. We list the file   |
 | address for atomic orbitals. The volume and the lattice vectors    |
 | in real and reciprocal space is also shown.                        |
 |                                                                    |
 <<<<<<<<<<<<<<<<<<<<<<<<<<<<<<<<<<<<<<<<<<<<<<<<<<<<<<<<<<<<<<<<<<<<<<




 READING UNITCELL INFORMATION
                                    ntype = 2
                  lattice constant (Bohr) = 1.88973
              lattice constant (Angstrom) = 1

 READING ATOM TYPE 1
                               atom label = Hf
                      L=0, number of zeta = 4
                      L=1, number of zeta = 2
                      L=2, number of zeta = 2
                      L=3, number of zeta = 1
             number of atom for this type = 4

 READING ATOM TYPE 2
                               atom label = O
                      L=0, number of zeta = 2
                      L=1, number of zeta = 2
                      L=2, number of zeta = 1
             number of atom for this type = 8

                        TOTAL ATOM NUMBER = 12
DIRECT COORDINATES
    atom                   x                   y                   z     mag                  vx                  vy                  vz
taud_Hf1            0.0651410701        0.9999933123        0.0000011820  0.0000        0.0000000000        0.0000000000        0.0000000000
taud_Hf2            0.9348595162        0.4999942018        0.4999988558  0.0000        0.0000000000        0.0000000000        0.0000000000
taud_Hf3            0.4348596066        0.9999989982        0.4999984292  0.0000        0.0000000000        0.0000000000        0.0000000000
taud_Hf4            0.5651411768        0.4999985875        0.0000017886  0.0000        0.0000000000        0.0000000000        0.0000000000
taud_O1            0.3519087001        0.2258670811        0.1763074273  0.0000        0.0000000000        0.0000000000        0.0000000000
taud_O2            0.1480863780        0.2258615328        0.6763068820  0.0000        0.0000000000        0.0000000000        0.0000000000
taud_O3            0.1480919366        0.7741245022        0.3236920071  0.0000        0.0000000000        0.0000000000        0.0000000000
taud_O4            0.3519144247        0.7741301668        0.8236930498  0.0000        0.0000000000        0.0000000000        0.0000000000
taud_O5            0.8519088896        0.2741255010        0.1763074301  0.0000        0.0000000000        0.0000000000        0.0000000000
taud_O6            0.6480850641        0.2741305935        0.6763067030  0.0000        0.0000000000        0.0000000000        0.0000000000
taud_O7            0.6480928480        0.7258674812        0.3236921381  0.0000        0.0000000000        0.0000000000        0.0000000000
taud_O8            0.8519143044        0.7258627314        0.8236922917  0.0000        0.0000000000        0.0000000000        0.0000000000



                          Volume (Bohr^3) = 993.373
                             Volume (A^3) = 147.202

 Lattice vectors: (Cartesian coordinate: in unit of a_0)
             +5.69522        +5.15858e-06        +2.63401e-05
          +5.8901e-06            +4.96398        +1.47499e-07
         +2.65937e-05        +1.39817e-07            +5.20686
 Reciprocal vectors: (Cartesian coordinate: in unit of 2 pi/a_0)
            +0.175586        -2.08345e-07        -8.96796e-07
         -1.82469e-07           +0.201451        -5.40855e-09
         -8.88241e-07        -5.70563e-09           +0.192054
 The esolver type has been set to : ksdft_lcao

 RUNNING WITH DEVICE  : CPU / AMD EPYC 7702 64-Core Processor




 >>>>>>>>>>>>>>>>>>>>>>>>>>>>>>>>>>>>>>>>>>>>>>>>>>>>>>>>>>>>>>>>>>>>>>
 |                                                                    |
 | Reading pseudopotentials files:                                    |
 | The pseudopotential file is in UPF format. The 'NC' indicates that |
 | the type of pseudopotential is 'norm conserving'. Functional of    |
 | exchange and correlation is decided by 4 given parameters in UPF   |
 | file.  We also read in the 'core correction' if there exists.      |
 | Also we can read the valence electrons number and the maximal      |
 | angular momentum used in this pseudopotential. We also read in the |
 | trail wave function, trail atomic density and local-pseudopotential|
 | on logrithmic grid. The non-local pseudopotential projector is also|
 | read in if there is any.                                           |
 |                                                                    |
 <<<<<<<<<<<<<<<<<<<<<<<<<<<<<<<<<<<<<<<<<<<<<<<<<<<<<<<<<<<<<<<<<<<<<<




                PAO radial cut off (Bohr) = 15

 Read in pseudopotential file is Hf.upf
                     pseudopotential type = NC
          exchange-correlation functional = PBE
                 nonlocal core correction = 1
                        valence electrons = 12
                                     lmax = 3
                           number of zeta = 4
                     number of projectors = 8
                           L of projector = 0
                           L of projector = 0
                           L of projector = 1
                           L of projector = 1
                           L of projector = 2
                           L of projector = 2
                           L of projector = 3
                           L of projector = 3
                PAO radial cut off (Bohr) = 15

 Read in pseudopotential file is O.upf
                     pseudopotential type = NC
          exchange-correlation functional = PBE
                 nonlocal core correction = 1
                        valence electrons = 6
                                     lmax = 2
                           number of zeta = 2
                     number of projectors = 5
                           L of projector = 0
                           L of projector = 0
                           L of projector = 1
                           L of projector = 1
                           L of projector = 2
     initial pseudo atomic orbital number = 72

 SETUP THE ELECTRONS NUMBER
            electron number of element Hf = 12
      total electron number of element Hf = 48
             electron number of element O = 6
       total electron number of element O = 48
            AUTOSET number of electrons:  = 96
                           occupied bands = 48
                                   NLOCAL = 212
                                   NBANDS = 58
                                   NBANDS = 58
                                   NLOCAL = 212

%%%%%%%%%%%%%%%%%%%%%%%%%%%%%%%%%%%%%%%%%%%%%%%%%%%%%%%%%%%%%%%%%%%%%%%%%%%%%%%%%%%%%%%%%%%%%%%%%%%%%%%%%%
 Warning: the number of valence electrons in pseudopotential > 4 for Hf: [Xe] 4f14 5d2 6s2
 Pseudopotentials with additional electrons can yield (more) accurate outcomes, but may be less efficient.
 If you're confident that your chosen pseudopotential is appropriate, you can safely ignore this warning.
%%%%%%%%%%%%%%%%%%%%%%%%%%%%%%%%%%%%%%%%%%%%%%%%%%%%%%%%%%%%%%%%%%%%%%%%%%%%%%%%%%%%%%%%%%%%%%%%%%%%%%%%%%
                  




 >>>>>>>>>>>>>>>>>>>>>>>>>>>>>>>>>>>>>>>>>>>>>>>>>>>>>>>>>>>>>>>>>>>>>>
 |                                                                    |
 | Setup plane waves of charge/potential:                             |
 | Use the energy cutoff and the lattice vectors to generate the      |
 | dimensions of FFT grid. The number of FFT grid on each processor   |
 | is 'nrxx'. The number of plane wave basis in reciprocal space is   |
 | different for charege/potential and wave functions. We also set    |
 | the 'sticks' for the parallel of FFT. The number of plane waves    |
 | is 'npw' in each processor.                                        |
 <<<<<<<<<<<<<<<<<<<<<<<<<<<<<<<<<<<<<<<<<<<<<<<<<<<<<<<<<<<<<<<<<<<<<<





 SETUP THE PLANE WAVE BASIS
 energy cutoff for charge/potential (unit:Ry) = 400
            fft grid for charge/potential = [ 72, 60, 64 ]
                        fft grid division = [ 4, 5, 2 ]
        big fft grid for charge/potential = [ 18, 12, 32 ]
                                     nbxx = 216
                                     nrxx = 8640

 SETUP PLANE WAVES FOR CHARGE/POTENTIAL
                    number of plane waves = 134193
                         number of sticks = 3211

 PARALLEL PW FOR CHARGE/POTENTIAL
     PROC   COLUMNS(POT)             PW
        1            100           4194
        2            100           4194
        3            100           4194
        4            100           4194
        5            100           4194
        6            100           4194
        7            100           4194
        8            100           4194
        9            100           4194
       10            101           4197
       11            101           4197
       12            101           4195
       13            101           4195
       14            101           4195
       15            101           4195
       16            101           4193
       17            101           4193
       18            101           4197
       19            101           4193
       20            101           4193
       21            100           4192
       22            100           4192
       23            100           4192
       24            100           4192
       25            100           4192
       26            100           4192
       27            100           4192
       28            100           4192
       29            100           4192
       30            100           4192
       31            100           4192
       32            100           4192
 --------------- sum -------------------
       32           3211         134193
                            number of |g| = 4193
                                  max |g| = 36.1682
                                  min |g| = 0.0405827
 DONE : SETUP UNITCELL Time : 1.98157 (SEC)


----------- Double Check Mixing Parameters Begin ------------
mixing_type: broyden
mixing_beta: 0.3
mixing_gg0: 1
mixing_gg0_min: 0.1
mixing_ndim: 8
----------- Double Check Mixing Parameters End ------------




 >>>>>>>>>>>>>>>>>>>>>>>>>>>>>>>>>>>>>>>>>>>>>>>>>>>>>>>>>>>>>>>>>>>>>>
 |                                                                    |
 | Doing symmetry analysis:                                           |
 | We calculate the norm of 3 vectors and the angles between them,    |
 | the type of Bravais lattice is given. We can judge if the unticell |
 | is a primitive cell. Finally we give the point group operation for |
 | this unitcell. We use the point group operations to do symmetry |
 | analysis on given k-point mesh and the charge density.             |
 |                                                                    |
 <<<<<<<<<<<<<<<<<<<<<<<<<<<<<<<<<<<<<<<<<<<<<<<<<<<<<<<<<<<<<<<<<<<<<<




 LATTICE VECTORS: (CARTESIAN COORDINATE: IN UNIT OF A0)
             +5.69522        +5.15858e-06        +2.63401e-05
          +5.8901e-06            +4.96398        +1.47499e-07
         +2.65937e-05        +1.39817e-07            +5.20686
                       right hand lattice = 1
                                   NORM_A = 5.69522
                                   NORM_B = 4.96398
                                   NORM_C = 5.20686
                           ALPHA (DEGREE) = 90
                           BETA  (DEGREE) = 89.9994
                           GAMMA (DEGREE) = 89.9999

 The lattice vectors have been changed (STRU_SIMPLE.cif)

(for optimal symmetric configuration:)
                             BRAVAIS TYPE = 12
                     BRAVAIS LATTICE NAME = 12. Monoclinic P (simple)
                                    ibrav = 12
                                    IBRAV = 12
                                  BRAVAIS = SIMPLE MONOLINIC CELL
                       LATTICE CONSTANT A = 5.20686
                                B/A RATIO = 0.953354
                                C/A RATIO = 2.27955
                                COS(BETA) = -0.877362
Original cell was already a primitive cell.
                        ROTATION MATRICES = 4
              PURE POINT GROUP OPERATIONS = 1
                   SPACE GROUP OPERATIONS = 1
                              POINT GROUP = C_1
               POINT GROUP IN SPACE GROUP = C_1
 DONE : SYMMETRY Time : 2.05269 (SEC)





 >>>>>>>>>>>>>>>>>>>>>>>>>>>>>>>>>>>>>>>>>>>>>>>>>>>>>>>>>>>>>>>>>>>>>>
 |                                                                    |
 | Setup K-points                                                     |
 | We setup the k-points according to input parameters.               |
 | The reduced k-points are set according to symmetry operations.     |
 | We treat the spin as another set of k-points.                      |
 |                                                                    |
 <<<<<<<<<<<<<<<<<<<<<<<<<<<<<<<<<<<<<<<<<<<<<<<<<<<<<<<<<<<<<<<<<<<<<<





 SETUP K-POINTS
                                    nspin = 1
                   Input type of k points = Monkhorst-Pack(Gamma)
                                   nkstot = 8
                       right hand lattice = 1
(for reciprocal lattice: )
                             BRAVAIS TYPE = 12
                     BRAVAIS LATTICE NAME = 12. Monoclinic P (simple)
                                    ibrav = 12
                       right hand lattice = 1
(for k-lattice: )
                             BRAVAIS TYPE = 12
                     BRAVAIS LATTICE NAME = 12. Monoclinic P (simple)
                                    ibrav = 12
                       right hand lattice = 1
                        ROTATION MATRICES = 4
                               nkstot_ibz = 8
K-POINTS REDUCTION ACCORDING TO SYMMETRY
     IBZ    DIRECT_X    DIRECT_Y    DIRECT_Z  WEIGHT  ibz2bz
       1  0.00000000  0.00000000  0.00000000  0.1250       0
       2  0.50000000  0.00000000  0.00000000  0.1250       1
       3  0.00000000  0.50000000  0.00000000  0.1250       2
       4  0.50000000  0.50000000  0.00000000  0.1250       3
       5  0.00000000  0.00000000  0.50000000  0.1250       4
       6  0.50000000  0.00000000  0.50000000  0.1250       5
       7  0.00000000  0.50000000  0.50000000  0.1250       6
       8  0.50000000  0.50000000  0.50000000  0.1250       7

                               nkstot now = 8
K-POINTS DIRECT COORDINATES
 KPOINTS    DIRECT_X    DIRECT_Y    DIRECT_Z  WEIGHT
       1  0.00000000  0.00000000  0.00000000  0.1250
       2  0.50000000  0.00000000  0.00000000  0.1250
       3  0.00000000  0.50000000  0.00000000  0.1250
       4  0.50000000  0.50000000  0.00000000  0.1250
       5  0.00000000  0.00000000  0.50000000  0.1250
       6  0.50000000  0.00000000  0.50000000  0.1250
       7  0.00000000  0.50000000  0.50000000  0.1250
       8  0.50000000  0.50000000  0.50000000  0.1250


           k-point number in this process = 8
       minimum distributed K point number = 8
starsize: 1
isym: 0 ks_vec: 0 0 0
starsize: 1
isym: 0 ks_vec: 0.5 0 0
starsize: 1
isym: 0 ks_vec: 0 0.5 0
starsize: 1
isym: 0 ks_vec: 0.5 0.5 0
starsize: 1
isym: 0 ks_vec: 0 0 0.5
starsize: 1
isym: 0 ks_vec: 0.5 0 0.5
starsize: 1
isym: 0 ks_vec: 0 0.5 0.5
starsize: 1
isym: 0 ks_vec: 0.5 0.5 0.5

K-POINTS CARTESIAN COORDINATES
 KPOINTS CARTESIAN_X CARTESIAN_Y CARTESIAN_Z  WEIGHT
       1  0.00000000  0.00000000  0.00000000  0.2500
       2  0.08779299 -0.00000010 -0.00000045  0.2500
       3 -0.00000009  0.10072570 -0.00000000  0.2500
       4  0.08779290  0.10072559 -0.00000045  0.2500
       5 -0.00000044 -0.00000000  0.09602720  0.2500
       6  0.08779254 -0.00000011  0.09602675  0.2500
       7 -0.00000054  0.10072569  0.09602720  0.2500
       8  0.08779245  0.10072559  0.09602675  0.2500


K-POINTS DIRECT COORDINATES
 KPOINTS    DIRECT_X    DIRECT_Y    DIRECT_Z  WEIGHT
       1  0.00000000  0.00000000  0.00000000  0.2500
       2  0.50000000  0.00000000  0.00000000  0.2500
       3  0.00000000  0.50000000  0.00000000  0.2500
       4  0.50000000  0.50000000  0.00000000  0.2500
       5  0.00000000  0.00000000  0.50000000  0.2500
       6  0.50000000  0.00000000  0.50000000  0.2500
       7  0.00000000  0.50000000  0.50000000  0.2500
       8  0.50000000  0.50000000  0.50000000  0.2500

 DONE : INIT K-POINTS Time : 2.41684 (SEC)





 >>>>>>>>>>>>>>>>>>>>>>>>>>>>>>>>>>>>>>>>>>>>>>>>>>>>>>>>>>>>>>>>>>>>>>
 |                                                                    |
 | Setup plane waves of wave functions:                               |
 | Use the energy cutoff and the lattice vectors to generate the      |
 | dimensions of FFT grid. The number of FFT grid on each processor   |
 | is 'nrxx'. The number of plane wave basis in reciprocal space is   |
 | different for charege/potential and wave functions. We also set    |
 | the 'sticks' for the parallel of FFT. The number of plane wave of  |
 | each k-point is 'npwk[ik]' in each processor                       |
 <<<<<<<<<<<<<<<<<<<<<<<<<<<<<<<<<<<<<<<<<<<<<<<<<<<<<<<<<<<<<<<<<<<<<<





 SETUP PLANE WAVES FOR WAVE FUNCTIONS
     energy cutoff for wavefunc (unit:Ry) = 100
              fft grid for wave functions = [ 72, 60, 64 ]
                    number of plane waves = 19675
                         number of sticks = 891

 PARALLEL PW FOR WAVE FUNCTIONS
     PROC   COLUMNS(POT)             PW
        1             28            616
        2             28            616
        3             28            616
        4             28            616
        5             28            616
        6             28            616
        7             28            614
        8             28            614
        9             28            614
       10             28            614
       11             27            613
       12             27            613
       13             27            613
       14             27            613
       15             27            613
       16             28            616
       17             28            616
       18             28            616
       19             28            616
       20             28            616
       21             28            616
       22             28            616
       23             28            616
       24             28            614
       25             28            614
       26             28            614
       27             28            614
       28             28            614
       29             28            614
       30             28            618
       31             28            614
       32             28            614
 --------------- sum -------------------
       32            891          19675
 DONE : INIT PLANEWAVE Time : 2.42508 (SEC)

 SET NONLOCAL PSEUDOPOTENTIAL PROJECTORS
 SET NONLOCAL PSEUDOPOTENTIAL PROJECTORS
 max number of nonlocal projetors among all species is 8
 DONE : LOCAL POTENTIAL Time : 3.25853 (SEC)


 -------------------------------------------
 SELF-CONSISTENT
 -------------------------------------------




 >>>>>>>>>>>>>>>>>>>>>>>>>>>>>>>>>>>>>>>>>>>>>>>>>>>>>>>>>>>>>>>>>>>>>>
 |                                                                    |
 | Search adjacent atoms:                                             |
 | Set the adjacent atoms for each atom and set the periodic boundary |
 | condition for the atoms on real space FFT grid. For k-dependent    |
 | algorithm, we also need to set the sparse H and S matrix element   |
 | for each atom.                                                     |
 |                                                                    |
 <<<<<<<<<<<<<<<<<<<<<<<<<<<<<<<<<<<<<<<<<<<<<<<<<<<<<<<<<<<<<<<<<<<<<<





 SETUP SEARCHING RADIUS FOR PROGRAM TO SEARCH ADJACENT ATOMS
                  longest orb rcut (Bohr) = 10
   longest nonlocal projector rcut (Bohr) = 2.46
                     search radius (Bohr) = 24.9
              searching radius is (Bohr)) = 24.9
         searching radius unit is (Bohr)) = 1.89
                         PeriodicBoundary = 1
                        Radius(unit:lat0) = 13.2
                                   glayer = [ 4, 4, 4 ]
                             glayer_minus = [ 3, 3, 3 ]

Find the coordinate range of the input atom(unit:lat0).
                                  min_tau = [ -16.7, -13.8, -15.6 ]
                                  max_tau = [ 22.4, 19.9, 19.9 ]
                                BoxNumber = [ 7, 7, 7 ]

 SETUP EXTENDED REAL SPACE GRID FOR GRID INTEGRATION
                          real space grid = [ 72, 60, 64 ]
                 big cell numbers in grid = [ 18, 12, 32 ]
             meshcell numbers in big cell = [ 4, 5, 2 ]
                        extended fft grid = [ 17, 13, 33 ]
                dimension of extened grid = [ 53, 39, 99 ]
                            UnitCellTotal = 75
              Atom number in sub-FFT-grid = 12
    Local orbitals number in sub-FFT-grid = 212
                                ParaV.nnr = 70568

 Warning_Memory_Consuming allocated:  Gint::hRGint 11.8 MB

 Warning_Memory_Consuming allocated:  Gint::DMRGint 11.8 MB
                                 init_chg = atomic
 DONE : INIT SCF Time : 4.19157 (SEC)


 LCAO ALGORITHM --------------- ION=   1  ELEC=   1--------------------------------

 Density error is 0.161224133734
----------------------------------------------------------
     Energy           Rydberg                 eV          
----------------------------------------------------------
 E_KohnSham     -718.6960507816      -9778.3614207275     
 E_Harris       -704.2729929049      -9582.1256510203     
 E_Fermi        0.6463986352         8.7947046183         
 E_bandgap      0.5872171140         7.9894987135         
----------------------------------------------------------


 LCAO ALGORITHM --------------- ION=   1  ELEC=   2--------------------------------

 Density error is 0.0652032372912
----------------------------------------------------------
     Energy           Rydberg                 eV          
----------------------------------------------------------
 E_KohnSham     -719.0299977061      -9782.9050017300     
 E_Harris       -715.3043076558      -9732.2143880633     
 E_Fermi        0.9457992014         12.8682583031        
 E_bandgap      0.4178975171         5.6857874124         
----------------------------------------------------------


 LCAO ALGORITHM --------------- ION=   1  ELEC=   3--------------------------------

 Density error is 0.0393307003854
----------------------------------------------------------
     Energy           Rydberg                 eV          
----------------------------------------------------------
 E_KohnSham     -719.0600388070      -9783.3137318761     
 E_Harris       -718.5129633744      -9775.8703887569     
 E_Fermi        0.9434446977         12.8362236365        
 E_bandgap      0.3713771985         5.0528460066         
----------------------------------------------------------


 LCAO ALGORITHM --------------- ION=   1  ELEC=   4--------------------------------

 Density error is 0.00755009687186
----------------------------------------------------------
     Energy           Rydberg                 eV          
----------------------------------------------------------
 E_KohnSham     -719.0583220732      -9783.2903745142     
 E_Harris       -718.2699544884      -9772.5640832433     
 E_Fermi        0.9462784734         12.8747791337        
 E_bandgap      0.3747883024         5.0992564558         
----------------------------------------------------------


 LCAO ALGORITHM --------------- ION=   1  ELEC=   5--------------------------------

 Density error is 0.00123715669107
----------------------------------------------------------
     Energy           Rydberg                 eV          
----------------------------------------------------------
 E_KohnSham     -719.0596745739      -9783.3087762308     
 E_Harris       -719.0006853382      -9782.5061865040     
 E_Fermi        0.9466834951         12.8802897364        
 E_bandgap      0.3655817511         4.9739948994         
----------------------------------------------------------


 LCAO ALGORITHM --------------- ION=   1  ELEC=   6--------------------------------

 Density error is 0.000283468096625
----------------------------------------------------------
     Energy           Rydberg                 eV          
----------------------------------------------------------
 E_KohnSham     -719.0596901407      -9783.3089880283     
 E_Harris       -719.0613457703      -9783.3315140242     
 E_Fermi        0.9480194548         12.8984663996        
 E_bandgap      0.3668205923         4.9908501996         
----------------------------------------------------------


 LCAO ALGORITHM --------------- ION=   1  ELEC=   7--------------------------------

 Density error is 0.000358575442624
----------------------------------------------------------
     Energy           Rydberg                 eV          
----------------------------------------------------------
 E_KohnSham     -719.0596902221      -9783.3089891352     
 E_Harris       -719.0191355908      -9782.7572150696     
 E_Fermi        0.9480576053         12.8989854643        
 E_bandgap      0.3674267092         4.9990968429         
----------------------------------------------------------


 LCAO ALGORITHM --------------- ION=   1  ELEC=   8--------------------------------

 Density error is 2.36508446501e-05
----------------------------------------------------------
     Energy           Rydberg                 eV          
----------------------------------------------------------
 E_KohnSham     -719.0596931197      -9783.3090285594     
 E_Harris       -719.0594956642      -9783.3063420396     
 E_Fermi        0.9481612261         12.9003952977        
 E_bandgap      0.3670509695         4.9939846412         
----------------------------------------------------------


 LCAO ALGORITHM --------------- ION=   1  ELEC=   9--------------------------------

 Density error is 3.90478423704e-06
----------------------------------------------------------
     Energy           Rydberg                 eV          
----------------------------------------------------------
 E_KohnSham     -719.0596931235      -9783.3090286117     
 E_Harris       -719.0594915817      -9783.3062864935     
 E_Fermi        0.9481520407         12.9002703240        
 E_bandgap      0.3670341747         4.9937561371         
----------------------------------------------------------


 LCAO ALGORITHM --------------- ION=   1  ELEC=  10--------------------------------

 Density error is 9.26671133247e-07
----------------------------------------------------------
     Energy           Rydberg                 eV          
----------------------------------------------------------
 E_KohnSham     -719.0596931238      -9783.3090286149     
 E_Harris       -719.0596634197      -9783.3086244701     
 E_Fermi        0.9481554396         12.9003165680        
 E_bandgap      0.3670380262         4.9938085390         
----------------------------------------------------------


 LCAO ALGORITHM --------------- ION=   1  ELEC=  11--------------------------------

 Density error is 2.59061813506e-07
----------------------------------------------------------
     Energy           Rydberg                 eV          
----------------------------------------------------------
 E_KohnSham     -719.0596931238      -9783.3090286151     
 E_Harris       -719.0596911736      -9783.3090020813     
 E_Fermi        0.9481561057         12.9003256315        
 E_bandgap      0.3670387487         4.9938183693         
----------------------------------------------------------


 LCAO ALGORITHM --------------- ION=   1  ELEC=  12--------------------------------

 Density error is 6.92332980166e-08
----------------------------------------------------------
     Energy           Rydberg                 eV          
----------------------------------------------------------
 E_KohnSham     -719.0596931238      -9783.3090286151     
 E_Harris       -719.0596927854      -9783.3090240110     
 E_Fermi        0.9481561376         12.9003260645        
 E_bandgap      0.3670387770         4.9938187538         
----------------------------------------------------------


 LCAO ALGORITHM --------------- ION=   1  ELEC=  13--------------------------------

 Density error is 4.84294912462e-09
----------------------------------------------------------
     Energy           Rydberg                 eV          
----------------------------------------------------------
 E_KohnSham     -719.0596931238      -9783.3090286151     
 E_KS(sigma->0) -719.0596931238      -9783.3090286151     
 E_Harris       -719.0596930850      -9783.3090280876     
 E_band         -47.0846959787       -640.6201539074      
 E_one_elec     -161.3200002039      -2194.8712041341     
 E_Hartree      131.6144274391       1790.7061521789      
 E_xc           -182.2592209870      -2479.7639184640     
 E_Ewald        -507.0948993720      -6899.3800581958     
 E_entropy(-TS) -0.0000000000        -0.0000000000        
 E_descf        0.0000000000         0.0000000000         
 E_exx          0.0000000000         0.0000000000         
 E_Fermi        0.9481560823         12.9003253128        
 E_bandgap      0.3670386793         4.9938174244         
----------------------------------------------------------


 charge density convergence is achieved
 final etot is -9783.3090286 eV
 EFERMI = 12.900325313 eV

 STATE ENERGY(eV) AND OCCUPATIONS    NSPIN == 1
 1/8 kpoint (Cartesian) = 0.0000 0.0000 0.0000 (533 pws)
       1       -50.2596       0.250000
       2       -50.2475       0.250000
       3       -50.2423       0.250000
       4       -50.2397       0.250000
       5       -20.1010       0.250000
       6       -20.0220       0.250000
       7       -20.0032       0.250000
       8       -19.8831       0.250000
       9       -19.8458       0.250000
      10       -19.8289       0.250000
      11       -19.8179       0.250000
      12       -19.7819       0.250000
      13       -19.7398       0.250000
      14       -19.7149       0.250000
      15       -19.6942       0.250000
      16       -19.6713       0.250000
      17       -7.92983       0.250000
      18       -7.00919       0.250000
      19       -6.62217       0.250000
      20       -6.58116       0.250000
      21       -6.57216       0.250000
      22       -6.38411       0.250000
      23       -6.09487       0.250000
      24       -6.05278       0.250000
      25        4.56540       0.250000
      26        4.75447       0.250000
      27        5.21077       0.250000
      28        5.46386       0.250000
      29        5.48303       0.250000
      30        5.69437       0.250000
      31        6.11704       0.250000
      32        6.47281       0.250000
      33        6.72654       0.250000
      34        6.86832       0.250000
      35        7.29993       0.250000
      36        7.30999       0.250000
      37        7.36184       0.250000
      38        7.44423       0.250000
      39        7.64923       0.250000
      40        7.70881       0.250000
      41        7.92714       0.250000
      42        8.32522       0.250000
      43        8.83013       0.250000
      44        8.84495       0.250000
      45        9.07290       0.250000
      46        9.22069       0.250000
      47        9.30010       0.250000
      48        9.30983       0.250000
      49        14.5151        0.00000
      50        14.7457        0.00000
      51        14.8404        0.00000
      52        15.0058        0.00000
      53        15.0482        0.00000
      54        15.1437        0.00000
      55        15.2782        0.00000
      56        15.9188        0.00000
      57        16.0505        0.00000
      58        16.0915        0.00000

 2/8 kpoint (Cartesian) = 0.087793 -1.0417e-07 -4.4840e-07 (527 pws)
       1       -50.2544       0.250000
       2       -50.2544       0.250000
       3       -50.2401       0.250000
       4       -50.2401       0.250000
       5       -20.0136       0.250000
       6       -20.0136       0.250000
       7       -19.9153       0.250000
       8       -19.9153       0.250000
       9       -19.9140       0.250000
      10       -19.9140       0.250000
      11       -19.7886       0.250000
      12       -19.7886       0.250000
      13       -19.7147       0.250000
      14       -19.7147       0.250000
      15       -19.7112       0.250000
      16       -19.7112       0.250000
      17       -7.33027       0.250000
      18       -7.33027       0.250000
      19       -6.65901       0.250000
      20       -6.65900       0.250000
      21       -6.36150       0.250000
      22       -6.36150       0.250000
      23       -6.32372       0.250000
      24       -6.32372       0.250000
      25        5.41172       0.250000
      26        5.41172       0.250000
      27        5.60124       0.250000
      28        5.60124       0.250000
      29        5.61043       0.250000
      30        5.61043       0.250000
      31        6.09214       0.250000
      32        6.09214       0.250000
      33        6.50375       0.250000
      34        6.50376       0.250000
      35        7.08378       0.250000
      36        7.08378       0.250000
      37        7.36799       0.250000
      38        7.36799       0.250000
      39        7.85100       0.250000
      40        7.85101       0.250000
      41        8.22648       0.250000
      42        8.22648       0.250000
      43        8.35950       0.250000
      44        8.35950       0.250000
      45        8.47509       0.250000
      46        8.47510       0.250000
      47        9.22200       0.250000
      48        9.22200       0.250000
      49        14.8549        0.00000
      50        14.8549        0.00000
      51        15.0697        0.00000
      52        15.0698        0.00000
      53        15.3661        0.00000
      54        15.3661        0.00000
      55        15.7061        0.00000
      56        15.7061        0.00000
      57        16.0459        0.00000
      58        16.0459        0.00000

 3/8 kpoint (Cartesian) = -9.1235e-08 0.10073 -2.7043e-09 (516 pws)
       1       -50.2536       0.250000
       2       -50.2536       0.250000
       3       -50.2411       0.250000
       4       -50.2411       0.250000
       5       -19.9860       0.250000
       6       -19.9860       0.250000
       7       -19.9350       0.250000
       8       -19.9350       0.250000
       9       -19.8531       0.250000
      10       -19.8531       0.250000
      11       -19.8128       0.250000
      12       -19.8128       0.250000
      13       -19.7393       0.250000
      14       -19.7393       0.250000
      15       -19.7390       0.250000
      16       -19.7390       0.250000
      17       -7.15764       0.250000
      18       -7.15764       0.250000
      19       -6.67777       0.250000
      20       -6.67777       0.250000
      21       -6.46382       0.250000
      22       -6.46381       0.250000
      23       -6.37404       0.250000
      24       -6.37403       0.250000
      25        5.15384       0.250000
      26        5.15384       0.250000
      27        5.64695       0.250000
      28        5.64695       0.250000
      29        5.73940       0.250000
      30        5.73940       0.250000
      31        5.94413       0.250000
      32        5.94414       0.250000
      33        6.25522       0.250000
      34        6.25522       0.250000
      35        7.26310       0.250000
      36        7.26311       0.250000
      37        7.65354       0.250000
      38        7.65354       0.250000
      39        7.87288       0.250000
      40        7.87289       0.250000
      41        8.03133       0.250000
      42        8.03133       0.250000
      43        8.25010       0.250000
      44        8.25011       0.250000
      45        9.18655       0.250000
      46        9.18656       0.250000
      47        9.20148       0.250000
      48        9.20148       0.250000
      49        15.2253        0.00000
      50        15.2254        0.00000
      51        15.2980        0.00000
      52        15.2980        0.00000
      53        15.5049        0.00000
      54        15.5049        0.00000
      55        15.7955        0.00000
      56        15.7955        0.00000
      57        16.0519        0.00000
      58        16.0519        0.00000

 4/8 kpoint (Cartesian) = 0.087793 0.10073 -4.5110e-07 (516 pws)
       1       -50.2534       0.250000
       2       -50.2534       0.250000
       3       -50.2411       0.250000
       4       -50.2411       0.250000
       5       -20.0138       0.250000
       6       -20.0138       0.250000
       7       -19.9359       0.250000
       8       -19.9359       0.250000
       9       -19.8941       0.250000
      10       -19.8941       0.250000
      11       -19.7581       0.250000
      12       -19.7581       0.250000
      13       -19.7529       0.250000
      14       -19.7529       0.250000
      15       -19.7074       0.250000
      16       -19.7074       0.250000
      17       -7.25000       0.250000
      18       -7.24999       0.250000
      19       -6.86966       0.250000
      20       -6.86966       0.250000
      21       -6.35075       0.250000
      22       -6.35075       0.250000
      23       -6.17925       0.250000
      24       -6.17924       0.250000
      25        4.94674       0.250000
      26        4.94674       0.250000
      27        5.42202       0.250000
      28        5.42202       0.250000
      29        5.93969       0.250000
      30        5.93971       0.250000
      31        6.58416       0.250000
      32        6.58417       0.250000
      33        6.76065       0.250000
      34        6.76065       0.250000
      35        6.83943       0.250000
      36        6.83944       0.250000
      37        7.36124       0.250000
      38        7.36125       0.250000
      39        7.40616       0.250000
      40        7.40616       0.250000
      41        8.24404       0.250000
      42        8.24404       0.250000
      43        8.54875       0.250000
      44        8.54876       0.250000
      45        8.81356       0.250000
      46        8.81356       0.250000
      47        9.07161       0.250000
      48        9.07161       0.250000
      49        15.0503        0.00000
      50        15.0504        0.00000
      51        15.1750        0.00000
      52        15.1750        0.00000
      53        15.4241        0.00000
      54        15.4241        0.00000
      55        15.9327        0.00000
      56        15.9327        0.00000
      57        16.1771        0.00000
      58        16.1772        0.00000

 5/8 kpoint (Cartesian) = -4.4412e-07 -2.8528e-09 0.096027 (530 pws)
       1       -50.2497       0.250000
       2       -50.2497       0.250000
       3       -50.2449       0.250000
       4       -50.2449       0.250000
       5       -20.0463       0.250000
       6       -20.0463       0.250000
       7       -19.9278       0.250000
       8       -19.9278       0.250000
       9       -19.8702       0.250000
      10       -19.8702       0.250000
      11       -19.7415       0.250000
      12       -19.7415       0.250000
      13       -19.7377       0.250000
      14       -19.7377       0.250000
      15       -19.7369       0.250000
      16       -19.7369       0.250000
      17       -7.17324       0.250000
      18       -7.17321       0.250000
      19       -6.94587       0.250000
      20       -6.94586       0.250000
      21       -6.41794       0.250000
      22       -6.41793       0.250000
      23       -6.09093       0.250000
      24       -6.09092       0.250000
      25        4.74912       0.250000
      26        4.74916       0.250000
      27        5.56336       0.250000
      28        5.56337       0.250000
      29        5.82719       0.250000
      30        5.82723       0.250000
      31        6.18014       0.250000
      32        6.18019       0.250000
      33        6.46171       0.250000
      34        6.46175       0.250000
      35        6.97373       0.250000
      36        6.97377       0.250000
      37        7.50343       0.250000
      38        7.50344       0.250000
      39        7.83024       0.250000
      40        7.83028       0.250000
      41        8.08697       0.250000
      42        8.08701       0.250000
      43        8.80306       0.250000
      44        8.80311       0.250000
      45        8.95318       0.250000
      46        8.95321       0.250000
      47        9.24839       0.250000
      48        9.24848       0.250000
      49        14.3036        0.00000
      50        14.3037        0.00000
      51        14.9521        0.00000
      52        14.9521        0.00000
      53        15.3493        0.00000
      54        15.3493        0.00000
      55        16.0528        0.00000
      56        16.0529        0.00000
      57        16.1759        0.00000
      58        16.1760        0.00000

 6/8 kpoint (Cartesian) = 0.087793 -1.0703e-07 0.096027 (528 pws)
       1       -50.2473       0.250000
       2       -50.2473       0.250000
       3       -50.2473       0.250000
       4       -50.2473       0.250000
       5       -19.9838       0.250000
       6       -19.9838       0.250000
       7       -19.9838       0.250000
       8       -19.9838       0.250000
       9       -19.8142       0.250000
      10       -19.8142       0.250000
      11       -19.8142       0.250000
      12       -19.8142       0.250000
      13       -19.7339       0.250000
      14       -19.7339       0.250000
      15       -19.7339       0.250000
      16       -19.7339       0.250000
      17       -6.86428       0.250000
      18       -6.86428       0.250000
      19       -6.86427       0.250000
      20       -6.86426       0.250000
      21       -6.47960       0.250000
      22       -6.47960       0.250000
      23       -6.47960       0.250000
      24       -6.47959       0.250000
      25        5.52237       0.250000
      26        5.52238       0.250000
      27        5.52240       0.250000
      28        5.52241       0.250000
      29        5.99792       0.250000
      30        5.99793       0.250000
      31        5.99794       0.250000
      32        5.99795       0.250000
      33        6.82577       0.250000
      34        6.82578       0.250000
      35        6.82584       0.250000
      36        6.82584       0.250000
      37        7.51676       0.250000
      38        7.51676       0.250000
      39        7.51681       0.250000
      40        7.51681       0.250000
      41        7.95308       0.250000
      42        7.95308       0.250000
      43        7.95310       0.250000
      44        7.95311       0.250000
      45        8.97339       0.250000
      46        8.97339       0.250000
      47        8.97343       0.250000
      48        8.97344       0.250000
      49        14.7536        0.00000
      50        14.7537        0.00000
      51        14.7537        0.00000
      52        14.7537        0.00000
      53        15.7711        0.00000
      54        15.7712        0.00000
      55        15.7712        0.00000
      56        15.7712        0.00000
      57        16.7300        0.00000
      58        16.7300        0.00000

 7/8 kpoint (Cartesian) = -5.3536e-07 0.10073 0.096027 (516 pws)
       1       -50.2473       0.250000
       2       -50.2473       0.250000
       3       -50.2473       0.250000
       4       -50.2473       0.250000
       5       -20.0074       0.250000
       6       -20.0074       0.250000
       7       -20.0074       0.250000
       8       -20.0074       0.250000
       9       -19.8244       0.250000
      10       -19.8244       0.250000
      11       -19.8244       0.250000
      12       -19.8244       0.250000
      13       -19.7001       0.250000
      14       -19.7001       0.250000
      15       -19.7001       0.250000
      16       -19.7001       0.250000
      17       -6.90670       0.250000
      18       -6.90669       0.250000
      19       -6.90668       0.250000
      20       -6.90667       0.250000
      21       -6.43477       0.250000
      22       -6.43477       0.250000
      23       -6.43477       0.250000
      24       -6.43476       0.250000
      25        5.60743       0.250000
      26        5.60743       0.250000
      27        5.60744       0.250000
      28        5.60744       0.250000
      29        5.68801       0.250000
      30        5.68802       0.250000
      31        5.68803       0.250000
      32        5.68804       0.250000
      33        6.73159       0.250000
      34        6.73160       0.250000
      35        6.73160       0.250000
      36        6.73161       0.250000
      37        7.76618       0.250000
      38        7.76618       0.250000
      39        7.76621       0.250000
      40        7.76621       0.250000
      41        8.21129       0.250000
      42        8.21130       0.250000
      43        8.21131       0.250000
      44        8.21132       0.250000
      45        9.10538       0.250000
      46        9.10538       0.250000
      47        9.10541       0.250000
      48        9.10541       0.250000
      49        14.9196        0.00000
      50        14.9196        0.00000
      51        14.9196        0.00000
      52        14.9197        0.00000
      53        15.3977        0.00000
      54        15.3978        0.00000
      55        15.3978        0.00000
      56        15.3978        0.00000
      57        16.4214        0.00000
      58        16.4214        0.00000

 8/8 kpoint (Cartesian) = 0.087792 0.10073 0.096027 (514 pws)
       1       -50.2473       0.250000
       2       -50.2473       0.250000
       3       -50.2473       0.250000
       4       -50.2473       0.250000
       5       -20.0491       0.250000
       6       -20.0491       0.250000
       7       -20.0491       0.250000
       8       -20.0491       0.250000
       9       -19.7549       0.250000
      10       -19.7549       0.250000
      11       -19.7549       0.250000
      12       -19.7549       0.250000
      13       -19.7256       0.250000
      14       -19.7256       0.250000
      15       -19.7256       0.250000
      16       -19.7256       0.250000
      17       -7.08940       0.250000
      18       -7.08939       0.250000
      19       -7.08939       0.250000
      20       -7.08938       0.250000
      21       -6.23140       0.250000
      22       -6.23140       0.250000
      23       -6.23139       0.250000
      24       -6.23139       0.250000
      25        5.26331       0.250000
      26        5.26331       0.250000
      27        5.26331       0.250000
      28        5.26332       0.250000
      29        5.88363       0.250000
      30        5.88363       0.250000
      31        5.88364       0.250000
      32        5.88364       0.250000
      33        7.08088       0.250000
      34        7.08088       0.250000
      35        7.08089       0.250000
      36        7.08089       0.250000
      37        7.74212       0.250000
      38        7.74213       0.250000
      39        7.74214       0.250000
      40        7.74215       0.250000
      41        8.37701       0.250000
      42        8.37702       0.250000
      43        8.37706       0.250000
      44        8.37707       0.250000
      45        8.68246       0.250000
      46        8.68246       0.250000
      47        8.68249       0.250000
      48        8.68249       0.250000
      49        14.7893        0.00000
      50        14.7893        0.00000
      51        14.7893        0.00000
      52        14.7893        0.00000
      53        15.6137        0.00000
      54        15.6137        0.00000
      55        15.6137        0.00000
      56        15.6137        0.00000
      57        15.9675        0.00000
      58        15.9675        0.00000

 correction force for each atom along direction 1 is 5.32343e-11
 correction force for each atom along direction 2 is -4.29053e-08
 correction force for each atom along direction 3 is -4.33367e-10
------------------------------------------------------------------------------------------
 TOTAL-FORCE (eV/Angstrom)                                                                
------------------------------------------------------------------------------------------
                       Hf1         0.0573397317         0.0000178942        -0.0000015261 
                       Hf2        -0.0573139360        -0.0000189513        -0.0000216400 
                       Hf3        -0.0573444344        -0.0000397261         0.0000279870 
                       Hf4         0.0573161897        -0.0000267555        -0.0000172637 
                        O1         0.0427725180        -0.0158744731        -0.0327457353 
                        O2        -0.0427971847        -0.0158207401        -0.0327489926 
                        O3        -0.0427358032         0.0158940613         0.0327540980 
                        O4         0.0427556369         0.0158475084         0.0327232916 
                        O5         0.0427705482         0.0158680027        -0.0327431622 
                        O6        -0.0426815473         0.0158757781        -0.0327343115 
                        O7        -0.0428108539        -0.0158567659         0.0327410708 
                        O8         0.0427291351        -0.0158658327         0.0327661839 
------------------------------------------------------------------------------------------

----------------------------------------------------------------
 TOTAL-STRESS (KBAR)                                            
----------------------------------------------------------------
         6.0024250869        -0.0022965182        -0.0019692207 
        -0.0022965182        -4.7471589459         0.0004874057 
        -0.0019692207         0.0004874057         2.8120582812 
----------------------------------------------------------------
 TOTAL-PRESSURE: 1.355775 KBAR



 --------------------------------------------
 !FINAL_ETOT_IS -9783.3090286150927568 eV
 --------------------------------------------


TIME STATISTICS
------------------------------------------------------------------------------------
    CLASS_NAME                    NAME                TIME/s  CALLS   AVG/s  PER/%  
------------------------------------------------------------------------------------
                   total                              61.90  13       4.76   100.00 
 Driver            reading                            1.41   1        1.41   2.28   
 Input_Conv        Convert                            0.02   1        0.02   0.03   
 Driver            driver_line                        60.49  1        60.49  97.72  
 UnitCell          check_tau                          0.00   1        0.00   0.00   
 ESolver_KS_LCAO   before_all_runners                 1.83   1        1.83   2.96   
 PW_Basis_Sup      setuptransform                     0.38   1        0.38   0.62   
 PW_Basis_Sup      distributeg                        0.00   1        0.00   0.01   
 mymath            heapsort                           0.00   159      0.00   0.00   
 Charge_Mixing     init_mixing                        0.00   1        0.00   0.00   
 Symmetry          analy_sys                          0.07   1        0.07   0.11   
 PW_Basis_K        setuptransform                     0.00   1        0.00   0.00   
 PW_Basis_K        distributeg                        0.00   1        0.00   0.00   
 PW_Basis          setup_struc_factor                 0.00   1        0.00   0.01   
 NOrbital_Lm       extra_uniform                      0.24   14       0.02   0.39   
 Mathzone_Add1     SplineD2                           0.00   14       0.00   0.00   
 Mathzone_Add1     Cubic_Spline_Interpolation         0.01   14       0.00   0.01   
 Mathzone_Add1     Uni_Deriv_Phi                      0.23   14       0.02   0.37   
 ppcell_vl         init_vloc                          0.14   1        0.14   0.23   
 Ions              opt_ions                           58.57  1        58.57  94.62  
 ESolver_KS_LCAO   runner                             52.55  1        52.55  84.89  
 ESolver_KS_LCAO   before_scf                         0.93   1        0.93   1.51   
 atom_arrange      search                             0.00   1        0.00   0.00   
 atom_arrange      grid_d.init                        0.00   1        0.00   0.00   
 Grid              Construct_Adjacent_expand          0.00   1        0.00   0.00   
 Grid              Construct_Adjacent_expand_periodic 0.00   12       0.00   0.00   
 Grid_Technique    init                               0.07   1        0.07   0.12   
 Grid_BigCell      grid_expansion_index               0.01   2        0.01   0.02   
 Grid_Driver       Find_atom                          0.00   120      0.00   0.01   
 Record_adj        for_2d                             0.04   1        0.04   0.07   
 LCAO_domain       grid_prepare                       0.00   1        0.00   0.00   
 Veff              initialize_HR                      0.00   1        0.00   0.01   
 OverlapNew        initialize_SR                      0.00   1        0.00   0.00   
 EkineticNew       initialize_HR                      0.00   1        0.00   0.01   
 NonlocalNew       initialize_HR                      0.03   1        0.03   0.04   
 Charge            set_rho_core                       0.16   1        0.16   0.27   
 PW_Basis_Sup      recip2real                         0.14   111      0.00   0.23   
 PW_Basis_Sup      gathers_scatterp                   0.11   111      0.00   0.18   
 Charge            atomic_rho                         0.31   2        0.16   0.51   
 Potential         init_pot                           0.27   1        0.27   0.43   
 Potential         update_from_charge                 0.39   14       0.03   0.63   
 Potential         cal_fixed_v                        0.00   1        0.00   0.00   
 PotLocal          cal_fixed_v                        0.00   1        0.00   0.00   
 Potential         cal_v_eff                          0.39   14       0.03   0.62   
 H_Hartree_pw      v_hartree                          0.09   14       0.01   0.14   
 PW_Basis_Sup      real2recip                         0.21   130      0.00   0.34   
 PW_Basis_Sup      gatherp_scatters                   0.19   130      0.00   0.30   
 PotXC             cal_v_eff                          0.30   14       0.02   0.48   
 XC_Functional     v_xc                               0.32   16       0.02   0.52   
 Potential         interpolate_vrs                    0.00   14       0.00   0.00   
 Symmetry          rhog_symmetry                      0.53   14       0.04   0.86   
 Symmetry          group fft grids                    0.15   14       0.01   0.24   
 H_Ewald_pw        compute_ewald                      0.00   1        0.00   0.00   
 HSolverLCAO       solve                              50.43  13       3.88   81.47  
 HamiltLCAO        updateHk                           24.56  104      0.24   39.68  
 OperatorLCAO      init                               24.30  312      0.08   39.25  
 Veff              contributeHR                       23.79  13       1.83   38.42  
 Gint_interface    cal_gint                           41.50  27       1.54   67.04  
 Gint_interface    cal_gint_vlocal                    20.61  13       1.59   33.30  
 Gint_Tools        cal_psir_ylm                       2.08   5616     0.00   3.37   
 Gint_k            transfer_pvpR                      3.17   13       0.24   5.12   
 OverlapNew        calculate_SR                       0.12   1        0.12   0.19   
 OverlapNew        contributeHk                       0.15   104      0.00   0.24   
 EkineticNew       contributeHR                       0.13   13       0.01   0.21   
 EkineticNew       calculate_HR                       0.13   1        0.13   0.21   
 NonlocalNew       contributeHR                       0.35   13       0.03   0.56   
 NonlocalNew       calculate_HR                       0.34   1        0.34   0.54   
 OperatorLCAO      contributeHk                       0.03   104      0.00   0.06   
 HSolverLCAO       hamiltSolvePsiK                    4.45   104      0.04   7.18   
 DiagoElpa         elpa_solve                         4.13   104      0.04   6.67   
 elecstate         cal_dm                             0.15   14       0.01   0.25   
 psiMulPsiMpi      pdgemm                             0.15   112      0.00   0.25   
 DensityMatrix     cal_DMR                            0.04   14       0.00   0.06   
 ElecStateLCAO     psiToRho                           21.24  13       1.63   34.31  
 Gint              transfer_DMR                       1.94   13       0.15   3.14   
 Gint_interface    cal_gint_rho                       17.93  13       1.38   28.96  
 Charge_Mixing     get_drho                           0.00   13       0.00   0.00   
 Charge            mix_rho                            0.05   12       0.00   0.09   
 Charge            Broyden_mixing                     0.01   12       0.00   0.02   
 ModuleIO          write_rhog                         0.04   1        0.04   0.06   
 ESolver_KS_LCAO   after_scf                          0.32   1        0.32   0.52   
 ESolver_KS_LCAO   cal_force                          5.98   1        5.98   9.66   
 Force_Stress_LCAO getForceStress                     5.98   1        5.98   9.66   
 Forces            cal_force_loc                      0.00   1        0.00   0.00   
 Forces            cal_force_ew                       0.01   1        0.01   0.02   
 Forces            cal_force_cc                       0.18   1        0.18   0.29   
 Forces            cal_force_scc                      0.16   1        0.16   0.26   
 Stress_Func       stress_loc                         0.49   1        0.49   0.79   
 Stress_Func       stress_har                         0.00   1        0.00   0.00   
 Stress_Func       stress_ewa                         0.00   1        0.00   0.00   
 Stress_Func       stress_cc                          0.65   1        0.65   1.06   
 Stress_Func       stress_gga                         0.00   1        0.00   0.01   
 Force_LCAO        ftable                             3.55   1        3.55   5.74   
 Force_LCAO        allocate                           0.33   1        0.33   0.53   
 LCAO_domain       build_ST_new                       0.33   2        0.16   0.53   
 Force_LCAO        cal_pulay_fs_center2               0.01   2        0.00   0.02   
 Gint_interface    cal_gint_force                     2.96   1        2.96   4.78   
 Gint_Tools        cal_dpsir_ylm                      0.26   216      0.00   0.43   
 Gint_Tools        cal_dpsirr_ylm                     0.10   216      0.00   0.17   
 NonlocalNew       cal_force_stress                   0.91   1        0.91   1.48   
 ESolver_KS_LCAO   cal_stress                         0.00   1        0.00   0.00   
 ESolver_KS_LCAO   after_all_runners                  0.02   1        0.02   0.04   
 ModuleIO          write_istate_info                  0.02   1        0.02   0.04   
------------------------------------------------------------------------------------


 NAME-------------------------|MEMORY(MB)--------
                         total      1660.0349
                  Gint::hRGint       377.5144
                 Gint::DMRGint       377.2019
       TwoCenterTable: Kinetic       137.3855
       TwoCenterTable: Overlap       137.3855
      TwoCenterTable: Nonlocal       136.0217
                   Stress::dSR       101.4487
                   Force::dS_K        50.7243
                   Stress::dHr        50.7243
                  Force::dTVNL        50.7243
                  meshball_pos        27.1106
               GT::ind_bigcell        24.9796
         GT::in_this_processor        24.9796
              GT::index2normal        24.9796
               GT::index2ucell        24.9796
                HamiltLCAO::hR        23.2472
            DensityMatrix::DMR        23.2472
                HamiltLCAO::sR        16.3717
      GT::bigcell_on_processor         6.2449
            DensityMatrix::DMK         5.4863
                    index_ball         4.5184
                  SF::strucFac         4.0952
                RealGauntTable         3.7773
                  PW_B_K::gcar         3.1159
                  SF::eigts123         2.2983
                      Chg::rho         2.1094
                 Chg::rho_save         2.1094
                 Chg::rho_core         2.1094
                 Pot::veff_fix         2.1094
                     Pot::veff         2.1094
              Pot::veff_smooth         2.1094
                GT::which_atom         1.4598
             GT::which_bigcell         1.4598
            GT::which_unitcell         1.4598
                   PW_B_K::gk2         1.0386
                     Chg::rhog         1.0238
                Chg::rhog_save         1.0238
                Chg::rhog_core         1.0238
 -------------   < 1.0 MB has been ignored ----------------
 ----------------------------------------------------------

 Start  Time  : Fri Oct  9 19:11:02 2026
 Finish Time  : Fri Oct  9 19:12:04 2026
 Total  Time  : 0 h 1 mins 2 secs 
