      Step     Time          Energy          fmax
FIRE:    0 13:41:06    -3737.824179        0.438473
FIRE:    1 13:42:38    -3737.824179        0.426528
FIRE:    2 13:44:14    -3737.824179        0.414327
FIRE:    3 13:45:49    -3737.824179        0.401879
FIRE:    4 13:47:26    -3737.824179        0.391514
FIRE:    5 13:49:01    -3737.824179        0.382150
FIRE:    6 13:50:36    -3737.824179        0.372449
FIRE:    7 13:52:07    -3737.824179        0.362418
FIRE:    8 13:53:44    -3737.824179        0.352077
FIRE:    9 13:55:15    -3737.824179        0.341443
FIRE:   10 13:56:52    -3737.824179        0.330529
FIRE:   11 13:58:29    -3737.824179        0.319331
FIRE:   12 14:00:02    -3737.824179        0.307839
FIRE:   13 14:01:38    -3737.824179        0.296058
FIRE:   14 14:03:13    -3737.824179        0.283993
FIRE:   15 14:04:44    -3737.824179        0.271654
FIRE:   16 14:06:21    -3737.824179        0.259057
FIRE:   17 14:07:55    -3737.824179        0.246220
FIRE:   18 14:09:31    -3737.824179        0.233148
FIRE:   19 14:11:08    -3737.824179        0.219851
FIRE:   20 14:12:44    -3737.824179        0.206351
FIRE:   21 14:14:21    -3737.824179        0.192671
FIRE:   22 14:15:57    -3737.824179        0.178840
FIRE:   23 14:17:32    -3737.824179        0.164892
FIRE:   24 14:19:09    -3737.824179        0.150847
FIRE:   25 14:20:45    -3737.824179        0.136736
FIRE:   26 14:22:22    -3737.824179        0.122608
FIRE:   27 14:23:58    -3737.824179        0.108729
FIRE:   28 14:25:35    -3737.824179        0.096704
FIRE:   29 14:27:12    -3737.824179        0.084703
FIRE:   30 14:28:49    -3737.824179        0.073932
