      Step     Time          Energy          fmax
FIRE:    0 00:56:15    -9782.448910        0.965655
FIRE:    1 00:58:22    -9782.501970        0.785112
FIRE:    2 01:00:27    -9782.546195        0.644880
FIRE:    3 01:02:33    -9782.582998        0.566074
FIRE:    4 01:04:41    -9782.611824        0.502700
FIRE:    5 01:06:48    -9782.635393        0.457351
FIRE:    6 01:08:57    -9782.656827        0.413224
FIRE:    7 01:11:04    -9782.676741        0.397036
FIRE:    8 01:13:12    -9782.695119        0.382690
FIRE:    9 01:15:19    -9782.708024        0.386282
FIRE:   10 01:17:29    -9782.718589        0.375419
FIRE:   11 01:19:37    -9782.727143        0.338631
FIRE:   12 01:21:45    -9782.734071        0.279179
FIRE:   13 01:23:49    -9782.739661        0.250434
FIRE:   14 01:25:59    -9782.744220        0.234885
FIRE:   15 01:28:06    -9782.747927        0.209896
FIRE:   16 01:30:16    -9782.750979        0.184203
FIRE:   17 01:32:23    -9782.753443        0.181936
FIRE:   18 01:34:30    -9782.755220        0.163073
FIRE:   19 01:36:37    -9782.756323        0.135405
FIRE:   20 01:38:45    -9782.757089        0.130881
FIRE:   21 01:40:52    -9782.757821        0.121808
FIRE:   22 01:43:00    -9782.758392        0.112601
FIRE:   23 01:45:08    -9782.758562        0.110833
FIRE:   24 01:47:15    -9782.758399        0.113313
FIRE:   25 01:49:19    -9782.758270        0.115121
FIRE:   26 01:51:27    -9782.758196        0.115456
FIRE:   27 01:53:34    -9782.758252        0.104334
FIRE:   28 01:55:41    -9782.758929        0.122710
FIRE:   29 01:57:47    -9782.760483        0.105521
FIRE:   30 01:59:53    -9782.762202        0.069988
