                                                                                     
                              ABACUS v3.10.0

               Atomic-orbital Based Ab-initio Computation at UStc                    

                     Website: http://abacus.ustc.edu.cn/                             
               Documentation: https://abacus.deepmodeling.com/                       
                  Repository: https://github.com/abacusmodeling/abacus-develop       
                              https://github.com/deepmodeling/abacus-develop         
                      Commit: f7cb1d3 (Mon May 12 16:53:30 2025 +0800)

    Start Time is Fri Oct  9 23:20:46 2026
                                                                                     
 ------------------------------------------------------------------------------------

 READING GENERAL INFORMATION
                           global_out_dir = OUT.ABACUS/
                           global_in_card = INPUT
                               pseudo_dir = 
                              orbital_dir = 
                                    DRANK = 1
                                    DSIZE = 32
                                   DCOLOR = 1
                                    GRANK = 1
                                    GSIZE = 1




 >>>>>>>>>>>>>>>>>>>>>>>>>>>>>>>>>>>>>>>>>>>>>>>>>>>>>>>>>>>>>>>>>>>>>>
 |                                                                    |
 | Reading atom information in unitcell:                              |
 | From the input file and the structure file we know the number of   |
 | different elments in this unitcell, then we list the detail        |
 | information for each element, especially the zeta and polar atomic |
 | orbital number for each element. The total atom number is counted. |
 | We calculate the nearest atom distance for each atom and show the  |
 | Cartesian and Direct coordinates for each atom. We list the file   |
 | address for atomic orbitals. The volume and the lattice vectors    |
 | in real and reciprocal space is also shown.                        |
 |                                                                    |
 <<<<<<<<<<<<<<<<<<<<<<<<<<<<<<<<<<<<<<<<<<<<<<<<<<<<<<<<<<<<<<<<<<<<<<




 READING UNITCELL INFORMATION
                                    ntype = 2
                  lattice constant (Bohr) = 1.88973
              lattice constant (Angstrom) = 1

 READING ATOM TYPE 1
                               atom label = Hf
                      L=0, number of zeta = 4
                      L=1, number of zeta = 2
                      L=2, number of zeta = 2
                      L=3, number of zeta = 1
             number of atom for this type = 4

 READING ATOM TYPE 2
                               atom label = O
                      L=0, number of zeta = 2
                      L=1, number of zeta = 2
                      L=2, number of zeta = 1
             number of atom for this type = 8

                        TOTAL ATOM NUMBER = 12
DIRECT COORDINATES
    atom                   x                   y                   z     mag                  vx                  vy                  vz
taud_Hf1            0.9953470833        0.9997122729        0.9956750864  0.0000        0.0000000000        0.0000000000        0.0000000000
taud_Hf2            0.4953437994        0.0849668215        0.4490269317  0.0000        0.0000000000        0.0000000000        0.0000000000
taud_Hf3            0.4214947353        0.4997100405        0.9956808014  0.0000        0.0000000000        0.0000000000        0.0000000000
taud_Hf4            0.9214836335        0.5849697721        0.4490395358  0.0000        0.0000000000        0.0000000000        0.0000000000
taud_O1            0.2000377521        0.3063402121        0.2652846036  0.0000        0.0000000000        0.0000000000        0.0000000000
taud_O2            0.7167821165        0.2783442579        0.1794205118  0.0000        0.0000000000        0.0000000000        0.0000000000
taud_O3            0.3034974169        0.1229994196        0.7959728383  0.0000        0.0000000000        0.0000000000        0.0000000000
taud_O4            0.6133204108        0.4616836621        0.6487307044  0.0000        0.0000000000        0.0000000000        0.0000000000
taud_O5            0.2167811953        0.8063383700        0.2652814377  0.0000        0.0000000000        0.0000000000        0.0000000000
taud_O6            0.7000347477        0.7783448386        0.1794240342  0.0000        0.0000000000        0.0000000000        0.0000000000
taud_O7            0.1133191765        0.6229984093        0.7959806722  0.0000        0.0000000000        0.0000000000        0.0000000000
taud_O8            0.8034969326        0.9616849235        0.6487338424  0.0000        0.0000000000        0.0000000000        0.0000000000



                          Volume (Bohr^3) = 922.037
                             Volume (A^3) = 136.632

 Lattice vectors: (Cartesian coordinate: in unit of a_0)
             +5.23906        +8.89459e-34              -5e-15
                   +0            +5.07585                  +0
         -5.73284e-05           -0.781868            +5.13795
 Reciprocal vectors: (Cartesian coordinate: in unit of 2 pi/a_0)
            +0.190874                  -0        +2.12974e-06
         +2.86122e-17           +0.197011          +0.0299802
         +1.85749e-16                  -0            +0.19463
 The esolver type has been set to : ksdft_lcao

 RUNNING WITH DEVICE  : CPU / AMD EPYC 7702 64-Core Processor




 >>>>>>>>>>>>>>>>>>>>>>>>>>>>>>>>>>>>>>>>>>>>>>>>>>>>>>>>>>>>>>>>>>>>>>
 |                                                                    |
 | Reading pseudopotentials files:                                    |
 | The pseudopotential file is in UPF format. The 'NC' indicates that |
 | the type of pseudopotential is 'norm conserving'. Functional of    |
 | exchange and correlation is decided by 4 given parameters in UPF   |
 | file.  We also read in the 'core correction' if there exists.      |
 | Also we can read the valence electrons number and the maximal      |
 | angular momentum used in this pseudopotential. We also read in the |
 | trail wave function, trail atomic density and local-pseudopotential|
 | on logrithmic grid. The non-local pseudopotential projector is also|
 | read in if there is any.                                           |
 |                                                                    |
 <<<<<<<<<<<<<<<<<<<<<<<<<<<<<<<<<<<<<<<<<<<<<<<<<<<<<<<<<<<<<<<<<<<<<<




                PAO radial cut off (Bohr) = 15

 Read in pseudopotential file is Hf.upf
                     pseudopotential type = NC
          exchange-correlation functional = PBE
                 nonlocal core correction = 1
                        valence electrons = 12
                                     lmax = 3
                           number of zeta = 4
                     number of projectors = 8
                           L of projector = 0
                           L of projector = 0
                           L of projector = 1
                           L of projector = 1
                           L of projector = 2
                           L of projector = 2
                           L of projector = 3
                           L of projector = 3
                PAO radial cut off (Bohr) = 15

 Read in pseudopotential file is O.upf
                     pseudopotential type = NC
          exchange-correlation functional = PBE
                 nonlocal core correction = 1
                        valence electrons = 6
                                     lmax = 2
                           number of zeta = 2
                     number of projectors = 5
                           L of projector = 0
                           L of projector = 0
                           L of projector = 1
                           L of projector = 1
                           L of projector = 2
     initial pseudo atomic orbital number = 72

 SETUP THE ELECTRONS NUMBER
            electron number of element Hf = 12
      total electron number of element Hf = 48
             electron number of element O = 6
       total electron number of element O = 48
            AUTOSET number of electrons:  = 96
                           occupied bands = 48
                                   NLOCAL = 212
                                   NBANDS = 58
                                   NBANDS = 58
                                   NLOCAL = 212

%%%%%%%%%%%%%%%%%%%%%%%%%%%%%%%%%%%%%%%%%%%%%%%%%%%%%%%%%%%%%%%%%%%%%%%%%%%%%%%%%%%%%%%%%%%%%%%%%%%%%%%%%%
 Warning: the number of valence electrons in pseudopotential > 4 for Hf: [Xe] 4f14 5d2 6s2
 Pseudopotentials with additional electrons can yield (more) accurate outcomes, but may be less efficient.
 If you're confident that your chosen pseudopotential is appropriate, you can safely ignore this warning.
%%%%%%%%%%%%%%%%%%%%%%%%%%%%%%%%%%%%%%%%%%%%%%%%%%%%%%%%%%%%%%%%%%%%%%%%%%%%%%%%%%%%%%%%%%%%%%%%%%%%%%%%%%
                  




 >>>>>>>>>>>>>>>>>>>>>>>>>>>>>>>>>>>>>>>>>>>>>>>>>>>>>>>>>>>>>>>>>>>>>>
 |                                                                    |
 | Setup plane waves of charge/potential:                             |
 | Use the energy cutoff and the lattice vectors to generate the      |
 | dimensions of FFT grid. The number of FFT grid on each processor   |
 | is 'nrxx'. The number of plane wave basis in reciprocal space is   |
 | different for charege/potential and wave functions. We also set    |
 | the 'sticks' for the parallel of FFT. The number of plane waves    |
 | is 'npw' in each processor.                                        |
 <<<<<<<<<<<<<<<<<<<<<<<<<<<<<<<<<<<<<<<<<<<<<<<<<<<<<<<<<<<<<<<<<<<<<<





 SETUP THE PLANE WAVE BASIS
 energy cutoff for charge/potential (unit:Ry) = 400
            fft grid for charge/potential = [ 64, 64, 64 ]
                        fft grid division = [ 2, 2, 2 ]
        big fft grid for charge/potential = [ 32, 32, 32 ]
                                     nbxx = 1024
                                     nrxx = 8192

 SETUP PLANE WAVES FOR CHARGE/POTENTIAL
                    number of plane waves = 124633
                         number of sticks = 3019

 PARALLEL PW FOR CHARGE/POTENTIAL
     PROC   COLUMNS(POT)             PW
        1             94           3895
        2             94           3895
        3             94           3895
        4             94           3895
        5             94           3895
        6             94           3895
        7             94           3895
        8             94           3895
        9             94           3895
       10             94           3895
       11             94           3895
       12             94           3895
       13             94           3894
       14             94           3894
       15             94           3894
       16             94           3894
       17             95           3896
       18             95           3896
       19             95           3894
       20             94           3894
       21             95           3894
       22             95           3894
       23             95           3894
       24             94           3893
       25             94           3893
       26             95           3897
       27             95           3897
       28             95           3895
       29             95           3895
       30             95           3897
       31             94           3894
       32             94           3894
 --------------- sum -------------------
       32           3019         124633
                            number of |g| = 3855
                                  max |g| = 36.1797
                                  min |g| = 0.30458
 DONE : SETUP UNITCELL Time : 10.8778 (SEC)


----------- Double Check Mixing Parameters Begin ------------
mixing_type: broyden
mixing_beta: 0.3
mixing_gg0: 1
mixing_gg0_min: 0.1
mixing_ndim: 8
----------- Double Check Mixing Parameters End ------------




 >>>>>>>>>>>>>>>>>>>>>>>>>>>>>>>>>>>>>>>>>>>>>>>>>>>>>>>>>>>>>>>>>>>>>>
 |                                                                    |
 | Doing symmetry analysis:                                           |
 | We calculate the norm of 3 vectors and the angles between them,    |
 | the type of Bravais lattice is given. We can judge if the unticell |
 | is a primitive cell. Finally we give the point group operation for |
 | this unitcell. We use the point group operations to do symmetry |
 | analysis on given k-point mesh and the charge density.             |
 |                                                                    |
 <<<<<<<<<<<<<<<<<<<<<<<<<<<<<<<<<<<<<<<<<<<<<<<<<<<<<<<<<<<<<<<<<<<<<<




 LATTICE VECTORS: (CARTESIAN COORDINATE: IN UNIT OF A0)
             +5.23906        +8.89459e-34              -5e-15
                   +0            +5.07585                  +0
         -5.73284e-05           -0.781868            +5.13795
                       right hand lattice = 1
                                   NORM_A = 5.23906
                                   NORM_B = 5.07585
                                   NORM_C = 5.1971
                           ALPHA (DEGREE) = 98.6526
                           BETA  (DEGREE) = 90.0006
                           GAMMA (DEGREE) = 90

 The lattice vectors have been changed (STRU_SIMPLE.cif)

(for optimal symmetric configuration:)
                             BRAVAIS TYPE = 14
                     BRAVAIS LATTICE NAME = 14. Triclinic cell
                                    ibrav = 14
                                    IBRAV = 14
                                  BRAVAIS = TRICLINIC CELL
                       LATTICE CONSTANT A = 7.37958
                                B/A RATIO = 0.70994
                                C/A RATIO = 0.907373
                               COS(ALPHA) = 8.56155e-06
                                COS(BETA) = 0.466296
                               COS(GAMMA) = 0.709948
Original cell was already a primitive cell.
                        ROTATION MATRICES = 2
              PURE POINT GROUP OPERATIONS = 1
                   SPACE GROUP OPERATIONS = 1
                              POINT GROUP = C_1
               POINT GROUP IN SPACE GROUP = C_1
 DONE : SYMMETRY Time : 10.9129 (SEC)





 >>>>>>>>>>>>>>>>>>>>>>>>>>>>>>>>>>>>>>>>>>>>>>>>>>>>>>>>>>>>>>>>>>>>>>
 |                                                                    |
 | Setup K-points                                                     |
 | We setup the k-points according to input parameters.               |
 | The reduced k-points are set according to symmetry operations.     |
 | We treat the spin as another set of k-points.                      |
 |                                                                    |
 <<<<<<<<<<<<<<<<<<<<<<<<<<<<<<<<<<<<<<<<<<<<<<<<<<<<<<<<<<<<<<<<<<<<<<





 SETUP K-POINTS
                                    nspin = 1
                   Input type of k points = Monkhorst-Pack(Gamma)
                                   nkstot = 8
                       right hand lattice = 1
(for reciprocal lattice: )
                             BRAVAIS TYPE = 14
                     BRAVAIS LATTICE NAME = 14. Triclinic cell
                                    ibrav = 14
                       right hand lattice = 1
(for k-lattice: )
                             BRAVAIS TYPE = 14
                     BRAVAIS LATTICE NAME = 14. Triclinic cell
                                    ibrav = 14
                       right hand lattice = 1
                        ROTATION MATRICES = 2
                               nkstot_ibz = 8
K-POINTS REDUCTION ACCORDING TO SYMMETRY
     IBZ    DIRECT_X    DIRECT_Y    DIRECT_Z  WEIGHT  ibz2bz
       1  0.00000000  0.00000000  0.00000000  0.1250       0
       2  0.50000000  0.00000000  0.00000000  0.1250       1
       3  0.00000000  0.50000000  0.00000000  0.1250       2
       4  0.50000000  0.50000000  0.00000000  0.1250       3
       5  0.00000000  0.00000000  0.50000000  0.1250       4
       6  0.50000000  0.00000000  0.50000000  0.1250       5
       7  0.00000000  0.50000000  0.50000000  0.1250       6
       8  0.50000000  0.50000000  0.50000000  0.1250       7

                               nkstot now = 8
K-POINTS DIRECT COORDINATES
 KPOINTS    DIRECT_X    DIRECT_Y    DIRECT_Z  WEIGHT
       1  0.00000000  0.00000000  0.00000000  0.1250
       2  0.50000000  0.00000000  0.00000000  0.1250
       3  0.00000000  0.50000000  0.00000000  0.1250
       4  0.50000000  0.50000000  0.00000000  0.1250
       5  0.00000000  0.00000000  0.50000000  0.1250
       6  0.50000000  0.00000000  0.50000000  0.1250
       7  0.00000000  0.50000000  0.50000000  0.1250
       8  0.50000000  0.50000000  0.50000000  0.1250


           k-point number in this process = 8
       minimum distributed K point number = 8
starsize: 1
isym: 0 ks_vec: 0 0 0
starsize: 1
isym: 0 ks_vec: 0.5 0 0
starsize: 1
isym: 0 ks_vec: 0 0.5 0
starsize: 1
isym: 0 ks_vec: 0.5 0.5 0
starsize: 1
isym: 0 ks_vec: 0 0 0.5
starsize: 1
isym: 0 ks_vec: 0.5 0 0.5
starsize: 1
isym: 0 ks_vec: 0 0.5 0.5
starsize: 1
isym: 0 ks_vec: 0.5 0.5 0.5

K-POINTS CARTESIAN COORDINATES
 KPOINTS CARTESIAN_X CARTESIAN_Y CARTESIAN_Z  WEIGHT
       1  0.00000000  0.00000000  0.00000000  0.2500
       2  0.09543697  0.00000000  0.00000106  0.2500
       3  0.00000000  0.09850566  0.01499011  0.2500
       4  0.09543697  0.09850566  0.01499117  0.2500
       5  0.00000000  0.00000000  0.09731514  0.2500
       6  0.09543697  0.00000000  0.09731620  0.2500
       7  0.00000000  0.09850566  0.11230525  0.2500
       8  0.09543697  0.09850566  0.11230631  0.2500


K-POINTS DIRECT COORDINATES
 KPOINTS    DIRECT_X    DIRECT_Y    DIRECT_Z  WEIGHT
       1  0.00000000  0.00000000  0.00000000  0.2500
       2  0.50000000  0.00000000  0.00000000  0.2500
       3  0.00000000  0.50000000  0.00000000  0.2500
       4  0.50000000  0.50000000  0.00000000  0.2500
       5  0.00000000  0.00000000  0.50000000  0.2500
       6  0.50000000  0.00000000  0.50000000  0.2500
       7  0.00000000  0.50000000  0.50000000  0.2500
       8  0.50000000  0.50000000  0.50000000  0.2500

 DONE : INIT K-POINTS Time : 11.0274 (SEC)





 >>>>>>>>>>>>>>>>>>>>>>>>>>>>>>>>>>>>>>>>>>>>>>>>>>>>>>>>>>>>>>>>>>>>>>
 |                                                                    |
 | Setup plane waves of wave functions:                               |
 | Use the energy cutoff and the lattice vectors to generate the      |
 | dimensions of FFT grid. The number of FFT grid on each processor   |
 | is 'nrxx'. The number of plane wave basis in reciprocal space is   |
 | different for charege/potential and wave functions. We also set    |
 | the 'sticks' for the parallel of FFT. The number of plane wave of  |
 | each k-point is 'npwk[ik]' in each processor                       |
 <<<<<<<<<<<<<<<<<<<<<<<<<<<<<<<<<<<<<<<<<<<<<<<<<<<<<<<<<<<<<<<<<<<<<<





 SETUP PLANE WAVES FOR WAVE FUNCTIONS
     energy cutoff for wavefunc (unit:Ry) = 100
              fft grid for wave functions = [ 64, 64, 64 ]
                    number of plane waves = 18483
                         number of sticks = 853

 PARALLEL PW FOR WAVE FUNCTIONS
     PROC   COLUMNS(POT)             PW
        1             27            579
        2             27            579
        3             26            577
        4             26            577
        5             26            577
        6             27            578
        7             26            577
        8             26            577
        9             26            577
       10             26            577
       11             26            577
       12             26            577
       13             26            577
       14             26            577
       15             27            578
       16             27            578
       17             27            578
       18             27            578
       19             27            578
       20             27            578
       21             27            578
       22             27            578
       23             27            578
       24             27            578
       25             27            578
       26             27            578
       27             27            577
       28             27            577
       29             27            577
       30             27            577
       31             27            578
       32             27            578
 --------------- sum -------------------
       32            853          18483
 DONE : INIT PLANEWAVE Time : 11.033 (SEC)

 SET NONLOCAL PSEUDOPOTENTIAL PROJECTORS
 SET NONLOCAL PSEUDOPOTENTIAL PROJECTORS
 max number of nonlocal projetors among all species is 8
 DONE : LOCAL POTENTIAL Time : 11.6845 (SEC)


 -------------------------------------------
 SELF-CONSISTENT
 -------------------------------------------




 >>>>>>>>>>>>>>>>>>>>>>>>>>>>>>>>>>>>>>>>>>>>>>>>>>>>>>>>>>>>>>>>>>>>>>
 |                                                                    |
 | Search adjacent atoms:                                             |
 | Set the adjacent atoms for each atom and set the periodic boundary |
 | condition for the atoms on real space FFT grid. For k-dependent    |
 | algorithm, we also need to set the sparse H and S matrix element   |
 | for each atom.                                                     |
 |                                                                    |
 <<<<<<<<<<<<<<<<<<<<<<<<<<<<<<<<<<<<<<<<<<<<<<<<<<<<<<<<<<<<<<<<<<<<<<





 SETUP SEARCHING RADIUS FOR PROGRAM TO SEARCH ADJACENT ATOMS
                  longest orb rcut (Bohr) = 10
   longest nonlocal projector rcut (Bohr) = 2.46
                     search radius (Bohr) = 24.9
              searching radius is (Bohr)) = 24.9
         searching radius unit is (Bohr)) = 1.89
                         PeriodicBoundary = 1
                        Radius(unit:lat0) = 13.2
                                   glayer = [ 4, 4, 4 ]
                             glayer_minus = [ 3, 3, 3 ]

Find the coordinate range of the input atom(unit:lat0).
                                  min_tau = [ -15.1, -17.6, -14.5 ]
                                  max_tau = [ 20.9, 21.9, 20.5 ]
                                BoxNumber = [ 7, 7, 7 ]

 SETUP EXTENDED REAL SPACE GRID FOR GRID INTEGRATION
                          real space grid = [ 64, 64, 64 ]
                 big cell numbers in grid = [ 32, 32, 32 ]
             meshcell numbers in big cell = [ 2, 2, 2 ]
                        extended fft grid = [ 33, 34, 33 ]
                dimension of extened grid = [ 99, 101, 99 ]
                            UnitCellTotal = 125
              Atom number in sub-FFT-grid = 12
    Local orbitals number in sub-FFT-grid = 212
                                ParaV.nnr = 73676

 Warning_Memory_Consuming allocated:  Gint::hRGint 12.6 MB

 Warning_Memory_Consuming allocated:  Gint::DMRGint 12.6 MB
                                 init_chg = atomic
 DONE : INIT SCF Time : 12.2981 (SEC)


 LCAO ALGORITHM --------------- ION=   1  ELEC=   1--------------------------------

 Density error is 0.157262690612
----------------------------------------------------------
     Energy           Rydberg                 eV          
----------------------------------------------------------
 E_KohnSham     -718.7225044738      -9778.7213416742     
 E_Harris       -705.1448579797      -9593.9879839246     
 E_Fermi        0.7706471079         10.4851918152        
----------------------------------------------------------


 LCAO ALGORITHM --------------- ION=   1  ELEC=   2--------------------------------

 Density error is 0.0639782559289
----------------------------------------------------------
     Energy           Rydberg                 eV          
----------------------------------------------------------
 E_KohnSham     -719.0281090449      -9782.8793051763     
 E_Harris       -715.1951726028      -9730.7295294918     
 E_Fermi        0.9106662254         12.3902496422        
----------------------------------------------------------


 LCAO ALGORITHM --------------- ION=   1  ELEC=   3--------------------------------

 Density error is 0.0378384649705
----------------------------------------------------------
     Energy           Rydberg                 eV          
----------------------------------------------------------
 E_KohnSham     -719.0590044154      -9783.2996582572     
 E_Harris       -718.3646972839      -9773.8531251056     
 E_Fermi        0.9057014164         12.3226999502        
----------------------------------------------------------


 LCAO ALGORITHM --------------- ION=   1  ELEC=   4--------------------------------

 Density error is 0.00766366284848
----------------------------------------------------------
     Energy           Rydberg                 eV          
----------------------------------------------------------
 E_KohnSham     -719.0571852757      -9783.2749075905     
 E_Harris       -718.2749940822      -9772.6326504343     
 E_Fermi        0.9100091773         12.3813100430        
----------------------------------------------------------


 LCAO ALGORITHM --------------- ION=   1  ELEC=   5--------------------------------

 Density error is 0.00121762486225
----------------------------------------------------------
     Energy           Rydberg                 eV          
----------------------------------------------------------
 E_KohnSham     -719.0586099849      -9783.2942917537     
 E_Harris       -718.9620949750      -9781.9811376772     
 E_Fermi        0.9096317959         12.3761755059        
----------------------------------------------------------


 LCAO ALGORITHM --------------- ION=   1  ELEC=   6--------------------------------

 Density error is 0.000842013656972
----------------------------------------------------------
     Energy           Rydberg                 eV          
----------------------------------------------------------
 E_KohnSham     -719.0586052201      -9783.2942269260     
 E_Harris       -719.0289355375      -9782.8905501845     
 E_Fermi        0.9102422296         12.3844808825        
----------------------------------------------------------


 LCAO ALGORITHM --------------- ION=   1  ELEC=   7--------------------------------

 Density error is 0.000229692648722
----------------------------------------------------------
     Energy           Rydberg                 eV          
----------------------------------------------------------
 E_KohnSham     -719.0586190454      -9783.2944150293     
 E_Harris       -719.0374072257      -9783.0058134160     
 E_Fermi        0.9111218189         12.3964483087        
----------------------------------------------------------


 LCAO ALGORITHM --------------- ION=   1  ELEC=   8--------------------------------

 Density error is 2.81805143526e-05
----------------------------------------------------------
     Energy           Rydberg                 eV          
----------------------------------------------------------
 E_KohnSham     -719.0586201047      -9783.2944294406     
 E_Harris       -719.0595402972      -9783.3069493021     
 E_Fermi        0.9111542963         12.3968901867        
----------------------------------------------------------


 LCAO ALGORITHM --------------- ION=   1  ELEC=   9--------------------------------

 Density error is 3.03934694571e-05
----------------------------------------------------------
     Energy           Rydberg                 eV          
----------------------------------------------------------
 E_KohnSham     -719.0586200856      -9783.2944291820     
 E_Harris       -719.0554808247      -9783.2517173458     
 E_Fermi        0.9111349074         12.3966263869        
----------------------------------------------------------


 LCAO ALGORITHM --------------- ION=   1  ELEC=  10--------------------------------

 Density error is 2.76959309823e-06
----------------------------------------------------------
     Energy           Rydberg                 eV          
----------------------------------------------------------
 E_KohnSham     -719.0586201098      -9783.2944295113     
 E_Harris       -719.0583761460      -9783.2911102128     
 E_Fermi        0.9111340059         12.3966141225        
----------------------------------------------------------


 LCAO ALGORITHM --------------- ION=   1  ELEC=  11--------------------------------

 Density error is 5.07720383988e-07
----------------------------------------------------------
     Energy           Rydberg                 eV          
----------------------------------------------------------
 E_KohnSham     -719.0586201100      -9783.2944295135     
 E_Harris       -719.0585665497      -9783.2937007885     
 E_Fermi        0.9111374734         12.3966612992        
----------------------------------------------------------


 LCAO ALGORITHM --------------- ION=   1  ELEC=  12--------------------------------

 Density error is 3.43715656485e-07
----------------------------------------------------------
     Energy           Rydberg                 eV          
----------------------------------------------------------
 E_KohnSham     -719.0586201100      -9783.2944295136     
 E_Harris       -719.0586285332      -9783.2945441173     
 E_Fermi        0.9111375855         12.3966628244        
----------------------------------------------------------


 LCAO ALGORITHM --------------- ION=   1  ELEC=  13--------------------------------

 Density error is 4.89333933994e-08
----------------------------------------------------------
     Energy           Rydberg                 eV          
----------------------------------------------------------
 E_KohnSham     -719.0586201100      -9783.2944295136     
 E_Harris       -719.0586241639      -9783.2944846699     
 E_Fermi        0.9111378071         12.3966658400        
----------------------------------------------------------


 LCAO ALGORITHM --------------- ION=   1  ELEC=  14--------------------------------

 Density error is 3.12912358037e-08
----------------------------------------------------------
     Energy           Rydberg                 eV          
----------------------------------------------------------
 E_KohnSham     -719.0586201100      -9783.2944295136     
 E_Harris       -719.0586227535      -9783.2944654795     
 E_Fermi        0.9111377960         12.3966656892        
----------------------------------------------------------


 LCAO ALGORITHM --------------- ION=   1  ELEC=  15--------------------------------

 Density error is 6.98940422805e-09
----------------------------------------------------------
     Energy           Rydberg                 eV          
----------------------------------------------------------
 E_KohnSham     -719.0586201100      -9783.2944295136     
 E_KS(sigma->0) -719.0586201100      -9783.2944295136     
 E_Harris       -719.0586203923      -9783.2944333538     
 E_band         -38.5600587608       -524.6365143613      
 E_one_elec     -137.6459697938      -1872.7694959321     
 E_Hartree      124.2577199318       1690.6130115612      
 E_xc           -182.5735227400      -2484.0402131962     
 E_Ewald        -523.0968475080      -7117.0977319464     
 E_entropy(-TS) -0.0000000000        -0.0000000000        
 E_descf        0.0000000000         0.0000000000         
 E_exx          0.0000000000         0.0000000000         
 E_Fermi        0.9111377683         12.3966653117        
----------------------------------------------------------


 charge density convergence is achieved
 final etot is -9783.2944295 eV
 EFERMI = 12.396665312 eV

 STATE ENERGY(eV) AND OCCUPATIONS    NSPIN == 1
 1/8 kpoint (Cartesian) = 0.0000 0.0000 0.0000 (488 pws)
       1       -48.9243       0.250000
       2       -48.9036       0.250000
       3       -48.9001       0.250000
       4       -48.8960       0.250000
       5       -18.8101       0.250000
       6       -18.7755       0.250000
       7       -18.7435       0.250000
       8       -18.5658       0.250000
       9       -18.5262       0.250000
      10       -18.4625       0.250000
      11       -18.4329       0.250000
      12       -18.4302       0.250000
      13       -18.3803       0.250000
      14       -18.3711       0.250000
      15       -18.3233       0.250000
      16       -18.2818       0.250000
      17       -7.18686       0.250000
      18       -5.93089       0.250000
      19       -5.62184       0.250000
      20       -5.54626       0.250000
      21       -5.06070       0.250000
      22       -5.00690       0.250000
      23       -5.00410       0.250000
      24       -4.96192       0.250000
      25        5.41527       0.250000
      26        5.48907       0.250000
      27        5.96979       0.250000
      28        6.25013       0.250000
      29        6.25362       0.250000
      30        6.73631       0.250000
      31        7.43259       0.250000
      32        7.63403       0.250000
      33        7.70126       0.250000
      34        8.03362       0.250000
      35        8.13413       0.250000
      36        8.27505       0.250000
      37        8.73511       0.250000
      38        8.91044       0.250000
      39        9.02822       0.250000
      40        9.21998       0.250000
      41        9.22319       0.250000
      42        9.90463       0.250000
      43        10.0134       0.250000
      44        10.1088       0.250000
      45        10.3716       0.250000
      46        10.4197       0.250000
      47        10.6520       0.250000
      48        11.0284       0.250000
      49        15.5128        0.00000
      50        16.0089        0.00000
      51        16.2620        0.00000
      52        16.7500        0.00000
      53        16.8243        0.00000
      54        16.8937        0.00000
      55        17.5544        0.00000
      56        17.6970        0.00000
      57        17.7154        0.00000
      58        17.7518        0.00000

 2/8 kpoint (Cartesian) = 0.095437 0.0000 1.0649e-06 (498 pws)
       1       -48.9154       0.250000
       2       -48.9153       0.250000
       3       -48.8966       0.250000
       4       -48.8966       0.250000
       5       -18.7121       0.250000
       6       -18.7120       0.250000
       7       -18.6273       0.250000
       8       -18.6272       0.250000
       9       -18.5513       0.250000
      10       -18.5512       0.250000
      11       -18.4430       0.250000
      12       -18.4430       0.250000
      13       -18.4219       0.250000
      14       -18.4219       0.250000
      15       -18.3108       0.250000
      16       -18.3107       0.250000
      17       -6.37968       0.250000
      18       -6.37957       0.250000
      19       -5.52949       0.250000
      20       -5.52935       0.250000
      21       -5.28871       0.250000
      22       -5.28859       0.250000
      23       -5.00773       0.250000
      24       -5.00759       0.250000
      25        5.73628       0.250000
      26        5.73637       0.250000
      27        6.47302       0.250000
      28        6.47313       0.250000
      29        6.84721       0.250000
      30        6.84725       0.250000
      31        7.23078       0.250000
      32        7.23088       0.250000
      33        7.33698       0.250000
      34        7.33708       0.250000
      35        8.20260       0.250000
      36        8.20268       0.250000
      37        8.78614       0.250000
      38        8.78620       0.250000
      39        9.15428       0.250000
      40        9.15432       0.250000
      41        9.64388       0.250000
      42        9.64397       0.250000
      43        9.89474       0.250000
      44        9.89484       0.250000
      45        10.3006       0.250000
      46        10.3008       0.250000
      47        10.4467       0.250000
      48        10.4469       0.250000
      49        16.1100        0.00000
      50        16.1102        0.00000
      51        16.5355        0.00000
      52        16.5356        0.00000
      53        16.8539        0.00000
      54        16.8540        0.00000
      55        17.3016        0.00000
      56        17.3017        0.00000
      57        17.9624        0.00000
      58        17.9624        0.00000

 3/8 kpoint (Cartesian) = 0.0000 0.098506 0.014990 (486 pws)
       1       -48.9123       0.250000
       2       -48.9122       0.250000
       3       -48.8998       0.250000
       4       -48.8997       0.250000
       5       -18.6653       0.250000
       6       -18.6653       0.250000
       7       -18.6611       0.250000
       8       -18.6611       0.250000
       9       -18.5673       0.250000
      10       -18.5673       0.250000
      11       -18.4219       0.250000
      12       -18.4218       0.250000
      13       -18.3948       0.250000
      14       -18.3948       0.250000
      15       -18.3583       0.250000
      16       -18.3583       0.250000
      17       -6.34100       0.250000
      18       -6.34099       0.250000
      19       -5.66787       0.250000
      20       -5.66782       0.250000
      21       -5.18298       0.250000
      22       -5.18294       0.250000
      23       -5.02299       0.250000
      24       -5.02296       0.250000
      25        6.02838       0.250000
      26        6.02844       0.250000
      27        6.66951       0.250000
      28        6.66958       0.250000
      29        6.73756       0.250000
      30        6.73765       0.250000
      31        7.31337       0.250000
      32        7.31353       0.250000
      33        7.79981       0.250000
      34        7.79988       0.250000
      35        8.12319       0.250000
      36        8.12327       0.250000
      37        8.48419       0.250000
      38        8.48427       0.250000
      39        8.90973       0.250000
      40        8.90979       0.250000
      41        9.25189       0.250000
      42        9.25209       0.250000
      43        9.98887       0.250000
      44        9.98891       0.250000
      45        9.99404       0.250000
      46        9.99409       0.250000
      47        10.4551       0.250000
      48        10.4552       0.250000
      49        15.7765        0.00000
      50        15.7765        0.00000
      51        16.1587        0.00000
      52        16.1588        0.00000
      53        17.3040        0.00000
      54        17.3042        0.00000
      55        17.8100        0.00000
      56        17.8100        0.00000
      57        17.9498        0.00000
      58        17.9499        0.00000

 4/8 kpoint (Cartesian) = 0.095437 0.098506 0.014991 (495 pws)
       1       -48.9106       0.250000
       2       -48.9106       0.250000
       3       -48.9013       0.250000
       4       -48.9013       0.250000
       5       -18.6650       0.250000
       6       -18.6650       0.250000
       7       -18.6590       0.250000
       8       -18.6590       0.250000
       9       -18.5873       0.250000
      10       -18.5873       0.250000
      11       -18.4375       0.250000
      12       -18.4375       0.250000
      13       -18.3741       0.250000
      14       -18.3741       0.250000
      15       -18.3482       0.250000
      16       -18.3482       0.250000
      17       -6.01654       0.250000
      18       -6.01651       0.250000
      19       -5.97331       0.250000
      20       -5.97328       0.250000
      21       -5.14716       0.250000
      22       -5.14711       0.250000
      23       -5.10347       0.250000
      24       -5.10341       0.250000
      25        6.53609       0.250000
      26        6.53614       0.250000
      27        6.57425       0.250000
      28        6.57432       0.250000
      29        7.07405       0.250000
      30        7.07411       0.250000
      31        7.14718       0.250000
      32        7.14727       0.250000
      33        7.75369       0.250000
      34        7.75377       0.250000
      35        8.05209       0.250000
      36        8.05215       0.250000
      37        8.24283       0.250000
      38        8.24295       0.250000
      39        8.78392       0.250000
      40        8.78398       0.250000
      41        9.22240       0.250000
      42        9.22244       0.250000
      43        9.92995       0.250000
      44        9.93002       0.250000
      45        10.0908       0.250000
      46        10.0909       0.250000
      47        10.2080       0.250000
      48        10.2081       0.250000
      49        16.0769        0.00000
      50        16.0769        0.00000
      51        16.1143        0.00000
      52        16.1143        0.00000
      53        17.0769        0.00000
      54        17.0772        0.00000
      55        17.3810        0.00000
      56        17.3812        0.00000
      57        17.9750        0.00000
      58        17.9751        0.00000

 5/8 kpoint (Cartesian) = 0.0000 0.0000 0.097315 (484 pws)
       1       -48.9148       0.250000
       2       -48.9096       0.250000
       3       -48.9024       0.250000
       4       -48.8972       0.250000
       5       -18.7616       0.250000
       6       -18.6523       0.250000
       7       -18.6162       0.250000
       8       -18.6000       0.250000
       9       -18.5881       0.250000
      10       -18.5303       0.250000
      11       -18.4716       0.250000
      12       -18.4211       0.250000
      13       -18.4020       0.250000
      14       -18.3872       0.250000
      15       -18.3639       0.250000
      16       -18.3426       0.250000
      17       -6.64799       0.250000
      18       -5.76905       0.250000
      19       -5.69666       0.250000
      20       -5.63863       0.250000
      21       -5.59422       0.250000
      22       -5.07553       0.250000
      23       -4.99866       0.250000
      24       -4.91677       0.250000
      25        5.25121       0.250000
      26        5.78214       0.250000
      27        6.26469       0.250000
      28        6.42961       0.250000
      29        6.45348       0.250000
      30        6.54457       0.250000
      31        7.19322       0.250000
      32        7.59194       0.250000
      33        7.68189       0.250000
      34        7.85955       0.250000
      35        7.96415       0.250000
      36        8.44132       0.250000
      37        8.63956       0.250000
      38        8.94966       0.250000
      39        9.13421       0.250000
      40        9.18715       0.250000
      41        9.45000       0.250000
      42        9.67390       0.250000
      43        9.81139       0.250000
      44        9.90850       0.250000
      45        10.4850       0.250000
      46        10.5131       0.250000
      47        10.5368       0.250000
      48        10.9365       0.250000
      49        15.2886        0.00000
      50        16.2571        0.00000
      51        16.4580        0.00000
      52        16.4810        0.00000
      53        16.7617        0.00000
      54        16.7754        0.00000
      55        16.8981        0.00000
      56        17.4299        0.00000
      57        18.1984        0.00000
      58        18.3743        0.00000

 6/8 kpoint (Cartesian) = 0.095437 0.0000 0.097316 (490 pws)
       1       -48.9109       0.250000
       2       -48.9109       0.250000
       3       -48.9011       0.250000
       4       -48.9010       0.250000
       5       -18.7133       0.250000
       6       -18.7133       0.250000
       7       -18.6285       0.250000
       8       -18.6285       0.250000
       9       -18.5551       0.250000
      10       -18.5551       0.250000
      11       -18.4517       0.250000
      12       -18.4516       0.250000
      13       -18.3825       0.250000
      14       -18.3825       0.250000
      15       -18.3393       0.250000
      16       -18.3393       0.250000
      17       -6.28829       0.250000
      18       -6.28818       0.250000
      19       -5.52576       0.250000
      20       -5.52565       0.250000
      21       -5.40273       0.250000
      22       -5.40262       0.250000
      23       -4.98693       0.250000
      24       -4.98681       0.250000
      25        6.13096       0.250000
      26        6.13106       0.250000
      27        6.49306       0.250000
      28        6.49308       0.250000
      29        6.81083       0.250000
      30        6.81091       0.250000
      31        7.07255       0.250000
      32        7.07258       0.250000
      33        7.77062       0.250000
      34        7.77068       0.250000
      35        7.99268       0.250000
      36        7.99270       0.250000
      37        8.67531       0.250000
      38        8.67534       0.250000
      39        9.10582       0.250000
      40        9.10585       0.250000
      41        9.33840       0.250000
      42        9.33846       0.250000
      43        9.56075       0.250000
      44        9.56085       0.250000
      45        10.2652       0.250000
      46        10.2654       0.250000
      47        10.4919       0.250000
      48        10.4921       0.250000
      49        15.9388        0.00000
      50        15.9389        0.00000
      51        16.5094        0.00000
      52        16.5095        0.00000
      53        16.7900        0.00000
      54        16.7902        0.00000
      55        17.5166        0.00000
      56        17.5167        0.00000
      57        17.6336        0.00000
      58        17.6337        0.00000

 7/8 kpoint (Cartesian) = 0.0000 0.098506 0.11231 (482 pws)
       1       -48.9101       0.250000
       2       -48.9101       0.250000
       3       -48.9019       0.250000
       4       -48.9018       0.250000
       5       -18.7260       0.250000
       6       -18.7259       0.250000
       7       -18.6537       0.250000
       8       -18.6537       0.250000
       9       -18.5400       0.250000
      10       -18.5399       0.250000
      11       -18.4653       0.250000
      12       -18.4653       0.250000
      13       -18.3844       0.250000
      14       -18.3843       0.250000
      15       -18.3008       0.250000
      16       -18.3008       0.250000
      17       -6.16721       0.250000
      18       -6.16720       0.250000
      19       -5.66551       0.250000
      20       -5.66548       0.250000
      21       -5.32236       0.250000
      22       -5.32231       0.250000
      23       -5.06981       0.250000
      24       -5.06977       0.250000
      25        6.07055       0.250000
      26        6.07057       0.250000
      27        6.52383       0.250000
      28        6.52391       0.250000
      29        6.89264       0.250000
      30        6.89268       0.250000
      31        7.15266       0.250000
      32        7.15269       0.250000
      33        7.33775       0.250000
      34        7.33782       0.250000
      35        8.39688       0.250000
      36        8.39705       0.250000
      37        9.01436       0.250000
      38        9.01444       0.250000
      39        9.11907       0.250000
      40        9.11920       0.250000
      41        9.48106       0.250000
      42        9.48113       0.250000
      43        9.53959       0.250000
      44        9.53967       0.250000
      45        9.86985       0.250000
      46        9.86992       0.250000
      47        10.5359       0.250000
      48        10.5359       0.250000
      49        15.5560        0.00000
      50        15.5561        0.00000
      51        16.3443        0.00000
      52        16.3444        0.00000
      53        16.8132        0.00000
      54        16.8133        0.00000
      55        17.2636        0.00000
      56        17.2639        0.00000
      57        17.7771        0.00000
      58        17.7774        0.00000

 8/8 kpoint (Cartesian) = 0.095437 0.098506 0.11231 (492 pws)
       1       -48.9091       0.250000
       2       -48.9091       0.250000
       3       -48.9028       0.250000
       4       -48.9028       0.250000
       5       -18.7880       0.250000
       6       -18.7880       0.250000
       7       -18.7545       0.250000
       8       -18.7545       0.250000
       9       -18.4442       0.250000
      10       -18.4442       0.250000
      11       -18.3798       0.250000
      12       -18.3798       0.250000
      13       -18.3753       0.250000
      14       -18.3753       0.250000
      15       -18.3188       0.250000
      16       -18.3188       0.250000
      17       -6.28211       0.250000
      18       -6.28206       0.250000
      19       -5.95028       0.250000
      20       -5.95025       0.250000
      21       -4.99470       0.250000
      22       -4.99465       0.250000
      23       -4.97556       0.250000
      24       -4.97553       0.250000
      25        6.27885       0.250000
      26        6.27893       0.250000
      27        6.56510       0.250000
      28        6.56511       0.250000
      29        6.99019       0.250000
      30        6.99022       0.250000
      31        7.44922       0.250000
      32        7.44934       0.250000
      33        7.98501       0.250000
      34        7.98503       0.250000
      35        8.05042       0.250000
      36        8.05051       0.250000
      37        8.54432       0.250000
      38        8.54440       0.250000
      39        8.63894       0.250000
      40        8.63898       0.250000
      41        9.29431       0.250000
      42        9.29435       0.250000
      43        9.69257       0.250000
      44        9.69263       0.250000
      45        9.83021       0.250000
      46        9.83033       0.250000
      47        10.1696       0.250000
      48        10.1697       0.250000
      49        15.9002        0.00000
      50        15.9003        0.00000
      51        16.4552        0.00000
      52        16.4552        0.00000
      53        16.5907        0.00000
      54        16.5908        0.00000
      55        17.0520        0.00000
      56        17.0521        0.00000
      57        18.1239        0.00000
      58        18.1240        0.00000

 correction force for each atom along direction 1 is -5.34026e-07
 correction force for each atom along direction 2 is -1.91880e-06
 correction force for each atom along direction 3 is -6.72434e-07
------------------------------------------------------------------------------------------
 TOTAL-FORCE (eV/Angstrom)                                                                
------------------------------------------------------------------------------------------
                       Hf1         0.0861671177         0.0950640034         0.0470938319 
                       Hf2         0.0854744658        -0.0947977140        -0.0472250781 
                       Hf3        -0.0871455682         0.0948629304         0.0471120046 
                       Hf4        -0.0865114520        -0.0948810327        -0.0476080483 
                        O1        -0.0112854839         0.0404377233         0.2425142234 
                        O2         0.0121938024        -0.0405606752        -0.2422696246 
                        O3         0.0579489146        -0.0993701014         0.0482123059 
                        O4        -0.0580620074         0.0994336189        -0.0482813421 
                        O5         0.0122625187         0.0403790412         0.2428456899 
                        O6        -0.0110799262        -0.0403579358        -0.2423750590 
                        O7        -0.0578078007        -0.0994533515         0.0482853755 
                        O8         0.0578454192         0.0992434936        -0.0483042790 
------------------------------------------------------------------------------------------

----------------------------------------------------------------
 TOTAL-STRESS (KBAR)                                            
----------------------------------------------------------------
         8.3319176912        -0.0085946959        -0.0242939214 
        -0.0085946959       116.9393965788        -2.7279589693 
        -0.0242939214        -2.7279589693        -4.9914210125 
----------------------------------------------------------------
 TOTAL-PRESSURE: 40.093298 KBAR



 --------------------------------------------
 !FINAL_ETOT_IS -9783.2944295135948778 eV
 --------------------------------------------


TIME STATISTICS
------------------------------------------------------------------------------------
    CLASS_NAME                    NAME                TIME/s  CALLS   AVG/s  PER/%  
------------------------------------------------------------------------------------
                   total                              115.39 13       8.88   100.00 
 Driver            reading                            3.85   1        3.85   3.34   
 Input_Conv        Convert                            0.00   1        0.00   0.00   
 Driver            driver_line                        111.53 1        111.53 96.66  
 UnitCell          check_tau                          0.00   1        0.00   0.00   
 ESolver_KS_LCAO   before_all_runners                 1.66   1        1.66   1.44   
 PW_Basis_Sup      setuptransform                     0.01   1        0.01   0.01   
 PW_Basis_Sup      distributeg                        0.00   1        0.00   0.00   
 mymath            heapsort                           0.00   31       0.00   0.00   
 Charge_Mixing     init_mixing                        0.00   1        0.00   0.00   
 Symmetry          analy_sys                          0.03   1        0.03   0.03   
 PW_Basis_K        setuptransform                     0.00   1        0.00   0.00   
 PW_Basis_K        distributeg                        0.00   1        0.00   0.00   
 PW_Basis          setup_struc_factor                 0.00   1        0.00   0.00   
 NOrbital_Lm       extra_uniform                      0.19   14       0.01   0.16   
 Mathzone_Add1     SplineD2                           0.00   14       0.00   0.00   
 Mathzone_Add1     Cubic_Spline_Interpolation         0.01   14       0.00   0.00   
 Mathzone_Add1     Uni_Deriv_Phi                      0.18   14       0.01   0.15   
 ppcell_vl         init_vloc                          0.12   1        0.12   0.10   
 Ions              opt_ions                           103.66 1        103.66 89.84  
 ESolver_KS_LCAO   runner                             96.77  1        96.77  83.87  
 ESolver_KS_LCAO   before_scf                         0.61   1        0.61   0.53   
 atom_arrange      search                             0.00   1        0.00   0.00   
 atom_arrange      grid_d.init                        0.00   1        0.00   0.00   
 Grid              Construct_Adjacent_expand          0.00   1        0.00   0.00   
 Grid              Construct_Adjacent_expand_periodic 0.00   12       0.00   0.00   
 Grid_Technique    init                               0.21   1        0.21   0.18   
 Grid_BigCell      grid_expansion_index               0.05   2        0.02   0.04   
 Grid_Driver       Find_atom                          0.00   120      0.00   0.00   
 Record_adj        for_2d                             0.04   1        0.04   0.04   
 LCAO_domain       grid_prepare                       0.00   1        0.00   0.00   
 Veff              initialize_HR                      0.00   1        0.00   0.00   
 OverlapNew        initialize_SR                      0.00   1        0.00   0.00   
 EkineticNew       initialize_HR                      0.00   1        0.00   0.00   
 NonlocalNew       initialize_HR                      0.02   1        0.02   0.02   
 Charge            set_rho_core                       0.13   1        0.13   0.11   
 PW_Basis_Sup      recip2real                         0.20   125      0.00   0.17   
 PW_Basis_Sup      gathers_scatterp                   0.18   125      0.00   0.16   
 Charge            atomic_rho                         0.25   2        0.13   0.22   
 Potential         init_pot                           0.02   1        0.02   0.02   
 Potential         update_from_charge                 0.39   16       0.02   0.34   
 Potential         cal_fixed_v                        0.00   1        0.00   0.00   
 PotLocal          cal_fixed_v                        0.00   1        0.00   0.00   
 Potential         cal_v_eff                          0.39   16       0.02   0.34   
 H_Hartree_pw      v_hartree                          0.10   16       0.01   0.08   
 PW_Basis_Sup      real2recip                         0.22   145      0.00   0.19   
 PW_Basis_Sup      gatherp_scatters                   0.20   145      0.00   0.17   
 PotXC             cal_v_eff                          0.29   16       0.02   0.25   
 XC_Functional     v_xc                               0.30   18       0.02   0.26   
 Potential         interpolate_vrs                    0.00   16       0.00   0.00   
 Symmetry          rhog_symmetry                      0.64   16       0.04   0.55   
 Symmetry          group fft grids                    0.25   16       0.02   0.22   
 H_Ewald_pw        compute_ewald                      0.00   1        0.00   0.00   
 HSolverLCAO       solve                              94.36  15       6.29   81.78  
 HamiltLCAO        updateHk                           47.28  120      0.39   40.97  
 OperatorLCAO      init                               47.14  360      0.13   40.86  
 Veff              contributeHR                       46.68  15       3.11   40.46  
 Gint_interface    cal_gint                           71.82  31       2.32   62.24  
 Gint_interface    cal_gint_vlocal                    36.13  15       2.41   31.31  
 Gint_Tools        cal_psir_ylm                       1.74   30720    0.00   1.50   
 Gint_k            transfer_pvpR                      10.55  15       0.70   9.14   
 OverlapNew        calculate_SR                       0.11   1        0.11   0.10   
 OverlapNew        contributeHk                       0.03   120      0.00   0.02   
 EkineticNew       contributeHR                       0.11   15       0.01   0.10   
 EkineticNew       calculate_HR                       0.11   1        0.11   0.10   
 NonlocalNew       contributeHR                       0.31   15       0.02   0.27   
 NonlocalNew       calculate_HR                       0.30   1        0.30   0.26   
 OperatorLCAO      contributeHk                       0.03   120      0.00   0.03   
 HSolverLCAO       hamiltSolvePsiK                    10.39  120      0.09   9.00   
 DiagoElpa         elpa_solve                         9.28   120      0.08   8.05   
 elecstate         cal_dm                             0.15   16       0.01   0.13   
 psiMulPsiMpi      pdgemm                             0.15   128      0.00   0.13   
 DensityMatrix     cal_DMR                            0.04   16       0.00   0.03   
 ElecStateLCAO     psiToRho                           36.52  15       2.43   31.65  
 Gint              transfer_DMR                       1.32   15       0.09   1.14   
 Gint_interface    cal_gint_rho                       31.32  15       2.09   27.14  
 Charge_Mixing     get_drho                           0.03   15       0.00   0.03   
 Charge            mix_rho                            0.26   14       0.02   0.22   
 Charge            Broyden_mixing                     0.19   14       0.01   0.16   
 ModuleIO          write_rhog                         0.04   1        0.04   0.03   
 ESolver_KS_LCAO   after_scf                          0.13   1        0.13   0.11   
 ESolver_KS_LCAO   cal_force                          6.89   1        6.89   5.97   
 Force_Stress_LCAO getForceStress                     6.89   1        6.89   5.97   
 Forces            cal_force_loc                      0.00   1        0.00   0.00   
 Forces            cal_force_ew                       0.00   1        0.00   0.00   
 Forces            cal_force_cc                       0.14   1        0.14   0.12   
 Forces            cal_force_scc                      0.12   1        0.12   0.11   
 Stress_Func       stress_loc                         0.38   1        0.38   0.33   
 Stress_Func       stress_har                         0.00   1        0.00   0.00   
 Stress_Func       stress_ewa                         0.00   1        0.00   0.00   
 Stress_Func       stress_cc                          0.53   1        0.53   0.46   
 Stress_Func       stress_gga                         0.00   1        0.00   0.00   
 Force_LCAO        ftable                             4.86   1        4.86   4.21   
 Force_LCAO        allocate                           0.31   1        0.31   0.27   
 LCAO_domain       build_ST_new                       0.31   2        0.15   0.27   
 Force_LCAO        cal_pulay_fs_center2               0.01   2        0.00   0.01   
 Gint_interface    cal_gint_force                     4.37   1        4.37   3.78   
 Gint_Tools        cal_dpsir_ylm                      0.25   1024     0.00   0.22   
 Gint_Tools        cal_dpsirr_ylm                     0.04   1024     0.00   0.04   
 NonlocalNew       cal_force_stress                   0.85   1        0.85   0.73   
 ESolver_KS_LCAO   cal_stress                         0.00   1        0.00   0.00   
 ESolver_KS_LCAO   after_all_runners                  0.03   1        0.03   0.03   
 ModuleIO          write_istate_info                  0.03   1        0.03   0.03   
------------------------------------------------------------------------------------


 NAME-------------------------|MEMORY(MB)--------
                         total      2260.4204
                  Gint::hRGint       402.6824
                 Gint::DMRGint       402.3699
       TwoCenterTable: Kinetic       137.3855
       TwoCenterTable: Overlap       137.3855
      TwoCenterTable: Nonlocal       136.0217
                  meshball_pos       124.5959
               GT::ind_bigcell       120.8375
         GT::in_this_processor       120.8375
              GT::index2normal       120.8375
               GT::index2ucell       120.8375
                   Stress::dSR       105.7095
                   Force::dS_K        52.8548
                   Stress::dHr        52.8548
                  Force::dTVNL        52.8548
      GT::bigcell_on_processor        30.2094
                HamiltLCAO::hR        24.0453
            DensityMatrix::DMR        24.0453
                    index_ball        20.7660
                HamiltLCAO::sR        17.4052
                GT::which_atom         7.0514
             GT::which_bigcell         7.0514
            GT::which_unitcell         7.0514
            DensityMatrix::DMK         5.4863
                  SF::strucFac         3.8035
                RealGauntTable         3.7773
                  PW_B_K::gcar         2.8960
                  SF::eigts123         2.2515
                      Chg::rho         2.0000
                 Chg::rho_save         2.0000
                 Chg::rho_core         2.0000
                 Pot::veff_fix         2.0000
                     Pot::veff         2.0000
              Pot::veff_smooth         2.0000
 -------------   < 1.0 MB has been ignored ----------------
 ----------------------------------------------------------

 Start  Time  : Fri Oct  9 23:20:42 2026
 Finish Time  : Fri Oct  9 23:22:38 2026
 Total  Time  : 0 h 1 mins 56 secs 
