                                                                                     
                              ABACUS v3.10.0

               Atomic-orbital Based Ab-initio Computation at UStc                    

                     Website: http://abacus.ustc.edu.cn/                             
               Documentation: https://abacus.deepmodeling.com/                       
                  Repository: https://github.com/abacusmodeling/abacus-develop       
                              https://github.com/deepmodeling/abacus-develop         
                      Commit: f7cb1d3 (Mon May 12 16:53:30 2025 +0800)

    Start Time is Sun Oct 11 00:56:45 2026
                                                                                     
 ------------------------------------------------------------------------------------

 READING GENERAL INFORMATION
                           global_out_dir = OUT.ABACUS/
                           global_in_card = INPUT
                               pseudo_dir = 
                              orbital_dir = 
                                    DRANK = 1
                                    DSIZE = 32
                                   DCOLOR = 1
                                    GRANK = 1
                                    GSIZE = 1




 >>>>>>>>>>>>>>>>>>>>>>>>>>>>>>>>>>>>>>>>>>>>>>>>>>>>>>>>>>>>>>>>>>>>>>
 |                                                                    |
 | Reading atom information in unitcell:                              |
 | From the input file and the structure file we know the number of   |
 | different elments in this unitcell, then we list the detail        |
 | information for each element, especially the zeta and polar atomic |
 | orbital number for each element. The total atom number is counted. |
 | We calculate the nearest atom distance for each atom and show the  |
 | Cartesian and Direct coordinates for each atom. We list the file   |
 | address for atomic orbitals. The volume and the lattice vectors    |
 | in real and reciprocal space is also shown.                        |
 |                                                                    |
 <<<<<<<<<<<<<<<<<<<<<<<<<<<<<<<<<<<<<<<<<<<<<<<<<<<<<<<<<<<<<<<<<<<<<<




 READING UNITCELL INFORMATION
                                    ntype = 2
                  lattice constant (Bohr) = 1.88973
              lattice constant (Angstrom) = 1

 READING ATOM TYPE 1
                               atom label = Hf
                      L=0, number of zeta = 4
                      L=1, number of zeta = 2
                      L=2, number of zeta = 2
                      L=3, number of zeta = 1
             number of atom for this type = 4

 READING ATOM TYPE 2
                               atom label = O
                      L=0, number of zeta = 2
                      L=1, number of zeta = 2
                      L=2, number of zeta = 1
             number of atom for this type = 8

                        TOTAL ATOM NUMBER = 12
DIRECT COORDINATES
    atom                   x                   y                   z     mag                  vx                  vy                  vz
taud_Hf1            0.9837821587        0.0252372530        0.0073561826  0.0000        0.0000000000        0.0000000000        0.0000000000
taud_Hf2            0.4837823640        0.9604511758        0.4856415590  0.0000        0.0000000000        0.0000000000        0.0000000000
taud_Hf3            0.4837807695        0.4604496167        0.0073589119  0.0000        0.0000000000        0.0000000000        0.0000000000
taud_Hf4            0.9837839866        0.5252358625        0.4856442525  0.0000        0.0000000000        0.0000000000        0.0000000000
taud_O1            0.2220529728        0.2841910626        0.2640518376  0.0000        0.0000000000        0.0000000000        0.0000000000
taud_O2            0.7220516260        0.2014907011        0.2640456782  0.0000        0.0000000000        0.0000000000        0.0000000000
taud_O3            0.3173162098        0.1385942310        0.7982829106  0.0000        0.0000000000        0.0000000000        0.0000000000
taud_O4            0.8173158133        0.3470951244        0.7982826285  0.0000        0.0000000000        0.0000000000        0.0000000000
taud_O5            0.2220467637        0.7841917154        0.2289521946  0.0000        0.0000000000        0.0000000000        0.0000000000
taud_O6            0.7220454478        0.7014901504        0.2289580995  0.0000        0.0000000000        0.0000000000        0.0000000000
taud_O7            0.3173179258        0.6385954482        0.6947181405  0.0000        0.0000000000        0.0000000000        0.0000000000
taud_O8            0.8173175975        0.8470939514        0.6947181295  0.0000        0.0000000000        0.0000000000        0.0000000000



                          Volume (Bohr^3) = 917.202
                             Volume (A^3) = 135.915

 Lattice vectors: (Cartesian coordinate: in unit of a_0)
             +5.23906        +2.25223e-38              -5e-15
                   +0            +5.07585                  +0
          -1.8152e-05        +1.40338e-06            +5.11101
 Reciprocal vectors: (Cartesian coordinate: in unit of 2 pi/a_0)
            +0.190874                  -0        +6.77899e-07
         -5.16271e-23           +0.197011        -5.40955e-08
         +1.86728e-16                  -0           +0.195656
 The esolver type has been set to : ksdft_lcao

 RUNNING WITH DEVICE  : CPU / AMD EPYC 7702 64-Core Processor




 >>>>>>>>>>>>>>>>>>>>>>>>>>>>>>>>>>>>>>>>>>>>>>>>>>>>>>>>>>>>>>>>>>>>>>
 |                                                                    |
 | Reading pseudopotentials files:                                    |
 | The pseudopotential file is in UPF format. The 'NC' indicates that |
 | the type of pseudopotential is 'norm conserving'. Functional of    |
 | exchange and correlation is decided by 4 given parameters in UPF   |
 | file.  We also read in the 'core correction' if there exists.      |
 | Also we can read the valence electrons number and the maximal      |
 | angular momentum used in this pseudopotential. We also read in the |
 | trail wave function, trail atomic density and local-pseudopotential|
 | on logrithmic grid. The non-local pseudopotential projector is also|
 | read in if there is any.                                           |
 |                                                                    |
 <<<<<<<<<<<<<<<<<<<<<<<<<<<<<<<<<<<<<<<<<<<<<<<<<<<<<<<<<<<<<<<<<<<<<<




                PAO radial cut off (Bohr) = 15

 Read in pseudopotential file is Hf.upf
                     pseudopotential type = NC
          exchange-correlation functional = PBE
                 nonlocal core correction = 1
                        valence electrons = 12
                                     lmax = 3
                           number of zeta = 4
                     number of projectors = 8
                           L of projector = 0
                           L of projector = 0
                           L of projector = 1
                           L of projector = 1
                           L of projector = 2
                           L of projector = 2
                           L of projector = 3
                           L of projector = 3
                PAO radial cut off (Bohr) = 15

 Read in pseudopotential file is O.upf
                     pseudopotential type = NC
          exchange-correlation functional = PBE
                 nonlocal core correction = 1
                        valence electrons = 6
                                     lmax = 2
                           number of zeta = 2
                     number of projectors = 5
                           L of projector = 0
                           L of projector = 0
                           L of projector = 1
                           L of projector = 1
                           L of projector = 2
     initial pseudo atomic orbital number = 72

 SETUP THE ELECTRONS NUMBER
            electron number of element Hf = 12
      total electron number of element Hf = 48
             electron number of element O = 6
       total electron number of element O = 48
            AUTOSET number of electrons:  = 96
                           occupied bands = 48
                                   NLOCAL = 212
                                   NBANDS = 58
                                   NBANDS = 58
                                   NLOCAL = 212

%%%%%%%%%%%%%%%%%%%%%%%%%%%%%%%%%%%%%%%%%%%%%%%%%%%%%%%%%%%%%%%%%%%%%%%%%%%%%%%%%%%%%%%%%%%%%%%%%%%%%%%%%%
 Warning: the number of valence electrons in pseudopotential > 4 for Hf: [Xe] 4f14 5d2 6s2
 Pseudopotentials with additional electrons can yield (more) accurate outcomes, but may be less efficient.
 If you're confident that your chosen pseudopotential is appropriate, you can safely ignore this warning.
%%%%%%%%%%%%%%%%%%%%%%%%%%%%%%%%%%%%%%%%%%%%%%%%%%%%%%%%%%%%%%%%%%%%%%%%%%%%%%%%%%%%%%%%%%%%%%%%%%%%%%%%%%
                  




 >>>>>>>>>>>>>>>>>>>>>>>>>>>>>>>>>>>>>>>>>>>>>>>>>>>>>>>>>>>>>>>>>>>>>>
 |                                                                    |
 | Setup plane waves of charge/potential:                             |
 | Use the energy cutoff and the lattice vectors to generate the      |
 | dimensions of FFT grid. The number of FFT grid on each processor   |
 | is 'nrxx'. The number of plane wave basis in reciprocal space is   |
 | different for charege/potential and wave functions. We also set    |
 | the 'sticks' for the parallel of FFT. The number of plane waves    |
 | is 'npw' in each processor.                                        |
 <<<<<<<<<<<<<<<<<<<<<<<<<<<<<<<<<<<<<<<<<<<<<<<<<<<<<<<<<<<<<<<<<<<<<<





 SETUP THE PLANE WAVE BASIS
 energy cutoff for charge/potential (unit:Ry) = 400
            fft grid for charge/potential = [ 64, 64, 64 ]
                        fft grid division = [ 2, 2, 2 ]
        big fft grid for charge/potential = [ 32, 32, 32 ]
                                     nbxx = 1024
                                     nrxx = 8192

 SETUP PLANE WAVES FOR CHARGE/POTENTIAL
                    number of plane waves = 123943
                         number of sticks = 3019

 PARALLEL PW FOR CHARGE/POTENTIAL
     PROC   COLUMNS(POT)             PW
        1             95           3875
        2             95           3875
        3             95           3875
        4             95           3875
        5             95           3873
        6             95           3873
        7             95           3873
        8             95           3873
        9             94           3872
       10             94           3872
       11             94           3874
       12             94           3874
       13             94           3874
       14             94           3874
       15             94           3874
       16             94           3874
       17             94           3874
       18             94           3872
       19             94           3872
       20             94           3872
       21             94           3872
       22             94           3872
       23             94           3872
       24             94           3872
       25             94           3872
       26             94           3872
       27             94           3872
       28             94           3872
       29             94           3872
       30             95           3875
       31             95           3875
       32             95           3875
 --------------- sum -------------------
       32           3019         123943
                            number of |g| = 3827
                                  max |g| = 36.1755
                                  min |g| = 0.184545
 DONE : SETUP UNITCELL Time : 16.811 (SEC)


----------- Double Check Mixing Parameters Begin ------------
mixing_type: broyden
mixing_beta: 0.3
mixing_gg0: 1
mixing_gg0_min: 0.1
mixing_ndim: 8
----------- Double Check Mixing Parameters End ------------




 >>>>>>>>>>>>>>>>>>>>>>>>>>>>>>>>>>>>>>>>>>>>>>>>>>>>>>>>>>>>>>>>>>>>>>
 |                                                                    |
 | Doing symmetry analysis:                                           |
 | We calculate the norm of 3 vectors and the angles between them,    |
 | the type of Bravais lattice is given. We can judge if the unticell |
 | is a primitive cell. Finally we give the point group operation for |
 | this unitcell. We use the point group operations to do symmetry |
 | analysis on given k-point mesh and the charge density.             |
 |                                                                    |
 <<<<<<<<<<<<<<<<<<<<<<<<<<<<<<<<<<<<<<<<<<<<<<<<<<<<<<<<<<<<<<<<<<<<<<




 LATTICE VECTORS: (CARTESIAN COORDINATE: IN UNIT OF A0)
             +5.23906        +2.25223e-38              -5e-15
                   +0            +5.07585                  +0
          -1.8152e-05        +1.40338e-06            +5.11101
                       right hand lattice = 1
                                   NORM_A = 5.23906
                                   NORM_B = 5.07585
                                   NORM_C = 5.11101
                           ALPHA (DEGREE) = 90
                           BETA  (DEGREE) = 90.0002
                           GAMMA (DEGREE) = 90

 The lattice vectors have been changed (STRU_SIMPLE.cif)

(for optimal symmetric configuration:)
                             BRAVAIS TYPE = 12
                     BRAVAIS LATTICE NAME = 12. Monoclinic P (simple)
                                    ibrav = 12
                                    IBRAV = 12
                                  BRAVAIS = SIMPLE MONOLINIC CELL
                       LATTICE CONSTANT A = 7.31915
                                B/A RATIO = 0.693503
                                C/A RATIO = 1.56936
                                COS(BETA) = -0.947921
Original cell was already a primitive cell.
                        ROTATION MATRICES = 4
              PURE POINT GROUP OPERATIONS = 1
                   SPACE GROUP OPERATIONS = 1
                              POINT GROUP = C_1
               POINT GROUP IN SPACE GROUP = C_1
 DONE : SYMMETRY Time : 16.8412 (SEC)





 >>>>>>>>>>>>>>>>>>>>>>>>>>>>>>>>>>>>>>>>>>>>>>>>>>>>>>>>>>>>>>>>>>>>>>
 |                                                                    |
 | Setup K-points                                                     |
 | We setup the k-points according to input parameters.               |
 | The reduced k-points are set according to symmetry operations.     |
 | We treat the spin as another set of k-points.                      |
 |                                                                    |
 <<<<<<<<<<<<<<<<<<<<<<<<<<<<<<<<<<<<<<<<<<<<<<<<<<<<<<<<<<<<<<<<<<<<<<





 SETUP K-POINTS
                                    nspin = 1
                   Input type of k points = Monkhorst-Pack(Gamma)
                                   nkstot = 8
                       right hand lattice = 1
(for reciprocal lattice: )
                             BRAVAIS TYPE = 12
                     BRAVAIS LATTICE NAME = 12. Monoclinic P (simple)
                                    ibrav = 12
                       right hand lattice = 1
(for k-lattice: )
                             BRAVAIS TYPE = 12
                     BRAVAIS LATTICE NAME = 12. Monoclinic P (simple)
                                    ibrav = 12
                       right hand lattice = 1
                        ROTATION MATRICES = 4
                               nkstot_ibz = 8
K-POINTS REDUCTION ACCORDING TO SYMMETRY
     IBZ    DIRECT_X    DIRECT_Y    DIRECT_Z  WEIGHT  ibz2bz
       1  0.00000000  0.00000000  0.00000000  0.1250       0
       2  0.50000000  0.00000000  0.00000000  0.1250       1
       3  0.00000000  0.50000000  0.00000000  0.1250       2
       4  0.50000000  0.50000000  0.00000000  0.1250       3
       5  0.00000000  0.00000000  0.50000000  0.1250       4
       6  0.50000000  0.00000000  0.50000000  0.1250       5
       7  0.00000000  0.50000000  0.50000000  0.1250       6
       8  0.50000000  0.50000000  0.50000000  0.1250       7

                               nkstot now = 8
K-POINTS DIRECT COORDINATES
 KPOINTS    DIRECT_X    DIRECT_Y    DIRECT_Z  WEIGHT
       1  0.00000000  0.00000000  0.00000000  0.1250
       2  0.50000000  0.00000000  0.00000000  0.1250
       3  0.00000000  0.50000000  0.00000000  0.1250
       4  0.50000000  0.50000000  0.00000000  0.1250
       5  0.00000000  0.00000000  0.50000000  0.1250
       6  0.50000000  0.00000000  0.50000000  0.1250
       7  0.00000000  0.50000000  0.50000000  0.1250
       8  0.50000000  0.50000000  0.50000000  0.1250


           k-point number in this process = 8
       minimum distributed K point number = 8
starsize: 1
isym: 0 ks_vec: 0 0 0
starsize: 1
isym: 0 ks_vec: 0.5 0 0
starsize: 1
isym: 0 ks_vec: 0 0.5 0
starsize: 1
isym: 0 ks_vec: 0.5 0.5 0
starsize: 1
isym: 0 ks_vec: 0 0 0.5
starsize: 1
isym: 0 ks_vec: 0.5 0 0.5
starsize: 1
isym: 0 ks_vec: 0 0.5 0.5
starsize: 1
isym: 0 ks_vec: 0.5 0.5 0.5

K-POINTS CARTESIAN COORDINATES
 KPOINTS CARTESIAN_X CARTESIAN_Y CARTESIAN_Z  WEIGHT
       1  0.00000000  0.00000000  0.00000000  0.2500
       2  0.09543697  0.00000000  0.00000034  0.2500
       3  0.00000000  0.09850566 -0.00000003  0.2500
       4  0.09543697  0.09850566  0.00000031  0.2500
       5  0.00000000  0.00000000  0.09782810  0.2500
       6  0.09543697  0.00000000  0.09782844  0.2500
       7  0.00000000  0.09850566  0.09782808  0.2500
       8  0.09543697  0.09850566  0.09782842  0.2500


K-POINTS DIRECT COORDINATES
 KPOINTS    DIRECT_X    DIRECT_Y    DIRECT_Z  WEIGHT
       1  0.00000000  0.00000000  0.00000000  0.2500
       2  0.50000000  0.00000000  0.00000000  0.2500
       3  0.00000000  0.50000000  0.00000000  0.2500
       4  0.50000000  0.50000000  0.00000000  0.2500
       5  0.00000000  0.00000000  0.50000000  0.2500
       6  0.50000000  0.00000000  0.50000000  0.2500
       7  0.00000000  0.50000000  0.50000000  0.2500
       8  0.50000000  0.50000000  0.50000000  0.2500

 DONE : INIT K-POINTS Time : 17.7332 (SEC)





 >>>>>>>>>>>>>>>>>>>>>>>>>>>>>>>>>>>>>>>>>>>>>>>>>>>>>>>>>>>>>>>>>>>>>>
 |                                                                    |
 | Setup plane waves of wave functions:                               |
 | Use the energy cutoff and the lattice vectors to generate the      |
 | dimensions of FFT grid. The number of FFT grid on each processor   |
 | is 'nrxx'. The number of plane wave basis in reciprocal space is   |
 | different for charege/potential and wave functions. We also set    |
 | the 'sticks' for the parallel of FFT. The number of plane wave of  |
 | each k-point is 'npwk[ik]' in each processor                       |
 <<<<<<<<<<<<<<<<<<<<<<<<<<<<<<<<<<<<<<<<<<<<<<<<<<<<<<<<<<<<<<<<<<<<<<





 SETUP PLANE WAVES FOR WAVE FUNCTIONS
     energy cutoff for wavefunc (unit:Ry) = 100
              fft grid for wave functions = [ 64, 64, 64 ]
                    number of plane waves = 18225
                         number of sticks = 849

 PARALLEL PW FOR WAVE FUNCTIONS
     PROC   COLUMNS(POT)             PW
        1             27            571
        2             27            569
        3             27            569
        4             27            569
        5             27            569
        6             26            570
        7             26            570
        8             26            570
        9             26            570
       10             26            570
       11             26            570
       12             26            570
       13             26            570
       14             26            570
       15             26            570
       16             26            570
       17             26            570
       18             26            570
       19             26            570
       20             26            570
       21             27            569
       22             27            569
       23             27            569
       24             27            569
       25             27            569
       26             27            569
       27             27            569
       28             27            569
       29             27            569
       30             27            569
       31             27            569
       32             27            569
 --------------- sum -------------------
       32            849          18225
 DONE : INIT PLANEWAVE Time : 18.0267 (SEC)

 SET NONLOCAL PSEUDOPOTENTIAL PROJECTORS
 SET NONLOCAL PSEUDOPOTENTIAL PROJECTORS
 max number of nonlocal projetors among all species is 8
 DONE : LOCAL POTENTIAL Time : 19.5322 (SEC)


 -------------------------------------------
 SELF-CONSISTENT
 -------------------------------------------




 >>>>>>>>>>>>>>>>>>>>>>>>>>>>>>>>>>>>>>>>>>>>>>>>>>>>>>>>>>>>>>>>>>>>>>
 |                                                                    |
 | Search adjacent atoms:                                             |
 | Set the adjacent atoms for each atom and set the periodic boundary |
 | condition for the atoms on real space FFT grid. For k-dependent    |
 | algorithm, we also need to set the sparse H and S matrix element   |
 | for each atom.                                                     |
 |                                                                    |
 <<<<<<<<<<<<<<<<<<<<<<<<<<<<<<<<<<<<<<<<<<<<<<<<<<<<<<<<<<<<<<<<<<<<<<





 SETUP SEARCHING RADIUS FOR PROGRAM TO SEARCH ADJACENT ATOMS
                  longest orb rcut (Bohr) = 10
   longest nonlocal projector rcut (Bohr) = 2.46
                     search radius (Bohr) = 24.9
              searching radius is (Bohr)) = 24.9
         searching radius unit is (Bohr)) = 1.89
                         PeriodicBoundary = 1
                        Radius(unit:lat0) = 13.2
                                   glayer = [ 4, 4, 4 ]
                             glayer_minus = [ 3, 3, 3 ]

Find the coordinate range of the input atom(unit:lat0).
                                  min_tau = [ -14.6, -15.1, -15.3 ]
                                  max_tau = [ 20.9, 20.1, 19.4 ]
                                BoxNumber = [ 7, 7, 7 ]

 SETUP EXTENDED REAL SPACE GRID FOR GRID INTEGRATION
                          real space grid = [ 64, 64, 64 ]
                 big cell numbers in grid = [ 32, 32, 32 ]
             meshcell numbers in big cell = [ 2, 2, 2 ]
                        extended fft grid = [ 33, 34, 34 ]
                dimension of extened grid = [ 99, 101, 101 ]
                            UnitCellTotal = 125
              Atom number in sub-FFT-grid = 12
    Local orbitals number in sub-FFT-grid = 212
                                ParaV.nnr = 80513

 Warning_Memory_Consuming allocated:  Gint::hRGint 12.7 MB

 Warning_Memory_Consuming allocated:  Gint::DMRGint 12.7 MB
                                 init_chg = atomic
 DONE : INIT SCF Time : 20.9577 (SEC)


 LCAO ALGORITHM --------------- ION=   1  ELEC=   1--------------------------------

 Density error is 0.158873230744
----------------------------------------------------------
     Energy           Rydberg                 eV          
----------------------------------------------------------
 E_KohnSham     -718.6797634670      -9778.1398204440     
 E_Harris       -704.9911929280      -9591.8972636387     
 E_Fermi        0.7633453241         10.3858459499        
----------------------------------------------------------


 LCAO ALGORITHM --------------- ION=   1  ELEC=   2--------------------------------

 Density error is 0.0648632213236
----------------------------------------------------------
     Energy           Rydberg                 eV          
----------------------------------------------------------
 E_KohnSham     -718.9866689426      -9782.3154836596     
 E_Harris       -715.2187376706      -9731.0501486874     
 E_Fermi        1.0582132240         14.3977295457        
----------------------------------------------------------


 LCAO ALGORITHM --------------- ION=   1  ELEC=   3--------------------------------

 Density error is 0.0383954041454
----------------------------------------------------------
     Energy           Rydberg                 eV          
----------------------------------------------------------
 E_KohnSham     -719.0179572362      -9782.7411827322     
 E_Harris       -718.4403951573      -9774.8830475106     
 E_Fermi        1.0536016808         14.3349862815        
----------------------------------------------------------


 LCAO ALGORITHM --------------- ION=   1  ELEC=   4--------------------------------

 Density error is 0.00782356719685
----------------------------------------------------------
     Energy           Rydberg                 eV          
----------------------------------------------------------
 E_KohnSham     -719.0159051872      -9782.7132631731     
 E_Harris       -718.2160932774      -9771.8312638722     
 E_Fermi        1.0556888278         14.3633833733        
----------------------------------------------------------


 LCAO ALGORITHM --------------- ION=   1  ELEC=   5--------------------------------

 Density error is 0.001434189357
----------------------------------------------------------
     Energy           Rydberg                 eV          
----------------------------------------------------------
 E_KohnSham     -719.0175156236      -9782.7351742845     
 E_Harris       -718.9803989112      -9782.2301755054     
 E_Fermi        1.0555510021         14.3615081576        
----------------------------------------------------------


 LCAO ALGORITHM --------------- ION=   1  ELEC=   6--------------------------------

 Density error is 0.000510149501002
----------------------------------------------------------
     Energy           Rydberg                 eV          
----------------------------------------------------------
 E_KohnSham     -719.0175290827      -9782.7353574058     
 E_Harris       -719.0122607292      -9782.6636777786     
 E_Fermi        1.0567436389         14.3777348141        
----------------------------------------------------------


 LCAO ALGORITHM --------------- ION=   1  ELEC=   7--------------------------------

 Density error is 0.000212646927764
----------------------------------------------------------
     Energy           Rydberg                 eV          
----------------------------------------------------------
 E_KohnSham     -719.0175352665      -9782.7354415398     
 E_Harris       -718.9965672658      -9782.4501572552     
 E_Fermi        1.0571100057         14.3827194910        
----------------------------------------------------------


 LCAO ALGORITHM --------------- ION=   1  ELEC=   8--------------------------------

 Density error is 2.59144511605e-05
----------------------------------------------------------
     Energy           Rydberg                 eV          
----------------------------------------------------------
 E_KohnSham     -719.0175359438      -9782.7354507550     
 E_Harris       -719.0187223191      -9782.7515922201     
 E_Fermi        1.0572108185         14.3840911186        
----------------------------------------------------------


 LCAO ALGORITHM --------------- ION=   1  ELEC=   9--------------------------------

 Density error is 3.14717527987e-05
----------------------------------------------------------
     Energy           Rydberg                 eV          
----------------------------------------------------------
 E_KohnSham     -719.0175359270      -9782.7354505265     
 E_Harris       -719.0142969044      -9782.6913813640     
 E_Fermi        1.0571909439         14.3838207114        
----------------------------------------------------------


 LCAO ALGORITHM --------------- ION=   1  ELEC=  10--------------------------------

 Density error is 2.65558172328e-06
----------------------------------------------------------
     Energy           Rydberg                 eV          
----------------------------------------------------------
 E_KohnSham     -719.0175359531      -9782.7354508818     
 E_Harris       -719.0174229447      -9782.7339133242     
 E_Fermi        1.0571920666         14.3838359864        
----------------------------------------------------------


 LCAO ALGORITHM --------------- ION=   1  ELEC=  11--------------------------------

 Density error is 4.20816555366e-07
----------------------------------------------------------
     Energy           Rydberg                 eV          
----------------------------------------------------------
 E_KohnSham     -719.0175359532      -9782.7354508838     
 E_Harris       -719.0174815483      -9782.7347106671     
 E_Fermi        1.0571946001         14.3838704568        
----------------------------------------------------------


 LCAO ALGORITHM --------------- ION=   1  ELEC=  12--------------------------------

 Density error is 3.05324298578e-07
----------------------------------------------------------
     Energy           Rydberg                 eV          
----------------------------------------------------------
 E_KohnSham     -719.0175359532      -9782.7354508839     
 E_Harris       -719.0175485354      -9782.7356220732     
 E_Fermi        1.0571947927         14.3838730772        
----------------------------------------------------------


 LCAO ALGORITHM --------------- ION=   1  ELEC=  13--------------------------------

 Density error is 3.22994492681e-08
----------------------------------------------------------
     Energy           Rydberg                 eV          
----------------------------------------------------------
 E_KohnSham     -719.0175359532      -9782.7354508839     
 E_Harris       -719.0175384207      -9782.7354844555     
 E_Fermi        1.0571949676         14.3838754560        
----------------------------------------------------------


 LCAO ALGORITHM --------------- ION=   1  ELEC=  14--------------------------------

 Density error is 2.1831303698e-08
----------------------------------------------------------
     Energy           Rydberg                 eV          
----------------------------------------------------------
 E_KohnSham     -719.0175359532      -9782.7354508839     
 E_Harris       -719.0175370130      -9782.7354653027     
 E_Fermi        1.0571949525         14.3838752505        
----------------------------------------------------------


 LCAO ALGORITHM --------------- ION=   1  ELEC=  15--------------------------------

 Density error is 1.06858835017e-08
----------------------------------------------------------
     Energy           Rydberg                 eV          
----------------------------------------------------------
 E_KohnSham     -719.0175359532      -9782.7354508839     
 E_Harris       -719.0175359447      -9782.7354507675     
 E_Fermi        1.0571949406         14.3838750895        
----------------------------------------------------------


 LCAO ALGORITHM --------------- ION=   1  ELEC=  16--------------------------------

 Density error is 1.17533864994e-09
----------------------------------------------------------
     Energy           Rydberg                 eV          
----------------------------------------------------------
 E_KohnSham     -719.0175359532      -9782.7354508839     
 E_KS(sigma->0) -719.0175359532      -9782.7354508839     
 E_Harris       -719.0175359751      -9782.7354511810     
 E_band         -37.2661597556       -507.0321152546      
 E_one_elec     -125.0561534034      -1701.4762562482     
 E_Hartree      118.5562398012       1613.0403947502      
 E_xc           -182.4903476373      -2482.9085578685     
 E_Ewald        -530.0272747137      -7211.3910315173     
 E_entropy(-TS) -0.0000000000        -0.0000000000        
 E_descf        0.0000000000         0.0000000000         
 E_exx          0.0000000000         0.0000000000         
 E_Fermi        1.0571949407         14.3838750909        
----------------------------------------------------------


 charge density convergence is achieved
 final etot is -9782.7354509 eV
 EFERMI = 14.383875091 eV

 STATE ENERGY(eV) AND OCCUPATIONS    NSPIN == 1
 1/8 kpoint (Cartesian) = 0.0000 0.0000 0.0000 (491 pws)
       1       -48.8405       0.250000
       2       -48.8233       0.250000
       3       -48.8222       0.250000
       4       -48.8205       0.250000
       5       -18.6575       0.250000
       6       -18.6470       0.250000
       7       -18.6405       0.250000
       8       -18.4376       0.250000
       9       -18.3779       0.250000
      10       -18.3649       0.250000
      11       -18.3646       0.250000
      12       -18.3499       0.250000
      13       -18.3285       0.250000
      14       -18.2691       0.250000
      15       -18.2381       0.250000
      16       -18.2254       0.250000
      17       -6.92079       0.250000
      18       -5.62496       0.250000
      19       -5.33272       0.250000
      20       -5.24823       0.250000
      21       -4.98650       0.250000
      22       -4.84908       0.250000
      23       -4.82438       0.250000
      24       -4.62602       0.250000
      25        5.57232       0.250000
      26        5.60864       0.250000
      27        5.91324       0.250000
      28        6.39083       0.250000
      29        6.63374       0.250000
      30        6.71784       0.250000
      31        7.85464       0.250000
      32        7.88440       0.250000
      33        7.90029       0.250000
      34        8.15763       0.250000
      35        8.34324       0.250000
      36        8.64448       0.250000
      37        8.91267       0.250000
      38        9.24757       0.250000
      39        9.43310       0.250000
      40        9.62317       0.250000
      41        9.62902       0.250000
      42        9.74568       0.250000
      43        10.0924       0.250000
      44        10.3954       0.250000
      45        10.4642       0.250000
      46        10.7200       0.250000
      47        11.2969       0.250000
      48        11.3300       0.250000
      49        16.0866        0.00000
      50        16.1840        0.00000
      51        16.2960        0.00000
      52        16.8006        0.00000
      53        16.8664        0.00000
      54        16.9622        0.00000
      55        17.1784        0.00000
      56        17.3227        0.00000
      57        17.6917        0.00000
      58        17.7055        0.00000

 2/8 kpoint (Cartesian) = 0.095437 0.0000 3.3895e-07 (507 pws)
       1       -48.8314       0.250000
       2       -48.8314       0.250000
       3       -48.8218       0.250000
       4       -48.8218       0.250000
       5       -18.5714       0.250000
       6       -18.5714       0.250000
       7       -18.5244       0.250000
       8       -18.5244       0.250000
       9       -18.4478       0.250000
      10       -18.4478       0.250000
      11       -18.3330       0.250000
      12       -18.3330       0.250000
      13       -18.3065       0.250000
      14       -18.3065       0.250000
      15       -18.2798       0.250000
      16       -18.2798       0.250000
      17       -6.12338       0.250000
      18       -6.12336       0.250000
      19       -5.34527       0.250000
      20       -5.34526       0.250000
      21       -5.10407       0.250000
      22       -5.10406       0.250000
      23       -4.66622       0.250000
      24       -4.66621       0.250000
      25        5.98968       0.250000
      26        5.98972       0.250000
      27        6.80255       0.250000
      28        6.80257       0.250000
      29        7.06082       0.250000
      30        7.06083       0.250000
      31        7.14422       0.250000
      32        7.14425       0.250000
      33        7.50870       0.250000
      34        7.50872       0.250000
      35        8.54083       0.250000
      36        8.54088       0.250000
      37        8.65571       0.250000
      38        8.65575       0.250000
      39        9.20693       0.250000
      40        9.20694       0.250000
      41        9.55462       0.250000
      42        9.55465       0.250000
      43        10.5438       0.250000
      44        10.5439       0.250000
      45        10.6069       0.250000
      46        10.6069       0.250000
      47        11.2375       0.250000
      48        11.2376       0.250000
      49        16.0355        0.00000
      50        16.0355        0.00000
      51        16.6071        0.00000
      52        16.6071        0.00000
      53        17.1518        0.00000
      54        17.1519        0.00000
      55        17.1762        0.00000
      56        17.1763        0.00000
      57        18.2177        0.00000
      58        18.2179        0.00000

 3/8 kpoint (Cartesian) = 0.0000 0.098506 -2.7048e-08 (486 pws)
       1       -48.8322       0.250000
       2       -48.8321       0.250000
       3       -48.8212       0.250000
       4       -48.8212       0.250000
       5       -18.5312       0.250000
       6       -18.5312       0.250000
       7       -18.5212       0.250000
       8       -18.5212       0.250000
       9       -18.4648       0.250000
      10       -18.4648       0.250000
      11       -18.3805       0.250000
      12       -18.3805       0.250000
      13       -18.2955       0.250000
      14       -18.2954       0.250000
      15       -18.2723       0.250000
      16       -18.2723       0.250000
      17       -6.06808       0.250000
      18       -6.06805       0.250000
      19       -5.27788       0.250000
      20       -5.27786       0.250000
      21       -4.99481       0.250000
      22       -4.99480       0.250000
      23       -4.95328       0.250000
      24       -4.95326       0.250000
      25        6.43489       0.250000
      26        6.43492       0.250000
      27        6.59034       0.250000
      28        6.59037       0.250000
      29        7.08944       0.250000
      30        7.08946       0.250000
      31        7.33582       0.250000
      32        7.33583       0.250000
      33        7.91184       0.250000
      34        7.91185       0.250000
      35        8.52172       0.250000
      36        8.52174       0.250000
      37        8.90475       0.250000
      38        8.90475       0.250000
      39        9.19860       0.250000
      40        9.19862       0.250000
      41        9.48798       0.250000
      42        9.48798       0.250000
      43        10.0376       0.250000
      44        10.0376       0.250000
      45        10.3169       0.250000
      46        10.3169       0.250000
      47        10.6119       0.250000
      48        10.6119       0.250000
      49        16.2713        0.00000
      50        16.2714        0.00000
      51        16.7213        0.00000
      52        16.7213        0.00000
      53        16.8490        0.00000
      54        16.8490        0.00000
      55        17.4848        0.00000
      56        17.4848        0.00000
      57        17.9804        0.00000
      58        17.9804        0.00000

 4/8 kpoint (Cartesian) = 0.095437 0.098506 3.1190e-07 (486 pws)
       1       -48.8266       0.250000
       2       -48.8266       0.250000
       3       -48.8266       0.250000
       4       -48.8266       0.250000
       5       -18.5419       0.250000
       6       -18.5419       0.250000
       7       -18.5419       0.250000
       8       -18.5419       0.250000
       9       -18.3996       0.250000
      10       -18.3996       0.250000
      11       -18.3996       0.250000
      12       -18.3995       0.250000
      13       -18.2931       0.250000
      14       -18.2931       0.250000
      15       -18.2931       0.250000
      16       -18.2931       0.250000
      17       -5.66327       0.250000
      18       -5.66325       0.250000
      19       -5.66324       0.250000
      20       -5.66322       0.250000
      21       -4.99720       0.250000
      22       -4.99719       0.250000
      23       -4.99717       0.250000
      24       -4.99716       0.250000
      25        6.77159       0.250000
      26        6.77160       0.250000
      27        6.77161       0.250000
      28        6.77162       0.250000
      29        7.39456       0.250000
      30        7.39457       0.250000
      31        7.39460       0.250000
      32        7.39461       0.250000
      33        8.08528       0.250000
      34        8.08534       0.250000
      35        8.08535       0.250000
      36        8.08541       0.250000
      37        8.81533       0.250000
      38        8.81537       0.250000
      39        8.81539       0.250000
      40        8.81543       0.250000
      41        9.63591       0.250000
      42        9.63592       0.250000
      43        9.63593       0.250000
      44        9.63594       0.250000
      45        10.3328       0.250000
      46        10.3328       0.250000
      47        10.3328       0.250000
      48        10.3329       0.250000
      49        16.4276        0.00000
      50        16.4277        0.00000
      51        16.4277        0.00000
      52        16.4278        0.00000
      53        17.3280        0.00000
      54        17.3281        0.00000
      55        17.3281        0.00000
      56        17.3281        0.00000
      57        18.1524        0.00000
      58        18.1525        0.00000

 5/8 kpoint (Cartesian) = 0.0000 0.0000 0.097828 (492 pws)
       1       -48.8343       0.250000
       2       -48.8295       0.250000
       3       -48.8215       0.250000
       4       -48.8211       0.250000
       5       -18.5602       0.250000
       6       -18.5534       0.250000
       7       -18.4880       0.250000
       8       -18.4804       0.250000
       9       -18.4665       0.250000
      10       -18.4287       0.250000
      11       -18.3830       0.250000
      12       -18.3594       0.250000
      13       -18.3479       0.250000
      14       -18.3021       0.250000
      15       -18.2904       0.250000
      16       -18.2745       0.250000
      17       -6.26770       0.250000
      18       -5.66970       0.250000
      19       -5.46372       0.250000
      20       -5.26774       0.250000
      21       -5.18071       0.250000
      22       -5.03659       0.250000
      23       -4.83983       0.250000
      24       -4.78008       0.250000
      25        5.98937       0.250000
      26        6.05189       0.250000
      27        6.63898       0.250000
      28        6.65309       0.250000
      29        6.87473       0.250000
      30        6.97750       0.250000
      31        7.03378       0.250000
      32        7.05106       0.250000
      33        7.79796       0.250000
      34        7.91254       0.250000
      35        8.45488       0.250000
      36        8.47272       0.250000
      37        8.76554       0.250000
      38        8.84005       0.250000
      39        9.38173       0.250000
      40        9.47514       0.250000
      41        9.66746       0.250000
      42        9.96531       0.250000
      43        10.0289       0.250000
      44        10.2537       0.250000
      45        10.5260       0.250000
      46        10.8578       0.250000
      47        11.1638       0.250000
      48        11.2238       0.250000
      49        15.9767        0.00000
      50        16.2534        0.00000
      51        16.4424        0.00000
      52        16.7080        0.00000
      53        16.8564        0.00000
      54        17.0611        0.00000
      55        17.5556        0.00000
      56        17.5593        0.00000
      57        17.5735        0.00000
      58        17.9389        0.00000

 6/8 kpoint (Cartesian) = 0.095437 0.0000 0.097828 (500 pws)
       1       -48.8279       0.250000
       2       -48.8279       0.250000
       3       -48.8253       0.250000
       4       -48.8253       0.250000
       5       -18.5618       0.250000
       6       -18.5618       0.250000
       7       -18.5273       0.250000
       8       -18.5273       0.250000
       9       -18.4376       0.250000
      10       -18.4376       0.250000
      11       -18.3905       0.250000
      12       -18.3905       0.250000
      13       -18.2852       0.250000
      14       -18.2852       0.250000
      15       -18.2651       0.250000
      16       -18.2651       0.250000
      17       -5.89772       0.250000
      18       -5.89769       0.250000
      19       -5.48093       0.250000
      20       -5.48091       0.250000
      21       -5.10868       0.250000
      22       -5.10864       0.250000
      23       -4.79552       0.250000
      24       -4.79551       0.250000
      25        6.39694       0.250000
      26        6.39695       0.250000
      27        6.77403       0.250000
      28        6.77405       0.250000
      29        7.16780       0.250000
      30        7.16786       0.250000
      31        7.28481       0.250000
      32        7.28485       0.250000
      33        7.79026       0.250000
      34        7.79033       0.250000
      35        8.22509       0.250000
      36        8.22511       0.250000
      37        8.90139       0.250000
      38        8.90142       0.250000
      39        9.12231       0.250000
      40        9.12234       0.250000
      41        9.43818       0.250000
      42        9.43821       0.250000
      43        9.68657       0.250000
      44        9.68661       0.250000
      45        10.7914       0.250000
      46        10.7915       0.250000
      47        11.1260       0.250000
      48        11.1260       0.250000
      49        15.8043        0.00000
      50        15.8043        0.00000
      51        16.0203        0.00000
      52        16.0203        0.00000
      53        17.0446        0.00000
      54        17.0446        0.00000
      55        17.6210        0.00000
      56        17.6211        0.00000
      57        17.6542        0.00000
      58        17.6542        0.00000

 7/8 kpoint (Cartesian) = 0.0000 0.098506 0.097828 (480 pws)
       1       -48.8307       0.250000
       2       -48.8307       0.250000
       3       -48.8226       0.250000
       4       -48.8225       0.250000
       5       -18.5845       0.250000
       6       -18.5845       0.250000
       7       -18.5191       0.250000
       8       -18.5191       0.250000
       9       -18.4606       0.250000
      10       -18.4606       0.250000
      11       -18.3244       0.250000
      12       -18.3244       0.250000
      13       -18.3046       0.250000
      14       -18.3045       0.250000
      15       -18.2741       0.250000
      16       -18.2740       0.250000
      17       -5.91873       0.250000
      18       -5.91870       0.250000
      19       -5.43770       0.250000
      20       -5.43769       0.250000
      21       -5.07533       0.250000
      22       -5.07529       0.250000
      23       -4.87850       0.250000
      24       -4.87849       0.250000
      25        6.43478       0.250000
      26        6.43480       0.250000
      27        6.71175       0.250000
      28        6.71176       0.250000
      29        7.04931       0.250000
      30        7.04931       0.250000
      31        7.90843       0.250000
      32        7.90845       0.250000
      33        8.14584       0.250000
      34        8.14584       0.250000
      35        8.40318       0.250000
      36        8.40320       0.250000
      37        8.63068       0.250000
      38        8.63068       0.250000
      39        8.82503       0.250000
      40        8.82506       0.250000
      41        9.69007       0.250000
      42        9.69008       0.250000
      43        9.96712       0.250000
      44        9.96713       0.250000
      45        10.0768       0.250000
      46        10.0769       0.250000
      47        10.5467       0.250000
      48        10.5467       0.250000
      49        16.2457        0.00000
      50        16.2458        0.00000
      51        16.5649        0.00000
      52        16.5649        0.00000
      53        16.7623        0.00000
      54        16.7624        0.00000
      55        17.3151        0.00000
      56        17.3152        0.00000
      57        17.8077        0.00000
      58        17.8077        0.00000

 8/8 kpoint (Cartesian) = 0.095437 0.098506 0.097828 (486 pws)
       1       -48.8266       0.250000
       2       -48.8266       0.250000
       3       -48.8265       0.250000
       4       -48.8265       0.250000
       5       -18.6403       0.250000
       6       -18.6403       0.250000
       7       -18.6403       0.250000
       8       -18.6403       0.250000
       9       -18.3113       0.250000
      10       -18.3113       0.250000
      11       -18.3113       0.250000
      12       -18.3113       0.250000
      13       -18.2779       0.250000
      14       -18.2779       0.250000
      15       -18.2779       0.250000
      16       -18.2779       0.250000
      17       -5.84403       0.250000
      18       -5.84402       0.250000
      19       -5.84401       0.250000
      20       -5.84399       0.250000
      21       -4.80694       0.250000
      22       -4.80693       0.250000
      23       -4.80692       0.250000
      24       -4.80691       0.250000
      25        6.88647       0.250000
      26        6.88648       0.250000
      27        6.88650       0.250000
      28        6.88651       0.250000
      29        7.25047       0.250000
      30        7.25048       0.250000
      31        7.25051       0.250000
      32        7.25052       0.250000
      33        8.26083       0.250000
      34        8.26083       0.250000
      35        8.26089       0.250000
      36        8.26090       0.250000
      37        8.95334       0.250000
      38        8.95337       0.250000
      39        8.95338       0.250000
      40        8.95342       0.250000
      41        9.58794       0.250000
      42        9.58794       0.250000
      43        9.58798       0.250000
      44        9.58799       0.250000
      45        10.2277       0.250000
      46        10.2277       0.250000
      47        10.2277       0.250000
      48        10.2277       0.250000
      49        15.9416        0.00000
      50        15.9417        0.00000
      51        15.9417        0.00000
      52        15.9418        0.00000
      53        17.1139        0.00000
      54        17.1139        0.00000
      55        17.1140        0.00000
      56        17.1140        0.00000
      57        17.8763        0.00000
      58        17.8764        0.00000

 correction force for each atom along direction 1 is -4.36956e-06
 correction force for each atom along direction 2 is -1.40348e-06
 correction force for each atom along direction 3 is -1.02873e-06
------------------------------------------------------------------------------------------
 TOTAL-FORCE (eV/Angstrom)                                                                
------------------------------------------------------------------------------------------
                       Hf1        -0.1396357253        -0.1562870840         0.0569011524 
                       Hf2        -0.1395962576         0.1560249563        -0.0569770725 
                       Hf3        -0.1396402700         0.1560921813         0.0568456379 
                       Hf4        -0.1396025199        -0.1562076302        -0.0570170673 
                        O1         0.2010161686        -0.3216730961         0.2602172401 
                        O2         0.2010309158         0.3217954957         0.2602912537 
                        O3        -0.0614515594        -0.0075842514         0.1220312438 
                        O4        -0.0614186819         0.0076414946         0.1220310979 
                        O5         0.2011036363        -0.3216529228        -0.2601643286 
                        O6         0.2011036503         0.3217849777        -0.2602398915 
                        O7        -0.0614641764        -0.0076296786        -0.1219596146 
                        O8        -0.0614451806         0.0076955576        -0.1219596513 
------------------------------------------------------------------------------------------

----------------------------------------------------------------
 TOTAL-STRESS (KBAR)                                            
----------------------------------------------------------------
       -76.3380560315         0.0059879592         0.0177682994 
         0.0059879592       155.9258126621        -0.0002929548 
         0.0177682994        -0.0002929548        -7.4169940810 
----------------------------------------------------------------
 TOTAL-PRESSURE: 24.056921 KBAR



 --------------------------------------------
 !FINAL_ETOT_IS -9782.7354508838761831 eV
 --------------------------------------------


TIME STATISTICS
------------------------------------------------------------------------------------
    CLASS_NAME                    NAME                TIME/s  CALLS   AVG/s  PER/%  
------------------------------------------------------------------------------------
                   total                              131.80 13       10.14  100.00 
 Driver            reading                            12.18  1        12.18  9.24   
 Input_Conv        Convert                            0.00   1        0.00   0.00   
 Driver            driver_line                        119.62 1        119.62 90.76  
 UnitCell          check_tau                          0.00   1        0.00   0.00   
 ESolver_KS_LCAO   before_all_runners                 4.51   1        4.51   3.42   
 PW_Basis_Sup      setuptransform                     0.17   1        0.17   0.13   
 PW_Basis_Sup      distributeg                        0.16   1        0.16   0.12   
 mymath            heapsort                           0.00   133      0.00   0.00   
 Charge_Mixing     init_mixing                        0.00   1        0.00   0.00   
 Symmetry          analy_sys                          0.03   1        0.03   0.02   
 PW_Basis_K        setuptransform                     0.26   1        0.26   0.20   
 PW_Basis_K        distributeg                        0.26   1        0.26   0.20   
 PW_Basis          setup_struc_factor                 0.02   1        0.02   0.01   
 NOrbital_Lm       extra_uniform                      0.16   14       0.01   0.12   
 Mathzone_Add1     SplineD2                           0.00   14       0.00   0.00   
 Mathzone_Add1     Cubic_Spline_Interpolation         0.00   14       0.00   0.00   
 Mathzone_Add1     Uni_Deriv_Phi                      0.15   14       0.01   0.11   
 ppcell_vl         init_vloc                          0.22   1        0.22   0.17   
 Ions              opt_ions                           112.25 1        112.25 85.17  
 ESolver_KS_LCAO   runner                             104.92 1        104.92 79.61  
 ESolver_KS_LCAO   before_scf                         1.42   1        1.42   1.08   
 atom_arrange      search                             0.00   1        0.00   0.00   
 atom_arrange      grid_d.init                        0.00   1        0.00   0.00   
 Grid              Construct_Adjacent_expand          0.00   1        0.00   0.00   
 Grid              Construct_Adjacent_expand_periodic 0.00   12       0.00   0.00   
 Grid_Technique    init                               0.37   1        0.37   0.28   
 Grid_BigCell      grid_expansion_index               0.08   2        0.04   0.06   
 Grid_Driver       Find_atom                          0.00   120      0.00   0.00   
 Record_adj        for_2d                             0.04   1        0.04   0.03   
 LCAO_domain       grid_prepare                       0.00   1        0.00   0.00   
 Veff              initialize_HR                      0.00   1        0.00   0.00   
 OverlapNew        initialize_SR                      0.00   1        0.00   0.00   
 EkineticNew       initialize_HR                      0.00   1        0.00   0.00   
 NonlocalNew       initialize_HR                      0.02   1        0.02   0.02   
 Charge            set_rho_core                       0.28   1        0.28   0.21   
 PW_Basis_Sup      recip2real                         0.42   132      0.00   0.32   
 PW_Basis_Sup      gathers_scatterp                   0.38   132      0.00   0.29   
 Charge            atomic_rho                         0.40   2        0.20   0.30   
 Potential         init_pot                           0.22   1        0.22   0.17   
 Potential         update_from_charge                 0.39   17       0.02   0.30   
 Potential         cal_fixed_v                        0.01   1        0.01   0.01   
 PotLocal          cal_fixed_v                        0.01   1        0.01   0.01   
 Potential         cal_v_eff                          0.38   17       0.02   0.29   
 H_Hartree_pw      v_hartree                          0.11   17       0.01   0.09   
 PW_Basis_Sup      real2recip                         0.23   153      0.00   0.17   
 PW_Basis_Sup      gatherp_scatters                   0.21   153      0.00   0.16   
 PotXC             cal_v_eff                          0.26   17       0.02   0.20   
 XC_Functional     v_xc                               0.27   19       0.01   0.21   
 Potential         interpolate_vrs                    0.00   17       0.00   0.00   
 Symmetry          rhog_symmetry                      0.48   17       0.03   0.36   
 Symmetry          group fft grids                    0.14   17       0.01   0.10   
 H_Ewald_pw        compute_ewald                      0.01   1        0.01   0.01   
 HSolverLCAO       solve                              102.14 16       6.38   77.50  
 HamiltLCAO        updateHk                           44.82  128      0.35   34.01  
 OperatorLCAO      init                               44.69  384      0.12   33.91  
 Veff              contributeHR                       44.28  16       2.77   33.59  
 Gint_interface    cal_gint                           69.17  33       2.10   52.48  
 Gint_interface    cal_gint_vlocal                    35.51  16       2.22   26.94  
 Gint_Tools        cal_psir_ylm                       1.54   32768    0.00   1.17   
 Gint_k            transfer_pvpR                      8.76   16       0.55   6.65   
 OverlapNew        calculate_SR                       0.10   1        0.10   0.07   
 OverlapNew        contributeHk                       0.03   128      0.00   0.02   
 EkineticNew       contributeHR                       0.10   16       0.01   0.08   
 EkineticNew       calculate_HR                       0.10   1        0.10   0.08   
 NonlocalNew       contributeHR                       0.28   16       0.02   0.21   
 NonlocalNew       calculate_HR                       0.27   1        0.27   0.20   
 OperatorLCAO      contributeHk                       0.03   128      0.00   0.03   
 HSolverLCAO       hamiltSolvePsiK                    19.63  128      0.15   14.90  
 DiagoElpa         elpa_solve                         18.94  128      0.15   14.37  
 elecstate         cal_dm                             0.18   17       0.01   0.14   
 psiMulPsiMpi      pdgemm                             0.18   136      0.00   0.14   
 DensityMatrix     cal_DMR                            0.04   17       0.00   0.03   
 ElecStateLCAO     psiToRho                           37.50  16       2.34   28.45  
 Gint              transfer_DMR                       1.50   16       0.09   1.14   
 Gint_interface    cal_gint_rho                       30.09  16       1.88   22.83  
 Charge_Mixing     get_drho                           0.01   16       0.00   0.01   
 Charge            mix_rho                            0.29   15       0.02   0.22   
 Charge            Broyden_mixing                     0.25   15       0.02   0.19   
 ModuleIO          write_rhog                         0.04   1        0.04   0.03   
 ESolver_KS_LCAO   after_scf                          0.13   1        0.13   0.10   
 ESolver_KS_LCAO   cal_force                          7.33   1        7.33   5.56   
 Force_Stress_LCAO getForceStress                     7.33   1        7.33   5.56   
 Forces            cal_force_loc                      0.00   1        0.00   0.00   
 Forces            cal_force_ew                       0.00   1        0.00   0.00   
 Forces            cal_force_cc                       0.13   1        0.13   0.10   
 Forces            cal_force_scc                      0.12   1        0.12   0.09   
 Stress_Func       stress_loc                         0.38   1        0.38   0.29   
 Stress_Func       stress_har                         0.00   1        0.00   0.00   
 Stress_Func       stress_ewa                         0.00   1        0.00   0.00   
 Stress_Func       stress_cc                          0.51   1        0.51   0.38   
 Stress_Func       stress_gga                         0.00   1        0.00   0.00   
 Force_LCAO        ftable                             5.29   1        5.29   4.01   
 Force_LCAO        allocate                           0.28   1        0.28   0.22   
 LCAO_domain       build_ST_new                       0.28   2        0.14   0.21   
 Force_LCAO        cal_pulay_fs_center2               0.01   2        0.00   0.01   
 Gint_interface    cal_gint_force                     3.56   1        3.56   2.70   
 Gint_Tools        cal_dpsir_ylm                      0.12   1024     0.00   0.09   
 Gint_Tools        cal_dpsirr_ylm                     0.02   1024     0.00   0.02   
 NonlocalNew       cal_force_stress                   0.89   1        0.89   0.68   
 ESolver_KS_LCAO   cal_stress                         0.00   1        0.00   0.00   
 ESolver_KS_LCAO   after_all_runners                  0.00   1        0.00   0.00   
 ModuleIO          write_istate_info                  0.00   1        0.00   0.00   
------------------------------------------------------------------------------------


 NAME-------------------------|MEMORY(MB)--------
                         total      2305.8036
                  Gint::hRGint       405.1746
                 Gint::DMRGint       404.8621
       TwoCenterTable: Kinetic       137.3855
       TwoCenterTable: Overlap       137.3855
      TwoCenterTable: Nonlocal       136.0217
                  meshball_pos       125.2053
               GT::ind_bigcell       123.2787
         GT::in_this_processor       123.2787
              GT::index2normal       123.2787
               GT::index2ucell       123.2787
                   Stress::dSR       115.7173
                   Force::dS_K        57.8587
                   Stress::dHr        57.8587
                  Force::dTVNL        57.8587
      GT::bigcell_on_processor        30.8197
                HamiltLCAO::hR        26.1234
            DensityMatrix::DMR        26.1234
                    index_ball        20.8676
                HamiltLCAO::sR        17.4859
                GT::which_atom         7.0874
             GT::which_bigcell         7.0874
            GT::which_unitcell         7.0874
            DensityMatrix::DMK         5.4863
                  SF::strucFac         3.7824
                RealGauntTable         3.7773
                  PW_B_K::gcar         2.8850
                  SF::eigts123         2.2515
                      Chg::rho         2.0000
                 Chg::rho_save         2.0000
                 Chg::rho_core         2.0000
                 Pot::veff_fix         2.0000
                     Pot::veff         2.0000
              Pot::veff_smooth         2.0000
 -------------   < 1.0 MB has been ignored ----------------
 ----------------------------------------------------------

 Start  Time  : Sun Oct 11 00:56:34 2026
 Finish Time  : Sun Oct 11 00:58:46 2026
 Total  Time  : 0 h 2 mins 12 secs 
