                                                                                     
                              ABACUS v3.10.0

               Atomic-orbital Based Ab-initio Computation at UStc                    

                     Website: http://abacus.ustc.edu.cn/                             
               Documentation: https://abacus.deepmodeling.com/                       
                  Repository: https://github.com/abacusmodeling/abacus-develop       
                              https://github.com/deepmodeling/abacus-develop         
                      Commit: f7cb1d3 (Mon May 12 16:53:30 2025 +0800)

 Fri Oct  9 19:12:42 2026
 MAKE THE DIR         : OUT.ABACUS/
 RUNNING WITH DEVICE  : CPU / AMD EPYC 7702 64-Core Processor

%%%%%%%%%%%%%%%%%%%%%%%%%%%%%%%%%%%%%%%%%%%%%%%%%%%%%%%%%%%%%%%%%%%%%%%%%%%%%%%%%%%%%%%%%%%%%%%%%%%%%%%%%
 Warning: the number of valence electrons in pseudopotential > 4 for Hf: [Xe] 4f14 5d2 6s2
 Pseudopotentials with additional electrons can yield (more) accurate outcomes, but may be less efficient.
 If you're confident that your chosen pseudopotential is appropriate, you can safely ignore this warning.
%%%%%%%%%%%%%%%%%%%%%%%%%%%%%%%%%%%%%%%%%%%%%%%%%%%%%%%%%%%%%%%%%%%%%%%%%%%%%%%%%%%%%%%%%%%%%%%%%%%%%%%%%

 UNIFORM GRID DIM        : 72 * 60 * 64
 UNIFORM GRID DIM(BIG)   : 18 * 12 * 32
 DONE(0.792691   SEC) : SETUP UNITCELL
 DONE(0.848176   SEC) : INIT K-POINTS
 ---------------------------------------------------------
 ---------------------------------------------------------
 SPIN    KPOINTS         PROCESSORS  THREADS     NBASE       
 1       16              32          32          212         
 ---------------------------------------------------------
 Use Systematically Improvable Atomic bases
 ---------------------------------------------------------
 ELEMENT ORBITALS        NBASE       NATOM       XC          
 Hf      4s2p2d1f-10au   27          4           
 O       2s2p1d-10au     13          8           
 ---------------------------------------------------------
 Initial plane wave basis and FFT box
 ---------------------------------------------------------
 DONE(0.868332   SEC) : INIT PLANEWAVE
 DONE(1.46137    SEC) : LOCAL POTENTIAL
 -------------------------------------------
 NONSELF-CONSISTENT : 
 -------------------------------------------
 START CHARGE      : file
 DONE(2.03727    SEC) : INIT SCF
 ITER       ETOT/eV          EDIFF/eV         DRHO     TIME/s
 GE1     -9.78331707e+03   0.00000000e+00   0.0000e+00   3.84

 * * * * * *
 << Start Berry phase calculation.
 >> Finish Berry phase calculation.
 * * * * * *
TIME STATISTICS
----------------------------------------------------------------------------------
   CLASS_NAME                   NAME                TIME/s  CALLS   AVG/s  PER/%  
----------------------------------------------------------------------------------
                 total                              29.67  11       2.70   100.00 
 Driver          reading                            0.47   1        0.47   1.57   
 Input_Conv      Convert                            0.00   1        0.00   0.01   
 Driver          driver_line                        29.20  1        29.20  98.43  
 UnitCell        check_tau                          0.00   1        0.00   0.00   
 ESolver_KS_LCAO before_all_runners                 0.96   1        0.96   3.25   
 PW_Basis_Sup    setuptransform                     0.03   1        0.03   0.10   
 PW_Basis_Sup    distributeg                        0.02   1        0.02   0.06   
 mymath          heapsort                           0.00   3        0.00   0.00   
 Charge_Mixing   init_mixing                        0.00   1        0.00   0.00   
 PW_Basis_K      setuptransform                     0.01   1        0.01   0.03   
 PW_Basis_K      distributeg                        0.01   1        0.01   0.03   
 PW_Basis        setup_struc_factor                 0.01   1        0.01   0.03   
 NOrbital_Lm     extra_uniform                      0.30   323      0.00   1.00   
 Mathzone_Add1   SplineD2                           0.01   323      0.00   0.02   
 Mathzone_Add1   Cubic_Spline_Interpolation         0.14   323      0.00   0.47   
 ppcell_vl       init_vloc                          0.15   1        0.15   0.50   
 Ions            opt_ions                           28.20  1        28.20  95.03  
 ESolver_KS_LCAO runner                             28.18  1        28.18  94.96  
 ESolver_KS_LCAO before_scf                         0.58   1        0.58   1.94   
 atom_arrange    search                             0.00   1        0.00   0.00   
 atom_arrange    grid_d.init                        0.00   1        0.00   0.00   
 Grid            Construct_Adjacent_expand          0.00   1        0.00   0.00   
 Grid            Construct_Adjacent_expand_periodic 0.00   12       0.00   0.00   
 Grid_Technique  init                               0.07   1        0.07   0.22   
 Grid_BigCell    grid_expansion_index               0.01   2        0.01   0.04   
 Grid_Driver     Find_atom                          0.00   96       0.00   0.01   
 Record_adj      for_2d                             0.04   1        0.04   0.14   
 LCAO_domain     grid_prepare                       0.00   1        0.00   0.00   
 Veff            initialize_HR                      0.00   1        0.00   0.01   
 OverlapNew      initialize_SR                      0.00   1        0.00   0.01   
 EkineticNew     initialize_HR                      0.00   1        0.00   0.02   
 NonlocalNew     initialize_HR                      0.03   1        0.03   0.09   
 Charge          set_rho_core                       0.18   1        0.18   0.60   
 PW_Basis_Sup    recip2real                         0.05   13       0.00   0.17   
 PW_Basis_Sup    gathers_scatterp                   0.04   13       0.00   0.12   
 ModuleIO        read_rhog                          0.00   1        0.00   0.00   
 Potential       init_pot                           0.11   1        0.11   0.37   
 Potential       update_from_charge                 0.12   2        0.06   0.40   
 Potential       cal_fixed_v                        0.00   1        0.00   0.01   
 PotLocal        cal_fixed_v                        0.00   1        0.00   0.01   
 Potential       cal_v_eff                          0.11   2        0.06   0.39   
 H_Hartree_pw    v_hartree                          0.05   2        0.03   0.18   
 PW_Basis_Sup    real2recip                         0.04   13       0.00   0.14   
 PW_Basis_Sup    gatherp_scatters                   0.03   13       0.00   0.11   
 PotXC           cal_v_eff                          0.06   2        0.03   0.21   
 XC_Functional   v_xc                               0.06   2        0.03   0.20   
 Potential       interpolate_vrs                    0.00   2        0.00   0.00   
 H_Ewald_pw      compute_ewald                      0.01   1        0.01   0.03   
 HSolverLCAO     solve                              3.77   1        3.77   12.69  
 HamiltLCAO      updateHk                           2.44   16       0.15   8.23   
 OperatorLCAO    init                               2.32   48       0.05   7.81   
 Veff            contributeHR                       1.86   1        1.86   6.27   
 Gint_interface  cal_gint                           1.56   1        1.56   5.25   
 Gint_interface  cal_gint_vlocal                    1.56   1        1.56   5.25   
 Gint_Tools      cal_psir_ylm                       0.08   216      0.00   0.26   
 Gint_k          transfer_pvpR                      0.30   1        0.30   1.02   
 OverlapNew      calculate_SR                       0.12   1        0.12   0.40   
 OverlapNew      contributeHk                       0.00   16       0.00   0.01   
 EkineticNew     contributeHR                       0.12   1        0.12   0.41   
 EkineticNew     calculate_HR                       0.12   1        0.12   0.41   
 NonlocalNew     contributeHR                       0.33   1        0.33   1.11   
 NonlocalNew     calculate_HR                       0.33   1        0.33   1.11   
 OperatorLCAO    contributeHk                       0.01   16       0.00   0.02   
 HSolverLCAO     hamiltSolvePsiK                    1.27   16       0.08   4.27   
 DiagoElpa       elpa_solve                         0.95   16       0.06   3.21   
 elecstate       cal_dm                             0.04   1        0.04   0.12   
 psiMulPsiMpi    pdgemm                             0.04   16       0.00   0.12   
 DensityMatrix   cal_DMR                            0.01   1        0.01   0.03   
 Charge_Mixing   get_drho                           0.01   1        0.01   0.05   
 ModuleIO        write_rhog                         0.04   1        0.04   0.14   
 ESolver_KS_LCAO after_scf                          23.71  1        23.71  79.90  
 Charge          atomic_rho                         0.15   1        0.15   0.50   
 ORB_gaunt_table init_Gaunt_CH                      0.00   1        0.00   0.01   
 ORB_gaunt_table Calc_Gaunt_CH                      0.00   1631     0.00   0.00   
 ORB_gaunt_table init_Gaunt                         0.01   1        0.01   0.05   
 ORB_gaunt_table Get_Gaunt_SH                       0.01   25313    0.00   0.02   
 Center2_Orb     cal_ST_Phi12_R                     13.68  769      0.02   46.09  
 ESolver_KS_LCAO after_all_runners                  0.01   1        0.01   0.02   
 ModuleIO        nscf_band                          0.01   1        0.01   0.02   
----------------------------------------------------------------------------------


 START  Time  : Fri Oct  9 19:12:42 2026
 FINISH Time  : Fri Oct  9 19:13:12 2026
 TOTAL  Time  : 30
 SEE INFORMATION IN : OUT.ABACUS/
