                                                                                     
                              ABACUS v3.10.0

               Atomic-orbital Based Ab-initio Computation at UStc                    

                     Website: http://abacus.ustc.edu.cn/                             
               Documentation: https://abacus.deepmodeling.com/                       
                  Repository: https://github.com/abacusmodeling/abacus-develop       
                              https://github.com/deepmodeling/abacus-develop         
                      Commit: f7cb1d3 (Mon May 12 16:53:30 2025 +0800)

    Start Time is Fri Oct  9 19:06:28 2026
                                                                                     
 ------------------------------------------------------------------------------------

 READING GENERAL INFORMATION
                           global_out_dir = OUT.ABACUS/
                           global_in_card = INPUT
                               pseudo_dir = 
                              orbital_dir = 
                                    DRANK = 1
                                    DSIZE = 32
                                   DCOLOR = 1
                                    GRANK = 1
                                    GSIZE = 1




 >>>>>>>>>>>>>>>>>>>>>>>>>>>>>>>>>>>>>>>>>>>>>>>>>>>>>>>>>>>>>>>>>>>>>>
 |                                                                    |
 | Reading atom information in unitcell:                              |
 | From the input file and the structure file we know the number of   |
 | different elments in this unitcell, then we list the detail        |
 | information for each element, especially the zeta and polar atomic |
 | orbital number for each element. The total atom number is counted. |
 | We calculate the nearest atom distance for each atom and show the  |
 | Cartesian and Direct coordinates for each atom. We list the file   |
 | address for atomic orbitals. The volume and the lattice vectors    |
 | in real and reciprocal space is also shown.                        |
 |                                                                    |
 <<<<<<<<<<<<<<<<<<<<<<<<<<<<<<<<<<<<<<<<<<<<<<<<<<<<<<<<<<<<<<<<<<<<<<




 READING UNITCELL INFORMATION
                                    ntype = 2
                  lattice constant (Bohr) = 1.88973
              lattice constant (Angstrom) = 1

 READING ATOM TYPE 1
                               atom label = Hf
                      L=0, number of zeta = 4
                      L=1, number of zeta = 2
                      L=2, number of zeta = 2
                      L=3, number of zeta = 1
             number of atom for this type = 4

 READING ATOM TYPE 2
                               atom label = O
                      L=0, number of zeta = 2
                      L=1, number of zeta = 2
                      L=2, number of zeta = 1
             number of atom for this type = 8

                        TOTAL ATOM NUMBER = 12
DIRECT COORDINATES
    atom                   x                   y                   z     mag                  vx                  vy                  vz
taud_Hf1            0.0285126368        0.0071539722        0.9851219536  0.0000        0.0000000000        0.0000000000        0.0000000000
taud_Hf2            0.9553138328        0.4849331336        0.4851179759  0.0000        0.0000000000        0.0000000000        0.0000000000
taud_Hf3            0.4553112793        0.0071622913        0.4851180395  0.0000        0.0000000000        0.0000000000        0.0000000000
taud_Hf4            0.5285107751        0.4849409498        0.9851229855  0.0000        0.0000000000        0.0000000000        0.0000000000
taud_O1            0.2878831726        0.2651357869        0.2186366165  0.0000        0.0000000000        0.0000000000        0.0000000000
taud_O2            0.1959289689        0.2651294080        0.7186349578  0.0000        0.0000000000        0.0000000000        0.0000000000
taud_O3            0.1356449825        0.7975384472        0.3224029555  0.0000        0.0000000000        0.0000000000        0.0000000000
taud_O4            0.3481820815        0.7975393217        0.8224022466  0.0000        0.0000000000        0.0000000000        0.0000000000
taud_O5            0.7878814577        0.2269515955        0.2186414770  0.0000        0.0000000000        0.0000000000        0.0000000000
taud_O6            0.6959311598        0.2269577533        0.7186399495  0.0000        0.0000000000        0.0000000000        0.0000000000
taud_O7            0.6356452192        0.6945498014        0.3224088598  0.0000        0.0000000000        0.0000000000        0.0000000000
taud_O8            0.8481820444        0.6945487412        0.8224084050  0.0000        0.0000000000        0.0000000000        0.0000000000



                          Volume (Bohr^3) = 935.073
                             Volume (A^3) = 138.563

 Lattice vectors: (Cartesian coordinate: in unit of a_0)
             +5.38173        +3.11184e-06        +4.67493e-05
         +3.07198e-06            +5.04484        -4.79412e-05
         +4.68008e-05        -4.78654e-05            +5.10364
 Reciprocal vectors: (Cartesian coordinate: in unit of 2 pi/a_0)
            +0.185814        -1.13165e-07        -1.70393e-06
         -1.14633e-07           +0.198222        +1.85907e-06
         -1.70206e-06        +1.86201e-06           +0.195939
 The esolver type has been set to : ksdft_lcao

 RUNNING WITH DEVICE  : CPU / AMD EPYC 7702 64-Core Processor




 >>>>>>>>>>>>>>>>>>>>>>>>>>>>>>>>>>>>>>>>>>>>>>>>>>>>>>>>>>>>>>>>>>>>>>
 |                                                                    |
 | Reading pseudopotentials files:                                    |
 | The pseudopotential file is in UPF format. The 'NC' indicates that |
 | the type of pseudopotential is 'norm conserving'. Functional of    |
 | exchange and correlation is decided by 4 given parameters in UPF   |
 | file.  We also read in the 'core correction' if there exists.      |
 | Also we can read the valence electrons number and the maximal      |
 | angular momentum used in this pseudopotential. We also read in the |
 | trail wave function, trail atomic density and local-pseudopotential|
 | on logrithmic grid. The non-local pseudopotential projector is also|
 | read in if there is any.                                           |
 |                                                                    |
 <<<<<<<<<<<<<<<<<<<<<<<<<<<<<<<<<<<<<<<<<<<<<<<<<<<<<<<<<<<<<<<<<<<<<<




                PAO radial cut off (Bohr) = 15

 Read in pseudopotential file is Hf.upf
                     pseudopotential type = NC
          exchange-correlation functional = PBE
                 nonlocal core correction = 1
                        valence electrons = 12
                                     lmax = 3
                           number of zeta = 4
                     number of projectors = 8
                           L of projector = 0
                           L of projector = 0
                           L of projector = 1
                           L of projector = 1
                           L of projector = 2
                           L of projector = 2
                           L of projector = 3
                           L of projector = 3
                PAO radial cut off (Bohr) = 15

 Read in pseudopotential file is O.upf
                     pseudopotential type = NC
          exchange-correlation functional = PBE
                 nonlocal core correction = 1
                        valence electrons = 6
                                     lmax = 2
                           number of zeta = 2
                     number of projectors = 5
                           L of projector = 0
                           L of projector = 0
                           L of projector = 1
                           L of projector = 1
                           L of projector = 2
     initial pseudo atomic orbital number = 72

 SETUP THE ELECTRONS NUMBER
            electron number of element Hf = 12
      total electron number of element Hf = 48
             electron number of element O = 6
       total electron number of element O = 48
            AUTOSET number of electrons:  = 96
                           occupied bands = 48
                                   NLOCAL = 212
                                   NBANDS = 58
                                   NBANDS = 58
                                   NLOCAL = 212

%%%%%%%%%%%%%%%%%%%%%%%%%%%%%%%%%%%%%%%%%%%%%%%%%%%%%%%%%%%%%%%%%%%%%%%%%%%%%%%%%%%%%%%%%%%%%%%%%%%%%%%%%%
 Warning: the number of valence electrons in pseudopotential > 4 for Hf: [Xe] 4f14 5d2 6s2
 Pseudopotentials with additional electrons can yield (more) accurate outcomes, but may be less efficient.
 If you're confident that your chosen pseudopotential is appropriate, you can safely ignore this warning.
%%%%%%%%%%%%%%%%%%%%%%%%%%%%%%%%%%%%%%%%%%%%%%%%%%%%%%%%%%%%%%%%%%%%%%%%%%%%%%%%%%%%%%%%%%%%%%%%%%%%%%%%%%
                  




 >>>>>>>>>>>>>>>>>>>>>>>>>>>>>>>>>>>>>>>>>>>>>>>>>>>>>>>>>>>>>>>>>>>>>>
 |                                                                    |
 | Setup plane waves of charge/potential:                             |
 | Use the energy cutoff and the lattice vectors to generate the      |
 | dimensions of FFT grid. The number of FFT grid on each processor   |
 | is 'nrxx'. The number of plane wave basis in reciprocal space is   |
 | different for charege/potential and wave functions. We also set    |
 | the 'sticks' for the parallel of FFT. The number of plane waves    |
 | is 'npw' in each processor.                                        |
 <<<<<<<<<<<<<<<<<<<<<<<<<<<<<<<<<<<<<<<<<<<<<<<<<<<<<<<<<<<<<<<<<<<<<<





 SETUP THE PLANE WAVE BASIS
 energy cutoff for charge/potential (unit:Ry) = 400
            fft grid for charge/potential = [ 72, 64, 64 ]
                        fft grid division = [ 4, 2, 2 ]
        big fft grid for charge/potential = [ 18, 32, 32 ]
                                     nbxx = 576
                                     nrxx = 9216

 SETUP PLANE WAVES FOR CHARGE/POTENTIAL
                    number of plane waves = 126369
                         number of sticks = 3093

 PARALLEL PW FOR CHARGE/POTENTIAL
     PROC   COLUMNS(POT)             PW
        1             97           3951
        2             97           3951
        3             97           3951
        4             97           3951
        5             97           3951
        6             97           3951
        7             97           3951
        8             97           3951
        9             97           3951
       10             97           3951
       11             97           3951
       12             97           3951
       13             97           3951
       14             97           3951
       15             97           3951
       16             97           3951
       17             97           3951
       18             97           3949
       19             97           3949
       20             97           3949
       21             97           3949
       22             96           3946
       23             96           3946
       24             96           3946
       25             96           3946
       26             96           3946
       27             96           3946
       28             96           3946
       29             96           3946
       30             96           3946
       31             96           3946
       32             96           3946
 --------------- sum -------------------
       32           3093         126369
                            number of |g| = 3946
                                  max |g| = 36.1775
                                  min |g| = 0.177399
 DONE : SETUP UNITCELL Time : 0.656602 (SEC)


----------- Double Check Mixing Parameters Begin ------------
mixing_type: broyden
mixing_beta: 0.3
mixing_gg0: 1
mixing_gg0_min: 0.1
mixing_ndim: 8
----------- Double Check Mixing Parameters End ------------




 >>>>>>>>>>>>>>>>>>>>>>>>>>>>>>>>>>>>>>>>>>>>>>>>>>>>>>>>>>>>>>>>>>>>>>
 |                                                                    |
 | Setup K-points                                                     |
 | We setup the k-points according to input parameters.               |
 | The reduced k-points are set according to symmetry operations.     |
 | We treat the spin as another set of k-points.                      |
 |                                                                    |
 <<<<<<<<<<<<<<<<<<<<<<<<<<<<<<<<<<<<<<<<<<<<<<<<<<<<<<<<<<<<<<<<<<<<<<





 SETUP K-POINTS
                                    nspin = 1
                   Input type of k points = Monkhorst-Pack(Gamma)
                                   nkstot = 8
K-POINTS DIRECT COORDINATES
 KPOINTS    DIRECT_X    DIRECT_Y    DIRECT_Z  WEIGHT
       1  0.00000000  0.00000000  0.00000000  0.1250
       2  0.50000000  0.00000000  0.00000000  0.1250
       3  0.00000000  0.50000000  0.00000000  0.1250
       4  0.50000000  0.50000000  0.00000000  0.1250
       5  0.00000000  0.00000000  0.50000000  0.1250
       6  0.50000000  0.00000000  0.50000000  0.1250
       7  0.00000000  0.50000000  0.50000000  0.1250
       8  0.50000000  0.50000000  0.50000000  0.1250


           k-point number in this process = 8
       minimum distributed K point number = 8

K-POINTS CARTESIAN COORDINATES
 KPOINTS CARTESIAN_X CARTESIAN_Y CARTESIAN_Z  WEIGHT
       1  0.00000000  0.00000000  0.00000000  0.2500
       2  0.09290700 -0.00000006 -0.00000085  0.2500
       3 -0.00000006  0.09911112  0.00000093  0.2500
       4  0.09290694  0.09911106  0.00000008  0.2500
       5 -0.00000085  0.00000093  0.09796936  0.2500
       6  0.09290615  0.00000087  0.09796851  0.2500
       7 -0.00000091  0.09911205  0.09797029  0.2500
       8  0.09290609  0.09911199  0.09796944  0.2500


K-POINTS DIRECT COORDINATES
 KPOINTS    DIRECT_X    DIRECT_Y    DIRECT_Z  WEIGHT
       1  0.00000000  0.00000000  0.00000000  0.2500
       2  0.50000000  0.00000000  0.00000000  0.2500
       3  0.00000000  0.50000000  0.00000000  0.2500
       4  0.50000000  0.50000000  0.00000000  0.2500
       5  0.00000000  0.00000000  0.50000000  0.2500
       6  0.50000000  0.00000000  0.50000000  0.2500
       7  0.00000000  0.50000000  0.50000000  0.2500
       8  0.50000000  0.50000000  0.50000000  0.2500

 DONE : INIT K-POINTS Time : 0.696695 (SEC)





 >>>>>>>>>>>>>>>>>>>>>>>>>>>>>>>>>>>>>>>>>>>>>>>>>>>>>>>>>>>>>>>>>>>>>>
 |                                                                    |
 | Setup plane waves of wave functions:                               |
 | Use the energy cutoff and the lattice vectors to generate the      |
 | dimensions of FFT grid. The number of FFT grid on each processor   |
 | is 'nrxx'. The number of plane wave basis in reciprocal space is   |
 | different for charege/potential and wave functions. We also set    |
 | the 'sticks' for the parallel of FFT. The number of plane wave of  |
 | each k-point is 'npwk[ik]' in each processor                       |
 <<<<<<<<<<<<<<<<<<<<<<<<<<<<<<<<<<<<<<<<<<<<<<<<<<<<<<<<<<<<<<<<<<<<<<





 SETUP PLANE WAVES FOR WAVE FUNCTIONS
     energy cutoff for wavefunc (unit:Ry) = 100
              fft grid for wave functions = [ 72, 64, 64 ]
                    number of plane waves = 18591
                         number of sticks = 855

 PARALLEL PW FOR WAVE FUNCTIONS
     PROC   COLUMNS(POT)             PW
        1             26            580
        2             26            580
        3             26            580
        4             26            580
        5             26            580
        6             26            580
        7             26            580
        8             26            580
        9             26            580
       10             27            583
       11             27            583
       12             27            583
       13             27            583
       14             27            583
       15             27            583
       16             27            581
       17             27            581
       18             27            581
       19             27            581
       20             27            581
       21             27            581
       22             27            581
       23             27            581
       24             27            581
       25             27            581
       26             27            581
       27             27            581
       28             27            581
       29             27            581
       30             27            581
       31             27            579
       32             27            579
 --------------- sum -------------------
       32            855          18591
 DONE : INIT PLANEWAVE Time : 0.71043 (SEC)

 SET NONLOCAL PSEUDOPOTENTIAL PROJECTORS
 SET NONLOCAL PSEUDOPOTENTIAL PROJECTORS
 max number of nonlocal projetors among all species is 8
 DONE : LOCAL POTENTIAL Time : 1.25116 (SEC)


 -------------------------------------------
 NONSELF-CONSISTENT
 -------------------------------------------




 >>>>>>>>>>>>>>>>>>>>>>>>>>>>>>>>>>>>>>>>>>>>>>>>>>>>>>>>>>>>>>>>>>>>>>
 |                                                                    |
 | Search adjacent atoms:                                             |
 | Set the adjacent atoms for each atom and set the periodic boundary |
 | condition for the atoms on real space FFT grid. For k-dependent    |
 | algorithm, we also need to set the sparse H and S matrix element   |
 | for each atom.                                                     |
 |                                                                    |
 <<<<<<<<<<<<<<<<<<<<<<<<<<<<<<<<<<<<<<<<<<<<<<<<<<<<<<<<<<<<<<<<<<<<<<





 SETUP SEARCHING RADIUS FOR PROGRAM TO SEARCH ADJACENT ATOMS
                  longest orb rcut (Bohr) = 10
   longest nonlocal projector rcut (Bohr) = 2.46
                     search radius (Bohr) = 24.9
              searching radius is (Bohr)) = 24.9
         searching radius unit is (Bohr)) = 1.89
                         PeriodicBoundary = 1
                        Radius(unit:lat0) = 13.2
                                   glayer = [ 4, 4, 4 ]
                             glayer_minus = [ 3, 3, 3 ]

Find the coordinate range of the input atom(unit:lat0).
                                  min_tau = [ -16, -15.1, -14.2 ]
                                  max_tau = [ 21.3, 19.2, 20.3 ]
                                BoxNumber = [ 7, 7, 7 ]

 SETUP EXTENDED REAL SPACE GRID FOR GRID INTEGRATION
                          real space grid = [ 72, 64, 64 ]
                 big cell numbers in grid = [ 18, 32, 32 ]
             meshcell numbers in big cell = [ 4, 2, 2 ]
                        extended fft grid = [ 18, 34, 34 ]
                dimension of extened grid = [ 55, 101, 101 ]
                            UnitCellTotal = 100
              Atom number in sub-FFT-grid = 12
    Local orbitals number in sub-FFT-grid = 212
                                ParaV.nnr = 77751

 Warning_Memory_Consuming allocated:  Gint::hRGint 12.4 MB

 Warning_Memory_Consuming allocated:  Gint::DMRGint 12.4 MB
                                 init_chg = file
 try to read charge from file
 Find the file OUT.ABACUS//SPIN1_CHG.cube , try to read it.
 Read in the charge density: OUT.ABACUS//SPIN1_CHG.cube
 DONE : INIT SCF Time : 1.79823 (SEC)


 LCAO ALGORITHM --------------- ION=   1  ELEC=   1--------------------------------
 Energy (eV) & Occupations  for spin=1 K-point=1
      1       -49.2102       0.250000
      2       -49.1938       0.250000
      3       -49.1937       0.250000
      4       -49.1910       0.250000
      5       -19.0227       0.250000
      6       -18.9872       0.250000
      7       -18.9829       0.250000
      8       -18.7872       0.250000
      9       -18.7657       0.250000
     10       -18.7297       0.250000
     11       -18.7277       0.250000
     12       -18.7208       0.250000
     13       -18.6978       0.250000
     14       -18.6298       0.250000
     15       -18.6148       0.250000
     16       -18.6080       0.250000
     17       -7.14765       0.250000
     18       -5.76383       0.250000
     19       -5.75425       0.250000
     20       -5.59159       0.250000
     21       -5.33955       0.250000
     22       -5.22405       0.250000
     23       -5.11085       0.250000
     24       -5.08544       0.250000
     25        5.36643       0.250000
     26        5.44124       0.250000
     27        5.80264       0.250000
     28        6.17621       0.250000
     29        6.32164       0.250000
     30        6.40200       0.250000
     31        7.50421       0.250000
     32        7.58670       0.250000
     33        7.78642       0.250000
     34        7.91475       0.250000
     35        8.21249       0.250000
     36        8.41090       0.250000
     37        8.43095       0.250000
     38        8.87458       0.250000
     39        9.05671       0.250000
     40        9.14621       0.250000
     41        9.28937       0.250000
     42        9.52980       0.250000
     43        9.54633       0.250000
     44        9.67691       0.250000
     45        10.0920       0.250000
     46        10.5125       0.250000
     47        10.5637       0.250000
     48        10.6985       0.250000
     49        15.9351        0.00000
     50        16.0154        0.00000
     51        16.3180        0.00000
     52        16.3258        0.00000
     53        16.4002        0.00000
     54        16.5744        0.00000
     55        16.7703        0.00000
     56        16.8571        0.00000
     57        17.0819        0.00000
     58        17.3379        0.00000
 Energy (eV) & Occupations  for spin=1 K-point=2
      1       -49.2035       0.250000
      2       -49.2034       0.250000
      3       -49.1909       0.250000
      4       -49.1909       0.250000
      5       -18.9172       0.250000
      6       -18.9172       0.250000
      7       -18.8850       0.250000
      8       -18.8850       0.250000
      9       -18.8267       0.250000
     10       -18.8266       0.250000
     11       -18.7161       0.250000
     12       -18.7161       0.250000
     13       -18.6517       0.250000
     14       -18.6516       0.250000
     15       -18.6501       0.250000
     16       -18.6501       0.250000
     17       -6.41744       0.250000
     18       -6.41740       0.250000
     19       -5.50751       0.250000
     20       -5.50747       0.250000
     21       -5.34891       0.250000
     22       -5.34890       0.250000
     23       -5.29079       0.250000
     24       -5.29077       0.250000
     25        6.12645       0.250000
     26        6.12649       0.250000
     27        6.30732       0.250000
     28        6.30736       0.250000
     29        6.79171       0.250000
     30        6.79172       0.250000
     31        7.01776       0.250000
     32        7.01783       0.250000
     33        7.50480       0.250000
     34        7.50483       0.250000
     35        8.04552       0.250000
     36        8.04565       0.250000
     37        8.62318       0.250000
     38        8.62318       0.250000
     39        8.80679       0.250000
     40        8.80685       0.250000
     41        9.11376       0.250000
     42        9.11383       0.250000
     43        9.75086       0.250000
     44        9.75093       0.250000
     45        10.0006       0.250000
     46        10.0006       0.250000
     47        10.4089       0.250000
     48        10.4090       0.250000
     49        16.0276        0.00000
     50        16.0277        0.00000
     51        16.4314        0.00000
     52        16.4315        0.00000
     53        16.6273        0.00000
     54        16.6274        0.00000
     55        17.1350        0.00000
     56        17.1351        0.00000
     57        17.4554        0.00000
     58        17.4554        0.00000
 Energy (eV) & Occupations  for spin=1 K-point=3
      1       -49.2043       0.250000
      2       -49.1998       0.250000
      3       -49.1928       0.250000
      4       -49.1919       0.250000
      5       -18.9239       0.250000
      6       -18.8982       0.250000
      7       -18.8518       0.250000
      8       -18.8346       0.250000
      9       -18.8264       0.250000
     10       -18.7915       0.250000
     11       -18.7443       0.250000
     12       -18.7319       0.250000
     13       -18.6910       0.250000
     14       -18.6879       0.250000
     15       -18.6660       0.250000
     16       -18.6586       0.250000
     17       -6.49034       0.250000
     18       -5.98956       0.250000
     19       -5.68266       0.250000
     20       -5.60118       0.250000
     21       -5.44919       0.250000
     22       -5.37643       0.250000
     23       -5.30645       0.250000
     24       -5.20655       0.250000
     25        5.80142       0.250000
     26        5.81364       0.250000
     27        6.42673       0.250000
     28        6.53769       0.250000
     29        6.54638       0.250000
     30        6.73038       0.250000
     31        6.84366       0.250000
     32        6.86027       0.250000
     33        7.46600       0.250000
     34        7.48895       0.250000
     35        8.18762       0.250000
     36        8.26412       0.250000
     37        8.40221       0.250000
     38        8.56653       0.250000
     39        9.07716       0.250000
     40        9.09980       0.250000
     41        9.22965       0.250000
     42        9.55645       0.250000
     43        9.69571       0.250000
     44        9.77900       0.250000
     45        10.1851       0.250000
     46        10.3405       0.250000
     47        10.5120       0.250000
     48        10.5569       0.250000
     49        15.5783        0.00000
     50        16.0005        0.00000
     51        16.0614        0.00000
     52        16.4409        0.00000
     53        16.5250        0.00000
     54        16.8222        0.00000
     55        17.1013        0.00000
     56        17.3472        0.00000
     57        17.4139        0.00000
     58        17.5341        0.00000
 Energy (eV) & Occupations  for spin=1 K-point=4
      1       -49.2015       0.250000
      2       -49.2013       0.250000
      3       -49.1930       0.250000
      4       -49.1928       0.250000
      5       -18.9288       0.250000
      6       -18.9288       0.250000
      7       -18.8605       0.250000
      8       -18.8604       0.250000
      9       -18.8274       0.250000
     10       -18.8274       0.250000
     11       -18.7090       0.250000
     12       -18.7089       0.250000
     13       -18.6882       0.250000
     14       -18.6882       0.250000
     15       -18.6383       0.250000
     16       -18.6383       0.250000
     17       -6.25469       0.250000
     18       -6.25465       0.250000
     19       -5.72201       0.250000
     20       -5.72197       0.250000
     21       -5.38725       0.250000
     22       -5.38719       0.250000
     23       -5.20432       0.250000
     24       -5.20430       0.250000
     25        6.14951       0.250000
     26        6.14955       0.250000
     27        6.29337       0.250000
     28        6.29344       0.250000
     29        6.74731       0.250000
     30        6.74733       0.250000
     31        7.55775       0.250000
     32        7.55780       0.250000
     33        7.74861       0.250000
     34        7.74869       0.250000
     35        8.13356       0.250000
     36        8.13362       0.250000
     37        8.25566       0.250000
     38        8.25570       0.250000
     39        8.43813       0.250000
     40        8.43815       0.250000
     41        9.34456       0.250000
     42        9.34458       0.250000
     43        9.59193       0.250000
     44        9.59195       0.250000
     45        9.95117       0.250000
     46        9.95119       0.250000
     47        10.2368       0.250000
     48        10.2368       0.250000
     49        15.9234        0.00000
     50        15.9236        0.00000
     51        16.0675        0.00000
     52        16.0675        0.00000
     53        16.5672        0.00000
     54        16.5673        0.00000
     55        16.9334        0.00000
     56        16.9334        0.00000
     57        17.5762        0.00000
     58        17.5763        0.00000
 Energy (eV) & Occupations  for spin=1 K-point=5
      1       -49.2007       0.250000
      2       -49.2007       0.250000
      3       -49.1938       0.250000
      4       -49.1938       0.250000
      5       -18.9259       0.250000
      6       -18.9258       0.250000
      7       -18.8726       0.250000
      8       -18.8726       0.250000
      9       -18.8119       0.250000
     10       -18.8119       0.250000
     11       -18.7107       0.250000
     12       -18.7107       0.250000
     13       -18.6658       0.250000
     14       -18.6658       0.250000
     15       -18.6635       0.250000
     16       -18.6635       0.250000
     17       -6.31957       0.250000
     18       -6.31942       0.250000
     19       -5.76961       0.250000
     20       -5.76950       0.250000
     21       -5.35102       0.250000
     22       -5.35096       0.250000
     23       -5.09700       0.250000
     24       -5.09695       0.250000
     25        5.77417       0.250000
     26        5.77430       0.250000
     27        6.61369       0.250000
     28        6.61381       0.250000
     29        6.74431       0.250000
     30        6.74439       0.250000
     31        6.97798       0.250000
     32        6.97807       0.250000
     33        7.29286       0.250000
     34        7.29295       0.250000
     35        8.23427       0.250000
     36        8.23438       0.250000
     37        8.45098       0.250000
     38        8.45110       0.250000
     39        8.91352       0.250000
     40        8.91361       0.250000
     41        9.14961       0.250000
     42        9.14970       0.250000
     43        9.86873       0.250000
     44        9.86888       0.250000
     45        10.2735       0.250000
     46        10.2735       0.250000
     47        10.4954       0.250000
     48        10.4955       0.250000
     49        15.7059        0.00000
     50        15.7061        0.00000
     51        16.1274        0.00000
     52        16.1275        0.00000
     53        16.6766        0.00000
     54        16.6768        0.00000
     55        16.9085        0.00000
     56        16.9086        0.00000
     57        17.8613        0.00000
     58        17.8616        0.00000
 Energy (eV) & Occupations  for spin=1 K-point=6
      1       -49.1972       0.250000
      2       -49.1972       0.250000
      3       -49.1972       0.250000
      4       -49.1971       0.250000
      5       -18.8969       0.250000
      6       -18.8969       0.250000
      7       -18.8968       0.250000
      8       -18.8968       0.250000
      9       -18.7662       0.250000
     10       -18.7662       0.250000
     11       -18.7661       0.250000
     12       -18.7661       0.250000
     13       -18.6638       0.250000
     14       -18.6638       0.250000
     15       -18.6638       0.250000
     16       -18.6637       0.250000
     17       -5.96038       0.250000
     18       -5.96032       0.250000
     19       -5.96021       0.250000
     20       -5.96018       0.250000
     21       -5.33435       0.250000
     22       -5.33431       0.250000
     23       -5.33431       0.250000
     24       -5.33427       0.250000
     25        6.50897       0.250000
     26        6.50901       0.250000
     27        6.50905       0.250000
     28        6.50906       0.250000
     29        7.00961       0.250000
     30        7.00963       0.250000
     31        7.00972       0.250000
     32        7.00973       0.250000
     33        7.81437       0.250000
     34        7.81441       0.250000
     35        7.81453       0.250000
     36        7.81459       0.250000
     37        8.46576       0.250000
     38        8.46581       0.250000
     39        8.46591       0.250000
     40        8.46597       0.250000
     41        9.23603       0.250000
     42        9.23607       0.250000
     43        9.23609       0.250000
     44        9.23613       0.250000
     45        10.0144       0.250000
     46        10.0144       0.250000
     47        10.0144       0.250000
     48        10.0144       0.250000
     49        16.0761        0.00000
     50        16.0762        0.00000
     51        16.0764        0.00000
     52        16.0764        0.00000
     53        16.9906        0.00000
     54        16.9906        0.00000
     55        16.9907        0.00000
     56        16.9908        0.00000
     57        17.8509        0.00000
     58        17.8509        0.00000
 Energy (eV) & Occupations  for spin=1 K-point=7
      1       -49.1981       0.250000
      2       -49.1981       0.250000
      3       -49.1963       0.250000
      4       -49.1963       0.250000
      5       -18.9393       0.250000
      6       -18.9393       0.250000
      7       -18.9109       0.250000
      8       -18.9109       0.250000
      9       -18.7862       0.250000
     10       -18.7862       0.250000
     11       -18.7447       0.250000
     12       -18.7447       0.250000
     13       -18.6428       0.250000
     14       -18.6428       0.250000
     15       -18.6286       0.250000
     16       -18.6285       0.250000
     17       -6.08670       0.250000
     18       -6.08655       0.250000
     19       -5.78431       0.250000
     20       -5.78429       0.250000
     21       -5.48158       0.250000
     22       -5.48145       0.250000
     23       -5.23861       0.250000
     24       -5.23860       0.250000
     25        6.20968       0.250000
     26        6.20978       0.250000
     27        6.50269       0.250000
     28        6.50272       0.250000
     29        6.91990       0.250000
     30        6.92001       0.250000
     31        6.97502       0.250000
     32        6.97511       0.250000
     33        7.56957       0.250000
     34        7.56965       0.250000
     35        8.03599       0.250000
     36        8.03603       0.250000
     37        8.78807       0.250000
     38        8.78815       0.250000
     39        8.92471       0.250000
     40        8.92477       0.250000
     41        9.08488       0.250000
     42        9.08497       0.250000
     43        9.31684       0.250000
     44        9.31697       0.250000
     45        10.0406       0.250000
     46        10.0408       0.250000
     47        10.3933       0.250000
     48        10.3933       0.250000
     49        15.5492        0.00000
     50        15.5493        0.00000
     51        15.9736        0.00000
     52        15.9737        0.00000
     53        16.6710        0.00000
     54        16.6711        0.00000
     55        17.0632        0.00000
     56        17.0633        0.00000
     57        17.1957        0.00000
     58        17.1958        0.00000
 Energy (eV) & Occupations  for spin=1 K-point=8
      1       -49.1972       0.250000
      2       -49.1972       0.250000
      3       -49.1971       0.250000
      4       -49.1971       0.250000
      5       -18.9924       0.250000
      6       -18.9924       0.250000
      7       -18.9924       0.250000
      8       -18.9923       0.250000
      9       -18.6821       0.250000
     10       -18.6820       0.250000
     11       -18.6820       0.250000
     12       -18.6820       0.250000
     13       -18.6484       0.250000
     14       -18.6484       0.250000
     15       -18.6483       0.250000
     16       -18.6483       0.250000
     17       -6.11438       0.250000
     18       -6.11430       0.250000
     19       -6.11422       0.250000
     20       -6.11421       0.250000
     21       -5.17366       0.250000
     22       -5.17362       0.250000
     23       -5.17361       0.250000
     24       -5.17359       0.250000
     25        6.57436       0.250000
     26        6.57439       0.250000
     27        6.57442       0.250000
     28        6.57445       0.250000
     29        6.85198       0.250000
     30        6.85200       0.250000
     31        6.85205       0.250000
     32        6.85207       0.250000
     33        8.04511       0.250000
     34        8.04516       0.250000
     35        8.04517       0.250000
     36        8.04521       0.250000
     37        8.62059       0.250000
     38        8.62060       0.250000
     39        8.62072       0.250000
     40        8.62073       0.250000
     41        9.29503       0.250000
     42        9.29506       0.250000
     43        9.29511       0.250000
     44        9.29518       0.250000
     45        9.85778       0.250000
     46        9.85783       0.250000
     47        9.85786       0.250000
     48        9.85787       0.250000
     49        15.6466        0.00000
     50        15.6466        0.00000
     51        15.6467        0.00000
     52        15.6467        0.00000
     53        16.7072        0.00000
     54        16.7073        0.00000
     55        16.7073        0.00000
     56        16.7074        0.00000
     57        17.5186        0.00000
     58        17.5187        0.00000

 Density error is 0.00000000000
----------------------------------------------------------
     Energy           Rydberg                 eV          
----------------------------------------------------------
 E_KohnSham     -719.0475149815      -9783.1433364890     
 E_KS(sigma->0) -719.0475149815      -9783.1433364890     
 E_Harris       -719.0475149815      -9783.1433364890     
 E_band         -39.6741412334       -539.7943840316      
 E_one_elec     -131.4602251653      -1788.6081226106     
 E_Hartree      120.4723408388       1639.1102868060      
 E_xc           -182.3690837350      -2481.2586778352     
 E_Ewald        -525.6905469201      -7152.3868228492     
 E_entropy(-TS) -0.0000000000        -0.0000000000        
 E_descf        0.0000000000         0.0000000000         
 E_exx          0.0000000000         0.0000000000         
 E_Fermi        1.0309461462         14.0267419191        
----------------------------------------------------------


 charge density convergence is achieved
 final etot is -9783.1433365 eV
 EFERMI = 14.026741919 eV

 STATE ENERGY(eV) AND OCCUPATIONS    NSPIN == 1
 1/8 kpoint (Cartesian) = 0.0000 0.0000 0.0000 (496 pws)
       1       -49.2102       0.250000
       2       -49.1938       0.250000
       3       -49.1937       0.250000
       4       -49.1910       0.250000
       5       -19.0227       0.250000
       6       -18.9872       0.250000
       7       -18.9829       0.250000
       8       -18.7872       0.250000
       9       -18.7657       0.250000
      10       -18.7297       0.250000
      11       -18.7277       0.250000
      12       -18.7208       0.250000
      13       -18.6978       0.250000
      14       -18.6298       0.250000
      15       -18.6148       0.250000
      16       -18.6080       0.250000
      17       -7.14765       0.250000
      18       -5.76383       0.250000
      19       -5.75425       0.250000
      20       -5.59159       0.250000
      21       -5.33955       0.250000
      22       -5.22405       0.250000
      23       -5.11085       0.250000
      24       -5.08544       0.250000
      25        5.36643       0.250000
      26        5.44124       0.250000
      27        5.80264       0.250000
      28        6.17621       0.250000
      29        6.32164       0.250000
      30        6.40200       0.250000
      31        7.50421       0.250000
      32        7.58670       0.250000
      33        7.78642       0.250000
      34        7.91475       0.250000
      35        8.21249       0.250000
      36        8.41090       0.250000
      37        8.43095       0.250000
      38        8.87458       0.250000
      39        9.05671       0.250000
      40        9.14621       0.250000
      41        9.28937       0.250000
      42        9.52980       0.250000
      43        9.54633       0.250000
      44        9.67691       0.250000
      45        10.0920       0.250000
      46        10.5125       0.250000
      47        10.5637       0.250000
      48        10.6985       0.250000
      49        15.9351        0.00000
      50        16.0154        0.00000
      51        16.3180        0.00000
      52        16.3258        0.00000
      53        16.4002        0.00000
      54        16.5744        0.00000
      55        16.7703        0.00000
      56        16.8571        0.00000
      57        17.0819        0.00000
      58        17.3379        0.00000

 2/8 kpoint (Cartesian) = 0.092907 -5.6582e-08 -8.5197e-07 (506 pws)
       1       -49.2035       0.250000
       2       -49.2034       0.250000
       3       -49.1909       0.250000
       4       -49.1909       0.250000
       5       -18.9172       0.250000
       6       -18.9172       0.250000
       7       -18.8850       0.250000
       8       -18.8850       0.250000
       9       -18.8267       0.250000
      10       -18.8266       0.250000
      11       -18.7161       0.250000
      12       -18.7161       0.250000
      13       -18.6517       0.250000
      14       -18.6516       0.250000
      15       -18.6501       0.250000
      16       -18.6501       0.250000
      17       -6.41744       0.250000
      18       -6.41740       0.250000
      19       -5.50751       0.250000
      20       -5.50747       0.250000
      21       -5.34891       0.250000
      22       -5.34890       0.250000
      23       -5.29079       0.250000
      24       -5.29077       0.250000
      25        6.12645       0.250000
      26        6.12649       0.250000
      27        6.30732       0.250000
      28        6.30736       0.250000
      29        6.79171       0.250000
      30        6.79172       0.250000
      31        7.01776       0.250000
      32        7.01783       0.250000
      33        7.50480       0.250000
      34        7.50483       0.250000
      35        8.04552       0.250000
      36        8.04565       0.250000
      37        8.62318       0.250000
      38        8.62318       0.250000
      39        8.80679       0.250000
      40        8.80685       0.250000
      41        9.11376       0.250000
      42        9.11383       0.250000
      43        9.75086       0.250000
      44        9.75093       0.250000
      45        10.0006       0.250000
      46        10.0006       0.250000
      47        10.4089       0.250000
      48        10.4090       0.250000
      49        16.0276        0.00000
      50        16.0277        0.00000
      51        16.4314        0.00000
      52        16.4315        0.00000
      53        16.6273        0.00000
      54        16.6274        0.00000
      55        17.1350        0.00000
      56        17.1351        0.00000
      57        17.4554        0.00000
      58        17.4554        0.00000

 3/8 kpoint (Cartesian) = -5.7317e-08 0.099111 9.2953e-07 (506 pws)
       1       -49.2043       0.250000
       2       -49.1998       0.250000
       3       -49.1928       0.250000
       4       -49.1919       0.250000
       5       -18.9239       0.250000
       6       -18.8982       0.250000
       7       -18.8518       0.250000
       8       -18.8346       0.250000
       9       -18.8264       0.250000
      10       -18.7915       0.250000
      11       -18.7443       0.250000
      12       -18.7319       0.250000
      13       -18.6910       0.250000
      14       -18.6879       0.250000
      15       -18.6660       0.250000
      16       -18.6586       0.250000
      17       -6.49034       0.250000
      18       -5.98956       0.250000
      19       -5.68266       0.250000
      20       -5.60118       0.250000
      21       -5.44919       0.250000
      22       -5.37643       0.250000
      23       -5.30645       0.250000
      24       -5.20655       0.250000
      25        5.80142       0.250000
      26        5.81364       0.250000
      27        6.42673       0.250000
      28        6.53769       0.250000
      29        6.54638       0.250000
      30        6.73038       0.250000
      31        6.84366       0.250000
      32        6.86027       0.250000
      33        7.46600       0.250000
      34        7.48895       0.250000
      35        8.18762       0.250000
      36        8.26412       0.250000
      37        8.40221       0.250000
      38        8.56653       0.250000
      39        9.07716       0.250000
      40        9.09980       0.250000
      41        9.22965       0.250000
      42        9.55645       0.250000
      43        9.69571       0.250000
      44        9.77900       0.250000
      45        10.1851       0.250000
      46        10.3405       0.250000
      47        10.5120       0.250000
      48        10.5569       0.250000
      49        15.5783        0.00000
      50        16.0005        0.00000
      51        16.0614        0.00000
      52        16.4409        0.00000
      53        16.5250        0.00000
      54        16.8222        0.00000
      55        17.1013        0.00000
      56        17.3472        0.00000
      57        17.4139        0.00000
      58        17.5341        0.00000

 4/8 kpoint (Cartesian) = 0.092907 0.099111 7.7566e-08 (507 pws)
       1       -49.2015       0.250000
       2       -49.2013       0.250000
       3       -49.1930       0.250000
       4       -49.1928       0.250000
       5       -18.9288       0.250000
       6       -18.9288       0.250000
       7       -18.8605       0.250000
       8       -18.8604       0.250000
       9       -18.8274       0.250000
      10       -18.8274       0.250000
      11       -18.7090       0.250000
      12       -18.7089       0.250000
      13       -18.6882       0.250000
      14       -18.6882       0.250000
      15       -18.6383       0.250000
      16       -18.6383       0.250000
      17       -6.25469       0.250000
      18       -6.25465       0.250000
      19       -5.72201       0.250000
      20       -5.72197       0.250000
      21       -5.38725       0.250000
      22       -5.38719       0.250000
      23       -5.20432       0.250000
      24       -5.20430       0.250000
      25        6.14951       0.250000
      26        6.14955       0.250000
      27        6.29337       0.250000
      28        6.29344       0.250000
      29        6.74731       0.250000
      30        6.74733       0.250000
      31        7.55775       0.250000
      32        7.55780       0.250000
      33        7.74861       0.250000
      34        7.74869       0.250000
      35        8.13356       0.250000
      36        8.13362       0.250000
      37        8.25566       0.250000
      38        8.25570       0.250000
      39        8.43813       0.250000
      40        8.43815       0.250000
      41        9.34456       0.250000
      42        9.34458       0.250000
      43        9.59193       0.250000
      44        9.59195       0.250000
      45        9.95117       0.250000
      46        9.95119       0.250000
      47        10.2368       0.250000
      48        10.2368       0.250000
      49        15.9234        0.00000
      50        15.9236        0.00000
      51        16.0675        0.00000
      52        16.0675        0.00000
      53        16.5672        0.00000
      54        16.5673        0.00000
      55        16.9334        0.00000
      56        16.9334        0.00000
      57        17.5762        0.00000
      58        17.5763        0.00000

 5/8 kpoint (Cartesian) = -8.5103e-07 9.3100e-07 0.097969 (496 pws)
       1       -49.2007       0.250000
       2       -49.2007       0.250000
       3       -49.1938       0.250000
       4       -49.1938       0.250000
       5       -18.9259       0.250000
       6       -18.9258       0.250000
       7       -18.8726       0.250000
       8       -18.8726       0.250000
       9       -18.8119       0.250000
      10       -18.8119       0.250000
      11       -18.7107       0.250000
      12       -18.7107       0.250000
      13       -18.6658       0.250000
      14       -18.6658       0.250000
      15       -18.6635       0.250000
      16       -18.6635       0.250000
      17       -6.31957       0.250000
      18       -6.31942       0.250000
      19       -5.76961       0.250000
      20       -5.76950       0.250000
      21       -5.35102       0.250000
      22       -5.35096       0.250000
      23       -5.09700       0.250000
      24       -5.09695       0.250000
      25        5.77417       0.250000
      26        5.77430       0.250000
      27        6.61369       0.250000
      28        6.61381       0.250000
      29        6.74431       0.250000
      30        6.74439       0.250000
      31        6.97798       0.250000
      32        6.97807       0.250000
      33        7.29286       0.250000
      34        7.29295       0.250000
      35        8.23427       0.250000
      36        8.23438       0.250000
      37        8.45098       0.250000
      38        8.45110       0.250000
      39        8.91352       0.250000
      40        8.91361       0.250000
      41        9.14961       0.250000
      42        9.14970       0.250000
      43        9.86873       0.250000
      44        9.86888       0.250000
      45        10.2735       0.250000
      46        10.2735       0.250000
      47        10.4954       0.250000
      48        10.4955       0.250000
      49        15.7059        0.00000
      50        15.7061        0.00000
      51        16.1274        0.00000
      52        16.1275        0.00000
      53        16.6766        0.00000
      54        16.6768        0.00000
      55        16.9085        0.00000
      56        16.9086        0.00000
      57        17.8613        0.00000
      58        17.8616        0.00000

 6/8 kpoint (Cartesian) = 0.092906 8.7442e-07 0.097969 (506 pws)
       1       -49.1972       0.250000
       2       -49.1972       0.250000
       3       -49.1972       0.250000
       4       -49.1971       0.250000
       5       -18.8969       0.250000
       6       -18.8969       0.250000
       7       -18.8968       0.250000
       8       -18.8968       0.250000
       9       -18.7662       0.250000
      10       -18.7662       0.250000
      11       -18.7661       0.250000
      12       -18.7661       0.250000
      13       -18.6638       0.250000
      14       -18.6638       0.250000
      15       -18.6638       0.250000
      16       -18.6637       0.250000
      17       -5.96038       0.250000
      18       -5.96032       0.250000
      19       -5.96021       0.250000
      20       -5.96018       0.250000
      21       -5.33435       0.250000
      22       -5.33431       0.250000
      23       -5.33431       0.250000
      24       -5.33427       0.250000
      25        6.50897       0.250000
      26        6.50901       0.250000
      27        6.50905       0.250000
      28        6.50906       0.250000
      29        7.00961       0.250000
      30        7.00963       0.250000
      31        7.00972       0.250000
      32        7.00973       0.250000
      33        7.81437       0.250000
      34        7.81441       0.250000
      35        7.81453       0.250000
      36        7.81459       0.250000
      37        8.46576       0.250000
      38        8.46581       0.250000
      39        8.46591       0.250000
      40        8.46597       0.250000
      41        9.23603       0.250000
      42        9.23607       0.250000
      43        9.23609       0.250000
      44        9.23613       0.250000
      45        10.0144       0.250000
      46        10.0144       0.250000
      47        10.0144       0.250000
      48        10.0144       0.250000
      49        16.0761        0.00000
      50        16.0762        0.00000
      51        16.0764        0.00000
      52        16.0764        0.00000
      53        16.9906        0.00000
      54        16.9906        0.00000
      55        16.9907        0.00000
      56        16.9908        0.00000
      57        17.8509        0.00000
      58        17.8509        0.00000

 7/8 kpoint (Cartesian) = -9.0834e-07 0.099112 0.097970 (500 pws)
       1       -49.1981       0.250000
       2       -49.1981       0.250000
       3       -49.1963       0.250000
       4       -49.1963       0.250000
       5       -18.9393       0.250000
       6       -18.9393       0.250000
       7       -18.9109       0.250000
       8       -18.9109       0.250000
       9       -18.7862       0.250000
      10       -18.7862       0.250000
      11       -18.7447       0.250000
      12       -18.7447       0.250000
      13       -18.6428       0.250000
      14       -18.6428       0.250000
      15       -18.6286       0.250000
      16       -18.6285       0.250000
      17       -6.08670       0.250000
      18       -6.08655       0.250000
      19       -5.78431       0.250000
      20       -5.78429       0.250000
      21       -5.48158       0.250000
      22       -5.48145       0.250000
      23       -5.23861       0.250000
      24       -5.23860       0.250000
      25        6.20968       0.250000
      26        6.20978       0.250000
      27        6.50269       0.250000
      28        6.50272       0.250000
      29        6.91990       0.250000
      30        6.92001       0.250000
      31        6.97502       0.250000
      32        6.97511       0.250000
      33        7.56957       0.250000
      34        7.56965       0.250000
      35        8.03599       0.250000
      36        8.03603       0.250000
      37        8.78807       0.250000
      38        8.78815       0.250000
      39        8.92471       0.250000
      40        8.92477       0.250000
      41        9.08488       0.250000
      42        9.08497       0.250000
      43        9.31684       0.250000
      44        9.31697       0.250000
      45        10.0406       0.250000
      46        10.0408       0.250000
      47        10.3933       0.250000
      48        10.3933       0.250000
      49        15.5492        0.00000
      50        15.5493        0.00000
      51        15.9736        0.00000
      52        15.9737        0.00000
      53        16.6710        0.00000
      54        16.6711        0.00000
      55        17.0632        0.00000
      56        17.0633        0.00000
      57        17.1957        0.00000
      58        17.1958        0.00000

 8/8 kpoint (Cartesian) = 0.092906 0.099112 0.097969 (514 pws)
       1       -49.1972       0.250000
       2       -49.1972       0.250000
       3       -49.1971       0.250000
       4       -49.1971       0.250000
       5       -18.9924       0.250000
       6       -18.9924       0.250000
       7       -18.9924       0.250000
       8       -18.9923       0.250000
       9       -18.6821       0.250000
      10       -18.6820       0.250000
      11       -18.6820       0.250000
      12       -18.6820       0.250000
      13       -18.6484       0.250000
      14       -18.6484       0.250000
      15       -18.6483       0.250000
      16       -18.6483       0.250000
      17       -6.11438       0.250000
      18       -6.11430       0.250000
      19       -6.11422       0.250000
      20       -6.11421       0.250000
      21       -5.17366       0.250000
      22       -5.17362       0.250000
      23       -5.17361       0.250000
      24       -5.17359       0.250000
      25        6.57436       0.250000
      26        6.57439       0.250000
      27        6.57442       0.250000
      28        6.57445       0.250000
      29        6.85198       0.250000
      30        6.85200       0.250000
      31        6.85205       0.250000
      32        6.85207       0.250000
      33        8.04511       0.250000
      34        8.04516       0.250000
      35        8.04517       0.250000
      36        8.04521       0.250000
      37        8.62059       0.250000
      38        8.62060       0.250000
      39        8.62072       0.250000
      40        8.62073       0.250000
      41        9.29503       0.250000
      42        9.29506       0.250000
      43        9.29511       0.250000
      44        9.29518       0.250000
      45        9.85778       0.250000
      46        9.85783       0.250000
      47        9.85786       0.250000
      48        9.85787       0.250000
      49        15.6466        0.00000
      50        15.6466        0.00000
      51        15.6467        0.00000
      52        15.6467        0.00000
      53        16.7072        0.00000
      54        16.7073        0.00000
      55        16.7073        0.00000
      56        16.7074        0.00000
      57        17.5186        0.00000
      58        17.5187        0.00000


 Warning_Memory_Consuming allocated:  ORB::Jl(x) 921.868 MB




 >>>>>>>>>>>>>>>>>>>>>>>>>>>>>>>>>>>>>>>>>>>>>>>>>>>>>>>>>>>>>>>>>>>>>>
 |                                                                    |
 | POLARIZATION CALCULATION:                                          |
 |                  Modern Theory of Polarization                     |
 | calculate the Macroscopic polarization of a crystalline insulator  |
 | by using Berry Phase method.                                       |
 |                                                                    |
 <<<<<<<<<<<<<<<<<<<<<<<<<<<<<<<<<<<<<<<<<<<<<<<<<<<<<<<<<<<<<<<<<<<<<<




 VALUES OF POLARIZATION

  The Ionic Phase:    0.27082
 Electronic Phase:   -0.78769

The calculated polarization direction is in R3 direction

 P =   -4.9848881  (mod   19.2889508)  (  -0.0000457,   0.0000468,  -4.9848881) (e/Omega).bohr

 P =   -0.0053310  (mod    0.0206283)  (  -0.0000000,   0.0000000,  -0.0053310) e/bohr^2

 P =   -0.3047833  (mod    1.1793545)  (  -0.0000028,   0.0000029,  -0.3047833) C/m^2



 --------------------------------------------
 !FINAL_ETOT_IS -9783.1433364890162920 eV
 --------------------------------------------






 >>>>>>>>>>>>>>>>>>>>>>>>>>>>>>>>>>>>>>>>>>>>>>>>>>>>>>>>>>>>>>>>>>>>>>
 |                                                                    |
 | Post-processing of data:                                           |
 | DOS (density of states) and bands will be output here.             |
 | If atomic orbitals are used, Mulliken charge analysis can be done. |
 | Also the .bxsf file containing fermi surface information can be    |
 | done here.                                                         |
 |                                                                    |
 <<<<<<<<<<<<<<<<<<<<<<<<<<<<<<<<<<<<<<<<<<<<<<<<<<<<<<<<<<<<<<<<<<<<<<





 Output bands in file: OUT.ABACUS/BANDS_1.dat
TIME STATISTICS
----------------------------------------------------------------------------------
   CLASS_NAME                   NAME                TIME/s  CALLS   AVG/s  PER/%  
----------------------------------------------------------------------------------
                 total                              31.56  11       2.87   100.00 
 Driver          reading                            0.43   1        0.43   1.35   
 Input_Conv      Convert                            0.00   1        0.00   0.00   
 Driver          driver_line                        31.13  1        31.13  98.65  
 UnitCell        check_tau                          0.00   1        0.00   0.00   
 ESolver_KS_LCAO before_all_runners                 0.80   1        0.80   2.53   
 PW_Basis_Sup    setuptransform                     0.02   1        0.02   0.05   
 PW_Basis_Sup    distributeg                        0.00   1        0.00   0.02   
 mymath          heapsort                           0.00   3        0.00   0.00   
 Charge_Mixing   init_mixing                        0.00   1        0.00   0.00   
 PW_Basis_K      setuptransform                     0.00   1        0.00   0.01   
 PW_Basis_K      distributeg                        0.00   1        0.00   0.01   
 PW_Basis        setup_struc_factor                 0.02   1        0.02   0.06   
 NOrbital_Lm     extra_uniform                      0.29   323      0.00   0.91   
 Mathzone_Add1   SplineD2                           0.01   323      0.00   0.02   
 Mathzone_Add1   Cubic_Spline_Interpolation         0.13   323      0.00   0.42   
 ppcell_vl       init_vloc                          0.15   1        0.15   0.46   
 Ions            opt_ions                           30.29  1        30.29  95.99  
 ESolver_KS_LCAO runner                             30.26  1        30.26  95.90  
 ESolver_KS_LCAO before_scf                         0.55   1        0.55   1.73   
 atom_arrange    search                             0.00   1        0.00   0.00   
 atom_arrange    grid_d.init                        0.00   1        0.00   0.00   
 Grid            Construct_Adjacent_expand          0.00   1        0.00   0.00   
 Grid            Construct_Adjacent_expand_periodic 0.00   12       0.00   0.00   
 Grid_Technique  init                               0.13   1        0.13   0.41   
 Grid_BigCell    grid_expansion_index               0.03   2        0.02   0.10   
 Grid_Driver     Find_atom                          0.00   96       0.00   0.01   
 Record_adj      for_2d                             0.04   1        0.04   0.14   
 LCAO_domain     grid_prepare                       0.00   1        0.00   0.00   
 Veff            initialize_HR                      0.00   1        0.00   0.01   
 OverlapNew      initialize_SR                      0.00   1        0.00   0.01   
 EkineticNew     initialize_HR                      0.00   1        0.00   0.02   
 NonlocalNew     initialize_HR                      0.03   1        0.03   0.08   
 Charge          set_rho_core                       0.14   1        0.14   0.46   
 PW_Basis_Sup    recip2real                         0.03   13       0.00   0.09   
 PW_Basis_Sup    gathers_scatterp                   0.02   13       0.00   0.08   
 ModuleIO        read_rhog                          0.00   1        0.00   0.00   
 Potential       init_pot                           0.07   1        0.07   0.21   
 Potential       update_from_charge                 0.07   2        0.04   0.24   
 Potential       cal_fixed_v                        0.00   1        0.00   0.01   
 PotLocal        cal_fixed_v                        0.00   1        0.00   0.01   
 Potential       cal_v_eff                          0.07   2        0.04   0.23   
 H_Hartree_pw    v_hartree                          0.01   2        0.01   0.04   
 PW_Basis_Sup    real2recip                         0.04   13       0.00   0.12   
 PW_Basis_Sup    gatherp_scatters                   0.03   13       0.00   0.11   
 PotXC           cal_v_eff                          0.06   2        0.03   0.19   
 XC_Functional   v_xc                               0.06   2        0.03   0.19   
 Potential       interpolate_vrs                    0.00   2        0.00   0.00   
 H_Ewald_pw      compute_ewald                      0.01   1        0.01   0.02   
 HSolverLCAO     solve                              8.87   1        8.87   28.12  
 HamiltLCAO      updateHk                           2.89   8        0.36   9.17   
 OperatorLCAO    init                               2.77   24       0.12   8.78   
 Veff            contributeHR                       2.32   1        2.32   7.37   
 Gint_interface  cal_gint                           2.17   1        2.17   6.87   
 Gint_interface  cal_gint_vlocal                    2.17   1        2.17   6.87   
 Gint_Tools      cal_psir_ylm                       0.09   576      0.00   0.29   
 Gint_k          transfer_pvpR                      0.16   1        0.16   0.50   
 OverlapNew      calculate_SR                       0.12   1        0.12   0.38   
 OverlapNew      contributeHk                       0.00   8        0.00   0.01   
 EkineticNew     contributeHR                       0.12   1        0.12   0.39   
 EkineticNew     calculate_HR                       0.12   1        0.12   0.38   
 NonlocalNew     contributeHR                       0.32   1        0.32   1.02   
 NonlocalNew     calculate_HR                       0.32   1        0.32   1.02   
 OperatorLCAO    contributeHk                       0.00   8        0.00   0.01   
 HSolverLCAO     hamiltSolvePsiK                    5.96   8        0.74   18.87  
 DiagoElpa       elpa_solve                         5.63   8        0.70   17.85  
 elecstate       cal_dm                             0.02   1        0.02   0.05   
 psiMulPsiMpi    pdgemm                             0.02   8        0.00   0.05   
 DensityMatrix   cal_DMR                            0.00   1        0.00   0.01   
 Charge_Mixing   get_drho                           0.00   1        0.00   0.00   
 ModuleIO        write_rhog                         0.03   1        0.03   0.10   
 ESolver_KS_LCAO after_scf                          20.78  1        20.78  65.86  
 Charge          atomic_rho                         0.13   1        0.13   0.42   
 ORB_gaunt_table init_Gaunt_CH                      0.00   1        0.00   0.01   
 ORB_gaunt_table Calc_Gaunt_CH                      0.00   1631     0.00   0.00   
 ORB_gaunt_table init_Gaunt                         0.01   1        0.01   0.04   
 ORB_gaunt_table Get_Gaunt_SH                       0.01   25313    0.00   0.02   
 Center2_Orb     cal_ST_Phi12_R                     12.15  769      0.02   38.51  
 ESolver_KS_LCAO after_all_runners                  0.00   1        0.00   0.01   
 ModuleIO        nscf_band                          0.00   1        0.00   0.01   
----------------------------------------------------------------------------------


 NAME-------------------------|MEMORY(MB)--------
                         total     31195.2446
                    ORB::Jl(x)     29499.7681
                  Gint::hRGint       396.3816
                 Gint::DMRGint       396.0691
       TwoCenterTable: Kinetic       137.3855
       TwoCenterTable: Overlap       137.3855
      TwoCenterTable: Nonlocal       136.0217
                  meshball_pos        71.5466
               GT::ind_bigcell        68.4882
         GT::in_this_processor        68.4882
              GT::index2normal        68.4882
               GT::index2ucell        68.4882
                HamiltLCAO::hR        25.3434
            DensityMatrix::DMR        25.0309
                HamiltLCAO::sR        17.1600
      GT::bigcell_on_processor        17.1220
                    index_ball        11.9244
            DensityMatrix::DMK         5.4863
                GT::which_atom         3.9872
             GT::which_bigcell         3.9872
            GT::which_unitcell         3.9872
                  SF::strucFac         3.8565
                RealGauntTable         3.7773
                  PW_B_K::gcar         2.9335
                  SF::eigts123         2.3452
                      Chg::rho         2.2500
                 Chg::rho_save         2.2500
                 Chg::rho_core         2.2500
                 Pot::veff_fix         2.2500
                     Pot::veff         2.2500
              Pot::veff_smooth         2.2500
                 ORB::Gaunt_CH         2.0508
 -------------   < 1.0 MB has been ignored ----------------
 ----------------------------------------------------------

 Start  Time  : Fri Oct  9 19:06:27 2026
 Finish Time  : Fri Oct  9 19:06:59 2026
 Total  Time  : 0 h 0 mins 32 secs 
